2023-11-06 16:57:19,649[18228] - Smartlife - INFO - not in software yet
2023-11-06 16:57:19,982[18228] - Smartlife - INFO - attempting to open Smartlife, trial 1 in 3 times...
2023-11-06 16:57:23,506[18228] - Smartlife - INFO - Smartlife stopped
2023-11-06 16:57:37,032[18228] - Smartlife - INFO - Smartlife started
2023-11-06 16:57:37,032[18228] - Smartlife - INFO - Smartlife started
2023-11-06 17:25:17,928[18228] - Smartlife - INFO - not in software yet
2023-11-06 17:25:17,928[18228] - Smartlife - INFO - not in software yet
2023-11-06 17:25:18,273[18228] - Smartlife - INFO - attempting to open Smartlife, trial 1 in 3 times...
2023-11-06 17:25:18,273[18228] - Smartlife - INFO - attempting to open Smartlife, trial 1 in 3 times...
2023-11-06 17:25:21,867[18228] - Smartlife - INFO - Smartlife stopped
2023-11-06 17:25:21,867[18228] - Smartlife - INFO - Smartlife stopped
2023-11-06 17:25:41,028[18228] - Smartlife - INFO - not in software yet
2023-11-06 17:25:41,028[18228] - Smartlife - INFO - not in software yet
2023-11-06 17:25:41,340[18228] - Smartlife - INFO - attempting to open Smartlife, trial 1 in 3 times...
2023-11-06 17:25:41,340[18228] - Smartlife - INFO - attempting to open Smartlife, trial 1 in 3 times...
2023-11-06 17:25:44,586[18228] - Smartlife - INFO - not in software yet
2023-11-06 17:25:44,586[18228] - Smartlife - INFO - not in software yet
2023-11-06 17:25:44,948[18228] - Smartlife - INFO - attempting to open Smartlife, trial 2 in 3 times...
2023-11-06 17:25:44,948[18228] - Smartlife - INFO - attempting to open Smartlife, trial 2 in 3 times...
2023-11-06 17:25:48,160[18228] - Smartlife - INFO - not in software yet
2023-11-06 17:25:48,160[18228] - Smartlife - INFO - not in software yet
2023-11-06 17:25:48,493[18228] - Smartlife - INFO - attempting to open Smartlife, trial 3 in 3 times...
2023-11-06 17:25:48,493[18228] - Smartlife - INFO - attempting to open Smartlife, trial 3 in 3 times...
2023-11-06 17:25:51,735[18228] - Smartlife - WARNING - failed to open Smartlife
2023-11-06 17:25:51,735[18228] - Smartlife - WARNING - failed to open Smartlife
2023-11-06 17:25:53,198[18228] - Smartlife - INFO - Smartlife started
2023-11-06 17:25:53,198[18228] - Smartlife - INFO - Smartlife started
