2026-03-19 23:48:26,228[8188] - RobotTest_AcidicPlatform - INFO - started a batch of test, with sample_rack_id : sample_id = {1: 1, 2: 2, 3: 3, 4: 4, 5: 5, 6: 6, 7: 7, 8: 8, 9: 9, 10: 10, 11: 11, 12: 12, 13: 13, 14: 14, 15: 15, 16: 16, 17: 17, 18: 18, 19: 19, 20: 20}
2026-03-19 23:48:32,269[8188] - OBS_Win - INFO - not in software yet
2026-03-19 23:48:32,611[8188] - OBS_Win - INFO - attempting to open OBS_Win, trial 1 in 3 times...
2026-03-19 23:48:36,186[8188] - OBS_Win - INFO - OBS_Win started
2026-03-19 23:48:36,186[8188] - RobotTest_AcidicPlatform - INFO - loading the sample from rack_id #1...
2026-03-19 23:49:15,590[8188] - RobotTest_AcidicPlatform - INFO - sample successfully loaded into the cell
2026-03-19 23:49:16,173[8188] - OBS_Win - INFO - OBS_Win stopped
2026-03-19 23:49:19,404[8188] - EC_Lab_Win11 - INFO - not in software yet
2026-03-19 23:49:19,719[8188] - EC_Lab_Win11 - INFO - attempting to open EC_Lab_Win11, trial 1 in 3 times...
2026-03-20 00:13:04,906[8188] - EC_Lab_Win11 - INFO - test is complete
2026-03-20 00:13:04,907[8188] - RobotTest_AcidicPlatform - INFO - test pH12P7_FirstGen_sample#1_2026-03-19_23-48-32 finished
2026-03-20 00:13:05,113[8188] - OBS_Win - INFO - not in software yet
2026-03-20 00:13:05,441[8188] - OBS_Win - INFO - attempting to open OBS_Win, trial 1 in 3 times...
2026-03-20 00:13:08,968[8188] - OBS_Win - INFO - OBS_Win started
2026-03-20 00:13:08,968[8188] - RobotTest_AcidicPlatform - INFO - unloading the sample to rack_id #1...
2026-03-20 00:14:07,880[8188] - RobotTest_AcidicPlatform - INFO - sample successfully unloaded from the cell
2026-03-20 00:14:11,443[8188] - OBS_Win - INFO - OBS_Win stopped
2026-03-20 00:14:11,860[8188] - OBS_Win - WARNING - cannot find ['OBS_start_record.png'] on screen
2026-03-20 00:14:15,190[8188] - OBS_Win - INFO - OBS_Win started
2026-03-20 00:14:15,190[8188] - RobotTest_AcidicPlatform - INFO - loading the sample from rack_id #2...
2026-03-20 00:14:47,847[8188] - RobotTest_AcidicPlatform - INFO - sample successfully loaded into the cell
2026-03-20 00:14:48,380[8188] - OBS_Win - INFO - OBS_Win stopped
2026-03-20 00:14:51,610[8188] - EC_Lab_Win11 - INFO - not in software yet
2026-03-20 00:14:51,904[8188] - EC_Lab_Win11 - INFO - attempting to open EC_Lab_Win11, trial 1 in 3 times...
2026-03-20 00:23:50,021[8188] - RobotTest_AcidicPlatform - INFO - human operating, fail to detect...
2026-03-20 00:24:00,031[8188] - RobotTest_AcidicPlatform - INFO - human operating, fail to detect...
2026-03-20 00:24:10,032[8188] - RobotTest_AcidicPlatform - INFO - human operating, fail to detect...
2026-03-20 00:24:20,833[8188] - EC_Lab_Win11 - INFO - not in software yet
2026-03-20 00:24:21,154[8188] - EC_Lab_Win11 - INFO - attempting to open EC_Lab_Win11, trial 1 in 3 times...
2026-03-20 00:24:24,391[8188] - EC_Lab_Win11 - INFO - not in software yet
2026-03-20 00:24:24,692[8188] - EC_Lab_Win11 - INFO - attempting to open EC_Lab_Win11, trial 2 in 3 times...
2026-03-20 00:38:17,442[8188] - EC_Lab_Win11 - INFO - test is complete
2026-03-20 00:38:17,443[8188] - RobotTest_AcidicPlatform - INFO - test pH12P7_FirstGen_sample#2_2026-03-20_00-14-11 finished
2026-03-20 00:38:17,626[8188] - OBS_Win - INFO - not in software yet
2026-03-20 00:38:17,920[8188] - OBS_Win - INFO - attempting to open OBS_Win, trial 1 in 3 times...
2026-03-20 00:38:21,448[8188] - OBS_Win - INFO - OBS_Win started
2026-03-20 00:38:21,448[8188] - RobotTest_AcidicPlatform - INFO - unloading the sample to rack_id #2...
2026-03-20 00:39:20,009[8188] - RobotTest_AcidicPlatform - INFO - sample successfully unloaded from the cell
2026-03-20 00:39:23,574[8188] - OBS_Win - INFO - OBS_Win stopped
2026-03-20 00:39:23,986[8188] - OBS_Win - WARNING - cannot find ['OBS_start_record.png'] on screen
2026-03-20 00:39:27,310[8188] - OBS_Win - INFO - OBS_Win started
2026-03-20 00:39:27,310[8188] - RobotTest_AcidicPlatform - INFO - loading the sample from rack_id #3...
2026-03-20 00:40:00,286[8188] - RobotTest_AcidicPlatform - INFO - sample successfully loaded into the cell
2026-03-20 00:40:00,837[8188] - OBS_Win - INFO - OBS_Win stopped
2026-03-20 00:40:04,072[8188] - EC_Lab_Win11 - INFO - not in software yet
2026-03-20 00:40:04,388[8188] - EC_Lab_Win11 - INFO - attempting to open EC_Lab_Win11, trial 1 in 3 times...
2026-03-20 01:03:27,363[8188] - EC_Lab_Win11 - INFO - test is complete
2026-03-20 01:03:27,364[8188] - RobotTest_AcidicPlatform - INFO - test pH12P7_FirstGen_sample#3_2026-03-20_00-39-23 finished
2026-03-20 01:03:27,553[8188] - OBS_Win - INFO - not in software yet
2026-03-20 01:03:27,862[8188] - OBS_Win - INFO - attempting to open OBS_Win, trial 1 in 3 times...
2026-03-20 01:03:31,387[8188] - OBS_Win - INFO - OBS_Win started
2026-03-20 01:03:31,387[8188] - RobotTest_AcidicPlatform - INFO - unloading the sample to rack_id #3...
2026-03-20 01:04:29,458[8188] - RobotTest_AcidicPlatform - INFO - sample successfully unloaded from the cell
2026-03-20 01:04:33,011[8188] - OBS_Win - INFO - OBS_Win stopped
2026-03-20 01:04:33,445[8188] - OBS_Win - WARNING - cannot find ['OBS_start_record.png'] on screen
2026-03-20 01:04:36,771[8188] - OBS_Win - INFO - OBS_Win started
2026-03-20 01:04:36,771[8188] - RobotTest_AcidicPlatform - INFO - loading the sample from rack_id #4...
2026-03-20 01:05:10,136[8188] - RobotTest_AcidicPlatform - INFO - sample successfully loaded into the cell
2026-03-20 01:05:10,685[8188] - OBS_Win - INFO - OBS_Win stopped
2026-03-20 01:05:13,923[8188] - EC_Lab_Win11 - INFO - not in software yet
2026-03-20 01:05:14,232[8188] - EC_Lab_Win11 - INFO - attempting to open EC_Lab_Win11, trial 1 in 3 times...
2026-03-20 01:28:47,828[8188] - EC_Lab_Win11 - INFO - test is complete
2026-03-20 01:28:47,828[8188] - RobotTest_AcidicPlatform - INFO - test pH12P7_FirstGen_sample#4_2026-03-20_01-04-33 finished
2026-03-20 01:28:48,035[8188] - OBS_Win - INFO - not in software yet
2026-03-20 01:28:48,363[8188] - OBS_Win - INFO - attempting to open OBS_Win, trial 1 in 3 times...
2026-03-20 01:28:51,891[8188] - OBS_Win - INFO - OBS_Win started
2026-03-20 01:28:51,891[8188] - RobotTest_AcidicPlatform - INFO - unloading the sample to rack_id #4...
2026-03-20 01:29:49,591[8188] - RobotTest_AcidicPlatform - INFO - sample successfully unloaded from the cell
2026-03-20 01:29:53,178[8188] - OBS_Win - INFO - OBS_Win stopped
2026-03-20 01:29:53,606[8188] - OBS_Win - WARNING - cannot find ['OBS_start_record.png'] on screen
2026-03-20 01:29:56,928[8188] - OBS_Win - INFO - OBS_Win started
2026-03-20 01:29:56,928[8188] - RobotTest_AcidicPlatform - INFO - loading the sample from rack_id #5...
2026-03-20 01:30:30,755[8188] - RobotTest_AcidicPlatform - INFO - sample successfully loaded into the cell
2026-03-20 01:30:31,306[8188] - OBS_Win - INFO - OBS_Win stopped
2026-03-20 01:30:34,536[8188] - EC_Lab_Win11 - INFO - not in software yet
2026-03-20 01:30:34,834[8188] - EC_Lab_Win11 - INFO - attempting to open EC_Lab_Win11, trial 1 in 3 times...
2026-03-20 01:53:57,070[8188] - EC_Lab_Win11 - INFO - test is complete
2026-03-20 01:53:57,070[8188] - RobotTest_AcidicPlatform - INFO - test pH12P7_FirstGen_sample#5_2026-03-20_01-29-53 finished
2026-03-20 01:53:57,268[8188] - OBS_Win - INFO - not in software yet
2026-03-20 01:53:57,580[8188] - OBS_Win - INFO - attempting to open OBS_Win, trial 1 in 3 times...
2026-03-20 01:54:01,104[8188] - OBS_Win - INFO - OBS_Win started
2026-03-20 01:54:01,104[8188] - RobotTest_AcidicPlatform - INFO - unloading the sample to rack_id #5...
2026-03-20 01:54:58,445[8188] - RobotTest_AcidicPlatform - INFO - sample successfully unloaded from the cell
2026-03-20 01:55:01,997[8188] - OBS_Win - INFO - OBS_Win stopped
2026-03-20 01:55:02,423[8188] - OBS_Win - WARNING - cannot find ['OBS_start_record.png'] on screen
2026-03-20 01:55:05,755[8188] - OBS_Win - INFO - OBS_Win started
2026-03-20 01:55:05,755[8188] - RobotTest_AcidicPlatform - INFO - loading the sample from rack_id #6...
2026-03-20 01:55:40,210[8188] - RobotTest_AcidicPlatform - INFO - sample successfully loaded into the cell
2026-03-20 01:55:40,777[8188] - OBS_Win - INFO - OBS_Win stopped
2026-03-20 01:55:44,013[8188] - EC_Lab_Win11 - INFO - not in software yet
2026-03-20 01:55:44,341[8188] - EC_Lab_Win11 - INFO - attempting to open EC_Lab_Win11, trial 1 in 3 times...
2026-03-20 02:18:55,756[8188] - EC_Lab_Win11 - INFO - test is complete
2026-03-20 02:18:55,756[8188] - RobotTest_AcidicPlatform - INFO - test pH12P7_FirstGen_sample#6_2026-03-20_01-55-01 finished
2026-03-20 02:18:55,943[8188] - OBS_Win - INFO - not in software yet
2026-03-20 02:18:56,234[8188] - OBS_Win - INFO - attempting to open OBS_Win, trial 1 in 3 times...
2026-03-20 02:18:59,765[8188] - OBS_Win - INFO - OBS_Win started
2026-03-20 02:18:59,765[8188] - RobotTest_AcidicPlatform - INFO - unloading the sample to rack_id #6...
2026-03-20 02:19:56,470[8188] - RobotTest_AcidicPlatform - INFO - sample successfully unloaded from the cell
2026-03-20 02:20:00,028[8188] - OBS_Win - INFO - OBS_Win stopped
2026-03-20 02:20:00,448[8188] - OBS_Win - WARNING - cannot find ['OBS_start_record.png'] on screen
2026-03-20 02:20:03,768[8188] - OBS_Win - INFO - OBS_Win started
2026-03-20 02:20:03,768[8188] - RobotTest_AcidicPlatform - INFO - loading the sample from rack_id #7...
2026-03-20 02:20:38,795[8188] - RobotTest_AcidicPlatform - INFO - sample successfully loaded into the cell
2026-03-20 02:20:39,332[8188] - OBS_Win - INFO - OBS_Win stopped
2026-03-20 02:20:42,572[8188] - EC_Lab_Win11 - INFO - not in software yet
2026-03-20 02:20:42,882[8188] - EC_Lab_Win11 - INFO - attempting to open EC_Lab_Win11, trial 1 in 3 times...
2026-03-20 02:44:16,271[8188] - EC_Lab_Win11 - INFO - test is complete
2026-03-20 02:44:16,272[8188] - RobotTest_AcidicPlatform - INFO - test pH12P7_FirstGen_sample#7_2026-03-20_02-20-00 finished
2026-03-20 02:44:16,459[8188] - OBS_Win - INFO - not in software yet
2026-03-20 02:44:16,771[8188] - OBS_Win - INFO - attempting to open OBS_Win, trial 1 in 3 times...
2026-03-20 02:44:20,309[8188] - OBS_Win - INFO - OBS_Win started
2026-03-20 02:44:20,309[8188] - RobotTest_AcidicPlatform - INFO - unloading the sample to rack_id #7...
2026-03-20 02:45:16,847[8188] - RobotTest_AcidicPlatform - INFO - sample successfully unloaded from the cell
2026-03-20 02:45:20,400[8188] - OBS_Win - INFO - OBS_Win stopped
2026-03-20 02:45:20,806[8188] - OBS_Win - WARNING - cannot find ['OBS_start_record.png'] on screen
2026-03-20 02:45:24,127[8188] - OBS_Win - INFO - OBS_Win started
2026-03-20 02:45:24,127[8188] - RobotTest_AcidicPlatform - INFO - loading the sample from rack_id #8...
2026-03-20 02:45:59,373[8188] - RobotTest_AcidicPlatform - INFO - sample successfully loaded into the cell
2026-03-20 02:45:59,892[8188] - OBS_Win - INFO - OBS_Win stopped
2026-03-20 02:46:03,123[8188] - EC_Lab_Win11 - INFO - not in software yet
2026-03-20 02:46:03,434[8188] - EC_Lab_Win11 - INFO - attempting to open EC_Lab_Win11, trial 1 in 3 times...
2026-03-20 03:09:15,370[8188] - EC_Lab_Win11 - INFO - test is complete
2026-03-20 03:09:15,370[8188] - RobotTest_AcidicPlatform - INFO - test pH12P7_FirstGen_sample#8_2026-03-20_02-45-20 finished
2026-03-20 03:09:15,586[8188] - OBS_Win - INFO - not in software yet
2026-03-20 03:09:15,891[8188] - OBS_Win - INFO - attempting to open OBS_Win, trial 1 in 3 times...
2026-03-20 03:09:19,413[8188] - OBS_Win - INFO - OBS_Win started
2026-03-20 03:09:19,413[8188] - RobotTest_AcidicPlatform - INFO - unloading the sample to rack_id #8...
2026-03-20 03:10:16,351[8188] - RobotTest_AcidicPlatform - INFO - sample successfully unloaded from the cell
2026-03-20 03:10:19,942[8188] - OBS_Win - INFO - OBS_Win stopped
2026-03-20 03:10:20,349[8188] - OBS_Win - WARNING - cannot find ['OBS_start_record.png'] on screen
2026-03-20 03:10:23,676[8188] - OBS_Win - INFO - OBS_Win started
2026-03-20 03:10:23,676[8188] - RobotTest_AcidicPlatform - INFO - loading the sample from rack_id #9...
2026-03-20 03:10:59,128[8188] - RobotTest_AcidicPlatform - INFO - sample successfully loaded into the cell
2026-03-20 03:10:59,681[8188] - OBS_Win - INFO - OBS_Win stopped
2026-03-20 03:11:02,922[8188] - EC_Lab_Win11 - INFO - not in software yet
2026-03-20 03:11:03,234[8188] - EC_Lab_Win11 - INFO - attempting to open EC_Lab_Win11, trial 1 in 3 times...
2026-03-20 03:34:25,800[8188] - EC_Lab_Win11 - INFO - test is complete
2026-03-20 03:34:25,800[8188] - RobotTest_AcidicPlatform - INFO - test pH12P7_FirstGen_sample#9_2026-03-20_03-10-19 finished
2026-03-20 03:34:25,989[8188] - OBS_Win - INFO - not in software yet
2026-03-20 03:34:26,279[8188] - OBS_Win - INFO - attempting to open OBS_Win, trial 1 in 3 times...
2026-03-20 03:34:29,811[8188] - OBS_Win - INFO - OBS_Win started
2026-03-20 03:34:29,811[8188] - RobotTest_AcidicPlatform - INFO - unloading the sample to rack_id #9...
2026-03-20 03:35:27,307[8188] - RobotTest_AcidicPlatform - INFO - sample successfully unloaded from the cell
2026-03-20 03:35:30,897[8188] - OBS_Win - INFO - OBS_Win stopped
2026-03-20 03:35:31,342[8188] - OBS_Win - WARNING - cannot find ['OBS_start_record.png'] on screen
2026-03-20 03:35:34,668[8188] - OBS_Win - INFO - OBS_Win started
2026-03-20 03:35:34,668[8188] - RobotTest_AcidicPlatform - INFO - loading the sample from rack_id #10...
2026-03-20 03:36:10,773[8188] - RobotTest_AcidicPlatform - INFO - sample successfully loaded into the cell
2026-03-20 03:36:11,309[8188] - OBS_Win - INFO - OBS_Win stopped
2026-03-20 03:36:14,531[8188] - EC_Lab_Win11 - INFO - not in software yet
2026-03-20 03:36:14,849[8188] - EC_Lab_Win11 - INFO - attempting to open EC_Lab_Win11, trial 1 in 3 times...
2026-03-20 03:59:37,240[8188] - EC_Lab_Win11 - INFO - test is complete
2026-03-20 03:59:37,241[8188] - RobotTest_AcidicPlatform - INFO - test pH12P7_FirstGen_sample#10_2026-03-20_03-35-30 finished
2026-03-20 03:59:37,428[8188] - OBS_Win - INFO - not in software yet
2026-03-20 03:59:37,719[8188] - OBS_Win - INFO - attempting to open OBS_Win, trial 1 in 3 times...
2026-03-20 03:59:41,253[8188] - OBS_Win - INFO - OBS_Win started
2026-03-20 03:59:41,253[8188] - RobotTest_AcidicPlatform - INFO - unloading the sample to rack_id #10...
2026-03-20 04:00:39,140[8188] - RobotTest_AcidicPlatform - INFO - sample successfully unloaded from the cell
2026-03-20 04:00:42,699[8188] - OBS_Win - INFO - OBS_Win stopped
2026-03-20 04:00:43,151[8188] - OBS_Win - WARNING - cannot find ['OBS_start_record.png'] on screen
2026-03-20 04:00:46,470[8188] - OBS_Win - INFO - OBS_Win started
2026-03-20 04:00:46,470[8188] - RobotTest_AcidicPlatform - INFO - loading the sample from rack_id #11...
2026-03-20 04:01:22,916[8188] - RobotTest_AcidicPlatform - INFO - sample successfully loaded into the cell
2026-03-20 04:01:23,449[8188] - OBS_Win - INFO - OBS_Win stopped
2026-03-20 04:01:26,686[8188] - EC_Lab_Win11 - INFO - not in software yet
2026-03-20 04:01:26,985[8188] - EC_Lab_Win11 - INFO - attempting to open EC_Lab_Win11, trial 1 in 3 times...
2026-03-20 04:24:49,386[8188] - EC_Lab_Win11 - INFO - test is complete
2026-03-20 04:24:49,387[8188] - RobotTest_AcidicPlatform - INFO - test pH12P7_FirstGen_sample#11_2026-03-20_04-00-42 finished
2026-03-20 04:24:49,584[8188] - OBS_Win - INFO - not in software yet
2026-03-20 04:24:49,883[8188] - OBS_Win - INFO - attempting to open OBS_Win, trial 1 in 3 times...
2026-03-20 04:24:53,412[8188] - OBS_Win - INFO - OBS_Win started
2026-03-20 04:24:53,412[8188] - RobotTest_AcidicPlatform - INFO - unloading the sample to rack_id #11...
2026-03-20 04:25:51,634[8188] - RobotTest_AcidicPlatform - INFO - sample successfully unloaded from the cell
2026-03-20 04:25:55,175[8188] - OBS_Win - INFO - OBS_Win stopped
2026-03-20 04:25:55,587[8188] - OBS_Win - WARNING - cannot find ['OBS_start_record.png'] on screen
2026-03-20 04:25:58,913[8188] - OBS_Win - INFO - OBS_Win started
2026-03-20 04:25:58,913[8188] - RobotTest_AcidicPlatform - INFO - loading the sample from rack_id #12...
2026-03-20 04:26:35,892[8188] - RobotTest_AcidicPlatform - INFO - sample successfully loaded into the cell
2026-03-20 04:26:36,442[8188] - OBS_Win - INFO - OBS_Win stopped
2026-03-20 04:26:39,682[8188] - EC_Lab_Win11 - INFO - not in software yet
2026-03-20 04:26:39,984[8188] - EC_Lab_Win11 - INFO - attempting to open EC_Lab_Win11, trial 1 in 3 times...
2026-03-20 04:50:13,649[8188] - EC_Lab_Win11 - INFO - test is complete
2026-03-20 04:50:13,649[8188] - RobotTest_AcidicPlatform - INFO - test pH12P7_FirstGen_sample#12_2026-03-20_04-25-55 finished
2026-03-20 04:50:13,838[8188] - OBS_Win - INFO - not in software yet
2026-03-20 04:50:14,156[8188] - OBS_Win - INFO - attempting to open OBS_Win, trial 1 in 3 times...
2026-03-20 04:50:17,680[8188] - OBS_Win - INFO - OBS_Win started
2026-03-20 04:50:17,680[8188] - RobotTest_AcidicPlatform - INFO - unloading the sample to rack_id #12...
2026-03-20 04:51:16,550[8188] - RobotTest_AcidicPlatform - INFO - sample successfully unloaded from the cell
2026-03-20 04:51:20,099[8188] - OBS_Win - INFO - OBS_Win stopped
2026-03-20 04:51:20,507[8188] - OBS_Win - WARNING - cannot find ['OBS_start_record.png'] on screen
2026-03-20 04:51:23,835[8188] - OBS_Win - INFO - OBS_Win started
2026-03-20 04:51:23,835[8188] - RobotTest_AcidicPlatform - INFO - loading the sample from rack_id #13...
2026-03-20 04:52:01,259[8188] - RobotTest_AcidicPlatform - INFO - sample successfully loaded into the cell
2026-03-20 04:52:01,793[8188] - OBS_Win - INFO - OBS_Win stopped
2026-03-20 04:52:05,029[8188] - EC_Lab_Win11 - INFO - not in software yet
2026-03-20 04:52:05,327[8188] - EC_Lab_Win11 - INFO - attempting to open EC_Lab_Win11, trial 1 in 3 times...
2026-03-20 05:15:39,140[8188] - EC_Lab_Win11 - INFO - test is complete
2026-03-20 05:15:39,140[8188] - RobotTest_AcidicPlatform - INFO - test pH12P7_FirstGen_sample#13_2026-03-20_04-51-20 finished
2026-03-20 05:15:39,344[8188] - OBS_Win - INFO - not in software yet
2026-03-20 05:15:39,681[8188] - OBS_Win - INFO - attempting to open OBS_Win, trial 1 in 3 times...
2026-03-20 05:15:43,209[8188] - OBS_Win - INFO - OBS_Win started
2026-03-20 05:15:43,209[8188] - RobotTest_AcidicPlatform - INFO - unloading the sample to rack_id #13...
2026-03-20 05:16:42,448[8188] - RobotTest_AcidicPlatform - INFO - sample successfully unloaded from the cell
2026-03-20 05:16:46,006[8188] - OBS_Win - INFO - OBS_Win stopped
2026-03-20 05:16:46,465[8188] - OBS_Win - WARNING - cannot find ['OBS_start_record.png'] on screen
2026-03-20 05:16:49,780[8188] - OBS_Win - INFO - OBS_Win started
2026-03-20 05:16:49,780[8188] - RobotTest_AcidicPlatform - INFO - loading the sample from rack_id #14...
2026-03-20 05:17:27,668[8188] - RobotTest_AcidicPlatform - INFO - sample successfully loaded into the cell
2026-03-20 05:17:28,220[8188] - OBS_Win - INFO - OBS_Win stopped
2026-03-20 05:17:31,451[8188] - EC_Lab_Win11 - INFO - not in software yet
2026-03-20 05:17:31,759[8188] - EC_Lab_Win11 - INFO - attempting to open EC_Lab_Win11, trial 1 in 3 times...
2026-03-20 05:41:05,520[8188] - EC_Lab_Win11 - INFO - test is complete
2026-03-20 05:41:05,520[8188] - RobotTest_AcidicPlatform - INFO - test pH12P7_FirstGen_sample#14_2026-03-20_05-16-46 finished
2026-03-20 05:41:05,710[8188] - OBS_Win - INFO - not in software yet
2026-03-20 05:41:06,033[8188] - OBS_Win - INFO - attempting to open OBS_Win, trial 1 in 3 times...
2026-03-20 05:41:09,580[8188] - OBS_Win - INFO - OBS_Win started
2026-03-20 05:41:09,580[8188] - RobotTest_AcidicPlatform - INFO - unloading the sample to rack_id #14...
2026-03-20 05:42:09,338[8188] - RobotTest_AcidicPlatform - INFO - sample successfully unloaded from the cell
2026-03-20 05:42:12,908[8188] - OBS_Win - INFO - OBS_Win stopped
2026-03-20 05:42:13,330[8188] - OBS_Win - WARNING - cannot find ['OBS_start_record.png'] on screen
2026-03-20 05:42:16,658[8188] - OBS_Win - INFO - OBS_Win started
2026-03-20 05:42:16,658[8188] - RobotTest_AcidicPlatform - INFO - loading the sample from rack_id #15...
2026-03-20 05:42:54,821[8188] - RobotTest_AcidicPlatform - INFO - sample successfully loaded into the cell
2026-03-20 05:42:55,370[8188] - OBS_Win - INFO - OBS_Win stopped
2026-03-20 05:42:58,586[8188] - EC_Lab_Win11 - INFO - not in software yet
2026-03-20 05:42:58,877[8188] - EC_Lab_Win11 - INFO - attempting to open EC_Lab_Win11, trial 1 in 3 times...
2026-03-20 06:06:32,679[8188] - EC_Lab_Win11 - INFO - test is complete
2026-03-20 06:06:32,679[8188] - RobotTest_AcidicPlatform - INFO - test pH12P7_FirstGen_sample#15_2026-03-20_05-42-12 finished
2026-03-20 06:06:32,869[8188] - OBS_Win - INFO - not in software yet
2026-03-20 06:06:33,188[8188] - OBS_Win - INFO - attempting to open OBS_Win, trial 1 in 3 times...
2026-03-20 06:06:36,709[8188] - OBS_Win - INFO - OBS_Win started
2026-03-20 06:06:36,709[8188] - RobotTest_AcidicPlatform - INFO - unloading the sample to rack_id #15...
2026-03-20 06:07:36,553[8188] - RobotTest_AcidicPlatform - INFO - sample successfully unloaded from the cell
2026-03-20 06:07:40,112[8188] - OBS_Win - INFO - OBS_Win stopped
2026-03-20 06:07:40,517[8188] - OBS_Win - WARNING - cannot find ['OBS_start_record.png'] on screen
2026-03-20 06:07:43,834[8188] - OBS_Win - INFO - OBS_Win started
2026-03-20 06:07:43,834[8188] - RobotTest_AcidicPlatform - INFO - loading the sample from rack_id #16...
2026-03-20 06:08:22,297[8188] - RobotTest_AcidicPlatform - INFO - sample successfully loaded into the cell
2026-03-20 06:08:22,832[8188] - OBS_Win - INFO - OBS_Win stopped
2026-03-20 06:08:26,077[8188] - EC_Lab_Win11 - INFO - not in software yet
2026-03-20 06:08:26,397[8188] - EC_Lab_Win11 - INFO - attempting to open EC_Lab_Win11, trial 1 in 3 times...
2026-03-20 06:32:00,569[8188] - EC_Lab_Win11 - INFO - test is complete
2026-03-20 06:32:00,569[8188] - RobotTest_AcidicPlatform - INFO - test pH12P7_FirstGen_sample#16_2026-03-20_06-07-40 finished
2026-03-20 06:32:00,779[8188] - OBS_Win - INFO - not in software yet
2026-03-20 06:32:01,100[8188] - OBS_Win - INFO - attempting to open OBS_Win, trial 1 in 3 times...
2026-03-20 06:32:04,624[8188] - OBS_Win - INFO - OBS_Win started
2026-03-20 06:32:04,624[8188] - RobotTest_AcidicPlatform - INFO - unloading the sample to rack_id #16...
2026-03-20 06:33:04,989[8188] - RobotTest_AcidicPlatform - INFO - sample successfully unloaded from the cell
2026-03-20 06:33:08,526[8188] - OBS_Win - INFO - OBS_Win stopped
2026-03-20 06:33:08,941[8188] - OBS_Win - WARNING - cannot find ['OBS_start_record.png'] on screen
2026-03-20 06:33:12,269[8188] - OBS_Win - INFO - OBS_Win started
2026-03-20 06:33:12,269[8188] - RobotTest_AcidicPlatform - INFO - loading the sample from rack_id #17...
2026-03-20 06:33:51,235[8188] - RobotTest_AcidicPlatform - INFO - sample successfully loaded into the cell
2026-03-20 06:33:51,751[8188] - OBS_Win - INFO - OBS_Win stopped
2026-03-20 06:33:54,981[8188] - EC_Lab_Win11 - INFO - not in software yet
2026-03-20 06:33:55,282[8188] - EC_Lab_Win11 - INFO - attempting to open EC_Lab_Win11, trial 1 in 3 times...
2026-03-20 06:57:29,289[8188] - EC_Lab_Win11 - INFO - test is complete
2026-03-20 06:57:29,289[8188] - RobotTest_AcidicPlatform - INFO - test pH12P7_FirstGen_sample#17_2026-03-20_06-33-08 finished
2026-03-20 06:57:29,472[8188] - OBS_Win - INFO - not in software yet
2026-03-20 06:57:29,785[8188] - OBS_Win - INFO - attempting to open OBS_Win, trial 1 in 3 times...
2026-03-20 06:57:33,319[8188] - OBS_Win - INFO - OBS_Win started
2026-03-20 06:57:33,319[8188] - RobotTest_AcidicPlatform - INFO - unloading the sample to rack_id #17...
2026-03-20 06:58:34,195[8188] - RobotTest_AcidicPlatform - INFO - sample successfully unloaded from the cell
2026-03-20 06:58:37,724[8188] - OBS_Win - INFO - OBS_Win stopped
2026-03-20 06:58:38,131[8188] - OBS_Win - WARNING - cannot find ['OBS_start_record.png'] on screen
2026-03-20 06:58:41,445[8188] - OBS_Win - INFO - OBS_Win started
2026-03-20 06:58:41,445[8188] - RobotTest_AcidicPlatform - INFO - loading the sample from rack_id #18...
2026-03-20 06:59:20,947[8188] - RobotTest_AcidicPlatform - INFO - sample successfully loaded into the cell
2026-03-20 06:59:21,484[8188] - OBS_Win - INFO - OBS_Win stopped
2026-03-20 06:59:24,706[8188] - EC_Lab_Win11 - INFO - not in software yet
2026-03-20 06:59:25,021[8188] - EC_Lab_Win11 - INFO - attempting to open EC_Lab_Win11, trial 1 in 3 times...
2026-03-20 07:22:47,437[8188] - EC_Lab_Win11 - INFO - test is complete
2026-03-20 07:22:47,437[8188] - RobotTest_AcidicPlatform - INFO - test pH12P7_FirstGen_sample#18_2026-03-20_06-58-37 finished
2026-03-20 07:22:47,637[8188] - OBS_Win - INFO - not in software yet
2026-03-20 07:22:47,984[8188] - OBS_Win - INFO - attempting to open OBS_Win, trial 1 in 3 times...
2026-03-20 07:22:51,514[8188] - OBS_Win - INFO - OBS_Win started
2026-03-20 07:22:51,514[8188] - RobotTest_AcidicPlatform - INFO - unloading the sample to rack_id #18...
2026-03-20 07:23:52,834[8188] - RobotTest_AcidicPlatform - INFO - sample successfully unloaded from the cell
2026-03-20 07:23:56,376[8188] - OBS_Win - INFO - OBS_Win stopped
2026-03-20 07:23:56,823[8188] - OBS_Win - WARNING - cannot find ['OBS_start_record.png'] on screen
2026-03-20 07:24:00,157[8188] - OBS_Win - INFO - OBS_Win started
2026-03-20 07:24:00,157[8188] - RobotTest_AcidicPlatform - INFO - loading the sample from rack_id #19...
2026-03-20 07:24:40,011[8188] - RobotTest_AcidicPlatform - INFO - sample successfully loaded into the cell
2026-03-20 07:24:40,560[8188] - OBS_Win - INFO - OBS_Win stopped
2026-03-20 07:24:43,806[8188] - EC_Lab_Win11 - INFO - not in software yet
2026-03-20 07:24:44,112[8188] - EC_Lab_Win11 - INFO - attempting to open EC_Lab_Win11, trial 1 in 3 times...
2026-03-20 07:48:17,933[8188] - EC_Lab_Win11 - INFO - test is complete
2026-03-20 07:48:17,933[8188] - RobotTest_AcidicPlatform - INFO - test pH12P7_FirstGen_sample#19_2026-03-20_07-23-56 finished
2026-03-20 07:48:18,125[8188] - OBS_Win - INFO - not in software yet
2026-03-20 07:48:18,436[8188] - OBS_Win - INFO - attempting to open OBS_Win, trial 1 in 3 times...
2026-03-20 07:48:21,965[8188] - OBS_Win - INFO - OBS_Win started
2026-03-20 07:48:21,965[8188] - RobotTest_AcidicPlatform - INFO - unloading the sample to rack_id #19...
2026-03-20 07:49:23,725[8188] - RobotTest_AcidicPlatform - INFO - sample successfully unloaded from the cell
2026-03-20 07:49:27,282[8188] - OBS_Win - INFO - OBS_Win stopped
2026-03-20 07:49:27,713[8188] - OBS_Win - WARNING - cannot find ['OBS_start_record.png'] on screen
2026-03-20 07:49:31,037[8188] - OBS_Win - INFO - OBS_Win started
2026-03-20 07:49:31,037[8188] - RobotTest_AcidicPlatform - INFO - loading the sample from rack_id #20...
2026-03-20 07:50:11,362[8188] - RobotTest_AcidicPlatform - INFO - sample successfully loaded into the cell
2026-03-20 07:50:11,897[8188] - OBS_Win - INFO - OBS_Win stopped
2026-03-20 07:50:15,125[8188] - EC_Lab_Win11 - INFO - not in software yet
2026-03-20 07:50:15,425[8188] - EC_Lab_Win11 - INFO - attempting to open EC_Lab_Win11, trial 1 in 3 times...
2026-03-20 08:13:49,302[8188] - EC_Lab_Win11 - INFO - test is complete
2026-03-20 08:13:49,302[8188] - RobotTest_AcidicPlatform - INFO - test pH12P7_FirstGen_sample#20_2026-03-20_07-49-27 finished
2026-03-20 08:13:49,485[8188] - OBS_Win - INFO - not in software yet
2026-03-20 08:13:49,799[8188] - OBS_Win - INFO - attempting to open OBS_Win, trial 1 in 3 times...
2026-03-20 08:13:53,333[8188] - OBS_Win - INFO - OBS_Win started
2026-03-20 08:13:53,333[8188] - RobotTest_AcidicPlatform - INFO - unloading the sample to rack_id #20...
2026-03-20 08:14:55,434[8188] - RobotTest_AcidicPlatform - INFO - sample successfully unloaded from the cell
2026-03-20 08:14:59,029[8188] - OBS_Win - INFO - OBS_Win stopped
2026-03-20 19:54:05,793[5892] - RobotTest_AcidicPlatform - INFO - started a batch of test, with sample_rack_id : sample_id = {1: 1, 2: 2, 3: 3, 4: 4, 5: 5, 6: 6, 7: 7, 8: 8, 9: 9, 10: 10, 11: 11, 12: 12, 13: 13, 14: 14, 15: 15, 16: 16, 17: 17, 18: 18, 19: 19, 20: 20}
2026-03-20 19:54:20,866[5892] - OBS_Win - INFO - not in software yet
2026-03-20 19:54:21,184[5892] - OBS_Win - INFO - attempting to open OBS_Win, trial 1 in 3 times...
2026-03-20 19:54:24,759[5892] - OBS_Win - INFO - OBS_Win started
2026-03-20 19:54:24,759[5892] - RobotTest_AcidicPlatform - INFO - loading the sample from rack_id #1...
2026-03-20 19:55:04,136[5892] - RobotTest_AcidicPlatform - INFO - sample successfully loaded into the cell
2026-03-20 19:55:04,720[5892] - OBS_Win - INFO - OBS_Win stopped
2026-03-20 19:55:07,950[5892] - EC_Lab_Win11 - INFO - not in software yet
2026-03-20 19:55:08,257[5892] - EC_Lab_Win11 - INFO - attempting to open EC_Lab_Win11, trial 1 in 3 times...
2026-03-20 20:18:41,570[5892] - EC_Lab_Win11 - INFO - test is complete
2026-03-20 20:18:41,570[5892] - RobotTest_AcidicPlatform - INFO - test pH12P7_FirstGen_sample#1_2026-03-20_19-54-20 finished
2026-03-20 20:18:41,756[5892] - OBS_Win - INFO - not in software yet
2026-03-20 20:18:42,062[5892] - OBS_Win - INFO - attempting to open OBS_Win, trial 1 in 3 times...
2026-03-20 20:18:45,589[5892] - OBS_Win - INFO - OBS_Win started
2026-03-20 20:18:45,589[5892] - RobotTest_AcidicPlatform - INFO - unloading the sample to rack_id #1...
2026-03-20 20:19:44,337[5892] - RobotTest_AcidicPlatform - INFO - sample successfully unloaded from the cell
2026-03-20 20:19:47,867[5892] - OBS_Win - INFO - OBS_Win stopped
2026-03-20 20:19:48,274[5892] - OBS_Win - WARNING - cannot find ['OBS_start_record.png'] on screen
2026-03-20 20:19:51,600[5892] - OBS_Win - INFO - OBS_Win started
2026-03-20 20:19:51,600[5892] - RobotTest_AcidicPlatform - INFO - loading the sample from rack_id #2...
2026-03-20 20:20:24,308[5892] - RobotTest_AcidicPlatform - INFO - sample successfully loaded into the cell
2026-03-20 20:20:24,841[5892] - OBS_Win - INFO - OBS_Win stopped
2026-03-20 20:20:28,058[5892] - EC_Lab_Win11 - INFO - not in software yet
2026-03-20 20:20:28,361[5892] - EC_Lab_Win11 - INFO - attempting to open EC_Lab_Win11, trial 1 in 3 times...
2026-03-20 20:44:01,501[5892] - EC_Lab_Win11 - INFO - test is complete
2026-03-20 20:44:01,501[5892] - RobotTest_AcidicPlatform - INFO - test pH12P7_FirstGen_sample#2_2026-03-20_20-19-47 finished
2026-03-20 20:44:01,688[5892] - OBS_Win - INFO - not in software yet
2026-03-20 20:44:02,000[5892] - OBS_Win - INFO - attempting to open OBS_Win, trial 1 in 3 times...
2026-03-20 20:44:05,537[5892] - OBS_Win - INFO - OBS_Win started
2026-03-20 20:44:05,537[5892] - RobotTest_AcidicPlatform - INFO - unloading the sample to rack_id #2...
2026-03-20 20:45:03,926[5892] - RobotTest_AcidicPlatform - INFO - sample successfully unloaded from the cell
2026-03-20 20:45:07,470[5892] - OBS_Win - INFO - OBS_Win stopped
2026-03-20 20:45:07,887[5892] - OBS_Win - WARNING - cannot find ['OBS_start_record.png'] on screen
2026-03-20 20:45:11,222[5892] - OBS_Win - INFO - OBS_Win started
2026-03-20 20:45:11,222[5892] - RobotTest_AcidicPlatform - INFO - loading the sample from rack_id #3...
2026-03-20 20:45:44,128[5892] - RobotTest_AcidicPlatform - INFO - sample successfully loaded into the cell
2026-03-20 20:45:44,660[5892] - OBS_Win - INFO - OBS_Win stopped
2026-03-20 20:45:47,891[5892] - EC_Lab_Win11 - INFO - not in software yet
2026-03-20 20:45:48,202[5892] - EC_Lab_Win11 - INFO - attempting to open EC_Lab_Win11, trial 1 in 3 times...
2026-03-20 21:09:21,430[5892] - EC_Lab_Win11 - INFO - test is complete
2026-03-20 21:09:21,430[5892] - RobotTest_AcidicPlatform - INFO - test pH12P7_FirstGen_sample#3_2026-03-20_20-45-07 finished
2026-03-20 21:09:21,618[5892] - OBS_Win - INFO - not in software yet
2026-03-20 21:09:21,910[5892] - OBS_Win - INFO - attempting to open OBS_Win, trial 1 in 3 times...
2026-03-20 21:09:25,444[5892] - OBS_Win - INFO - OBS_Win started
2026-03-20 21:09:25,444[5892] - RobotTest_AcidicPlatform - INFO - unloading the sample to rack_id #3...
2026-03-20 21:10:23,340[5892] - RobotTest_AcidicPlatform - INFO - sample successfully unloaded from the cell
2026-03-20 21:10:26,898[5892] - OBS_Win - INFO - OBS_Win stopped
2026-03-20 21:10:27,325[5892] - OBS_Win - WARNING - cannot find ['OBS_start_record.png'] on screen
2026-03-20 21:10:30,655[5892] - OBS_Win - INFO - OBS_Win started
2026-03-20 21:10:30,655[5892] - RobotTest_AcidicPlatform - INFO - loading the sample from rack_id #4...
2026-03-20 21:11:04,096[5892] - RobotTest_AcidicPlatform - INFO - sample successfully loaded into the cell
2026-03-20 21:11:04,647[5892] - OBS_Win - INFO - OBS_Win stopped
2026-03-20 21:11:07,874[5892] - EC_Lab_Win11 - INFO - not in software yet
2026-03-20 21:11:08,182[5892] - EC_Lab_Win11 - INFO - attempting to open EC_Lab_Win11, trial 1 in 3 times...
2026-03-20 21:34:29,938[5892] - EC_Lab_Win11 - INFO - test is complete
2026-03-20 21:34:29,938[5892] - RobotTest_AcidicPlatform - INFO - test pH12P7_FirstGen_sample#4_2026-03-20_21-10-26 finished
2026-03-20 21:34:30,136[5892] - OBS_Win - INFO - not in software yet
2026-03-20 21:34:30,435[5892] - OBS_Win - INFO - attempting to open OBS_Win, trial 1 in 3 times...
2026-03-20 21:34:33,963[5892] - OBS_Win - INFO - OBS_Win started
2026-03-20 21:34:33,963[5892] - RobotTest_AcidicPlatform - INFO - unloading the sample to rack_id #4...
2026-03-20 21:35:31,523[5892] - RobotTest_AcidicPlatform - INFO - sample successfully unloaded from the cell
2026-03-20 21:35:35,102[5892] - OBS_Win - INFO - OBS_Win stopped
2026-03-20 21:35:35,526[5892] - OBS_Win - WARNING - cannot find ['OBS_start_record.png'] on screen
2026-03-20 21:35:38,842[5892] - OBS_Win - INFO - OBS_Win started
2026-03-20 21:35:38,842[5892] - RobotTest_AcidicPlatform - INFO - loading the sample from rack_id #5...
2026-03-20 21:36:12,793[5892] - RobotTest_AcidicPlatform - INFO - sample successfully loaded into the cell
2026-03-20 21:36:13,342[5892] - OBS_Win - INFO - OBS_Win stopped
2026-03-20 21:36:16,576[5892] - EC_Lab_Win11 - INFO - not in software yet
2026-03-20 21:36:16,886[5892] - EC_Lab_Win11 - INFO - attempting to open EC_Lab_Win11, trial 1 in 3 times...
2026-03-20 21:59:50,014[5892] - EC_Lab_Win11 - INFO - test is complete
2026-03-20 21:59:50,014[5892] - RobotTest_AcidicPlatform - INFO - test pH12P7_FirstGen_sample#5_2026-03-20_21-35-35 finished
2026-03-20 21:59:50,204[5892] - OBS_Win - INFO - not in software yet
2026-03-20 21:59:50,534[5892] - OBS_Win - INFO - attempting to open OBS_Win, trial 1 in 3 times...
2026-03-20 21:59:54,055[5892] - OBS_Win - INFO - OBS_Win started
2026-03-20 21:59:54,055[5892] - RobotTest_AcidicPlatform - INFO - unloading the sample to rack_id #5...
2026-03-20 22:00:51,276[5892] - RobotTest_AcidicPlatform - INFO - sample successfully unloaded from the cell
2026-03-20 22:00:54,829[5892] - OBS_Win - INFO - OBS_Win stopped
2026-03-20 22:00:55,271[5892] - OBS_Win - WARNING - cannot find ['OBS_start_record.png'] on screen
2026-03-20 22:00:58,588[5892] - OBS_Win - INFO - OBS_Win started
2026-03-20 22:00:58,588[5892] - RobotTest_AcidicPlatform - INFO - loading the sample from rack_id #6...
2026-03-20 22:01:33,304[5892] - RobotTest_AcidicPlatform - INFO - sample successfully loaded into the cell
2026-03-20 22:01:33,850[5892] - OBS_Win - INFO - OBS_Win stopped
2026-03-20 22:01:37,074[5892] - EC_Lab_Win11 - INFO - not in software yet
2026-03-20 22:01:37,359[5892] - EC_Lab_Win11 - INFO - attempting to open EC_Lab_Win11, trial 1 in 3 times...
2026-03-20 22:25:10,929[5892] - EC_Lab_Win11 - INFO - test is complete
2026-03-20 22:25:10,929[5892] - RobotTest_AcidicPlatform - INFO - test pH12P7_FirstGen_sample#6_2026-03-20_22-00-54 finished
2026-03-20 22:25:11,114[5892] - OBS_Win - INFO - not in software yet
2026-03-20 22:25:11,418[5892] - OBS_Win - INFO - attempting to open OBS_Win, trial 1 in 3 times...
2026-03-20 22:25:14,943[5892] - OBS_Win - INFO - OBS_Win started
2026-03-20 22:25:14,943[5892] - RobotTest_AcidicPlatform - INFO - unloading the sample to rack_id #6...
2026-03-20 22:26:11,640[5892] - RobotTest_AcidicPlatform - INFO - sample successfully unloaded from the cell
2026-03-20 22:26:15,203[5892] - OBS_Win - INFO - OBS_Win stopped
2026-03-20 22:26:15,646[5892] - OBS_Win - WARNING - cannot find ['OBS_start_record.png'] on screen
2026-03-20 22:26:18,968[5892] - OBS_Win - INFO - OBS_Win started
2026-03-20 22:26:18,968[5892] - RobotTest_AcidicPlatform - INFO - loading the sample from rack_id #7...
2026-03-20 22:26:53,924[5892] - RobotTest_AcidicPlatform - INFO - sample successfully loaded into the cell
2026-03-20 22:26:54,460[5892] - OBS_Win - INFO - OBS_Win stopped
2026-03-20 22:26:57,706[5892] - EC_Lab_Win11 - INFO - not in software yet
2026-03-20 22:26:57,992[5892] - EC_Lab_Win11 - INFO - attempting to open EC_Lab_Win11, trial 1 in 3 times...
2026-03-20 22:50:31,094[5892] - EC_Lab_Win11 - INFO - test is complete
2026-03-20 22:50:31,094[5892] - RobotTest_AcidicPlatform - INFO - test pH12P7_FirstGen_sample#7_2026-03-20_22-26-15 finished
2026-03-20 22:50:31,283[5892] - OBS_Win - INFO - not in software yet
2026-03-20 22:50:31,593[5892] - OBS_Win - INFO - attempting to open OBS_Win, trial 1 in 3 times...
2026-03-20 22:50:35,118[5892] - OBS_Win - INFO - OBS_Win started
2026-03-20 22:50:35,118[5892] - RobotTest_AcidicPlatform - INFO - unloading the sample to rack_id #7...
2026-03-20 22:51:31,724[5892] - RobotTest_AcidicPlatform - INFO - sample successfully unloaded from the cell
2026-03-20 22:51:35,268[5892] - OBS_Win - INFO - OBS_Win stopped
2026-03-20 22:51:35,678[5892] - OBS_Win - WARNING - cannot find ['OBS_start_record.png'] on screen
2026-03-20 22:51:39,008[5892] - OBS_Win - INFO - OBS_Win started
2026-03-20 22:51:39,008[5892] - RobotTest_AcidicPlatform - INFO - loading the sample from rack_id #8...
2026-03-20 22:52:14,266[5892] - RobotTest_AcidicPlatform - INFO - sample successfully loaded into the cell
2026-03-20 22:52:14,783[5892] - OBS_Win - INFO - OBS_Win stopped
2026-03-20 22:52:18,015[5892] - EC_Lab_Win11 - INFO - not in software yet
2026-03-20 22:52:18,318[5892] - EC_Lab_Win11 - INFO - attempting to open EC_Lab_Win11, trial 1 in 3 times...
2026-03-20 23:15:51,546[5892] - EC_Lab_Win11 - INFO - test is complete
2026-03-20 23:15:51,547[5892] - RobotTest_AcidicPlatform - INFO - test pH12P7_FirstGen_sample#8_2026-03-20_22-51-35 finished
2026-03-20 23:15:51,743[5892] - OBS_Win - INFO - not in software yet
2026-03-20 23:15:52,035[5892] - OBS_Win - INFO - attempting to open OBS_Win, trial 1 in 3 times...
2026-03-20 23:15:55,561[5892] - OBS_Win - INFO - OBS_Win started
2026-03-20 23:15:55,561[5892] - RobotTest_AcidicPlatform - INFO - unloading the sample to rack_id #8...
2026-03-20 23:16:52,505[5892] - RobotTest_AcidicPlatform - INFO - sample successfully unloaded from the cell
2026-03-20 23:16:56,057[5892] - OBS_Win - INFO - OBS_Win stopped
2026-03-20 23:16:56,462[5892] - OBS_Win - WARNING - cannot find ['OBS_start_record.png'] on screen
2026-03-20 23:16:59,790[5892] - OBS_Win - INFO - OBS_Win started
2026-03-20 23:16:59,790[5892] - RobotTest_AcidicPlatform - INFO - loading the sample from rack_id #9...
2026-03-20 23:17:35,381[5892] - RobotTest_AcidicPlatform - INFO - sample successfully loaded into the cell
2026-03-20 23:17:35,917[5892] - OBS_Win - INFO - OBS_Win stopped
2026-03-20 23:17:39,149[5892] - EC_Lab_Win11 - INFO - not in software yet
2026-03-20 23:17:39,440[5892] - EC_Lab_Win11 - INFO - attempting to open EC_Lab_Win11, trial 1 in 3 times...
2026-03-20 23:41:14,839[5892] - EC_Lab_Win11 - INFO - test is complete
2026-03-20 23:41:14,839[5892] - RobotTest_AcidicPlatform - INFO - test pH12P7_FirstGen_sample#9_2026-03-20_23-16-56 finished
2026-03-20 23:41:15,026[5892] - OBS_Win - INFO - not in software yet
2026-03-20 23:41:15,330[5892] - OBS_Win - INFO - attempting to open OBS_Win, trial 1 in 3 times...
2026-03-20 23:41:18,850[5892] - OBS_Win - INFO - OBS_Win started
2026-03-20 23:41:18,850[5892] - RobotTest_AcidicPlatform - INFO - unloading the sample to rack_id #9...
2026-03-20 23:42:16,302[5892] - RobotTest_AcidicPlatform - INFO - sample successfully unloaded from the cell
2026-03-20 23:42:19,842[5892] - OBS_Win - INFO - OBS_Win stopped
2026-03-20 23:42:20,244[5892] - OBS_Win - WARNING - cannot find ['OBS_start_record.png'] on screen
2026-03-20 23:42:23,566[5892] - OBS_Win - INFO - OBS_Win started
2026-03-20 23:42:23,566[5892] - RobotTest_AcidicPlatform - INFO - loading the sample from rack_id #10...
2026-03-20 23:42:59,693[5892] - RobotTest_AcidicPlatform - INFO - sample successfully loaded into the cell
2026-03-20 23:43:00,210[5892] - OBS_Win - INFO - OBS_Win stopped
2026-03-20 23:43:03,439[5892] - EC_Lab_Win11 - INFO - not in software yet
2026-03-20 23:43:03,748[5892] - EC_Lab_Win11 - INFO - attempting to open EC_Lab_Win11, trial 1 in 3 times...
2026-03-21 00:06:37,206[5892] - EC_Lab_Win11 - INFO - test is complete
2026-03-21 00:06:37,206[5892] - RobotTest_AcidicPlatform - INFO - test pH12P7_FirstGen_sample#10_2026-03-20_23-42-19 finished
2026-03-21 00:06:37,395[5892] - OBS_Win - INFO - not in software yet
2026-03-21 00:06:37,696[5892] - OBS_Win - INFO - attempting to open OBS_Win, trial 1 in 3 times...
2026-03-21 00:06:41,230[5892] - OBS_Win - INFO - OBS_Win started
2026-03-21 00:06:41,230[5892] - RobotTest_AcidicPlatform - INFO - unloading the sample to rack_id #10...
2026-03-21 00:07:39,108[5892] - RobotTest_AcidicPlatform - INFO - sample successfully unloaded from the cell
2026-03-21 00:07:42,673[5892] - OBS_Win - INFO - OBS_Win stopped
2026-03-21 00:07:43,098[5892] - OBS_Win - WARNING - cannot find ['OBS_start_record.png'] on screen
2026-03-21 00:07:46,424[5892] - OBS_Win - INFO - OBS_Win started
2026-03-21 00:07:46,424[5892] - RobotTest_AcidicPlatform - INFO - loading the sample from rack_id #11...
2026-03-21 00:08:22,891[5892] - RobotTest_AcidicPlatform - INFO - sample successfully loaded into the cell
2026-03-21 00:08:23,425[5892] - OBS_Win - INFO - OBS_Win stopped
2026-03-21 00:08:26,652[5892] - EC_Lab_Win11 - INFO - not in software yet
2026-03-21 00:08:26,951[5892] - EC_Lab_Win11 - INFO - attempting to open EC_Lab_Win11, trial 1 in 3 times...
2026-03-21 00:32:00,243[5892] - EC_Lab_Win11 - INFO - test is complete
2026-03-21 00:32:00,243[5892] - RobotTest_AcidicPlatform - INFO - test pH12P7_FirstGen_sample#11_2026-03-21_00-07-42 finished
2026-03-21 00:32:00,428[5892] - OBS_Win - INFO - not in software yet
2026-03-21 00:32:00,727[5892] - OBS_Win - INFO - attempting to open OBS_Win, trial 1 in 3 times...
2026-03-21 00:32:04,257[5892] - OBS_Win - INFO - OBS_Win started
2026-03-21 00:32:04,257[5892] - RobotTest_AcidicPlatform - INFO - unloading the sample to rack_id #11...
2026-03-21 00:33:02,479[5892] - RobotTest_AcidicPlatform - INFO - sample successfully unloaded from the cell
2026-03-21 00:33:06,067[5892] - OBS_Win - INFO - OBS_Win stopped
2026-03-21 00:33:06,477[5892] - OBS_Win - WARNING - cannot find ['OBS_start_record.png'] on screen
2026-03-21 00:33:09,781[5892] - OBS_Win - INFO - OBS_Win started
2026-03-21 00:33:09,781[5892] - RobotTest_AcidicPlatform - INFO - loading the sample from rack_id #12...
2026-03-21 00:33:46,732[5892] - RobotTest_AcidicPlatform - INFO - sample successfully loaded into the cell
2026-03-21 00:33:47,269[5892] - OBS_Win - INFO - OBS_Win stopped
2026-03-21 00:33:50,507[5892] - EC_Lab_Win11 - INFO - not in software yet
2026-03-21 00:33:50,831[5892] - EC_Lab_Win11 - INFO - attempting to open EC_Lab_Win11, trial 1 in 3 times...
2026-03-21 00:57:12,898[5892] - EC_Lab_Win11 - INFO - test is complete
2026-03-21 00:57:12,898[5892] - RobotTest_AcidicPlatform - INFO - test pH12P7_FirstGen_sample#12_2026-03-21_00-33-06 finished
2026-03-21 00:57:13,085[5892] - OBS_Win - INFO - not in software yet
2026-03-21 00:57:13,377[5892] - OBS_Win - INFO - attempting to open OBS_Win, trial 1 in 3 times...
2026-03-21 00:57:16,900[5892] - OBS_Win - INFO - OBS_Win started
2026-03-21 00:57:16,900[5892] - RobotTest_AcidicPlatform - INFO - unloading the sample to rack_id #12...
2026-03-21 00:58:15,634[5892] - RobotTest_AcidicPlatform - INFO - sample successfully unloaded from the cell
2026-03-21 00:58:19,191[5892] - OBS_Win - INFO - OBS_Win stopped
2026-03-21 00:58:19,618[5892] - OBS_Win - WARNING - cannot find ['OBS_start_record.png'] on screen
2026-03-21 00:58:22,942[5892] - OBS_Win - INFO - OBS_Win started
2026-03-21 00:58:22,942[5892] - RobotTest_AcidicPlatform - INFO - loading the sample from rack_id #13...
2026-03-21 00:59:00,364[5892] - RobotTest_AcidicPlatform - INFO - sample successfully loaded into the cell
2026-03-21 00:59:00,913[5892] - OBS_Win - INFO - OBS_Win stopped
2026-03-21 00:59:04,145[5892] - EC_Lab_Win11 - INFO - not in software yet
2026-03-21 00:59:04,447[5892] - EC_Lab_Win11 - INFO - attempting to open EC_Lab_Win11, trial 1 in 3 times...
2026-03-21 01:22:37,714[5892] - EC_Lab_Win11 - INFO - test is complete
2026-03-21 01:22:37,714[5892] - RobotTest_AcidicPlatform - INFO - test pH12P7_FirstGen_sample#13_2026-03-21_00-58-19 finished
2026-03-21 01:22:37,903[5892] - OBS_Win - INFO - not in software yet
2026-03-21 01:22:38,213[5892] - OBS_Win - INFO - attempting to open OBS_Win, trial 1 in 3 times...
2026-03-21 01:22:41,759[5892] - OBS_Win - INFO - OBS_Win started
2026-03-21 01:22:41,759[5892] - RobotTest_AcidicPlatform - INFO - unloading the sample to rack_id #13...
2026-03-21 01:23:40,986[5892] - RobotTest_AcidicPlatform - INFO - sample successfully unloaded from the cell
2026-03-21 01:23:44,535[5892] - OBS_Win - INFO - OBS_Win stopped
2026-03-21 01:23:44,940[5892] - OBS_Win - WARNING - cannot find ['OBS_start_record.png'] on screen
2026-03-21 01:23:48,269[5892] - OBS_Win - INFO - OBS_Win started
2026-03-21 01:23:48,269[5892] - RobotTest_AcidicPlatform - INFO - loading the sample from rack_id #14...
2026-03-21 01:24:25,926[5892] - RobotTest_AcidicPlatform - INFO - sample successfully loaded into the cell
2026-03-21 01:24:26,461[5892] - OBS_Win - INFO - OBS_Win stopped
2026-03-21 01:24:29,699[5892] - EC_Lab_Win11 - INFO - not in software yet
2026-03-21 01:24:30,009[5892] - EC_Lab_Win11 - INFO - attempting to open EC_Lab_Win11, trial 1 in 3 times...
2026-03-21 01:48:14,516[5892] - EC_Lab_Win11 - INFO - test is complete
2026-03-21 01:48:14,516[5892] - RobotTest_AcidicPlatform - INFO - test pH12P7_FirstGen_sample#14_2026-03-21_01-23-44 finished
2026-03-21 01:48:14,702[5892] - OBS_Win - INFO - not in software yet
2026-03-21 01:48:14,989[5892] - OBS_Win - INFO - attempting to open OBS_Win, trial 1 in 3 times...
2026-03-21 01:48:18,513[5892] - OBS_Win - INFO - OBS_Win started
2026-03-21 01:48:18,513[5892] - RobotTest_AcidicPlatform - INFO - unloading the sample to rack_id #14...
2026-03-21 01:49:18,184[5892] - RobotTest_AcidicPlatform - INFO - sample successfully unloaded from the cell
2026-03-21 01:49:21,781[5892] - OBS_Win - INFO - OBS_Win stopped
2026-03-21 01:49:22,186[5892] - OBS_Win - WARNING - cannot find ['OBS_start_record.png'] on screen
2026-03-21 01:49:25,508[5892] - OBS_Win - INFO - OBS_Win started
2026-03-21 01:49:25,508[5892] - RobotTest_AcidicPlatform - INFO - loading the sample from rack_id #15...
2026-03-21 01:50:03,670[5892] - RobotTest_AcidicPlatform - INFO - sample successfully loaded into the cell
2026-03-21 01:50:04,219[5892] - OBS_Win - INFO - OBS_Win stopped
2026-03-21 01:50:07,468[5892] - EC_Lab_Win11 - INFO - not in software yet
2026-03-21 01:50:07,773[5892] - EC_Lab_Win11 - INFO - attempting to open EC_Lab_Win11, trial 1 in 3 times...
2026-03-21 02:13:41,138[5892] - EC_Lab_Win11 - INFO - test is complete
2026-03-21 02:13:41,138[5892] - RobotTest_AcidicPlatform - INFO - test pH12P7_FirstGen_sample#15_2026-03-21_01-49-21 finished
2026-03-21 02:13:41,320[5892] - OBS_Win - INFO - not in software yet
2026-03-21 02:13:41,618[5892] - OBS_Win - INFO - attempting to open OBS_Win, trial 1 in 3 times...
2026-03-21 02:13:45,144[5892] - OBS_Win - INFO - OBS_Win started
2026-03-21 02:13:45,144[5892] - RobotTest_AcidicPlatform - INFO - unloading the sample to rack_id #15...
2026-03-21 02:14:45,087[5892] - RobotTest_AcidicPlatform - INFO - sample successfully unloaded from the cell
2026-03-21 02:14:48,647[5892] - OBS_Win - INFO - OBS_Win stopped
2026-03-21 02:14:49,067[5892] - OBS_Win - WARNING - cannot find ['OBS_start_record.png'] on screen
2026-03-21 02:14:52,387[5892] - OBS_Win - INFO - OBS_Win started
2026-03-21 02:14:52,387[5892] - RobotTest_AcidicPlatform - INFO - loading the sample from rack_id #16...
2026-03-21 02:15:31,015[5892] - RobotTest_AcidicPlatform - INFO - sample successfully loaded into the cell
2026-03-21 02:15:31,547[5892] - OBS_Win - INFO - OBS_Win stopped
2026-03-21 02:15:34,784[5892] - EC_Lab_Win11 - INFO - not in software yet
2026-03-21 02:15:35,084[5892] - EC_Lab_Win11 - INFO - attempting to open EC_Lab_Win11, trial 1 in 3 times...
2026-03-21 02:39:08,453[5892] - EC_Lab_Win11 - INFO - test is complete
2026-03-21 02:39:08,454[5892] - RobotTest_AcidicPlatform - INFO - test pH12P7_FirstGen_sample#16_2026-03-21_02-14-48 finished
2026-03-21 02:39:08,642[5892] - OBS_Win - INFO - not in software yet
2026-03-21 02:39:08,944[5892] - OBS_Win - INFO - attempting to open OBS_Win, trial 1 in 3 times...
2026-03-21 02:39:12,467[5892] - OBS_Win - INFO - OBS_Win started
2026-03-21 02:39:12,467[5892] - RobotTest_AcidicPlatform - INFO - unloading the sample to rack_id #16...
2026-03-21 02:40:12,894[5892] - RobotTest_AcidicPlatform - INFO - sample successfully unloaded from the cell
2026-03-21 02:40:16,453[5892] - OBS_Win - INFO - OBS_Win stopped
2026-03-21 02:40:16,880[5892] - OBS_Win - WARNING - cannot find ['OBS_start_record.png'] on screen
2026-03-21 02:40:20,206[5892] - OBS_Win - INFO - OBS_Win started
2026-03-21 02:40:20,206[5892] - RobotTest_AcidicPlatform - INFO - loading the sample from rack_id #17...
2026-03-21 02:40:59,352[5892] - RobotTest_AcidicPlatform - INFO - sample successfully loaded into the cell
2026-03-21 02:40:59,903[5892] - OBS_Win - INFO - OBS_Win stopped
2026-03-21 02:41:03,139[5892] - EC_Lab_Win11 - INFO - not in software yet
2026-03-21 02:41:03,431[5892] - EC_Lab_Win11 - INFO - attempting to open EC_Lab_Win11, trial 1 in 3 times...
2026-03-21 03:04:36,879[5892] - EC_Lab_Win11 - INFO - test is complete
2026-03-21 03:04:36,879[5892] - RobotTest_AcidicPlatform - INFO - test pH12P7_FirstGen_sample#17_2026-03-21_02-40-16 finished
2026-03-21 03:04:37,068[5892] - OBS_Win - INFO - not in software yet
2026-03-21 03:04:37,383[5892] - OBS_Win - INFO - attempting to open OBS_Win, trial 1 in 3 times...
2026-03-21 03:04:40,917[5892] - OBS_Win - INFO - OBS_Win started
2026-03-21 03:04:40,917[5892] - RobotTest_AcidicPlatform - INFO - unloading the sample to rack_id #17...
2026-03-21 03:05:41,894[5892] - RobotTest_AcidicPlatform - INFO - sample successfully unloaded from the cell
2026-03-21 03:05:45,468[5892] - OBS_Win - INFO - OBS_Win stopped
2026-03-21 03:05:45,883[5892] - OBS_Win - WARNING - cannot find ['OBS_start_record.png'] on screen
2026-03-21 03:05:49,210[5892] - OBS_Win - INFO - OBS_Win started
2026-03-21 03:05:49,210[5892] - RobotTest_AcidicPlatform - INFO - loading the sample from rack_id #18...
2026-03-21 03:06:28,957[5892] - RobotTest_AcidicPlatform - INFO - sample successfully loaded into the cell
2026-03-21 03:06:29,488[5892] - OBS_Win - INFO - OBS_Win stopped
2026-03-21 03:06:32,728[5892] - EC_Lab_Win11 - INFO - not in software yet
2026-03-21 03:06:33,029[5892] - EC_Lab_Win11 - INFO - attempting to open EC_Lab_Win11, trial 1 in 3 times...
2026-03-21 03:29:55,209[5892] - EC_Lab_Win11 - INFO - test is complete
2026-03-21 03:29:55,209[5892] - RobotTest_AcidicPlatform - INFO - test pH12P7_FirstGen_sample#18_2026-03-21_03-05-45 finished
2026-03-21 03:29:55,393[5892] - OBS_Win - INFO - not in software yet
2026-03-21 03:29:55,689[5892] - OBS_Win - INFO - attempting to open OBS_Win, trial 1 in 3 times...
2026-03-21 03:29:59,224[5892] - OBS_Win - INFO - OBS_Win started
2026-03-21 03:29:59,224[5892] - RobotTest_AcidicPlatform - INFO - unloading the sample to rack_id #18...
2026-03-21 03:31:00,641[5892] - RobotTest_AcidicPlatform - INFO - sample successfully unloaded from the cell
2026-03-21 03:31:04,212[5892] - OBS_Win - INFO - OBS_Win stopped
2026-03-21 03:31:04,620[5892] - OBS_Win - WARNING - cannot find ['OBS_start_record.png'] on screen
2026-03-21 03:31:07,945[5892] - OBS_Win - INFO - OBS_Win started
2026-03-21 03:31:07,945[5892] - RobotTest_AcidicPlatform - INFO - loading the sample from rack_id #19...
2026-03-21 03:31:47,915[5892] - RobotTest_AcidicPlatform - INFO - sample successfully loaded into the cell
2026-03-21 03:31:48,448[5892] - OBS_Win - INFO - OBS_Win stopped
2026-03-21 03:31:51,679[5892] - EC_Lab_Win11 - INFO - not in software yet
2026-03-21 03:31:51,984[5892] - EC_Lab_Win11 - INFO - attempting to open EC_Lab_Win11, trial 1 in 3 times...
2026-03-21 03:55:25,332[5892] - EC_Lab_Win11 - INFO - test is complete
2026-03-21 03:55:25,332[5892] - RobotTest_AcidicPlatform - INFO - test pH12P7_FirstGen_sample#19_2026-03-21_03-31-04 finished
2026-03-21 03:55:25,516[5892] - OBS_Win - INFO - not in software yet
2026-03-21 03:55:25,811[5892] - OBS_Win - INFO - attempting to open OBS_Win, trial 1 in 3 times...
2026-03-21 03:55:29,346[5892] - OBS_Win - INFO - OBS_Win started
2026-03-21 03:55:29,346[5892] - RobotTest_AcidicPlatform - INFO - unloading the sample to rack_id #19...
2026-03-21 03:56:30,965[5892] - RobotTest_AcidicPlatform - INFO - sample successfully unloaded from the cell
2026-03-21 03:56:34,512[5892] - OBS_Win - INFO - OBS_Win stopped
2026-03-21 03:56:34,925[5892] - OBS_Win - WARNING - cannot find ['OBS_start_record.png'] on screen
2026-03-21 03:56:38,258[5892] - OBS_Win - INFO - OBS_Win started
2026-03-21 03:56:38,258[5892] - RobotTest_AcidicPlatform - INFO - loading the sample from rack_id #20...
2026-03-21 03:57:18,574[5892] - RobotTest_AcidicPlatform - INFO - sample successfully loaded into the cell
2026-03-21 03:57:19,108[5892] - OBS_Win - INFO - OBS_Win stopped
2026-03-21 03:57:22,338[5892] - EC_Lab_Win11 - INFO - not in software yet
2026-03-21 03:57:22,643[5892] - EC_Lab_Win11 - INFO - attempting to open EC_Lab_Win11, trial 1 in 3 times...
2026-03-21 04:20:56,278[5892] - EC_Lab_Win11 - INFO - test is complete
2026-03-21 04:20:56,278[5892] - RobotTest_AcidicPlatform - INFO - test pH12P7_FirstGen_sample#20_2026-03-21_03-56-34 finished
2026-03-21 04:20:56,482[5892] - OBS_Win - INFO - not in software yet
2026-03-21 04:20:56,798[5892] - OBS_Win - INFO - attempting to open OBS_Win, trial 1 in 3 times...
2026-03-21 04:21:00,335[5892] - OBS_Win - INFO - OBS_Win started
2026-03-21 04:21:00,335[5892] - RobotTest_AcidicPlatform - INFO - unloading the sample to rack_id #20...
2026-03-21 04:22:02,512[5892] - RobotTest_AcidicPlatform - INFO - sample successfully unloaded from the cell
2026-03-21 04:22:06,034[5892] - OBS_Win - INFO - OBS_Win stopped
2026-03-21 13:05:56,429[18408] - RobotTest_AcidicPlatform - INFO - started a batch of test, with sample_rack_id : sample_id = {1: 1, 2: 2, 3: 3, 4: 4, 5: 5, 6: 6, 7: 7, 8: 8, 9: 9, 10: 10, 11: 11, 12: 12, 13: 13, 14: 14, 15: 15, 16: 16, 17: 17, 18: 18, 19: 19, 20: 20}
2026-03-21 13:06:10,290[18408] - OBS_Win - INFO - not in software yet
2026-03-21 13:06:10,615[18408] - OBS_Win - INFO - attempting to open OBS_Win, trial 1 in 3 times...
2026-03-21 13:06:14,179[18408] - OBS_Win - INFO - OBS_Win started
2026-03-21 13:06:14,179[18408] - RobotTest_AcidicPlatform - INFO - loading the sample from rack_id #1...
2026-03-21 13:06:53,230[18408] - RobotTest_AcidicPlatform - INFO - sample successfully loaded into the cell
2026-03-21 13:06:53,826[18408] - OBS_Win - INFO - OBS_Win stopped
2026-03-21 13:06:57,062[18408] - EC_Lab_Win11 - INFO - not in software yet
2026-03-21 13:06:57,388[18408] - EC_Lab_Win11 - INFO - attempting to open EC_Lab_Win11, trial 1 in 3 times...
2026-03-21 13:07:31,113[18408] - RobotTest_AcidicPlatform - INFO - human operating, fail to detect...
2026-03-21 13:30:07,695[18408] - EC_Lab_Win11 - INFO - test is complete
2026-03-21 13:30:07,696[18408] - RobotTest_AcidicPlatform - INFO - test pH12P7_FirstGen_sample#1_2026-03-21_13-06-10 finished
2026-03-21 13:30:07,882[18408] - OBS_Win - INFO - not in software yet
2026-03-21 13:30:08,181[18408] - OBS_Win - INFO - attempting to open OBS_Win, trial 1 in 3 times...
2026-03-21 13:30:11,727[18408] - OBS_Win - INFO - OBS_Win started
2026-03-21 13:30:11,727[18408] - RobotTest_AcidicPlatform - INFO - unloading the sample to rack_id #1...
2026-03-21 13:31:10,554[18408] - RobotTest_AcidicPlatform - INFO - sample successfully unloaded from the cell
2026-03-21 13:31:14,152[18408] - OBS_Win - INFO - OBS_Win stopped
2026-03-21 13:31:14,601[18408] - OBS_Win - WARNING - cannot find ['OBS_start_record.png'] on screen
2026-03-21 13:31:17,930[18408] - OBS_Win - INFO - OBS_Win started
2026-03-21 13:31:17,930[18408] - RobotTest_AcidicPlatform - INFO - loading the sample from rack_id #2...
2026-03-21 13:31:50,656[18408] - RobotTest_AcidicPlatform - INFO - sample successfully loaded into the cell
2026-03-21 13:31:51,205[18408] - OBS_Win - INFO - OBS_Win stopped
2026-03-21 13:31:54,442[18408] - EC_Lab_Win11 - INFO - not in software yet
2026-03-21 13:31:54,757[18408] - EC_Lab_Win11 - INFO - attempting to open EC_Lab_Win11, trial 1 in 3 times...
2026-03-21 13:55:06,205[18408] - EC_Lab_Win11 - INFO - test is complete
2026-03-21 13:55:06,206[18408] - RobotTest_AcidicPlatform - INFO - test pH12P7_FirstGen_sample#2_2026-03-21_13-31-14 finished
2026-03-21 13:55:06,393[18408] - OBS_Win - INFO - not in software yet
2026-03-21 13:55:06,710[18408] - OBS_Win - INFO - attempting to open OBS_Win, trial 1 in 3 times...
2026-03-21 13:55:10,246[18408] - OBS_Win - INFO - OBS_Win started
2026-03-21 13:55:10,246[18408] - RobotTest_AcidicPlatform - INFO - unloading the sample to rack_id #2...
2026-03-21 13:56:08,689[18408] - RobotTest_AcidicPlatform - INFO - sample successfully unloaded from the cell
2026-03-21 13:56:12,286[18408] - OBS_Win - INFO - OBS_Win stopped
2026-03-21 13:56:12,741[18408] - OBS_Win - WARNING - cannot find ['OBS_start_record.png'] on screen
2026-03-21 13:56:16,083[18408] - OBS_Win - INFO - OBS_Win started
2026-03-21 13:56:16,083[18408] - RobotTest_AcidicPlatform - INFO - loading the sample from rack_id #3...
2026-03-21 13:56:49,141[18408] - RobotTest_AcidicPlatform - INFO - sample successfully loaded into the cell
2026-03-21 13:56:49,677[18408] - OBS_Win - INFO - OBS_Win stopped
2026-03-21 13:56:52,918[18408] - EC_Lab_Win11 - INFO - not in software yet
2026-03-21 13:56:53,239[18408] - EC_Lab_Win11 - INFO - attempting to open EC_Lab_Win11, trial 1 in 3 times...
2026-03-21 14:20:05,148[18408] - EC_Lab_Win11 - INFO - test is complete
2026-03-21 14:20:05,148[18408] - RobotTest_AcidicPlatform - INFO - test pH12P7_FirstGen_sample#3_2026-03-21_13-56-12 finished
2026-03-21 14:20:05,335[18408] - OBS_Win - INFO - not in software yet
2026-03-21 14:20:05,657[18408] - OBS_Win - INFO - attempting to open OBS_Win, trial 1 in 3 times...
2026-03-21 14:20:09,198[18408] - OBS_Win - INFO - OBS_Win started
2026-03-21 14:20:09,198[18408] - RobotTest_AcidicPlatform - INFO - unloading the sample to rack_id #3...
2026-03-21 14:21:07,187[18408] - RobotTest_AcidicPlatform - INFO - sample successfully unloaded from the cell
2026-03-21 14:21:10,780[18408] - OBS_Win - INFO - OBS_Win stopped
2026-03-21 14:21:11,215[18408] - OBS_Win - WARNING - cannot find ['OBS_start_record.png'] on screen
2026-03-21 14:21:14,540[18408] - OBS_Win - INFO - OBS_Win started
2026-03-21 14:21:14,540[18408] - RobotTest_AcidicPlatform - INFO - loading the sample from rack_id #4...
2026-03-21 14:21:48,161[18408] - RobotTest_AcidicPlatform - INFO - sample successfully loaded into the cell
2026-03-21 14:21:48,697[18408] - OBS_Win - INFO - OBS_Win stopped
2026-03-21 14:21:51,921[18408] - EC_Lab_Win11 - INFO - not in software yet
2026-03-21 14:21:52,223[18408] - EC_Lab_Win11 - INFO - attempting to open EC_Lab_Win11, trial 1 in 3 times...
2026-03-21 14:45:03,307[18408] - EC_Lab_Win11 - INFO - test is complete
2026-03-21 14:45:03,307[18408] - RobotTest_AcidicPlatform - INFO - test pH12P7_FirstGen_sample#4_2026-03-21_14-21-10 finished
2026-03-21 14:45:03,492[18408] - OBS_Win - INFO - not in software yet
2026-03-21 14:45:03,784[18408] - OBS_Win - INFO - attempting to open OBS_Win, trial 1 in 3 times...
2026-03-21 14:45:07,305[18408] - OBS_Win - INFO - OBS_Win started
2026-03-21 14:45:07,305[18408] - RobotTest_AcidicPlatform - INFO - unloading the sample to rack_id #4...
2026-03-21 14:46:04,813[18408] - RobotTest_AcidicPlatform - INFO - sample successfully unloaded from the cell
2026-03-21 14:46:08,374[18408] - OBS_Win - INFO - OBS_Win stopped
2026-03-21 14:46:08,811[18408] - OBS_Win - WARNING - cannot find ['OBS_start_record.png'] on screen
2026-03-21 14:46:12,142[18408] - OBS_Win - INFO - OBS_Win started
2026-03-21 14:46:12,142[18408] - RobotTest_AcidicPlatform - INFO - loading the sample from rack_id #5...
2026-03-21 14:46:46,046[18408] - RobotTest_AcidicPlatform - INFO - sample successfully loaded into the cell
2026-03-21 14:46:46,596[18408] - OBS_Win - INFO - OBS_Win stopped
2026-03-21 14:46:49,830[18408] - EC_Lab_Win11 - INFO - not in software yet
2026-03-21 14:46:50,151[18408] - EC_Lab_Win11 - INFO - attempting to open EC_Lab_Win11, trial 1 in 3 times...
2026-03-21 15:10:00,929[18408] - EC_Lab_Win11 - INFO - test is complete
2026-03-21 15:10:00,929[18408] - RobotTest_AcidicPlatform - INFO - test pH12P7_FirstGen_sample#5_2026-03-21_14-46-08 finished
2026-03-21 15:10:01,116[18408] - OBS_Win - INFO - not in software yet
2026-03-21 15:10:01,428[18408] - OBS_Win - INFO - attempting to open OBS_Win, trial 1 in 3 times...
2026-03-21 15:10:04,951[18408] - OBS_Win - INFO - OBS_Win started
2026-03-21 15:10:04,951[18408] - RobotTest_AcidicPlatform - INFO - unloading the sample to rack_id #5...
2026-03-21 15:11:02,164[18408] - RobotTest_AcidicPlatform - INFO - sample successfully unloaded from the cell
2026-03-21 15:11:05,739[18408] - OBS_Win - INFO - OBS_Win stopped
2026-03-21 15:11:06,177[18408] - OBS_Win - WARNING - cannot find ['OBS_start_record.png'] on screen
2026-03-21 15:11:09,505[18408] - OBS_Win - INFO - OBS_Win started
2026-03-21 15:11:09,505[18408] - RobotTest_AcidicPlatform - INFO - loading the sample from rack_id #6...
2026-03-21 15:11:43,984[18408] - RobotTest_AcidicPlatform - INFO - sample successfully loaded into the cell
2026-03-21 15:11:44,520[18408] - OBS_Win - INFO - OBS_Win stopped
2026-03-21 15:11:47,740[18408] - EC_Lab_Win11 - INFO - not in software yet
2026-03-21 15:11:48,039[18408] - EC_Lab_Win11 - INFO - attempting to open EC_Lab_Win11, trial 1 in 3 times...
2026-03-21 15:34:58,621[18408] - EC_Lab_Win11 - INFO - test is complete
2026-03-21 15:34:58,621[18408] - RobotTest_AcidicPlatform - INFO - test pH12P7_FirstGen_sample#6_2026-03-21_15-11-05 finished
2026-03-21 15:34:58,808[18408] - OBS_Win - INFO - not in software yet
2026-03-21 15:34:59,106[18408] - OBS_Win - INFO - attempting to open OBS_Win, trial 1 in 3 times...
2026-03-21 15:35:02,642[18408] - OBS_Win - INFO - OBS_Win started
2026-03-21 15:35:02,642[18408] - RobotTest_AcidicPlatform - INFO - unloading the sample to rack_id #6...
2026-03-21 15:35:59,436[18408] - RobotTest_AcidicPlatform - INFO - sample successfully unloaded from the cell
2026-03-21 15:36:03,000[18408] - OBS_Win - INFO - OBS_Win stopped
2026-03-21 15:36:03,449[18408] - OBS_Win - WARNING - cannot find ['OBS_start_record.png'] on screen
2026-03-21 15:36:06,763[18408] - OBS_Win - INFO - OBS_Win started
2026-03-21 15:36:06,763[18408] - RobotTest_AcidicPlatform - INFO - loading the sample from rack_id #7...
2026-03-21 15:36:41,454[18408] - RobotTest_AcidicPlatform - INFO - sample successfully loaded into the cell
2026-03-21 15:36:41,989[18408] - OBS_Win - INFO - OBS_Win stopped
2026-03-21 15:36:45,225[18408] - EC_Lab_Win11 - INFO - not in software yet
2026-03-21 15:36:45,529[18408] - EC_Lab_Win11 - INFO - attempting to open EC_Lab_Win11, trial 1 in 3 times...
2026-03-21 15:59:56,431[18408] - EC_Lab_Win11 - INFO - test is complete
2026-03-21 15:59:56,431[18408] - RobotTest_AcidicPlatform - INFO - test pH12P7_FirstGen_sample#7_2026-03-21_15-36-03 finished
2026-03-21 15:59:56,618[18408] - OBS_Win - INFO - not in software yet
2026-03-21 15:59:56,906[18408] - OBS_Win - INFO - attempting to open OBS_Win, trial 1 in 3 times...
2026-03-21 16:00:00,430[18408] - OBS_Win - INFO - OBS_Win started
2026-03-21 16:00:00,431[18408] - RobotTest_AcidicPlatform - INFO - unloading the sample to rack_id #7...
2026-03-21 16:00:56,945[18408] - RobotTest_AcidicPlatform - INFO - sample successfully unloaded from the cell
2026-03-21 16:01:00,501[18408] - OBS_Win - INFO - OBS_Win stopped
2026-03-21 16:01:00,940[18408] - OBS_Win - WARNING - cannot find ['OBS_start_record.png'] on screen
2026-03-21 16:01:04,261[18408] - OBS_Win - INFO - OBS_Win started
2026-03-21 16:01:04,261[18408] - RobotTest_AcidicPlatform - INFO - loading the sample from rack_id #8...
2026-03-21 16:01:39,498[18408] - RobotTest_AcidicPlatform - INFO - sample successfully loaded into the cell
2026-03-21 16:01:40,032[18408] - OBS_Win - INFO - OBS_Win stopped
2026-03-21 16:01:43,265[18408] - EC_Lab_Win11 - INFO - not in software yet
2026-03-21 16:01:43,561[18408] - EC_Lab_Win11 - INFO - attempting to open EC_Lab_Win11, trial 1 in 3 times...
2026-03-21 16:24:54,143[18408] - EC_Lab_Win11 - INFO - test is complete
2026-03-21 16:24:54,143[18408] - RobotTest_AcidicPlatform - INFO - test pH12P7_FirstGen_sample#8_2026-03-21_16-01-00 finished
2026-03-21 16:24:54,342[18408] - OBS_Win - INFO - not in software yet
2026-03-21 16:24:54,644[18408] - OBS_Win - INFO - attempting to open OBS_Win, trial 1 in 3 times...
2026-03-21 16:24:58,175[18408] - OBS_Win - INFO - OBS_Win started
2026-03-21 16:24:58,175[18408] - RobotTest_AcidicPlatform - INFO - unloading the sample to rack_id #8...
2026-03-21 16:25:55,232[18408] - RobotTest_AcidicPlatform - INFO - sample successfully unloaded from the cell
2026-03-21 16:25:58,765[18408] - OBS_Win - INFO - OBS_Win stopped
2026-03-21 16:25:59,176[18408] - OBS_Win - WARNING - cannot find ['OBS_start_record.png'] on screen
2026-03-21 16:26:02,497[18408] - OBS_Win - INFO - OBS_Win started
2026-03-21 16:26:02,497[18408] - RobotTest_AcidicPlatform - INFO - loading the sample from rack_id #9...
2026-03-21 16:26:38,015[18408] - RobotTest_AcidicPlatform - INFO - sample successfully loaded into the cell
2026-03-21 16:26:38,580[18408] - OBS_Win - INFO - OBS_Win stopped
2026-03-21 16:26:41,818[18408] - EC_Lab_Win11 - INFO - not in software yet
2026-03-21 16:26:42,126[18408] - EC_Lab_Win11 - INFO - attempting to open EC_Lab_Win11, trial 1 in 3 times...
2026-03-21 16:28:46,635[18408] - EC_Lab_Win11 - INFO - not in software yet
2026-03-21 16:28:46,972[18408] - EC_Lab_Win11 - INFO - attempting to open EC_Lab_Win11, trial 1 in 3 times...
2026-03-21 16:29:00,628[18408] - RobotTest_AcidicPlatform - INFO - human operating, fail to detect...
2026-03-21 16:29:10,638[18408] - RobotTest_AcidicPlatform - INFO - human operating, fail to detect...
2026-03-21 16:29:21,448[18408] - EC_Lab_Win11 - INFO - not in software yet
2026-03-21 16:29:21,778[18408] - EC_Lab_Win11 - INFO - attempting to open EC_Lab_Win11, trial 1 in 3 times...
2026-03-21 16:29:24,993[18408] - EC_Lab_Win11 - INFO - not in software yet
2026-03-21 16:29:25,315[18408] - EC_Lab_Win11 - INFO - attempting to open EC_Lab_Win11, trial 2 in 3 times...
2026-03-21 16:50:01,475[18408] - EC_Lab_Win11 - INFO - test is complete
2026-03-21 16:50:01,476[18408] - RobotTest_AcidicPlatform - INFO - test pH12P7_FirstGen_sample#9_2026-03-21_16-25-58 finished
2026-03-21 16:50:01,660[18408] - OBS_Win - INFO - not in software yet
2026-03-21 16:50:01,954[18408] - OBS_Win - INFO - attempting to open OBS_Win, trial 1 in 3 times...
2026-03-21 16:50:05,490[18408] - OBS_Win - INFO - OBS_Win started
2026-03-21 16:50:05,490[18408] - RobotTest_AcidicPlatform - INFO - unloading the sample to rack_id #9...
2026-03-21 16:51:02,898[18408] - RobotTest_AcidicPlatform - INFO - sample successfully unloaded from the cell
2026-03-21 16:51:06,441[18408] - OBS_Win - INFO - OBS_Win stopped
2026-03-21 16:51:06,846[18408] - OBS_Win - WARNING - cannot find ['OBS_start_record.png'] on screen
2026-03-21 16:51:10,158[18408] - OBS_Win - INFO - OBS_Win started
2026-03-21 16:51:10,158[18408] - RobotTest_AcidicPlatform - INFO - loading the sample from rack_id #10...
2026-03-21 16:51:46,212[18408] - RobotTest_AcidicPlatform - INFO - sample successfully loaded into the cell
2026-03-21 16:51:46,728[18408] - OBS_Win - INFO - OBS_Win stopped
2026-03-21 16:51:49,952[18408] - EC_Lab_Win11 - INFO - not in software yet
2026-03-21 16:51:50,251[18408] - EC_Lab_Win11 - INFO - attempting to open EC_Lab_Win11, trial 1 in 3 times...
2026-03-21 17:15:01,052[18408] - EC_Lab_Win11 - INFO - test is complete
2026-03-21 17:15:01,052[18408] - RobotTest_AcidicPlatform - INFO - test pH12P7_FirstGen_sample#10_2026-03-21_16-51-06 finished
2026-03-21 17:15:01,237[18408] - OBS_Win - INFO - not in software yet
2026-03-21 17:15:01,540[18408] - OBS_Win - INFO - attempting to open OBS_Win, trial 1 in 3 times...
2026-03-21 17:15:05,063[18408] - OBS_Win - INFO - OBS_Win started
2026-03-21 17:15:05,063[18408] - RobotTest_AcidicPlatform - INFO - unloading the sample to rack_id #10...
2026-03-21 17:16:03,064[18408] - RobotTest_AcidicPlatform - INFO - sample successfully unloaded from the cell
2026-03-21 17:16:06,610[18408] - OBS_Win - INFO - OBS_Win stopped
2026-03-21 17:16:07,020[18408] - OBS_Win - WARNING - cannot find ['OBS_start_record.png'] on screen
2026-03-21 17:16:10,349[18408] - OBS_Win - INFO - OBS_Win started
2026-03-21 17:16:10,349[18408] - RobotTest_AcidicPlatform - INFO - loading the sample from rack_id #11...
2026-03-21 17:16:46,858[18408] - RobotTest_AcidicPlatform - INFO - sample successfully loaded into the cell
2026-03-21 17:16:47,391[18408] - OBS_Win - INFO - OBS_Win stopped
2026-03-21 17:16:50,617[18408] - EC_Lab_Win11 - INFO - not in software yet
2026-03-21 17:16:50,929[18408] - EC_Lab_Win11 - INFO - attempting to open EC_Lab_Win11, trial 1 in 3 times...
2026-03-21 17:40:01,545[18408] - EC_Lab_Win11 - INFO - test is complete
2026-03-21 17:40:01,546[18408] - RobotTest_AcidicPlatform - INFO - test pH12P7_FirstGen_sample#11_2026-03-21_17-16-06 finished
2026-03-21 17:40:01,731[18408] - OBS_Win - INFO - not in software yet
2026-03-21 17:40:02,033[18408] - OBS_Win - INFO - attempting to open OBS_Win, trial 1 in 3 times...
2026-03-21 17:40:05,567[18408] - OBS_Win - INFO - OBS_Win started
2026-03-21 17:40:05,567[18408] - RobotTest_AcidicPlatform - INFO - unloading the sample to rack_id #11...
2026-03-21 17:41:03,888[18408] - RobotTest_AcidicPlatform - INFO - sample successfully unloaded from the cell
2026-03-21 17:41:07,447[18408] - OBS_Win - INFO - OBS_Win stopped
2026-03-21 17:41:07,870[18408] - OBS_Win - WARNING - cannot find ['OBS_start_record.png'] on screen
2026-03-21 17:41:11,203[18408] - OBS_Win - INFO - OBS_Win started
2026-03-21 17:41:11,203[18408] - RobotTest_AcidicPlatform - INFO - loading the sample from rack_id #12...
2026-03-21 17:41:48,138[18408] - RobotTest_AcidicPlatform - INFO - sample successfully loaded into the cell
2026-03-21 17:41:48,661[18408] - OBS_Win - INFO - OBS_Win stopped
2026-03-21 17:41:51,889[18408] - EC_Lab_Win11 - INFO - not in software yet
2026-03-21 17:41:52,179[18408] - EC_Lab_Win11 - INFO - attempting to open EC_Lab_Win11, trial 1 in 3 times...
2026-03-21 18:05:03,022[18408] - EC_Lab_Win11 - INFO - test is complete
2026-03-21 18:05:03,022[18408] - RobotTest_AcidicPlatform - INFO - test pH12P7_FirstGen_sample#12_2026-03-21_17-41-07 finished
2026-03-21 18:05:03,213[18408] - OBS_Win - INFO - not in software yet
2026-03-21 18:05:03,532[18408] - OBS_Win - INFO - attempting to open OBS_Win, trial 1 in 3 times...
2026-03-21 18:05:07,037[18408] - OBS_Win - INFO - OBS_Win started
2026-03-21 18:05:07,037[18408] - RobotTest_AcidicPlatform - INFO - unloading the sample to rack_id #12...
2026-03-21 18:06:05,828[18408] - RobotTest_AcidicPlatform - INFO - sample successfully unloaded from the cell
2026-03-21 18:06:09,388[18408] - OBS_Win - INFO - OBS_Win stopped
2026-03-21 18:06:09,817[18408] - OBS_Win - WARNING - cannot find ['OBS_start_record.png'] on screen
2026-03-21 18:06:13,148[18408] - OBS_Win - INFO - OBS_Win started
2026-03-21 18:06:13,148[18408] - RobotTest_AcidicPlatform - INFO - loading the sample from rack_id #13...
2026-03-21 18:06:50,521[18408] - RobotTest_AcidicPlatform - INFO - sample successfully loaded into the cell
2026-03-21 18:06:51,056[18408] - OBS_Win - INFO - OBS_Win stopped
2026-03-21 18:06:54,287[18408] - EC_Lab_Win11 - INFO - not in software yet
2026-03-21 18:06:54,589[18408] - EC_Lab_Win11 - INFO - attempting to open EC_Lab_Win11, trial 1 in 3 times...
2026-03-21 18:30:05,854[18408] - EC_Lab_Win11 - INFO - test is complete
2026-03-21 18:30:05,854[18408] - RobotTest_AcidicPlatform - INFO - test pH12P7_FirstGen_sample#13_2026-03-21_18-06-09 finished
2026-03-21 18:30:06,041[18408] - OBS_Win - INFO - not in software yet
2026-03-21 18:30:06,336[18408] - OBS_Win - INFO - attempting to open OBS_Win, trial 1 in 3 times...
2026-03-21 18:30:09,868[18408] - OBS_Win - INFO - OBS_Win started
2026-03-21 18:30:09,868[18408] - RobotTest_AcidicPlatform - INFO - unloading the sample to rack_id #13...
2026-03-21 18:31:09,126[18408] - RobotTest_AcidicPlatform - INFO - sample successfully unloaded from the cell
2026-03-21 18:31:12,666[18408] - OBS_Win - INFO - OBS_Win stopped
2026-03-21 18:31:13,076[18408] - OBS_Win - WARNING - cannot find ['OBS_start_record.png'] on screen
2026-03-21 18:31:16,405[18408] - OBS_Win - INFO - OBS_Win started
2026-03-21 18:31:16,405[18408] - RobotTest_AcidicPlatform - INFO - loading the sample from rack_id #14...
2026-03-21 18:31:54,232[18408] - RobotTest_AcidicPlatform - INFO - sample successfully loaded into the cell
2026-03-21 18:31:54,749[18408] - OBS_Win - INFO - OBS_Win stopped
2026-03-21 18:31:57,986[18408] - EC_Lab_Win11 - INFO - not in software yet
2026-03-21 18:31:58,280[18408] - EC_Lab_Win11 - INFO - attempting to open EC_Lab_Win11, trial 1 in 3 times...
2026-03-21 18:55:10,554[18408] - EC_Lab_Win11 - INFO - test is complete
2026-03-21 18:55:10,554[18408] - RobotTest_AcidicPlatform - INFO - test pH12P7_FirstGen_sample#14_2026-03-21_18-31-12 finished
2026-03-21 18:55:10,738[18408] - OBS_Win - INFO - not in software yet
2026-03-21 18:55:11,054[18408] - OBS_Win - INFO - attempting to open OBS_Win, trial 1 in 3 times...
2026-03-21 18:55:14,586[18408] - OBS_Win - INFO - OBS_Win started
2026-03-21 18:55:14,586[18408] - RobotTest_AcidicPlatform - INFO - unloading the sample to rack_id #14...
2026-03-21 18:56:14,247[18408] - RobotTest_AcidicPlatform - INFO - sample successfully unloaded from the cell
2026-03-21 18:56:17,803[18408] - OBS_Win - INFO - OBS_Win stopped
2026-03-21 18:56:18,206[18408] - OBS_Win - WARNING - cannot find ['OBS_start_record.png'] on screen
2026-03-21 18:56:21,509[18408] - OBS_Win - INFO - OBS_Win started
2026-03-21 18:56:21,509[18408] - RobotTest_AcidicPlatform - INFO - loading the sample from rack_id #15...
2026-03-21 18:56:59,864[18408] - RobotTest_AcidicPlatform - INFO - sample successfully loaded into the cell
2026-03-21 18:57:00,369[18408] - OBS_Win - INFO - OBS_Win stopped
2026-03-21 18:57:03,603[18408] - EC_Lab_Win11 - INFO - not in software yet
2026-03-21 18:57:03,916[18408] - EC_Lab_Win11 - INFO - attempting to open EC_Lab_Win11, trial 1 in 3 times...
2026-03-21 19:20:15,110[18408] - EC_Lab_Win11 - INFO - test is complete
2026-03-21 19:20:15,110[18408] - RobotTest_AcidicPlatform - INFO - test pH12P7_FirstGen_sample#15_2026-03-21_18-56-17 finished
2026-03-21 19:20:15,308[18408] - OBS_Win - INFO - not in software yet
2026-03-21 19:20:15,624[18408] - OBS_Win - INFO - attempting to open OBS_Win, trial 1 in 3 times...
2026-03-21 19:20:19,155[18408] - OBS_Win - INFO - OBS_Win started
2026-03-21 19:20:19,155[18408] - RobotTest_AcidicPlatform - INFO - unloading the sample to rack_id #15...
2026-03-21 19:21:19,323[18408] - RobotTest_AcidicPlatform - INFO - sample successfully unloaded from the cell
2026-03-21 19:21:22,889[18408] - OBS_Win - INFO - OBS_Win stopped
2026-03-21 19:21:23,302[18408] - OBS_Win - WARNING - cannot find ['OBS_start_record.png'] on screen
2026-03-21 19:21:26,621[18408] - OBS_Win - INFO - OBS_Win started
2026-03-21 19:21:26,621[18408] - RobotTest_AcidicPlatform - INFO - loading the sample from rack_id #16...
2026-03-21 19:22:05,322[18408] - RobotTest_AcidicPlatform - INFO - sample successfully loaded into the cell
2026-03-21 19:22:05,861[18408] - OBS_Win - INFO - OBS_Win stopped
2026-03-21 19:22:09,082[18408] - EC_Lab_Win11 - INFO - not in software yet
2026-03-21 19:22:09,382[18408] - EC_Lab_Win11 - INFO - attempting to open EC_Lab_Win11, trial 1 in 3 times...
2026-03-21 19:45:20,339[18408] - EC_Lab_Win11 - INFO - test is complete
2026-03-21 19:45:20,339[18408] - RobotTest_AcidicPlatform - INFO - test pH12P7_FirstGen_sample#16_2026-03-21_19-21-22 finished
2026-03-21 19:45:20,541[18408] - OBS_Win - INFO - not in software yet
2026-03-21 19:45:20,872[18408] - OBS_Win - INFO - attempting to open OBS_Win, trial 1 in 3 times...
2026-03-21 19:45:24,410[18408] - OBS_Win - INFO - OBS_Win started
2026-03-21 19:45:24,410[18408] - RobotTest_AcidicPlatform - INFO - unloading the sample to rack_id #16...
2026-03-21 19:46:24,978[18408] - RobotTest_AcidicPlatform - INFO - sample successfully unloaded from the cell
2026-03-21 19:46:28,503[18408] - OBS_Win - INFO - OBS_Win stopped
2026-03-21 19:46:28,934[18408] - OBS_Win - WARNING - cannot find ['OBS_start_record.png'] on screen
2026-03-21 19:46:32,263[18408] - OBS_Win - INFO - OBS_Win started
2026-03-21 19:46:32,263[18408] - RobotTest_AcidicPlatform - INFO - loading the sample from rack_id #17...
2026-03-21 19:47:11,474[18408] - RobotTest_AcidicPlatform - INFO - sample successfully loaded into the cell
2026-03-21 19:47:11,991[18408] - OBS_Win - INFO - OBS_Win stopped
2026-03-21 19:47:15,217[18408] - EC_Lab_Win11 - INFO - not in software yet
2026-03-21 19:47:15,524[18408] - EC_Lab_Win11 - INFO - attempting to open EC_Lab_Win11, trial 1 in 3 times...
2026-03-21 20:10:26,550[18408] - EC_Lab_Win11 - INFO - test is complete
2026-03-21 20:10:26,551[18408] - RobotTest_AcidicPlatform - INFO - test pH12P7_FirstGen_sample#17_2026-03-21_19-46-28 finished
2026-03-21 20:10:26,762[18408] - OBS_Win - INFO - not in software yet
2026-03-21 20:10:27,069[18408] - OBS_Win - INFO - attempting to open OBS_Win, trial 1 in 3 times...
2026-03-21 20:10:30,610[18408] - OBS_Win - INFO - OBS_Win started
2026-03-21 20:10:30,610[18408] - RobotTest_AcidicPlatform - INFO - unloading the sample to rack_id #17...
2026-03-21 20:11:31,467[18408] - RobotTest_AcidicPlatform - INFO - sample successfully unloaded from the cell
2026-03-21 20:11:35,013[18408] - OBS_Win - INFO - OBS_Win stopped
2026-03-21 20:11:35,421[18408] - OBS_Win - WARNING - cannot find ['OBS_start_record.png'] on screen
2026-03-21 20:11:38,741[18408] - OBS_Win - INFO - OBS_Win started
2026-03-21 20:11:38,741[18408] - RobotTest_AcidicPlatform - INFO - loading the sample from rack_id #18...
2026-03-21 20:12:18,250[18408] - RobotTest_AcidicPlatform - INFO - sample successfully loaded into the cell
2026-03-21 20:12:18,750[18408] - OBS_Win - INFO - OBS_Win stopped
2026-03-21 20:12:21,972[18408] - EC_Lab_Win11 - INFO - not in software yet
2026-03-21 20:12:22,285[18408] - EC_Lab_Win11 - INFO - attempting to open EC_Lab_Win11, trial 1 in 3 times...
2026-03-21 20:35:32,868[18408] - EC_Lab_Win11 - INFO - test is complete
2026-03-21 20:35:32,868[18408] - RobotTest_AcidicPlatform - INFO - test pH12P7_FirstGen_sample#18_2026-03-21_20-11-35 finished
2026-03-21 20:35:33,053[18408] - OBS_Win - INFO - not in software yet
2026-03-21 20:35:33,344[18408] - OBS_Win - INFO - attempting to open OBS_Win, trial 1 in 3 times...
2026-03-21 20:35:36,876[18408] - OBS_Win - INFO - OBS_Win started
2026-03-21 20:35:36,876[18408] - RobotTest_AcidicPlatform - INFO - unloading the sample to rack_id #18...
2026-03-21 20:36:38,379[18408] - RobotTest_AcidicPlatform - INFO - sample successfully unloaded from the cell
2026-03-21 20:36:41,940[18408] - OBS_Win - INFO - OBS_Win stopped
2026-03-21 20:36:42,360[18408] - OBS_Win - WARNING - cannot find ['OBS_start_record.png'] on screen
2026-03-21 20:36:45,689[18408] - OBS_Win - INFO - OBS_Win started
2026-03-21 20:36:45,689[18408] - RobotTest_AcidicPlatform - INFO - loading the sample from rack_id #19...
2026-03-21 20:37:25,613[18408] - RobotTest_AcidicPlatform - INFO - sample successfully loaded into the cell
2026-03-21 20:37:26,146[18408] - OBS_Win - INFO - OBS_Win stopped
2026-03-21 20:37:29,385[18408] - EC_Lab_Win11 - INFO - not in software yet
2026-03-21 20:37:29,682[18408] - EC_Lab_Win11 - INFO - attempting to open EC_Lab_Win11, trial 1 in 3 times...
2026-03-21 21:00:41,338[18408] - EC_Lab_Win11 - INFO - test is complete
2026-03-21 21:00:41,339[18408] - RobotTest_AcidicPlatform - INFO - test pH12P7_FirstGen_sample#19_2026-03-21_20-36-41 finished
2026-03-21 21:00:41,528[18408] - OBS_Win - INFO - not in software yet
2026-03-21 21:00:41,858[18408] - OBS_Win - INFO - attempting to open OBS_Win, trial 1 in 3 times...
2026-03-21 21:00:45,382[18408] - OBS_Win - INFO - OBS_Win started
2026-03-21 21:00:45,382[18408] - RobotTest_AcidicPlatform - INFO - unloading the sample to rack_id #19...
2026-03-21 21:01:47,241[18408] - RobotTest_AcidicPlatform - INFO - sample successfully unloaded from the cell
2026-03-21 21:01:50,817[18408] - OBS_Win - INFO - OBS_Win stopped
2026-03-21 21:01:51,237[18408] - OBS_Win - WARNING - cannot find ['OBS_start_record.png'] on screen
2026-03-21 21:01:54,567[18408] - OBS_Win - INFO - OBS_Win started
2026-03-21 21:01:54,567[18408] - RobotTest_AcidicPlatform - INFO - loading the sample from rack_id #20...
2026-03-21 21:02:35,010[18408] - RobotTest_AcidicPlatform - INFO - sample successfully loaded into the cell
2026-03-21 21:02:35,595[18408] - OBS_Win - INFO - OBS_Win stopped
2026-03-21 21:02:38,842[18408] - EC_Lab_Win11 - INFO - not in software yet
2026-03-21 21:02:39,129[18408] - EC_Lab_Win11 - INFO - attempting to open EC_Lab_Win11, trial 1 in 3 times...
2026-03-21 21:25:49,923[18408] - EC_Lab_Win11 - INFO - test is complete
2026-03-21 21:25:49,923[18408] - RobotTest_AcidicPlatform - INFO - test pH12P7_FirstGen_sample#20_2026-03-21_21-01-50 finished
2026-03-21 21:25:50,114[18408] - OBS_Win - INFO - not in software yet
2026-03-21 21:25:50,427[18408] - OBS_Win - INFO - attempting to open OBS_Win, trial 1 in 3 times...
2026-03-21 21:25:53,946[18408] - OBS_Win - INFO - OBS_Win started
2026-03-21 21:25:53,946[18408] - RobotTest_AcidicPlatform - INFO - unloading the sample to rack_id #20...
2026-03-21 21:26:56,181[18408] - RobotTest_AcidicPlatform - INFO - sample successfully unloaded from the cell
2026-03-21 21:26:59,726[18408] - OBS_Win - INFO - OBS_Win stopped
