2023-10-15 00:50:28,650[19540] - EC_Lab_Win11 - INFO - attempting to open EC_Lab_Win11, trial 1 in 3 times...
2023-10-15 00:51:45,073[19540] - EC_Lab_Win11 - INFO - attempting to open EC_Lab_Win11, trial 1 in 3 times...
2023-10-15 00:51:45,073[19540] - EC_Lab_Win11 - INFO - attempting to open EC_Lab_Win11, trial 1 in 3 times...
2023-10-15 00:52:58,423[19540] - EC_Lab_Win11 - INFO - attempting to open EC_Lab_Win11, trial 1 in 3 times...
2023-10-15 00:52:58,423[19540] - EC_Lab_Win11 - INFO - attempting to open EC_Lab_Win11, trial 1 in 3 times...
2023-10-15 00:52:58,423[19540] - EC_Lab_Win11 - INFO - attempting to open EC_Lab_Win11, trial 1 in 3 times...
2023-10-15 00:53:25,446[19540] - EC_Lab_Win11 - INFO - attempting to open EC_Lab_Win11, trial 1 in 3 times...
2023-10-15 00:53:25,446[19540] - EC_Lab_Win11 - INFO - attempting to open EC_Lab_Win11, trial 1 in 3 times...
2023-10-15 00:53:25,446[19540] - EC_Lab_Win11 - INFO - attempting to open EC_Lab_Win11, trial 1 in 3 times...
2023-10-15 00:53:25,446[19540] - EC_Lab_Win11 - INFO - attempting to open EC_Lab_Win11, trial 1 in 3 times...
2023-10-15 00:56:50,534[19540] - EC_Lab_Win11 - ERROR - test is already running!
2023-10-15 00:56:50,534[19540] - EC_Lab_Win11 - ERROR - test is already running!
2023-10-15 00:56:50,534[19540] - EC_Lab_Win11 - ERROR - test is already running!
2023-10-15 00:56:50,534[19540] - EC_Lab_Win11 - ERROR - test is already running!
2023-10-15 01:03:46,941[11260] - EC_Lab_Win11 - INFO - attempting to open EC_Lab_Win11, trial 1 in 3 times...
2023-10-15 01:04:02,082[11260] - EC_Lab_Win11 - INFO - attempting to open EC_Lab_Win11, trial 1 in 3 times...
2023-10-15 01:04:02,082[11260] - EC_Lab_Win11 - INFO - attempting to open EC_Lab_Win11, trial 1 in 3 times...
2023-10-15 15:25:32,326[16552] - EC_Lab_Win11 - INFO - attempting to open EC_Lab_Win11, trial 1 in 3 times...
2023-10-15 15:26:15,448[16552] - EC_Lab_Win11 - INFO - attempting to open EC_Lab_Win11, trial 1 in 3 times...
2023-10-15 15:26:15,448[16552] - EC_Lab_Win11 - INFO - attempting to open EC_Lab_Win11, trial 1 in 3 times...
2023-10-15 15:26:19,090[16552] - EC_Lab_Win11 - INFO - channel 2 is not open
2023-10-15 15:26:19,090[16552] - EC_Lab_Win11 - INFO - channel 2 is not open
2023-10-15 15:26:19,835[16552] - EC_Lab_Win11 - INFO - attempting to open channel 2, trial 1 in 3 times...
2023-10-15 15:26:19,835[16552] - EC_Lab_Win11 - INFO - attempting to open channel 2, trial 1 in 3 times...
2023-10-15 15:30:41,867[19772] - EC_Lab_Win11 - INFO - attempting to open EC_Lab_Win11, trial 1 in 3 times...
2023-10-16 15:15:51,211[16596] - Smartlife - INFO - not in software yet
2023-10-16 15:15:51,540[16596] - Smartlife - INFO - attempting to open Smartlife, trial 1 in 3 times...
2023-10-16 15:15:54,747[16596] - Smartlife - INFO - not in software yet
2023-10-16 15:15:55,060[16596] - Smartlife - INFO - attempting to open Smartlife, trial 2 in 3 times...
2023-10-16 15:15:58,272[16596] - Smartlife - INFO - not in software yet
2023-10-16 15:15:58,599[16596] - Smartlife - INFO - attempting to open Smartlife, trial 3 in 3 times...
2023-10-16 15:16:01,817[16596] - Smartlife - INFO - not in software yet
2023-10-16 15:16:01,817[16596] - Smartlife - WARNING - failed to open Smartlife
2023-10-16 15:16:02,146[16596] - Smartlife - INFO - Smartlife stopped
2023-10-16 15:19:36,172[4476] - Smartlife - INFO - not in software yet
2023-10-16 15:19:36,494[4476] - Smartlife - INFO - attempting to open Smartlife, trial 1 in 3 times...
2023-10-16 15:19:39,687[4476] - Smartlife - INFO - not in software yet
2023-10-16 15:19:40,007[4476] - Smartlife - INFO - attempting to open Smartlife, trial 2 in 3 times...
2023-10-16 15:19:43,212[4476] - Smartlife - INFO - not in software yet
2023-10-16 15:19:43,533[4476] - Smartlife - INFO - attempting to open Smartlife, trial 3 in 3 times...
2023-10-16 15:19:46,747[4476] - Smartlife - INFO - not in software yet
2023-10-16 15:19:46,747[4476] - Smartlife - WARNING - failed to open Smartlife
2023-10-16 15:19:47,062[4476] - Smartlife - INFO - Smartlife stopped
2023-10-16 15:21:31,181[18748] - Smartlife - INFO - not in software yet
2023-10-16 15:21:31,504[18748] - Smartlife - INFO - attempting to open Smartlife, trial 1 in 3 times...
2023-10-16 15:21:35,045[18748] - Smartlife - INFO - Smartlife stopped
2023-10-16 15:25:56,171[20308] - Smartlife - INFO - not in software yet
2023-10-16 15:25:56,492[20308] - Smartlife - INFO - attempting to open Smartlife, trial 1 in 3 times...
2023-10-16 15:26:00,025[20308] - Smartlife - INFO - Smartlife stopped
