2026-03-11 11:11:12,506[8540] - RobotTest_AcidicPlatform - INFO - started a batch of test, with sample_rack_id : sample_id = {1: 1, 2: 2, 3: 3, 4: 4, 5: 5, 6: 6, 7: 7, 8: 8, 9: 9, 10: 10, 11: 11, 12: 12, 13: 13, 14: 14, 15: 15, 16: 16, 17: 17, 18: 18, 19: 19, 20: 20}
2026-03-11 11:11:27,569[8540] - OBS_Win - INFO - not in software yet
2026-03-11 11:11:27,875[8540] - OBS_Win - INFO - attempting to open OBS_Win, trial 1 in 3 times...
2026-03-11 11:11:31,436[8540] - OBS_Win - INFO - OBS_Win started
2026-03-11 11:11:31,436[8540] - RobotTest_AcidicPlatform - INFO - loading the sample from rack_id #1...
2026-03-11 11:12:10,496[8540] - RobotTest_AcidicPlatform - INFO - sample successfully loaded into the cell
2026-03-11 11:12:11,079[8540] - OBS_Win - INFO - OBS_Win stopped
2026-03-11 11:12:14,309[8540] - EC_Lab_Win11 - INFO - not in software yet
2026-03-11 11:12:14,605[8540] - EC_Lab_Win11 - INFO - attempting to open EC_Lab_Win11, trial 1 in 3 times...
2026-03-11 11:12:48,440[8540] - RobotTest_AcidicPlatform - INFO - human operating, fail to detect...
2026-03-11 11:16:57,688[2140] - RobotTest_AcidicPlatform - INFO - started a batch of test, with sample_rack_id : sample_id = {1: 1, 2: 2, 3: 3, 4: 4, 5: 5, 6: 6, 7: 7, 8: 8, 9: 9, 10: 10, 11: 11, 12: 12, 13: 13, 14: 14, 15: 15, 16: 16, 17: 17, 18: 18, 19: 19, 20: 20}
2026-03-11 11:17:12,280[2140] - OBS_Win - INFO - not in software yet
2026-03-11 11:17:12,578[2140] - OBS_Win - INFO - attempting to open OBS_Win, trial 1 in 3 times...
2026-03-11 11:17:16,101[2140] - OBS_Win - INFO - OBS_Win started
2026-03-11 11:17:16,101[2140] - RobotTest_AcidicPlatform - INFO - loading the sample from rack_id #1...
2026-03-11 11:17:55,095[2140] - RobotTest_AcidicPlatform - INFO - sample successfully loaded into the cell
2026-03-11 11:17:55,677[2140] - OBS_Win - INFO - OBS_Win stopped
2026-03-11 11:17:58,907[2140] - EC_Lab_Win11 - INFO - not in software yet
2026-03-11 11:17:59,221[2140] - EC_Lab_Win11 - INFO - attempting to open EC_Lab_Win11, trial 1 in 3 times...
2026-03-11 11:18:33,851[2140] - EC_Lab_Win11 - INFO - not in software yet
2026-03-11 11:18:34,148[2140] - EC_Lab_Win11 - INFO - attempting to open EC_Lab_Win11, trial 1 in 3 times...
2026-03-11 11:18:37,371[2140] - EC_Lab_Win11 - INFO - not in software yet
2026-03-11 11:18:37,672[2140] - EC_Lab_Win11 - INFO - attempting to open EC_Lab_Win11, trial 2 in 3 times...
2026-03-11 11:18:40,906[2140] - EC_Lab_Win11 - INFO - not in software yet
2026-03-11 11:18:41,219[2140] - EC_Lab_Win11 - INFO - attempting to open EC_Lab_Win11, trial 3 in 3 times...
2026-03-11 11:18:44,452[2140] - EC_Lab_Win11 - INFO - not in software yet
2026-03-11 11:18:44,452[2140] - EC_Lab_Win11 - WARNING - failed to open EC_Lab_Win11
2026-03-11 11:18:44,453[2140] - RobotTest_AcidicPlatform - ERROR - failed to open EC_Lab_Win11
Traceback (most recent call last):
  File "C:\Users\li\PycharmProjects\catalyst\robotic_testing\common\robot_test.py", line 45, in wrapper
    return func(self, *args, **kwargs)
  File "C:\Users\li\PycharmProjects\catalyst\robotic_testing\common\robot_test.py", line 189, in run
    self.test_main_workflow(
  File "C:\Users\li\PycharmProjects\catalyst\robotic_testing\common\robot_test.py", line 296, in test_main_workflow
    self.check_test_finished()
  File "C:\Users\li\PycharmProjects\catalyst\robotic_testing\common\robot_test.py", line 326, in check_test_finished
    self.ec_lab.open_software()
  File "C:\Users\li\PycharmProjects\catalyst\software_control\software_control_base.py", line 133, in open_software
    raise SystemError(f'failed to open {self.name}')
SystemError: failed to open EC_Lab_Win11
2026-03-11 11:20:59,844[8880] - RobotTest_AcidicPlatform - INFO - started a batch of test, with sample_rack_id : sample_id = {1: 1, 2: 2, 3: 3, 4: 4, 5: 5, 6: 6, 7: 7, 8: 8, 9: 9, 10: 10, 11: 11, 12: 12, 13: 13, 14: 14, 15: 15, 16: 16, 17: 17, 18: 18, 19: 19, 20: 20}
2026-03-11 11:21:14,476[8880] - OBS_Win - INFO - not in software yet
2026-03-11 11:21:14,771[8880] - OBS_Win - INFO - attempting to open OBS_Win, trial 1 in 3 times...
2026-03-11 11:21:18,296[8880] - OBS_Win - INFO - OBS_Win started
2026-03-11 11:21:18,296[8880] - RobotTest_AcidicPlatform - INFO - loading the sample from rack_id #1...
2026-03-11 11:21:57,387[8880] - RobotTest_AcidicPlatform - INFO - sample successfully loaded into the cell
2026-03-11 11:21:57,954[8880] - OBS_Win - INFO - OBS_Win stopped
2026-03-11 11:22:01,193[8880] - EC_Lab_Win11 - INFO - not in software yet
2026-03-11 11:22:01,503[8880] - EC_Lab_Win11 - INFO - attempting to open EC_Lab_Win11, trial 1 in 3 times...
2026-03-11 11:22:36,217[8880] - EC_Lab_Win11 - INFO - not in software yet
2026-03-11 11:22:36,541[8880] - EC_Lab_Win11 - INFO - attempting to open EC_Lab_Win11, trial 1 in 3 times...
2026-03-11 11:22:39,766[8880] - EC_Lab_Win11 - INFO - not in software yet
2026-03-11 11:22:40,084[8880] - EC_Lab_Win11 - INFO - attempting to open EC_Lab_Win11, trial 2 in 3 times...
2026-03-11 11:42:08,792[8880] - RobotTest_AcidicPlatform - INFO - human operating, fail to detect...
2026-03-11 11:42:18,792[8880] - RobotTest_AcidicPlatform - INFO - human operating, fail to detect...
2026-03-11 11:42:28,801[8880] - RobotTest_AcidicPlatform - INFO - human operating, fail to detect...
2026-03-11 11:42:38,810[8880] - RobotTest_AcidicPlatform - INFO - human operating, fail to detect...
2026-03-11 11:42:48,811[8880] - RobotTest_AcidicPlatform - INFO - human operating, fail to detect...
2026-03-11 11:42:58,822[8880] - RobotTest_AcidicPlatform - INFO - human operating, fail to detect...
2026-03-11 11:44:27,257[8880] - RobotTest_AcidicPlatform - INFO - human operating, fail to detect...
2026-03-11 11:46:08,096[8880] - EC_Lab_Win11 - INFO - test is complete
2026-03-11 11:46:08,096[8880] - RobotTest_AcidicPlatform - INFO - test pH12.7_ZerothGen_sample#1_2026-03-11_11-21-14 finished
2026-03-11 11:46:08,283[8880] - OBS_Win - INFO - not in software yet
2026-03-11 11:46:08,582[8880] - OBS_Win - INFO - attempting to open OBS_Win, trial 1 in 3 times...
2026-03-11 11:46:12,111[8880] - OBS_Win - INFO - OBS_Win started
2026-03-11 11:46:12,111[8880] - RobotTest_AcidicPlatform - INFO - unloading the sample to rack_id #1...
2026-03-11 11:47:11,037[8880] - RobotTest_AcidicPlatform - INFO - sample successfully unloaded from the cell
2026-03-11 11:47:14,597[8880] - OBS_Win - INFO - OBS_Win stopped
2026-03-11 11:47:15,027[8880] - OBS_Win - WARNING - cannot find ['OBS_start_record.png'] on screen
2026-03-11 11:47:18,358[8880] - OBS_Win - INFO - OBS_Win started
2026-03-11 11:47:18,358[8880] - RobotTest_AcidicPlatform - INFO - loading the sample from rack_id #2...
2026-03-11 11:47:50,925[8880] - RobotTest_AcidicPlatform - INFO - sample successfully loaded into the cell
2026-03-11 11:47:51,462[8880] - OBS_Win - INFO - OBS_Win stopped
2026-03-11 11:47:54,693[8880] - EC_Lab_Win11 - INFO - not in software yet
2026-03-11 11:47:55,002[8880] - EC_Lab_Win11 - INFO - attempting to open EC_Lab_Win11, trial 1 in 3 times...
