2025-10-31 09:21:24,521[45256] - RobotTest_AcidicPlatform - INFO - started a batch of test, with sample_rack_id : sample_id = {0: 'Pt_a', 1: 'Pt_b', 2: 'Phosphide_1a', 3: 'Phosphide_1b', 4: 'Phosphide_2a', 5: 'Phosphide_2bPhosphide_3a', 6: 'Phosphide_3b', 7: 'Phosphide_4a', 8: 'Phosphide_4b', 9: 'Phosphide_5a', 10: 'Phosphide_5b', 11: 'Phosphide_6a', 12: 'Phosphide_6b', 13: 'Phosphide_7a', 14: 'Phosphide_7b', 15: 'Phosphide_8a', 16: 'Phosphide_8b', 17: 'Phosphide_9a', 18: 'Phosphide_9b', 19: 'Phosphide_10a', 20: 'Phosphide_10b', 21: 'Phosphide_11a', 22: 'Phosphide_11b'}
2025-10-31 09:21:30,551[45256] - OBS_Win - INFO - not in software yet
2025-10-31 09:21:30,883[45256] - OBS_Win - INFO - attempting to open OBS_Win, trial 1 in 3 times...
2025-10-31 09:21:34,432[45256] - OBS_Win - INFO - OBS_Win started
2025-10-31 09:21:34,432[45256] - RobotTest_AcidicPlatform - INFO - loading the sample from rack_id #0...
2025-10-31 09:22:13,561[45256] - RobotTest_AcidicPlatform - INFO - sample successfully loaded into the cell
2025-10-31 09:22:14,005[45256] - OBS_Win - WARNING - cannot find ['OBS_stop_record.png'] on screen
2025-10-31 09:22:17,219[45256] - OBS_Win - WARNING - cannot find ['OBS_stop_record.png'] on screen
2025-10-31 09:22:20,441[45256] - OBS_Win - WARNING - cannot find ['OBS_stop_record.png'] on screen
2025-10-31 09:22:23,661[45256] - OBS_Win - WARNING - cannot find ['OBS_stop_record.png'] on screen
2025-10-31 09:22:26,884[45256] - OBS_Win - WARNING - cannot find ['OBS_stop_record.png'] on screen
2025-10-31 09:22:30,101[45256] - OBS_Win - WARNING - cannot find ['OBS_stop_record.png'] on screen
2025-10-31 09:22:33,321[45256] - OBS_Win - WARNING - cannot find ['OBS_stop_record.png'] on screen
2025-10-31 09:22:36,539[45256] - OBS_Win - WARNING - cannot find ['OBS_stop_record.png'] on screen
2025-10-31 09:22:39,759[45256] - OBS_Win - WARNING - cannot find ['OBS_stop_record.png'] on screen
2025-10-31 09:22:42,978[45256] - OBS_Win - WARNING - cannot find ['OBS_stop_record.png'] on screen
2025-10-31 09:22:46,201[45256] - OBS_Win - WARNING - cannot find ['OBS_stop_record.png'] on screen
2025-10-31 09:22:49,423[45256] - OBS_Win - WARNING - cannot find ['OBS_stop_record.png'] on screen
2025-10-31 09:22:52,639[45256] - OBS_Win - WARNING - cannot find ['OBS_stop_record.png'] on screen
2025-10-31 09:22:55,856[45256] - OBS_Win - WARNING - cannot find ['OBS_stop_record.png'] on screen
2025-10-31 09:22:59,081[45256] - OBS_Win - WARNING - cannot find ['OBS_stop_record.png'] on screen
2025-10-31 09:23:02,302[45256] - OBS_Win - WARNING - cannot find ['OBS_stop_record.png'] on screen
2025-10-31 09:23:05,543[45256] - OBS_Win - WARNING - cannot find ['OBS_stop_record.png'] on screen
2025-10-31 09:23:08,748[45256] - OBS_Win - WARNING - cannot find ['OBS_stop_record.png'] on screen
2025-10-31 09:26:16,413[61532] - RobotTest_AcidicPlatform - INFO - started a batch of test, with sample_rack_id : sample_id = {0: 'Pt_a', 1: 'Pt_b', 2: 'Phosphide_1a', 3: 'Phosphide_1b', 4: 'Phosphide_2a', 5: 'Phosphide_2bPhosphide_3a', 6: 'Phosphide_3b', 7: 'Phosphide_4a', 8: 'Phosphide_4b', 9: 'Phosphide_5a', 10: 'Phosphide_5b', 11: 'Phosphide_6a', 12: 'Phosphide_6b', 13: 'Phosphide_7a', 14: 'Phosphide_7b', 15: 'Phosphide_8a', 16: 'Phosphide_8b', 17: 'Phosphide_9a', 18: 'Phosphide_9b', 19: 'Phosphide_10a', 20: 'Phosphide_10b', 21: 'Phosphide_11a', 22: 'Phosphide_11b'}
2025-10-31 09:26:22,467[61532] - OBS_Win - INFO - not in software yet
2025-10-31 09:26:22,654[61532] - OBS_Win - WARNING - cannot find ['OBS_icon.png'] on screen
2025-10-31 09:26:25,876[61532] - OBS_Win - WARNING - cannot find ['OBS_icon.png'] on screen
2025-10-31 09:26:29,063[61532] - OBS_Win - WARNING - cannot find ['OBS_icon.png'] on screen
2025-10-31 09:26:32,272[61532] - OBS_Win - WARNING - cannot find ['OBS_icon.png'] on screen
2025-10-31 09:26:35,481[61532] - OBS_Win - WARNING - cannot find ['OBS_icon.png'] on screen
2025-10-31 09:26:38,679[61532] - OBS_Win - WARNING - cannot find ['OBS_icon.png'] on screen
2025-10-31 09:26:41,891[61532] - OBS_Win - WARNING - cannot find ['OBS_icon.png'] on screen
2025-10-31 09:26:45,101[61532] - OBS_Win - WARNING - cannot find ['OBS_icon.png'] on screen
2025-10-31 09:26:48,302[61532] - OBS_Win - WARNING - cannot find ['OBS_icon.png'] on screen
2025-10-31 09:26:51,495[61532] - OBS_Win - WARNING - cannot find ['OBS_icon.png'] on screen
2025-10-31 09:26:54,820[61532] - OBS_Win - INFO - attempting to open OBS_Win, trial 1 in 3 times...
2025-10-31 09:26:58,258[61532] - OBS_Win - WARNING - cannot find ['OBS_start_record.png'] on screen
2025-10-31 09:27:01,695[61532] - OBS_Win - INFO - OBS_Win started
2025-10-31 09:27:01,695[61532] - RobotTest_AcidicPlatform - INFO - loading the sample from rack_id #0...
2025-10-31 09:27:40,784[61532] - RobotTest_AcidicPlatform - INFO - sample successfully loaded into the cell
2025-10-31 09:27:41,366[61532] - OBS_Win - INFO - OBS_Win stopped
2025-10-31 09:27:44,599[61532] - EC_Lab_Win11 - INFO - not in software yet
2025-10-31 09:27:44,909[61532] - EC_Lab_Win11 - INFO - attempting to open EC_Lab_Win11, trial 1 in 3 times...
2025-10-31 09:30:22,194[61532] - RobotTest_AcidicPlatform - INFO - human operating, fail to detect...
2025-10-31 09:30:32,196[61532] - RobotTest_AcidicPlatform - INFO - human operating, fail to detect...
2025-10-31 09:30:43,441[61532] - EC_Lab_Win11 - INFO - test is complete
2025-10-31 09:30:43,441[61532] - RobotTest_AcidicPlatform - INFO - test Honda_HER_sample#Pt_a_2025-10-31_09-26-22 finished
2025-10-31 09:30:43,641[61532] - OBS_Win - INFO - not in software yet
2025-10-31 09:30:43,965[61532] - OBS_Win - INFO - attempting to open OBS_Win, trial 1 in 3 times...
2025-10-31 09:30:47,498[61532] - OBS_Win - INFO - OBS_Win started
2025-10-31 09:30:47,498[61532] - RobotTest_AcidicPlatform - INFO - unloading the sample to rack_id #0...
2025-10-31 09:31:46,720[61532] - RobotTest_AcidicPlatform - INFO - sample successfully unloaded from the cell
2025-10-31 09:31:50,312[61532] - OBS_Win - INFO - OBS_Win stopped
2025-10-31 09:31:50,775[61532] - OBS_Win - WARNING - cannot find ['OBS_start_record.png'] on screen
2025-10-31 09:31:54,100[61532] - OBS_Win - INFO - OBS_Win started
2025-10-31 09:31:54,100[61532] - RobotTest_AcidicPlatform - INFO - loading the sample from rack_id #1...
2025-10-31 09:32:26,355[61532] - RobotTest_AcidicPlatform - INFO - sample successfully loaded into the cell
2025-10-31 09:32:26,925[61532] - OBS_Win - INFO - OBS_Win stopped
2025-10-31 09:32:30,165[61532] - EC_Lab_Win11 - INFO - not in software yet
2025-10-31 09:32:30,473[61532] - EC_Lab_Win11 - INFO - attempting to open EC_Lab_Win11, trial 1 in 3 times...
2025-10-31 09:35:07,752[61532] - RobotTest_AcidicPlatform - INFO - human operating, fail to detect...
2025-10-31 09:36:14,115[61532] - RobotTest_AcidicPlatform - INFO - human operating, fail to detect...
2025-10-31 09:41:06,254[61532] - RobotTest_AcidicPlatform - INFO - human operating, fail to detect...
2025-10-31 09:41:17,522[61532] - EC_Lab_Win11 - INFO - test is complete
2025-10-31 09:41:17,522[61532] - RobotTest_AcidicPlatform - INFO - test Honda_HER_sample#Pt_b_2025-10-31_09-31-50 finished
2025-10-31 09:41:17,724[61532] - OBS_Win - INFO - not in software yet
2025-10-31 09:41:18,053[61532] - OBS_Win - INFO - attempting to open OBS_Win, trial 1 in 3 times...
2025-10-31 09:41:21,575[61532] - OBS_Win - INFO - OBS_Win started
2025-10-31 09:41:21,575[61532] - RobotTest_AcidicPlatform - INFO - unloading the sample to rack_id #1...
2025-10-31 09:42:20,507[61532] - RobotTest_AcidicPlatform - INFO - sample successfully unloaded from the cell
2025-10-31 09:42:24,070[61532] - OBS_Win - INFO - OBS_Win stopped
2025-10-31 09:42:24,506[61532] - OBS_Win - WARNING - cannot find ['OBS_start_record.png'] on screen
2025-10-31 09:42:27,837[61532] - OBS_Win - INFO - OBS_Win started
2025-10-31 09:42:27,837[61532] - RobotTest_AcidicPlatform - INFO - loading the sample from rack_id #2...
2025-10-31 09:43:00,421[61532] - RobotTest_AcidicPlatform - INFO - sample successfully loaded into the cell
2025-10-31 09:43:00,972[61532] - OBS_Win - INFO - OBS_Win stopped
2025-10-31 09:43:04,213[61532] - EC_Lab_Win11 - INFO - not in software yet
2025-10-31 09:43:04,524[61532] - EC_Lab_Win11 - INFO - attempting to open EC_Lab_Win11, trial 1 in 3 times...
2025-10-31 10:02:24,813[61532] - RobotTest_AcidicPlatform - INFO - human operating, fail to detect...
2025-10-31 10:10:40,162[61532] - RobotTest_AcidicPlatform - INFO - human operating, fail to detect...
2025-10-31 10:10:50,170[61532] - RobotTest_AcidicPlatform - INFO - human operating, fail to detect...
2025-10-31 10:11:00,177[61532] - RobotTest_AcidicPlatform - INFO - human operating, fail to detect...
2025-10-31 10:11:11,539[61532] - EC_Lab_Win11 - INFO - test is complete
2025-10-31 10:11:11,540[61532] - RobotTest_AcidicPlatform - INFO - test Honda_HER_sample#Phosphide_1a_2025-10-31_09-42-24 finished
2025-10-31 10:11:11,744[61532] - OBS_Win - INFO - not in software yet
2025-10-31 10:11:12,063[61532] - OBS_Win - INFO - attempting to open OBS_Win, trial 1 in 3 times...
2025-10-31 10:11:15,775[61532] - OBS_Win - INFO - OBS_Win started
2025-10-31 10:11:15,775[61532] - RobotTest_AcidicPlatform - INFO - unloading the sample to rack_id #2...
2025-10-31 10:12:14,353[61532] - RobotTest_AcidicPlatform - INFO - sample successfully unloaded from the cell
2025-10-31 10:12:17,610[61532] - OBS_Win - INFO - not in software yet
2025-10-31 10:12:18,036[61532] - OBS_Win - INFO - attempting to open OBS_Win, trial 1 in 3 times...
2025-11-01 13:42:10,291[36508] - RobotTest_AcidicPlatform - INFO - started a batch of test, with sample_rack_id : sample_id = {0: 'test'}
2025-11-01 13:42:16,370[36508] - OBS_Win - INFO - not in software yet
2025-11-01 13:42:16,706[36508] - OBS_Win - INFO - attempting to open OBS_Win, trial 1 in 3 times...
2025-11-01 13:42:20,190[36508] - OBS_Win - WARNING - cannot find ['OBS_start_record.png'] on screen
2025-11-01 13:42:23,447[36508] - OBS_Win - WARNING - cannot find ['OBS_start_record.png'] on screen
2025-11-01 13:42:26,706[36508] - OBS_Win - WARNING - cannot find ['OBS_start_record.png'] on screen
2025-11-01 13:42:30,079[36508] - OBS_Win - INFO - OBS_Win started
2025-11-01 13:42:30,079[36508] - RobotTest_AcidicPlatform - INFO - loading the sample from rack_id #0...
2025-11-01 13:43:07,777[36508] - RobotTest_AcidicPlatform - INFO - sample successfully loaded into the cell
2025-11-01 13:43:08,386[36508] - OBS_Win - INFO - OBS_Win stopped
2025-11-01 13:43:11,658[36508] - EC_Lab_Win11 - INFO - not in software yet
2025-11-01 13:43:12,006[36508] - EC_Lab_Win11 - INFO - attempting to open EC_Lab_Win11, trial 1 in 3 times...
2025-11-01 13:45:27,799[36508] - RobotTest_AcidicPlatform - INFO - human operating, fail to detect...
2025-11-01 13:45:37,811[36508] - RobotTest_AcidicPlatform - INFO - human operating, fail to detect...
2025-11-01 14:33:39,154[36508] - RobotTest_AcidicPlatform - INFO - human operating, fail to detect...
2025-11-01 14:33:50,502[36508] - EC_Lab_Win11 - INFO - test is complete
2025-11-01 14:33:50,502[36508] - RobotTest_AcidicPlatform - INFO - test Honda_HER_sample#test_2025-11-01_13-42-16 finished
2025-11-01 14:33:50,728[36508] - OBS_Win - INFO - not in software yet
2025-11-01 14:33:51,069[36508] - OBS_Win - INFO - attempting to open OBS_Win, trial 1 in 3 times...
2025-11-01 14:33:54,646[36508] - OBS_Win - INFO - OBS_Win started
2025-11-01 14:33:54,646[36508] - RobotTest_AcidicPlatform - INFO - unloading the sample to rack_id #0...
2025-11-01 14:34:53,903[36508] - RobotTest_AcidicPlatform - INFO - sample successfully unloaded from the cell
2025-11-01 14:34:57,508[36508] - OBS_Win - INFO - OBS_Win stopped
2025-11-03 08:55:39,848[36508] - RobotTest_AcidicPlatform - INFO - started a batch of test, with sample_rack_id : sample_id = {0: 'Pt_a', 1: 'Pt_b', 2: 'Phosphide_1a', 3: 'Phosphide_1b', 4: 'Phosphide_2a', 5: 'Phosphide_2bPhosphide_3a', 6: 'Phosphide_3b', 7: 'Phosphide_4a', 8: 'Phosphide_4b', 9: 'Phosphide_5a', 10: 'Phosphide_5b', 11: 'Phosphide_6a', 12: 'Phosphide_6b', 13: 'Phosphide_7a', 14: 'Phosphide_7b', 15: 'Phosphide_8a', 16: 'Phosphide_8b', 17: 'Phosphide_9a', 18: 'Phosphide_9b', 19: 'Phosphide_10a', 20: 'Phosphide_10b', 21: 'Phosphide_11a', 22: 'Phosphide_11b'}
2025-11-03 08:55:45,920[36508] - OBS_Win - INFO - not in software yet
2025-11-03 08:55:46,266[36508] - OBS_Win - INFO - attempting to open OBS_Win, trial 1 in 3 times...
2025-11-03 08:55:49,858[36508] - OBS_Win - INFO - OBS_Win started
2025-11-03 08:55:49,858[36508] - RobotTest_AcidicPlatform - INFO - loading the sample from rack_id #0...
2025-11-03 08:56:28,981[36508] - RobotTest_AcidicPlatform - INFO - sample successfully loaded into the cell
2025-11-03 08:56:29,642[36508] - OBS_Win - INFO - OBS_Win stopped
2025-11-03 08:56:32,893[36508] - EC_Lab_Win11 - INFO - not in software yet
2025-11-03 08:56:33,230[36508] - EC_Lab_Win11 - INFO - attempting to open EC_Lab_Win11, trial 1 in 3 times...
2025-11-03 08:57:29,455[36508] - RobotTest_AcidicPlatform - INFO - human operating, fail to detect...
2025-11-03 08:58:13,521[36508] - RobotTest_AcidicPlatform - INFO - human operating, fail to detect...
2025-11-03 08:58:46,252[36508] - RobotTest_AcidicPlatform - INFO - human operating, fail to detect...
2025-11-03 08:58:56,255[36508] - RobotTest_AcidicPlatform - INFO - human operating, fail to detect...
2025-11-03 09:00:14,429[36508] - RobotTest_AcidicPlatform - INFO - human operating, fail to detect...
2025-11-03 09:00:24,436[36508] - RobotTest_AcidicPlatform - INFO - human operating, fail to detect...
2025-11-03 09:00:45,800[36508] - RobotTest_AcidicPlatform - INFO - human operating, fail to detect...
2025-11-03 09:00:55,811[36508] - RobotTest_AcidicPlatform - INFO - human operating, fail to detect...
2025-11-03 09:01:05,820[36508] - RobotTest_AcidicPlatform - INFO - human operating, fail to detect...
2025-11-03 09:01:15,831[36508] - RobotTest_AcidicPlatform - INFO - human operating, fail to detect...
2025-11-03 09:01:38,595[36508] - EC_Lab_Win11 - INFO - test is complete
2025-11-03 09:01:38,595[36508] - RobotTest_AcidicPlatform - INFO - test Honda_HER_sample#Pt_a_2025-11-03_08-55-45 finished
2025-11-03 09:01:38,817[36508] - OBS_Win - INFO - not in software yet
2025-11-03 09:01:39,150[36508] - OBS_Win - INFO - attempting to open OBS_Win, trial 1 in 3 times...
2025-11-03 09:01:42,720[36508] - OBS_Win - INFO - OBS_Win started
2025-11-03 09:01:42,720[36508] - RobotTest_AcidicPlatform - INFO - unloading the sample to rack_id #0...
2025-11-03 09:02:41,951[36508] - RobotTest_AcidicPlatform - INFO - sample successfully unloaded from the cell
2025-11-03 09:02:45,584[36508] - OBS_Win - INFO - OBS_Win stopped
2025-11-03 09:02:46,077[36508] - OBS_Win - WARNING - cannot find ['OBS_start_record.png'] on screen
2025-11-03 09:02:49,435[36508] - OBS_Win - INFO - OBS_Win started
2025-11-03 09:02:49,435[36508] - RobotTest_AcidicPlatform - INFO - loading the sample from rack_id #1...
2025-11-03 09:03:21,657[36508] - RobotTest_AcidicPlatform - INFO - sample successfully loaded into the cell
2025-11-03 09:03:22,242[36508] - OBS_Win - INFO - OBS_Win stopped
2025-11-03 09:03:25,497[36508] - EC_Lab_Win11 - INFO - not in software yet
2025-11-03 09:03:25,812[36508] - EC_Lab_Win11 - INFO - attempting to open EC_Lab_Win11, trial 1 in 3 times...
2025-11-03 09:05:52,941[36508] - RobotTest_AcidicPlatform - INFO - human operating, fail to detect...
2025-11-03 09:06:02,951[36508] - RobotTest_AcidicPlatform - INFO - human operating, fail to detect...
2025-11-03 09:06:12,958[36508] - RobotTest_AcidicPlatform - INFO - human operating, fail to detect...
2025-11-03 09:06:22,973[36508] - RobotTest_AcidicPlatform - INFO - human operating, fail to detect...
2025-11-03 09:07:08,038[36508] - EC_Lab_Win11 - INFO - not in software yet
2025-11-03 09:07:08,375[36508] - EC_Lab_Win11 - INFO - attempting to open EC_Lab_Win11, trial 1 in 3 times...
2025-11-03 09:07:11,629[36508] - EC_Lab_Win11 - INFO - not in software yet
2025-11-03 09:07:11,970[36508] - EC_Lab_Win11 - INFO - attempting to open EC_Lab_Win11, trial 2 in 3 times...
2025-11-03 09:12:09,765[36508] - RobotTest_AcidicPlatform - INFO - human operating, fail to detect...
2025-11-03 09:12:19,775[36508] - RobotTest_AcidicPlatform - INFO - human operating, fail to detect...
2025-11-03 09:12:30,678[36508] - EC_Lab_Win11 - INFO - not in software yet
2025-11-03 09:12:31,026[36508] - EC_Lab_Win11 - INFO - attempting to open EC_Lab_Win11, trial 1 in 3 times...
2025-11-03 09:12:34,291[36508] - EC_Lab_Win11 - INFO - not in software yet
2025-11-03 09:12:34,628[36508] - EC_Lab_Win11 - INFO - attempting to open EC_Lab_Win11, trial 2 in 3 times...
2025-11-03 10:37:33,120[36508] - EC_Lab_Win11 - INFO - test is complete
2025-11-03 10:37:33,121[36508] - RobotTest_AcidicPlatform - INFO - test Honda_HER_sample#Pt_b_2025-11-03_09-02-45 finished
2025-11-03 10:37:33,334[36508] - OBS_Win - INFO - not in software yet
2025-11-03 10:37:33,668[36508] - OBS_Win - INFO - attempting to open OBS_Win, trial 1 in 3 times...
2025-11-03 10:37:37,226[36508] - OBS_Win - INFO - OBS_Win started
2025-11-03 10:37:37,226[36508] - RobotTest_AcidicPlatform - INFO - unloading the sample to rack_id #1...
2025-11-03 10:38:35,994[36508] - RobotTest_AcidicPlatform - INFO - sample successfully unloaded from the cell
2025-11-03 10:38:39,656[36508] - OBS_Win - INFO - OBS_Win stopped
2025-11-03 10:38:40,157[36508] - OBS_Win - WARNING - cannot find ['OBS_start_record.png'] on screen
2025-11-03 10:38:43,492[36508] - OBS_Win - INFO - OBS_Win started
2025-11-03 10:38:43,492[36508] - RobotTest_AcidicPlatform - INFO - loading the sample from rack_id #2...
2025-11-03 10:39:16,074[36508] - RobotTest_AcidicPlatform - INFO - sample successfully loaded into the cell
2025-11-03 10:39:16,690[36508] - OBS_Win - INFO - OBS_Win stopped
2025-11-03 10:39:19,955[36508] - EC_Lab_Win11 - INFO - not in software yet
2025-11-03 10:39:20,287[36508] - EC_Lab_Win11 - INFO - attempting to open EC_Lab_Win11, trial 1 in 3 times...
2025-11-03 12:16:34,569[36508] - EC_Lab_Win11 - INFO - test is complete
2025-11-03 12:16:34,569[36508] - RobotTest_AcidicPlatform - INFO - test Honda_HER_sample#Phosphide_1a_2025-11-03_10-38-39 finished
2025-11-03 12:16:34,792[36508] - OBS_Win - INFO - not in software yet
2025-11-03 12:16:35,138[36508] - OBS_Win - INFO - attempting to open OBS_Win, trial 1 in 3 times...
2025-11-03 12:16:38,717[36508] - OBS_Win - INFO - OBS_Win started
2025-11-03 12:16:38,717[36508] - RobotTest_AcidicPlatform - INFO - unloading the sample to rack_id #2...
2025-11-03 12:17:37,122[36508] - RobotTest_AcidicPlatform - INFO - sample successfully unloaded from the cell
2025-11-03 12:17:40,775[36508] - OBS_Win - INFO - OBS_Win stopped
2025-11-03 12:17:41,393[36508] - OBS_Win - INFO - OBS_Win started
2025-11-03 12:17:41,393[36508] - RobotTest_AcidicPlatform - INFO - loading the sample from rack_id #3...
2025-11-03 12:18:14,469[36508] - RobotTest_AcidicPlatform - INFO - sample successfully loaded into the cell
2025-11-03 12:18:15,081[36508] - OBS_Win - INFO - OBS_Win stopped
2025-11-03 12:18:18,332[36508] - EC_Lab_Win11 - INFO - not in software yet
2025-11-03 12:18:18,664[36508] - EC_Lab_Win11 - INFO - attempting to open EC_Lab_Win11, trial 1 in 3 times...
2025-11-03 12:30:59,626[36508] - EC_Lab_Win11 - INFO - not in software yet
2025-11-03 12:30:59,934[36508] - EC_Lab_Win11 - INFO - attempting to open EC_Lab_Win11, trial 1 in 3 times...
2025-11-03 12:31:03,186[36508] - EC_Lab_Win11 - INFO - not in software yet
2025-11-03 12:31:03,532[36508] - EC_Lab_Win11 - INFO - attempting to open EC_Lab_Win11, trial 2 in 3 times...
2025-11-03 13:24:21,788[36508] - EC_Lab_Win11 - INFO - not in software yet
2025-11-03 13:24:22,115[36508] - EC_Lab_Win11 - INFO - attempting to open EC_Lab_Win11, trial 1 in 3 times...
2025-11-03 13:24:25,388[36508] - EC_Lab_Win11 - INFO - not in software yet
2025-11-03 13:24:25,715[36508] - EC_Lab_Win11 - INFO - attempting to open EC_Lab_Win11, trial 2 in 3 times...
2025-11-03 13:55:28,116[36508] - EC_Lab_Win11 - INFO - test is complete
2025-11-03 13:55:28,117[36508] - RobotTest_AcidicPlatform - INFO - test Honda_HER_sample#Phosphide_1b_2025-11-03_12-17-40 finished
2025-11-03 13:55:28,339[36508] - OBS_Win - INFO - not in software yet
2025-11-03 13:55:28,666[36508] - OBS_Win - INFO - attempting to open OBS_Win, trial 1 in 3 times...
2025-11-03 13:55:32,245[36508] - OBS_Win - INFO - OBS_Win started
2025-11-03 13:55:32,246[36508] - RobotTest_AcidicPlatform - INFO - unloading the sample to rack_id #3...
2025-11-03 13:56:30,299[36508] - RobotTest_AcidicPlatform - INFO - sample successfully unloaded from the cell
2025-11-03 13:56:33,908[36508] - OBS_Win - INFO - OBS_Win stopped
2025-11-03 13:56:34,393[36508] - OBS_Win - WARNING - cannot find ['OBS_start_record.png'] on screen
2025-11-03 13:56:37,755[36508] - OBS_Win - INFO - OBS_Win started
2025-11-03 13:56:37,755[36508] - RobotTest_AcidicPlatform - INFO - loading the sample from rack_id #4...
2025-11-03 13:57:11,229[36508] - RobotTest_AcidicPlatform - INFO - sample successfully loaded into the cell
2025-11-03 13:57:11,830[36508] - OBS_Win - INFO - OBS_Win stopped
2025-11-03 13:57:15,080[36508] - EC_Lab_Win11 - INFO - not in software yet
2025-11-03 13:57:15,407[36508] - EC_Lab_Win11 - INFO - attempting to open EC_Lab_Win11, trial 1 in 3 times...
2025-11-03 15:34:21,564[36508] - EC_Lab_Win11 - INFO - test is complete
2025-11-03 15:34:21,564[36508] - RobotTest_AcidicPlatform - INFO - test Honda_HER_sample#Phosphide_2a_2025-11-03_13-56-33 finished
2025-11-03 15:34:21,772[36508] - OBS_Win - INFO - not in software yet
2025-11-03 15:34:22,111[36508] - OBS_Win - INFO - attempting to open OBS_Win, trial 1 in 3 times...
2025-11-03 15:34:25,702[36508] - OBS_Win - INFO - OBS_Win started
2025-11-03 15:34:25,702[36508] - RobotTest_AcidicPlatform - INFO - unloading the sample to rack_id #4...
2025-11-03 15:35:23,319[36508] - RobotTest_AcidicPlatform - INFO - sample successfully unloaded from the cell
2025-11-03 15:35:26,974[36508] - OBS_Win - INFO - OBS_Win stopped
2025-11-03 15:35:27,499[36508] - OBS_Win - WARNING - cannot find ['OBS_start_record.png'] on screen
2025-11-03 15:35:30,853[36508] - OBS_Win - INFO - OBS_Win started
2025-11-03 15:35:30,853[36508] - RobotTest_AcidicPlatform - INFO - loading the sample from rack_id #5...
2025-11-03 15:36:04,615[36508] - RobotTest_AcidicPlatform - INFO - sample successfully loaded into the cell
2025-11-03 15:36:05,212[36508] - OBS_Win - INFO - OBS_Win stopped
2025-11-03 15:36:08,464[36508] - EC_Lab_Win11 - INFO - not in software yet
2025-11-03 15:36:08,800[36508] - EC_Lab_Win11 - INFO - attempting to open EC_Lab_Win11, trial 1 in 3 times...
2025-11-03 15:42:37,678[36508] - EC_Lab_Win11 - INFO - test is complete
2025-11-03 15:42:37,678[36508] - RobotTest_AcidicPlatform - INFO - test Honda_HER_sample#Phosphide_2bPhosphide_3a_2025-11-03_15-35-26 finished
2025-11-03 15:42:37,900[36508] - OBS_Win - INFO - not in software yet
2025-11-03 15:42:38,239[36508] - OBS_Win - INFO - attempting to open OBS_Win, trial 1 in 3 times...
2025-11-03 15:42:41,813[36508] - OBS_Win - INFO - OBS_Win started
2025-11-03 15:42:41,813[36508] - RobotTest_AcidicPlatform - INFO - unloading the sample to rack_id #5...
2025-11-03 15:43:39,017[36508] - RobotTest_AcidicPlatform - INFO - sample successfully unloaded from the cell
2025-11-03 15:43:42,679[36508] - OBS_Win - INFO - OBS_Win stopped
2025-11-03 15:43:43,196[36508] - OBS_Win - WARNING - cannot find ['OBS_start_record.png'] on screen
2025-11-03 15:43:46,537[36508] - OBS_Win - INFO - OBS_Win started
2025-11-03 15:43:46,537[36508] - RobotTest_AcidicPlatform - INFO - loading the sample from rack_id #6...
2025-11-03 15:44:20,958[36508] - RobotTest_AcidicPlatform - INFO - sample successfully loaded into the cell
2025-11-03 15:44:21,570[36508] - OBS_Win - INFO - OBS_Win stopped
2025-11-03 15:44:24,826[36508] - EC_Lab_Win11 - INFO - not in software yet
2025-11-03 15:44:25,146[36508] - EC_Lab_Win11 - INFO - attempting to open EC_Lab_Win11, trial 1 in 3 times...
2025-11-03 17:02:53,460[36508] - EC_Lab_Win11 - INFO - not in software yet
2025-11-03 17:02:53,804[36508] - EC_Lab_Win11 - INFO - attempting to open EC_Lab_Win11, trial 1 in 3 times...
2025-11-03 17:02:57,053[36508] - EC_Lab_Win11 - INFO - not in software yet
2025-11-03 17:02:57,392[36508] - EC_Lab_Win11 - INFO - attempting to open EC_Lab_Win11, trial 2 in 3 times...
2025-11-03 17:21:21,595[36508] - EC_Lab_Win11 - INFO - test is complete
2025-11-03 17:21:21,596[36508] - RobotTest_AcidicPlatform - INFO - test Honda_HER_sample#Phosphide_3b_2025-11-03_15-43-42 finished
2025-11-03 17:21:21,810[36508] - OBS_Win - INFO - not in software yet
2025-11-03 17:21:22,140[36508] - OBS_Win - INFO - attempting to open OBS_Win, trial 1 in 3 times...
2025-11-03 17:21:25,751[36508] - OBS_Win - INFO - OBS_Win started
2025-11-03 17:21:25,751[36508] - RobotTest_AcidicPlatform - INFO - unloading the sample to rack_id #6...
2025-11-03 17:22:22,520[36508] - RobotTest_AcidicPlatform - INFO - sample successfully unloaded from the cell
2025-11-03 17:22:26,167[36508] - OBS_Win - INFO - OBS_Win stopped
2025-11-03 17:22:26,683[36508] - OBS_Win - WARNING - cannot find ['OBS_start_record.png'] on screen
2025-11-03 17:22:30,037[36508] - OBS_Win - INFO - OBS_Win started
2025-11-03 17:22:30,037[36508] - RobotTest_AcidicPlatform - INFO - loading the sample from rack_id #7...
2025-11-03 17:23:04,674[36508] - RobotTest_AcidicPlatform - INFO - sample successfully loaded into the cell
2025-11-03 17:23:05,303[36508] - OBS_Win - INFO - OBS_Win stopped
2025-11-03 17:23:08,557[36508] - EC_Lab_Win11 - INFO - not in software yet
2025-11-03 17:23:08,910[36508] - EC_Lab_Win11 - INFO - attempting to open EC_Lab_Win11, trial 1 in 3 times...
2025-11-03 19:00:09,626[36508] - EC_Lab_Win11 - INFO - test is complete
2025-11-03 19:00:09,626[36508] - RobotTest_AcidicPlatform - INFO - test Honda_HER_sample#Phosphide_4a_2025-11-03_17-22-26 finished
2025-11-03 19:00:09,849[36508] - OBS_Win - INFO - not in software yet
2025-11-03 19:00:10,194[36508] - OBS_Win - INFO - attempting to open OBS_Win, trial 1 in 3 times...
2025-11-03 19:00:13,761[36508] - OBS_Win - INFO - OBS_Win started
2025-11-03 19:00:13,761[36508] - RobotTest_AcidicPlatform - INFO - unloading the sample to rack_id #7...
2025-11-03 19:01:10,462[36508] - RobotTest_AcidicPlatform - INFO - sample successfully unloaded from the cell
2025-11-03 19:01:14,060[36508] - OBS_Win - INFO - OBS_Win stopped
2025-11-03 19:01:14,562[36508] - OBS_Win - WARNING - cannot find ['OBS_start_record.png'] on screen
2025-11-03 19:01:17,906[36508] - OBS_Win - INFO - OBS_Win started
2025-11-03 19:01:17,906[36508] - RobotTest_AcidicPlatform - INFO - loading the sample from rack_id #8...
2025-11-03 19:01:53,032[36508] - RobotTest_AcidicPlatform - INFO - sample successfully loaded into the cell
2025-11-03 19:01:53,631[36508] - OBS_Win - INFO - OBS_Win stopped
2025-11-03 19:01:56,889[36508] - EC_Lab_Win11 - INFO - not in software yet
2025-11-03 19:01:57,207[36508] - EC_Lab_Win11 - INFO - attempting to open EC_Lab_Win11, trial 1 in 3 times...
2025-11-03 19:02:54,283[36508] - RobotTest_AcidicPlatform - INFO - human operating, fail to detect...
2025-11-03 19:03:04,293[36508] - RobotTest_AcidicPlatform - INFO - human operating, fail to detect...
2025-11-03 19:03:14,299[36508] - RobotTest_AcidicPlatform - INFO - human operating, fail to detect...
2025-11-03 19:03:24,303[36508] - RobotTest_AcidicPlatform - INFO - human operating, fail to detect...
2025-11-03 19:03:34,304[36508] - RobotTest_AcidicPlatform - INFO - human operating, fail to detect...
2025-11-03 19:03:44,308[36508] - RobotTest_AcidicPlatform - INFO - human operating, fail to detect...
2025-11-03 19:03:54,321[36508] - RobotTest_AcidicPlatform - INFO - human operating, fail to detect...
2025-11-03 19:04:04,324[36508] - RobotTest_AcidicPlatform - INFO - human operating, fail to detect...
2025-11-03 19:04:14,337[36508] - RobotTest_AcidicPlatform - INFO - human operating, fail to detect...
2025-11-03 19:04:24,350[36508] - RobotTest_AcidicPlatform - INFO - human operating, fail to detect...
2025-11-03 19:04:34,362[36508] - RobotTest_AcidicPlatform - INFO - human operating, fail to detect...
2025-11-03 19:04:44,368[36508] - RobotTest_AcidicPlatform - INFO - human operating, fail to detect...
2025-11-03 19:04:54,371[36508] - RobotTest_AcidicPlatform - INFO - human operating, fail to detect...
2025-11-03 19:05:04,377[36508] - RobotTest_AcidicPlatform - INFO - human operating, fail to detect...
2025-11-03 19:05:14,390[36508] - RobotTest_AcidicPlatform - INFO - human operating, fail to detect...
2025-11-03 19:05:24,397[36508] - RobotTest_AcidicPlatform - INFO - human operating, fail to detect...
2025-11-03 19:05:35,294[36508] - EC_Lab_Win11 - INFO - not in software yet
2025-11-03 19:05:35,616[36508] - EC_Lab_Win11 - INFO - attempting to open EC_Lab_Win11, trial 1 in 3 times...
2025-11-03 19:05:38,869[36508] - EC_Lab_Win11 - INFO - not in software yet
2025-11-03 19:05:39,201[36508] - EC_Lab_Win11 - INFO - attempting to open EC_Lab_Win11, trial 2 in 3 times...
2025-11-03 19:05:42,458[36508] - EC_Lab_Win11 - INFO - not in software yet
2025-11-03 19:05:42,808[36508] - EC_Lab_Win11 - INFO - attempting to open EC_Lab_Win11, trial 3 in 3 times...
2025-11-03 19:05:46,058[36508] - EC_Lab_Win11 - INFO - not in software yet
2025-11-03 19:05:46,058[36508] - EC_Lab_Win11 - WARNING - failed to open EC_Lab_Win11
2025-11-03 19:05:46,058[36508] - RobotTest_AcidicPlatform - ERROR - failed to open EC_Lab_Win11
Traceback (most recent call last):
  File "C:\Users\li\PycharmProjects\catalyst\robotic_testing\common\robot_test.py", line 45, in wrapper
    return func(self, *args, **kwargs)
  File "C:\Users\li\PycharmProjects\catalyst\robotic_testing\common\robot_test.py", line 189, in run
    self.test_main_workflow(
  File "C:\Users\li\PycharmProjects\catalyst\robotic_testing\common\robot_test.py", line 296, in test_main_workflow
    self.check_test_finished()
  File "C:\Users\li\PycharmProjects\catalyst\robotic_testing\common\robot_test.py", line 326, in check_test_finished
    self.ec_lab.open_software()
  File "C:\Users\li\PycharmProjects\catalyst\software_control\software_control_base.py", line 133, in open_software
    raise SystemError(f'failed to open {self.name}')
SystemError: failed to open EC_Lab_Win11
2025-11-04 06:27:13,457[36508] - RobotTest_AcidicPlatform - INFO - started a batch of test, with sample_rack_id : sample_id = {10: 'Phosphide_5a', 11: 'Phosphide_5b', 12: 'Phosphide_6a', 13: 'Phosphide_6b', 14: 'Phosphide_7a', 15: 'Phosphide_7b', 16: 'Phosphide_8a', 17: 'Phosphide_8b', 18: 'Phosphide_9a', 19: 'Phosphide_9b', 20: 'Phosphide_10a', 21: 'Phosphide_10b', 22: 'Phosphide_11a', 23: 'Phosphide_11b'}
2025-11-04 06:27:24,740[36508] - OBS_Win - INFO - not in software yet
2025-11-04 06:27:25,101[36508] - OBS_Win - INFO - attempting to open OBS_Win, trial 1 in 3 times...
2025-11-04 06:27:28,792[36508] - OBS_Win - INFO - OBS_Win started
2025-11-04 06:27:28,792[36508] - RobotTest_AcidicPlatform - INFO - loading the sample from rack_id #10...
2025-11-04 06:28:08,046[36508] - RobotTest_AcidicPlatform - INFO - sample successfully loaded into the cell
2025-11-04 06:28:08,737[36508] - OBS_Win - INFO - OBS_Win stopped
2025-11-04 06:28:11,746[36508] - EC_Lab_Win11 - ERROR - test is already running!
2025-11-04 06:28:11,746[36508] - RobotTest_AcidicPlatform - ERROR - test is already running! Restart needed!
Traceback (most recent call last):
  File "C:\Users\li\PycharmProjects\catalyst\robotic_testing\common\robot_test.py", line 45, in wrapper
    return func(self, *args, **kwargs)
  File "C:\Users\li\PycharmProjects\catalyst\robotic_testing\common\robot_test.py", line 189, in run
    self.test_main_workflow(
  File "C:\Users\li\PycharmProjects\catalyst\robotic_testing\common\robot_test.py", line 292, in test_main_workflow
    self.ec_lab.start(test_name)
  File "C:\Users\li\PycharmProjects\catalyst\software_control\software_control.py", line 626, in start
    raise SystemError('test is already running! Restart needed!')
SystemError: test is already running! Restart needed!
2025-11-09 18:56:17,261[68908] - RobotTest_AcidicPlatform - INFO - started a batch of test, with sample_rack_id : sample_id = {0: 'Phosphide_5', 1: 'Phosphide_6', 2: 'Phosphide_7', 3: 'Phosphide_8', 4: 'Phosphide_9', 5: 'Phosphide_10', 6: 'Phosphide_11', 7: 'Phosphide_12', 8: 'Phosphide_13', 9: 'Phosphide_14', 10: 'Phosphide_15', 11: 'Phosphide_16', 12: 'Phosphide_17', 13: 'Phosphide_18', 14: 'Phosphide_19', 15: 'Phosphide_21', 16: 'Phosphide_22', 17: 'Phosphide_23', 18: 'Pt'}
2025-11-09 18:56:23,372[68908] - OBS_Win - INFO - not in software yet
2025-11-09 18:56:23,720[68908] - OBS_Win - INFO - attempting to open OBS_Win, trial 1 in 3 times...
2025-11-09 18:56:27,307[68908] - OBS_Win - INFO - OBS_Win started
2025-11-09 18:56:27,307[68908] - RobotTest_AcidicPlatform - INFO - loading the sample from rack_id #0...
2025-11-09 18:57:06,535[68908] - RobotTest_AcidicPlatform - INFO - sample successfully loaded into the cell
2025-11-09 18:57:07,180[68908] - OBS_Win - INFO - OBS_Win stopped
2025-11-09 18:57:10,438[68908] - EC_Lab_Win11 - INFO - not in software yet
2025-11-09 18:57:10,757[68908] - EC_Lab_Win11 - INFO - attempting to open EC_Lab_Win11, trial 1 in 3 times...
2025-11-09 19:24:36,033[68908] - RobotTest_AcidicPlatform - INFO - human operating, fail to detect...
2025-11-09 19:24:46,042[68908] - RobotTest_AcidicPlatform - INFO - human operating, fail to detect...
2025-11-09 19:24:56,045[68908] - RobotTest_AcidicPlatform - INFO - human operating, fail to detect...
2025-11-09 19:25:06,947[68908] - EC_Lab_Win11 - INFO - not in software yet
2025-11-09 19:25:07,296[68908] - EC_Lab_Win11 - INFO - attempting to open EC_Lab_Win11, trial 1 in 3 times...
2025-11-09 19:25:10,542[68908] - EC_Lab_Win11 - INFO - not in software yet
2025-11-09 19:25:10,876[68908] - EC_Lab_Win11 - INFO - attempting to open EC_Lab_Win11, trial 2 in 3 times...
2025-11-09 19:50:42,114[68908] - RobotTest_AcidicPlatform - INFO - human operating, fail to detect...
2025-11-09 19:50:52,120[68908] - RobotTest_AcidicPlatform - INFO - human operating, fail to detect...
2025-11-09 19:51:02,135[68908] - RobotTest_AcidicPlatform - INFO - human operating, fail to detect...
2025-11-09 19:51:13,026[68908] - EC_Lab_Win11 - INFO - not in software yet
2025-11-09 19:51:13,354[68908] - EC_Lab_Win11 - INFO - attempting to open EC_Lab_Win11, trial 1 in 3 times...
2025-11-09 19:51:16,598[68908] - EC_Lab_Win11 - INFO - not in software yet
2025-11-09 19:51:16,938[68908] - EC_Lab_Win11 - INFO - attempting to open EC_Lab_Win11, trial 2 in 3 times...
2025-11-09 20:13:58,792[68908] - RobotTest_AcidicPlatform - INFO - human operating, fail to detect...
2025-11-09 20:14:08,806[68908] - RobotTest_AcidicPlatform - INFO - human operating, fail to detect...
2025-11-09 20:14:20,166[68908] - EC_Lab_Win11 - INFO - test is complete
2025-11-09 20:14:20,167[68908] - RobotTest_AcidicPlatform - INFO - test Honda_HER_sample#Phosphide_5_2025-11-09_18-56-23 finished
2025-11-09 20:14:20,383[68908] - OBS_Win - INFO - not in software yet
2025-11-09 20:14:20,726[68908] - OBS_Win - INFO - attempting to open OBS_Win, trial 1 in 3 times...
2025-11-09 20:14:24,393[68908] - OBS_Win - INFO - OBS_Win started
2025-11-09 20:14:24,393[68908] - RobotTest_AcidicPlatform - INFO - unloading the sample to rack_id #0...
2025-11-09 20:15:24,041[68908] - RobotTest_AcidicPlatform - INFO - sample successfully unloaded from the cell
2025-11-09 20:15:27,942[68908] - OBS_Win - INFO - OBS_Win stopped
2025-11-09 20:15:28,744[68908] - OBS_Win - INFO - OBS_Win started
2025-11-09 20:15:28,745[68908] - RobotTest_AcidicPlatform - INFO - loading the sample from rack_id #1...
2025-11-09 20:16:01,293[68908] - RobotTest_AcidicPlatform - INFO - sample successfully loaded into the cell
2025-11-09 20:16:02,066[68908] - OBS_Win - INFO - OBS_Win stopped
2025-11-09 20:16:05,410[68908] - EC_Lab_Win11 - INFO - not in software yet
2025-11-09 20:16:05,805[68908] - EC_Lab_Win11 - INFO - attempting to open EC_Lab_Win11, trial 1 in 3 times...
2025-11-09 21:31:27,032[68908] - EC_Lab_Win11 - INFO - test is complete
2025-11-09 21:31:27,032[68908] - RobotTest_AcidicPlatform - INFO - test Honda_HER_sample#Phosphide_6_2025-11-09_20-15-27 finished
2025-11-09 21:31:27,248[68908] - OBS_Win - INFO - not in software yet
2025-11-09 21:31:27,572[68908] - OBS_Win - INFO - attempting to open OBS_Win, trial 1 in 3 times...
2025-11-09 21:31:31,158[68908] - OBS_Win - INFO - OBS_Win started
2025-11-09 21:31:31,158[68908] - RobotTest_AcidicPlatform - INFO - unloading the sample to rack_id #1...
2025-11-09 21:32:30,023[68908] - RobotTest_AcidicPlatform - INFO - sample successfully unloaded from the cell
2025-11-09 21:32:33,680[68908] - OBS_Win - INFO - OBS_Win stopped
2025-11-09 21:32:34,162[68908] - OBS_Win - WARNING - cannot find ['OBS_start_record.png'] on screen
2025-11-09 21:32:37,512[68908] - OBS_Win - INFO - OBS_Win started
2025-11-09 21:32:37,512[68908] - RobotTest_AcidicPlatform - INFO - loading the sample from rack_id #2...
2025-11-09 21:33:09,950[68908] - RobotTest_AcidicPlatform - INFO - sample successfully loaded into the cell
2025-11-09 21:33:10,564[68908] - OBS_Win - INFO - OBS_Win stopped
2025-11-09 21:33:13,818[68908] - EC_Lab_Win11 - INFO - not in software yet
2025-11-09 21:33:14,143[68908] - EC_Lab_Win11 - INFO - attempting to open EC_Lab_Win11, trial 1 in 3 times...
2025-11-09 22:14:24,096[68908] - EC_Lab_Win11 - INFO - not in software yet
2025-11-09 22:14:24,433[68908] - EC_Lab_Win11 - INFO - attempting to open EC_Lab_Win11, trial 1 in 3 times...
2025-11-09 22:14:27,684[68908] - EC_Lab_Win11 - INFO - not in software yet
2025-11-09 22:14:28,020[68908] - EC_Lab_Win11 - INFO - attempting to open EC_Lab_Win11, trial 2 in 3 times...
2025-11-09 22:48:40,977[68908] - EC_Lab_Win11 - INFO - test is complete
2025-11-09 22:48:40,978[68908] - RobotTest_AcidicPlatform - INFO - test Honda_HER_sample#Phosphide_7_2025-11-09_21-32-33 finished
2025-11-09 22:48:41,189[68908] - OBS_Win - INFO - not in software yet
2025-11-09 22:48:41,525[68908] - OBS_Win - INFO - attempting to open OBS_Win, trial 1 in 3 times...
2025-11-09 22:48:45,084[68908] - OBS_Win - INFO - OBS_Win started
2025-11-09 22:48:45,084[68908] - RobotTest_AcidicPlatform - INFO - unloading the sample to rack_id #2...
2025-11-09 22:49:43,622[68908] - RobotTest_AcidicPlatform - INFO - sample successfully unloaded from the cell
2025-11-09 22:49:47,278[68908] - OBS_Win - INFO - OBS_Win stopped
2025-11-09 22:49:47,773[68908] - OBS_Win - WARNING - cannot find ['OBS_start_record.png'] on screen
2025-11-09 22:49:51,132[68908] - OBS_Win - INFO - OBS_Win started
2025-11-09 22:49:51,132[68908] - RobotTest_AcidicPlatform - INFO - loading the sample from rack_id #3...
2025-11-09 22:50:24,109[68908] - RobotTest_AcidicPlatform - INFO - sample successfully loaded into the cell
2025-11-09 22:50:24,706[68908] - OBS_Win - INFO - OBS_Win stopped
2025-11-09 22:50:27,950[68908] - EC_Lab_Win11 - INFO - not in software yet
2025-11-09 22:50:28,276[68908] - EC_Lab_Win11 - INFO - attempting to open EC_Lab_Win11, trial 1 in 3 times...
2025-11-09 23:56:00,737[68908] - EC_Lab_Win11 - INFO - test is complete
2025-11-09 23:56:00,737[68908] - RobotTest_AcidicPlatform - INFO - test Honda_HER_sample#Phosphide_8_2025-11-09_22-49-47 finished
2025-11-09 23:56:00,948[68908] - OBS_Win - INFO - not in software yet
2025-11-09 23:56:01,264[68908] - OBS_Win - INFO - attempting to open OBS_Win, trial 1 in 3 times...
2025-11-09 23:56:04,831[68908] - OBS_Win - INFO - OBS_Win started
2025-11-09 23:56:04,831[68908] - RobotTest_AcidicPlatform - INFO - unloading the sample to rack_id #3...
2025-11-09 23:57:02,926[68908] - RobotTest_AcidicPlatform - INFO - sample successfully unloaded from the cell
2025-11-09 23:57:06,534[68908] - OBS_Win - INFO - OBS_Win stopped
2025-11-09 23:57:07,030[68908] - OBS_Win - WARNING - cannot find ['OBS_start_record.png'] on screen
2025-11-09 23:57:10,383[68908] - OBS_Win - INFO - OBS_Win started
2025-11-09 23:57:10,383[68908] - RobotTest_AcidicPlatform - INFO - loading the sample from rack_id #4...
2025-11-09 23:57:43,763[68908] - RobotTest_AcidicPlatform - INFO - sample successfully loaded into the cell
2025-11-09 23:57:44,356[68908] - OBS_Win - INFO - OBS_Win stopped
2025-11-09 23:57:47,615[68908] - EC_Lab_Win11 - INFO - not in software yet
2025-11-09 23:57:47,938[68908] - EC_Lab_Win11 - INFO - attempting to open EC_Lab_Win11, trial 1 in 3 times...
2025-11-10 01:13:18,388[68908] - EC_Lab_Win11 - INFO - test is complete
2025-11-10 01:13:18,388[68908] - RobotTest_AcidicPlatform - INFO - test Honda_HER_sample#Phosphide_9_2025-11-09_23-57-06 finished
2025-11-10 01:13:18,592[68908] - OBS_Win - INFO - not in software yet
2025-11-10 01:13:18,922[68908] - OBS_Win - INFO - attempting to open OBS_Win, trial 1 in 3 times...
2025-11-10 01:13:22,484[68908] - OBS_Win - INFO - OBS_Win started
2025-11-10 01:13:22,484[68908] - RobotTest_AcidicPlatform - INFO - unloading the sample to rack_id #4...
2025-11-10 01:14:20,163[68908] - RobotTest_AcidicPlatform - INFO - sample successfully unloaded from the cell
2025-11-10 01:14:23,790[68908] - OBS_Win - INFO - OBS_Win stopped
2025-11-10 01:14:24,284[68908] - OBS_Win - WARNING - cannot find ['OBS_start_record.png'] on screen
2025-11-10 01:14:27,638[68908] - OBS_Win - INFO - OBS_Win started
2025-11-10 01:14:27,638[68908] - RobotTest_AcidicPlatform - INFO - loading the sample from rack_id #5...
2025-11-10 01:15:01,379[68908] - RobotTest_AcidicPlatform - INFO - sample successfully loaded into the cell
2025-11-10 01:15:01,960[68908] - OBS_Win - INFO - OBS_Win stopped
2025-11-10 01:15:05,219[68908] - EC_Lab_Win11 - INFO - not in software yet
2025-11-10 01:15:05,550[68908] - EC_Lab_Win11 - INFO - attempting to open EC_Lab_Win11, trial 1 in 3 times...
2025-11-10 02:30:36,494[68908] - EC_Lab_Win11 - INFO - test is complete
2025-11-10 02:30:36,494[68908] - RobotTest_AcidicPlatform - INFO - test Honda_HER_sample#Phosphide_10_2025-11-10_01-14-23 finished
2025-11-10 02:30:36,699[68908] - OBS_Win - INFO - not in software yet
2025-11-10 02:30:37,033[68908] - OBS_Win - INFO - attempting to open OBS_Win, trial 1 in 3 times...
2025-11-10 02:30:40,589[68908] - OBS_Win - INFO - OBS_Win started
2025-11-10 02:30:40,589[68908] - RobotTest_AcidicPlatform - INFO - unloading the sample to rack_id #5...
2025-11-10 02:31:37,835[68908] - RobotTest_AcidicPlatform - INFO - sample successfully unloaded from the cell
2025-11-10 02:31:41,437[68908] - OBS_Win - INFO - OBS_Win stopped
2025-11-10 02:31:41,918[68908] - OBS_Win - WARNING - cannot find ['OBS_start_record.png'] on screen
2025-11-10 02:31:45,282[68908] - OBS_Win - INFO - OBS_Win started
2025-11-10 02:31:45,282[68908] - RobotTest_AcidicPlatform - INFO - loading the sample from rack_id #6...
2025-11-10 02:32:19,592[68908] - RobotTest_AcidicPlatform - INFO - sample successfully loaded into the cell
2025-11-10 02:32:20,193[68908] - OBS_Win - INFO - OBS_Win stopped
2025-11-10 02:32:23,445[68908] - EC_Lab_Win11 - INFO - not in software yet
2025-11-10 02:32:23,761[68908] - EC_Lab_Win11 - INFO - attempting to open EC_Lab_Win11, trial 1 in 3 times...
2025-11-10 03:47:46,951[68908] - EC_Lab_Win11 - INFO - test is complete
2025-11-10 03:47:46,951[68908] - RobotTest_AcidicPlatform - INFO - test Honda_HER_sample#Phosphide_11_2025-11-10_02-31-41 finished
2025-11-10 03:47:47,168[68908] - OBS_Win - INFO - not in software yet
2025-11-10 03:47:47,506[68908] - OBS_Win - INFO - attempting to open OBS_Win, trial 1 in 3 times...
2025-11-10 03:47:51,083[68908] - OBS_Win - INFO - OBS_Win started
2025-11-10 03:47:51,084[68908] - RobotTest_AcidicPlatform - INFO - unloading the sample to rack_id #6...
2025-11-10 03:48:47,883[68908] - RobotTest_AcidicPlatform - INFO - sample successfully unloaded from the cell
2025-11-10 03:48:51,535[68908] - OBS_Win - INFO - OBS_Win stopped
2025-11-10 03:48:52,015[68908] - OBS_Win - WARNING - cannot find ['OBS_start_record.png'] on screen
2025-11-10 03:48:55,374[68908] - OBS_Win - INFO - OBS_Win started
2025-11-10 03:48:55,374[68908] - RobotTest_AcidicPlatform - INFO - loading the sample from rack_id #7...
2025-11-10 03:49:30,178[68908] - RobotTest_AcidicPlatform - INFO - sample successfully loaded into the cell
2025-11-10 03:49:30,778[68908] - OBS_Win - INFO - OBS_Win stopped
2025-11-10 03:49:34,042[68908] - EC_Lab_Win11 - INFO - not in software yet
2025-11-10 03:49:34,373[68908] - EC_Lab_Win11 - INFO - attempting to open EC_Lab_Win11, trial 1 in 3 times...
2025-11-10 05:05:06,089[68908] - EC_Lab_Win11 - INFO - test is complete
2025-11-10 05:05:06,089[68908] - RobotTest_AcidicPlatform - INFO - test Honda_HER_sample#Phosphide_12_2025-11-10_03-48-51 finished
2025-11-10 05:05:06,315[68908] - OBS_Win - INFO - not in software yet
2025-11-10 05:05:06,641[68908] - OBS_Win - INFO - attempting to open OBS_Win, trial 1 in 3 times...
2025-11-10 05:05:10,197[68908] - OBS_Win - INFO - OBS_Win started
2025-11-10 05:05:10,197[68908] - RobotTest_AcidicPlatform - INFO - unloading the sample to rack_id #7...
2025-11-10 05:06:06,825[68908] - RobotTest_AcidicPlatform - INFO - sample successfully unloaded from the cell
2025-11-10 05:06:10,420[68908] - OBS_Win - INFO - OBS_Win stopped
2025-11-10 05:06:10,898[68908] - OBS_Win - WARNING - cannot find ['OBS_start_record.png'] on screen
2025-11-10 05:06:14,258[68908] - OBS_Win - INFO - OBS_Win started
2025-11-10 05:06:14,258[68908] - RobotTest_AcidicPlatform - INFO - loading the sample from rack_id #8...
2025-11-10 05:06:49,448[68908] - RobotTest_AcidicPlatform - INFO - sample successfully loaded into the cell
2025-11-10 05:06:50,032[68908] - OBS_Win - INFO - OBS_Win stopped
2025-11-10 05:06:53,291[68908] - EC_Lab_Win11 - INFO - not in software yet
2025-11-10 05:06:53,621[68908] - EC_Lab_Win11 - INFO - attempting to open EC_Lab_Win11, trial 1 in 3 times...
2025-11-10 06:22:24,215[68908] - EC_Lab_Win11 - INFO - test is complete
2025-11-10 06:22:24,215[68908] - RobotTest_AcidicPlatform - INFO - test Honda_HER_sample#Phosphide_13_2025-11-10_05-06-10 finished
2025-11-10 06:22:24,427[68908] - OBS_Win - INFO - not in software yet
2025-11-10 06:22:24,739[68908] - OBS_Win - INFO - attempting to open OBS_Win, trial 1 in 3 times...
2025-11-10 06:22:28,303[68908] - OBS_Win - INFO - OBS_Win started
2025-11-10 06:22:28,303[68908] - RobotTest_AcidicPlatform - INFO - unloading the sample to rack_id #8...
2025-11-10 06:23:25,343[68908] - RobotTest_AcidicPlatform - INFO - sample successfully unloaded from the cell
2025-11-10 06:23:28,974[68908] - OBS_Win - INFO - OBS_Win stopped
2025-11-10 06:23:29,437[68908] - OBS_Win - WARNING - cannot find ['OBS_start_record.png'] on screen
2025-11-10 06:23:32,770[68908] - OBS_Win - INFO - OBS_Win started
2025-11-10 06:23:32,770[68908] - RobotTest_AcidicPlatform - INFO - loading the sample from rack_id #9...
2025-11-10 06:24:08,169[68908] - RobotTest_AcidicPlatform - INFO - sample successfully loaded into the cell
2025-11-10 06:24:08,778[68908] - OBS_Win - INFO - OBS_Win stopped
2025-11-10 06:24:12,024[68908] - EC_Lab_Win11 - INFO - not in software yet
2025-11-10 06:24:12,351[68908] - EC_Lab_Win11 - INFO - attempting to open EC_Lab_Win11, trial 1 in 3 times...
2025-11-10 07:04:04,420[68908] - EC_Lab_Win11 - INFO - not in software yet
2025-11-10 07:04:04,735[68908] - EC_Lab_Win11 - INFO - attempting to open EC_Lab_Win11, trial 1 in 3 times...
2025-11-10 07:04:07,998[68908] - EC_Lab_Win11 - INFO - not in software yet
2025-11-10 07:04:08,343[68908] - EC_Lab_Win11 - INFO - attempting to open EC_Lab_Win11, trial 2 in 3 times...
2025-11-10 07:39:41,934[68908] - EC_Lab_Win11 - INFO - test is complete
2025-11-10 07:39:41,934[68908] - RobotTest_AcidicPlatform - INFO - test Honda_HER_sample#Phosphide_14_2025-11-10_06-23-28 finished
2025-11-10 07:39:42,135[68908] - OBS_Win - INFO - not in software yet
2025-11-10 07:39:42,461[68908] - OBS_Win - INFO - attempting to open OBS_Win, trial 1 in 3 times...
2025-11-10 07:39:46,056[68908] - OBS_Win - INFO - OBS_Win started
2025-11-10 07:39:46,056[68908] - RobotTest_AcidicPlatform - INFO - unloading the sample to rack_id #9...
2025-11-10 07:40:43,566[68908] - RobotTest_AcidicPlatform - INFO - sample successfully unloaded from the cell
2025-11-10 07:40:47,197[68908] - OBS_Win - INFO - OBS_Win stopped
2025-11-10 07:40:47,664[68908] - OBS_Win - WARNING - cannot find ['OBS_start_record.png'] on screen
2025-11-10 07:40:51,018[68908] - OBS_Win - INFO - OBS_Win started
2025-11-10 07:40:51,018[68908] - RobotTest_AcidicPlatform - INFO - loading the sample from rack_id #10...
2025-11-10 07:41:26,863[68908] - RobotTest_AcidicPlatform - INFO - sample successfully loaded into the cell
2025-11-10 07:41:27,472[68908] - OBS_Win - INFO - OBS_Win stopped
2025-11-10 07:41:30,735[68908] - EC_Lab_Win11 - INFO - not in software yet
2025-11-10 07:41:31,064[68908] - EC_Lab_Win11 - INFO - attempting to open EC_Lab_Win11, trial 1 in 3 times...
2025-11-10 08:56:53,582[68908] - EC_Lab_Win11 - INFO - test is complete
2025-11-10 08:56:53,583[68908] - RobotTest_AcidicPlatform - INFO - test Honda_HER_sample#Phosphide_15_2025-11-10_07-40-47 finished
2025-11-10 08:56:53,790[68908] - OBS_Win - INFO - not in software yet
2025-11-10 08:56:54,110[68908] - OBS_Win - INFO - attempting to open OBS_Win, trial 1 in 3 times...
2025-11-10 08:56:57,686[68908] - OBS_Win - INFO - OBS_Win started
2025-11-10 08:56:57,686[68908] - RobotTest_AcidicPlatform - INFO - unloading the sample to rack_id #10...
2025-11-10 08:57:55,575[68908] - RobotTest_AcidicPlatform - INFO - sample successfully unloaded from the cell
2025-11-10 08:57:59,155[68908] - OBS_Win - INFO - OBS_Win stopped
2025-11-10 08:57:59,644[68908] - OBS_Win - WARNING - cannot find ['OBS_start_record.png'] on screen
2025-11-10 08:58:02,979[68908] - OBS_Win - INFO - OBS_Win started
2025-11-10 08:58:02,980[68908] - RobotTest_AcidicPlatform - INFO - loading the sample from rack_id #11...
2025-11-10 08:58:39,301[68908] - RobotTest_AcidicPlatform - INFO - sample successfully loaded into the cell
2025-11-10 08:58:39,912[68908] - OBS_Win - INFO - OBS_Win stopped
2025-11-10 08:58:43,173[68908] - EC_Lab_Win11 - INFO - not in software yet
2025-11-10 08:58:43,499[68908] - EC_Lab_Win11 - INFO - attempting to open EC_Lab_Win11, trial 1 in 3 times...
2025-11-10 10:14:15,914[68908] - EC_Lab_Win11 - INFO - test is complete
2025-11-10 10:14:15,915[68908] - RobotTest_AcidicPlatform - INFO - test Honda_HER_sample#Phosphide_16_2025-11-10_08-57-59 finished
2025-11-10 10:14:16,133[68908] - OBS_Win - INFO - not in software yet
2025-11-10 10:14:16,484[68908] - OBS_Win - INFO - attempting to open OBS_Win, trial 1 in 3 times...
2025-11-10 10:14:20,082[68908] - OBS_Win - INFO - OBS_Win started
2025-11-10 10:14:20,083[68908] - RobotTest_AcidicPlatform - INFO - unloading the sample to rack_id #11...
2025-11-10 10:15:18,306[68908] - RobotTest_AcidicPlatform - INFO - sample successfully unloaded from the cell
2025-11-10 10:15:21,976[68908] - OBS_Win - INFO - OBS_Win stopped
2025-11-10 10:15:22,471[68908] - OBS_Win - WARNING - cannot find ['OBS_start_record.png'] on screen
2025-11-10 10:15:25,831[68908] - OBS_Win - INFO - OBS_Win started
2025-11-10 10:15:25,831[68908] - RobotTest_AcidicPlatform - INFO - loading the sample from rack_id #12...
2025-11-10 10:16:02,886[68908] - RobotTest_AcidicPlatform - INFO - sample successfully loaded into the cell
2025-11-10 10:16:03,485[68908] - OBS_Win - INFO - OBS_Win stopped
2025-11-10 10:16:06,735[68908] - EC_Lab_Win11 - INFO - not in software yet
2025-11-10 10:16:07,068[68908] - EC_Lab_Win11 - INFO - attempting to open EC_Lab_Win11, trial 1 in 3 times...
2025-11-10 11:31:38,775[68908] - EC_Lab_Win11 - INFO - test is complete
2025-11-10 11:31:38,776[68908] - RobotTest_AcidicPlatform - INFO - test Honda_HER_sample#Phosphide_17_2025-11-10_10-15-21 finished
2025-11-10 11:31:38,982[68908] - OBS_Win - INFO - not in software yet
2025-11-10 11:31:39,331[68908] - OBS_Win - INFO - attempting to open OBS_Win, trial 1 in 3 times...
2025-11-10 11:31:42,908[68908] - OBS_Win - INFO - OBS_Win started
2025-11-10 11:31:42,908[68908] - RobotTest_AcidicPlatform - INFO - unloading the sample to rack_id #12...
2025-11-10 11:32:41,668[68908] - RobotTest_AcidicPlatform - INFO - sample successfully unloaded from the cell
2025-11-10 11:32:45,321[68908] - OBS_Win - INFO - OBS_Win stopped
2025-11-10 11:32:45,796[68908] - OBS_Win - WARNING - cannot find ['OBS_start_record.png'] on screen
2025-11-10 11:32:49,146[68908] - OBS_Win - INFO - OBS_Win started
2025-11-10 11:32:49,146[68908] - RobotTest_AcidicPlatform - INFO - loading the sample from rack_id #13...
2025-11-10 11:33:26,266[68908] - RobotTest_AcidicPlatform - INFO - sample successfully loaded into the cell
2025-11-10 11:33:26,873[68908] - OBS_Win - INFO - OBS_Win stopped
2025-11-10 11:33:30,124[68908] - EC_Lab_Win11 - INFO - not in software yet
2025-11-10 11:33:30,452[68908] - EC_Lab_Win11 - INFO - attempting to open EC_Lab_Win11, trial 1 in 3 times...
2025-11-10 12:03:19,743[68908] - RobotTest_AcidicPlatform - INFO - human operating, fail to detect...
2025-11-10 12:03:42,022[68908] - EC_Lab_Win11 - INFO - not in software yet
2025-11-10 12:03:42,338[68908] - EC_Lab_Win11 - INFO - attempting to open EC_Lab_Win11, trial 1 in 3 times...
2025-11-10 12:03:45,606[68908] - EC_Lab_Win11 - INFO - not in software yet
2025-11-10 12:03:45,948[68908] - EC_Lab_Win11 - INFO - attempting to open EC_Lab_Win11, trial 2 in 3 times...
2025-11-10 12:48:58,271[68908] - EC_Lab_Win11 - INFO - test is complete
2025-11-10 12:48:58,271[68908] - RobotTest_AcidicPlatform - INFO - test Honda_HER_sample#Phosphide_18_2025-11-10_11-32-45 finished
2025-11-10 12:48:58,488[68908] - OBS_Win - INFO - not in software yet
2025-11-10 12:48:58,812[68908] - OBS_Win - INFO - attempting to open OBS_Win, trial 1 in 3 times...
2025-11-10 12:49:02,389[68908] - OBS_Win - INFO - OBS_Win started
2025-11-10 12:49:02,389[68908] - RobotTest_AcidicPlatform - INFO - unloading the sample to rack_id #13...
2025-11-10 12:50:01,560[68908] - RobotTest_AcidicPlatform - INFO - sample successfully unloaded from the cell
2025-11-10 12:50:05,144[68908] - OBS_Win - INFO - OBS_Win stopped
2025-11-10 12:50:05,616[68908] - OBS_Win - WARNING - cannot find ['OBS_start_record.png'] on screen
2025-11-10 12:50:08,951[68908] - OBS_Win - INFO - OBS_Win started
2025-11-10 12:50:08,951[68908] - RobotTest_AcidicPlatform - INFO - loading the sample from rack_id #14...
2025-11-10 12:50:46,715[68908] - RobotTest_AcidicPlatform - INFO - sample successfully loaded into the cell
2025-11-10 12:50:47,294[68908] - OBS_Win - INFO - OBS_Win stopped
2025-11-10 12:50:50,534[68908] - EC_Lab_Win11 - INFO - not in software yet
2025-11-10 12:50:50,864[68908] - EC_Lab_Win11 - INFO - attempting to open EC_Lab_Win11, trial 1 in 3 times...
2025-11-10 14:06:24,290[68908] - EC_Lab_Win11 - INFO - test is complete
2025-11-10 14:06:24,290[68908] - RobotTest_AcidicPlatform - INFO - test Honda_HER_sample#Phosphide_19_2025-11-10_12-50-05 finished
2025-11-10 14:06:24,506[68908] - OBS_Win - INFO - not in software yet
2025-11-10 14:06:24,826[68908] - OBS_Win - INFO - attempting to open OBS_Win, trial 1 in 3 times...
2025-11-10 14:06:28,422[68908] - OBS_Win - INFO - OBS_Win started
2025-11-10 14:06:28,422[68908] - RobotTest_AcidicPlatform - INFO - unloading the sample to rack_id #14...
2025-11-10 14:07:28,156[68908] - RobotTest_AcidicPlatform - INFO - sample successfully unloaded from the cell
2025-11-10 14:07:31,761[68908] - OBS_Win - INFO - OBS_Win stopped
2025-11-10 14:07:32,254[68908] - OBS_Win - WARNING - cannot find ['OBS_start_record.png'] on screen
2025-11-10 14:07:35,605[68908] - OBS_Win - INFO - OBS_Win started
2025-11-10 14:07:35,605[68908] - RobotTest_AcidicPlatform - INFO - loading the sample from rack_id #15...
2025-11-10 14:08:13,657[68908] - RobotTest_AcidicPlatform - INFO - sample successfully loaded into the cell
2025-11-10 14:08:14,237[68908] - OBS_Win - INFO - OBS_Win stopped
2025-11-10 14:08:17,487[68908] - EC_Lab_Win11 - INFO - not in software yet
2025-11-10 14:08:17,821[68908] - EC_Lab_Win11 - INFO - attempting to open EC_Lab_Win11, trial 1 in 3 times...
2025-11-10 15:23:41,989[68908] - EC_Lab_Win11 - INFO - test is complete
2025-11-10 15:23:41,989[68908] - RobotTest_AcidicPlatform - INFO - test Honda_HER_sample#Phosphide_21_2025-11-10_14-07-31 finished
2025-11-10 15:23:42,194[68908] - OBS_Win - INFO - not in software yet
2025-11-10 15:23:42,539[68908] - OBS_Win - INFO - attempting to open OBS_Win, trial 1 in 3 times...
2025-11-10 15:23:46,105[68908] - OBS_Win - INFO - OBS_Win started
2025-11-10 15:23:46,105[68908] - RobotTest_AcidicPlatform - INFO - unloading the sample to rack_id #15...
2025-11-10 15:24:46,119[68908] - RobotTest_AcidicPlatform - INFO - sample successfully unloaded from the cell
2025-11-10 15:24:49,751[68908] - OBS_Win - INFO - OBS_Win stopped
2025-11-10 15:24:50,240[68908] - OBS_Win - WARNING - cannot find ['OBS_start_record.png'] on screen
2025-11-10 15:24:53,571[68908] - OBS_Win - INFO - OBS_Win started
2025-11-10 15:24:53,571[68908] - RobotTest_AcidicPlatform - INFO - loading the sample from rack_id #16...
2025-11-10 15:25:32,161[68908] - RobotTest_AcidicPlatform - INFO - sample successfully loaded into the cell
2025-11-10 15:25:32,752[68908] - OBS_Win - INFO - OBS_Win stopped
2025-11-10 15:25:36,008[68908] - EC_Lab_Win11 - INFO - not in software yet
2025-11-10 15:25:36,337[68908] - EC_Lab_Win11 - INFO - attempting to open EC_Lab_Win11, trial 1 in 3 times...
2025-11-10 16:41:09,255[68908] - EC_Lab_Win11 - INFO - test is complete
2025-11-10 16:41:09,255[68908] - RobotTest_AcidicPlatform - INFO - test Honda_HER_sample#Phosphide_22_2025-11-10_15-24-49 finished
2025-11-10 16:41:09,461[68908] - OBS_Win - INFO - not in software yet
2025-11-10 16:41:09,797[68908] - OBS_Win - INFO - attempting to open OBS_Win, trial 1 in 3 times...
2025-11-10 16:41:13,355[68908] - OBS_Win - INFO - OBS_Win started
2025-11-10 16:41:13,355[68908] - RobotTest_AcidicPlatform - INFO - unloading the sample to rack_id #16...
2025-11-10 16:42:13,847[68908] - RobotTest_AcidicPlatform - INFO - sample successfully unloaded from the cell
2025-11-10 16:42:17,535[68908] - OBS_Win - INFO - OBS_Win stopped
2025-11-10 16:42:18,019[68908] - OBS_Win - WARNING - cannot find ['OBS_start_record.png'] on screen
2025-11-10 16:42:21,373[68908] - OBS_Win - INFO - OBS_Win started
2025-11-10 16:42:21,373[68908] - RobotTest_AcidicPlatform - INFO - loading the sample from rack_id #17...
2025-11-10 16:43:00,235[68908] - RobotTest_AcidicPlatform - INFO - sample successfully loaded into the cell
2025-11-10 16:43:00,866[68908] - OBS_Win - INFO - OBS_Win stopped
2025-11-10 16:43:04,113[68908] - EC_Lab_Win11 - INFO - not in software yet
2025-11-10 16:43:04,453[68908] - EC_Lab_Win11 - INFO - attempting to open EC_Lab_Win11, trial 1 in 3 times...
2025-11-10 17:48:44,380[68908] - RobotTest_AcidicPlatform - INFO - human operating, fail to detect...
2025-11-10 17:48:55,511[68908] - EC_Lab_Win11 - INFO - channel 2 is not open
2025-11-10 17:48:56,490[68908] - EC_Lab_Win11 - INFO - attempting to open channel 2, trial 1 in 3 times...
2025-11-10 17:48:57,239[68908] - EC_Lab_Win11 - INFO - channel 2 is not open
2025-11-10 17:48:58,233[68908] - EC_Lab_Win11 - INFO - attempting to open channel 2, trial 2 in 3 times...
2025-11-10 17:48:58,971[68908] - EC_Lab_Win11 - INFO - channel 2 is not open
2025-11-10 17:48:59,980[68908] - EC_Lab_Win11 - INFO - attempting to open channel 2, trial 3 in 3 times...
2025-11-10 17:49:00,731[68908] - EC_Lab_Win11 - INFO - channel 2 is not open
2025-11-10 17:49:10,941[68908] - RobotTest_AcidicPlatform - INFO - human operating, fail to detect...
2025-11-10 17:49:21,820[68908] - EC_Lab_Win11 - INFO - not in software yet
2025-11-10 17:49:22,160[68908] - EC_Lab_Win11 - INFO - attempting to open EC_Lab_Win11, trial 1 in 3 times...
2025-11-10 17:49:25,411[68908] - EC_Lab_Win11 - INFO - not in software yet
2025-11-10 17:49:25,754[68908] - EC_Lab_Win11 - INFO - attempting to open EC_Lab_Win11, trial 2 in 3 times...
2025-11-10 17:58:32,856[68908] - EC_Lab_Win11 - INFO - test is complete
2025-11-10 17:58:32,856[68908] - RobotTest_AcidicPlatform - INFO - test Honda_HER_sample#Phosphide_23_2025-11-10_16-42-17 finished
2025-11-10 17:58:33,073[68908] - OBS_Win - INFO - not in software yet
2025-11-10 17:58:33,403[68908] - OBS_Win - INFO - attempting to open OBS_Win, trial 1 in 3 times...
2025-11-10 17:58:36,969[68908] - OBS_Win - INFO - OBS_Win started
2025-11-10 17:58:36,969[68908] - RobotTest_AcidicPlatform - INFO - unloading the sample to rack_id #17...
2025-11-10 17:59:37,981[68908] - RobotTest_AcidicPlatform - INFO - sample successfully unloaded from the cell
2025-11-10 17:59:41,585[68908] - OBS_Win - INFO - OBS_Win stopped
2025-11-10 17:59:42,051[68908] - OBS_Win - WARNING - cannot find ['OBS_start_record.png'] on screen
2025-11-10 17:59:45,412[68908] - OBS_Win - INFO - OBS_Win started
2025-11-10 17:59:45,412[68908] - RobotTest_AcidicPlatform - INFO - loading the sample from rack_id #18...
2025-11-10 18:00:24,901[68908] - RobotTest_AcidicPlatform - INFO - sample successfully loaded into the cell
2025-11-10 18:00:25,514[68908] - OBS_Win - INFO - OBS_Win stopped
2025-11-10 18:00:28,771[68908] - EC_Lab_Win11 - INFO - not in software yet
2025-11-10 18:00:29,103[68908] - EC_Lab_Win11 - INFO - attempting to open EC_Lab_Win11, trial 1 in 3 times...
2025-11-10 18:19:55,308[68908] - EC_Lab_Win11 - INFO - not in software yet
2025-11-10 18:19:55,640[68908] - EC_Lab_Win11 - INFO - attempting to open EC_Lab_Win11, trial 1 in 3 times...
2025-11-10 18:19:58,888[68908] - EC_Lab_Win11 - INFO - not in software yet
2025-11-10 18:19:59,225[68908] - EC_Lab_Win11 - INFO - attempting to open EC_Lab_Win11, trial 2 in 3 times...
2025-11-10 18:59:30,835[68908] - EC_Lab_Win11 - INFO - not in software yet
2025-11-10 18:59:31,176[68908] - EC_Lab_Win11 - INFO - attempting to open EC_Lab_Win11, trial 1 in 3 times...
2025-11-10 18:59:34,425[68908] - EC_Lab_Win11 - INFO - not in software yet
2025-11-10 18:59:34,761[68908] - EC_Lab_Win11 - INFO - attempting to open EC_Lab_Win11, trial 2 in 3 times...
2025-11-10 19:15:52,247[68908] - EC_Lab_Win11 - INFO - test is complete
2025-11-10 19:15:52,247[68908] - RobotTest_AcidicPlatform - INFO - test Honda_HER_sample#Pt_2025-11-10_17-59-41 finished
2025-11-10 19:15:52,465[68908] - OBS_Win - INFO - not in software yet
2025-11-10 19:15:52,792[68908] - OBS_Win - INFO - attempting to open OBS_Win, trial 1 in 3 times...
2025-11-10 19:15:56,344[68908] - OBS_Win - INFO - OBS_Win started
2025-11-10 19:15:56,344[68908] - RobotTest_AcidicPlatform - INFO - unloading the sample to rack_id #18...
2025-11-10 19:16:57,642[68908] - RobotTest_AcidicPlatform - INFO - sample successfully unloaded from the cell
2025-11-10 19:17:01,264[68908] - OBS_Win - INFO - OBS_Win stopped
