2023-06-02 14:57:18,604 - db_control.database - INFO - Database acidic_oer_IrRuNi connected successfully!
2023-06-02 14:57:18,705 - db_control.database - INFO - Table recipe already exists on server, checking column consistency...
2023-06-02 14:57:18,784 - db_control.database - INFO - Table recipe column consistency checked successfully!
2023-06-02 14:57:18,842 - db_control.database - INFO - Table sample already exists on server, checking column consistency...
2023-06-02 14:57:18,901 - db_control.database - INFO - Table sample column consistency checked successfully!
2023-06-02 14:57:18,961 - db_control.database - INFO - Table performance already exists on server, checking column consistency...
2023-06-02 14:57:19,032 - db_control.database - INFO - Table performance column consistency checked successfully!
2023-06-02 20:48:23,807 - db_control.database - INFO - Database acidic_oer_IrRuNi connected successfully!
2023-06-02 20:48:23,901 - db_control.database - INFO - Table recipe already exists on server, checking column consistency...
2023-06-02 20:48:23,957 - db_control.database - INFO - Table recipe column consistency checked successfully!
2023-06-02 20:48:24,012 - db_control.database - INFO - Table sample already exists on server, checking column consistency...
2023-06-02 20:48:24,068 - db_control.database - INFO - Table sample column consistency checked successfully!
2023-06-02 20:48:24,124 - db_control.database - INFO - Table performance already exists on server, checking column consistency...
2023-06-02 20:48:24,180 - db_control.database - INFO - Table performance column consistency checked successfully!
2023-06-02 20:50:53,400 - db_control.database - INFO - Database acidic_oer_IrRuNi connected successfully!
2023-06-02 20:50:53,478 - db_control.database - WARNING - Table recipe does not exist on server yet, creating now...
2023-06-02 20:50:53,540 - db_control.database - INFO - Table recipe created on server successfully!
2023-06-02 20:50:53,597 - db_control.database - INFO - Table sample already exists on server, checking column consistency...
2023-06-02 20:50:53,652 - db_control.database - INFO - Table sample column consistency checked successfully!
2023-06-02 20:50:53,709 - db_control.database - INFO - Table performance already exists on server, checking column consistency...
2023-06-02 20:50:53,767 - db_control.database - INFO - Table performance column consistency checked successfully!
2023-06-02 20:53:09,937 - db_control.database - INFO - Database acidic_oer_IrRuNi connected successfully!
2023-06-02 20:53:09,937 - db_control.database - INFO - Database acidic_oer_IrRuNi connected successfully!
2023-06-02 20:53:10,042 - db_control.database - INFO - Table recipe already exists on server, checking column consistency...
2023-06-02 20:53:10,042 - db_control.database - INFO - Table recipe already exists on server, checking column consistency...
2023-06-02 20:53:10,096 - db_control.database - INFO - Table recipe column consistency checked successfully!
2023-06-02 20:53:10,096 - db_control.database - INFO - Table recipe column consistency checked successfully!
2023-06-02 20:53:10,168 - db_control.database - INFO - Table sample already exists on server, checking column consistency...
2023-06-02 20:53:10,168 - db_control.database - INFO - Table sample already exists on server, checking column consistency...
2023-06-02 20:53:10,226 - db_control.database - INFO - Table sample column consistency checked successfully!
2023-06-02 20:53:10,226 - db_control.database - INFO - Table sample column consistency checked successfully!
2023-06-02 20:53:10,352 - db_control.database - INFO - Table performance already exists on server, checking column consistency...
2023-06-02 20:53:10,352 - db_control.database - INFO - Table performance already exists on server, checking column consistency...
2023-06-02 20:53:10,547 - db_control.database - INFO - Table performance column consistency checked successfully!
2023-06-02 20:53:10,547 - db_control.database - INFO - Table performance column consistency checked successfully!
2023-06-02 20:55:45,279 - db_control.database - INFO - Database acidic_oer_IrRuNi connected successfully!
2023-06-02 20:55:45,357 - db_control.database - INFO - Table recipe already exists on server, checking column consistency...
2023-06-02 20:55:45,414 - db_control.database - INFO - Table recipe column consistency checked successfully!
2023-06-02 20:55:45,471 - db_control.database - INFO - Table sample already exists on server, checking column consistency...
2023-06-02 20:55:45,529 - db_control.database - INFO - Table sample column consistency checked successfully!
2023-06-02 20:55:45,587 - db_control.database - INFO - Table performance already exists on server, checking column consistency...
2023-06-02 20:55:45,643 - db_control.database - INFO - Table performance column consistency checked successfully!
2023-06-02 21:01:44,733 - db_control.database - INFO - Database acidic_oer_IrRuNi connected successfully!
2023-06-02 21:01:44,828 - db_control.database - INFO - Table recipe already exists on server, checking column consistency...
2023-06-02 21:01:44,886 - db_control.database - INFO - Table recipe column consistency checked successfully!
2023-06-02 21:01:44,943 - db_control.database - INFO - Table sample already exists on server, checking column consistency...
2023-06-02 21:01:44,999 - db_control.database - INFO - Table sample column consistency checked successfully!
2023-06-02 21:01:45,055 - db_control.database - INFO - Table performance already exists on server, checking column consistency...
2023-06-02 21:01:45,113 - db_control.database - INFO - Table performance column consistency checked successfully!
2023-06-02 21:02:08,519 - db_control.database - INFO - Database acidic_oer_IrRuNi connected successfully!
2023-06-02 21:02:08,615 - db_control.database - INFO - Table recipe already exists on server, checking column consistency...
2023-06-02 21:02:08,671 - db_control.database - INFO - Table recipe column consistency checked successfully!
2023-06-02 21:02:08,727 - db_control.database - INFO - Table sample already exists on server, checking column consistency...
2023-06-02 21:02:08,784 - db_control.database - INFO - Table sample column consistency checked successfully!
2023-06-02 21:02:08,843 - db_control.database - INFO - Table performance already exists on server, checking column consistency...
2023-06-02 21:02:08,899 - db_control.database - INFO - Table performance column consistency checked successfully!
2023-06-02 21:03:31,683 - db_control.database - INFO - Database acidic_oer_IrRuNi connected successfully!
2023-06-02 21:03:31,683 - db_control.database - INFO - Database acidic_oer_IrRuNi connected successfully!
2023-06-02 21:03:31,782 - db_control.database - INFO - Table recipe already exists on server, checking column consistency...
2023-06-02 21:03:31,782 - db_control.database - INFO - Table recipe already exists on server, checking column consistency...
2023-06-02 21:03:31,839 - db_control.database - INFO - Table recipe column consistency checked successfully!
2023-06-02 21:03:31,839 - db_control.database - INFO - Table recipe column consistency checked successfully!
2023-06-02 21:03:31,899 - db_control.database - INFO - Table sample already exists on server, checking column consistency...
2023-06-02 21:03:31,899 - db_control.database - INFO - Table sample already exists on server, checking column consistency...
2023-06-02 21:03:31,966 - db_control.database - INFO - Table sample column consistency checked successfully!
2023-06-02 21:03:31,966 - db_control.database - INFO - Table sample column consistency checked successfully!
2023-06-02 21:03:32,055 - db_control.database - INFO - Table performance already exists on server, checking column consistency...
2023-06-02 21:03:32,055 - db_control.database - INFO - Table performance already exists on server, checking column consistency...
2023-06-02 21:03:32,151 - db_control.database - INFO - Table performance column consistency checked successfully!
2023-06-02 21:03:32,151 - db_control.database - INFO - Table performance column consistency checked successfully!
2023-06-02 21:08:53,469 - db_control.database - INFO - Database acidic_oer_IrRuNi connected successfully!
2023-06-02 21:08:53,568 - db_control.database - INFO - Table recipe already exists on server, checking column consistency...
2023-06-02 21:08:53,632 - db_control.database - INFO - Table recipe column consistency checked successfully!
2023-06-02 21:08:53,690 - db_control.database - INFO - Table sample already exists on server, checking column consistency...
2023-06-02 21:08:53,747 - db_control.database - INFO - Table sample column consistency checked successfully!
2023-06-02 21:08:53,805 - db_control.database - INFO - Table performance already exists on server, checking column consistency...
2023-06-02 21:08:53,877 - db_control.database - INFO - Table performance column consistency checked successfully!
2023-06-02 21:49:30,848 - db_control.database - INFO - Database acidic_oer_IrRuNi connected successfully!
2023-06-02 21:49:30,943 - db_control.database - INFO - Table recipe already exists on server, checking column consistency...
2023-06-02 21:49:31,002 - db_control.database - INFO - Table recipe column consistency checked successfully!
2023-06-02 21:49:31,061 - db_control.database - INFO - Table sample already exists on server, checking column consistency...
2023-06-02 21:49:31,117 - db_control.database - INFO - Table sample column consistency checked successfully!
2023-06-02 21:49:31,175 - db_control.database - INFO - Table performance already exists on server, checking column consistency...
2023-06-02 21:49:31,232 - db_control.database - INFO - Table performance column consistency checked successfully!
2023-06-02 21:50:25,796 - db_control.database - INFO - Database acidic_oer_IrRuNi connected successfully!
2023-06-02 21:50:25,892 - db_control.database - INFO - Table recipe already exists on server, checking column consistency...
2023-06-02 21:50:25,950 - db_control.database - INFO - Table recipe column consistency checked successfully!
2023-06-02 21:50:26,006 - db_control.database - INFO - Table sample already exists on server, checking column consistency...
2023-06-02 21:50:26,063 - db_control.database - INFO - Table sample column consistency checked successfully!
2023-06-02 21:50:26,134 - db_control.database - INFO - Table performance already exists on server, checking column consistency...
2023-06-02 21:50:26,191 - db_control.database - INFO - Table performance column consistency checked successfully!
2023-06-02 21:58:40,502 - db_control.database - INFO - Database acidic_oer_IrRuNi connected successfully!
2023-06-02 21:58:40,597 - db_control.database - INFO - Table recipe already exists on server, checking column consistency...
2023-06-02 21:58:40,654 - db_control.database - INFO - Table recipe column consistency checked successfully!
2023-06-02 21:58:40,711 - db_control.database - INFO - Table sample already exists on server, checking column consistency...
2023-06-02 21:58:40,768 - db_control.database - INFO - Table sample column consistency checked successfully!
2023-06-02 21:58:40,826 - db_control.database - INFO - Table performance already exists on server, checking column consistency...
2023-06-02 21:58:40,883 - db_control.database - INFO - Table performance column consistency checked successfully!
2023-06-02 22:01:55,171 - db_control.database - INFO - Database acidic_oer_IrRuNi connected successfully!
2023-06-02 22:01:55,171 - db_control.database - INFO - Database acidic_oer_IrRuNi connected successfully!
2023-06-02 22:01:55,272 - db_control.database - INFO - Table recipe already exists on server, checking column consistency...
2023-06-02 22:01:55,272 - db_control.database - INFO - Table recipe already exists on server, checking column consistency...
2023-06-02 22:01:55,329 - db_control.database - INFO - Table recipe column consistency checked successfully!
2023-06-02 22:01:55,329 - db_control.database - INFO - Table recipe column consistency checked successfully!
2023-06-02 22:01:55,388 - db_control.database - INFO - Table sample already exists on server, checking column consistency...
2023-06-02 22:01:55,388 - db_control.database - INFO - Table sample already exists on server, checking column consistency...
2023-06-02 22:01:55,445 - db_control.database - INFO - Table sample column consistency checked successfully!
2023-06-02 22:01:55,445 - db_control.database - INFO - Table sample column consistency checked successfully!
2023-06-02 22:01:55,503 - db_control.database - INFO - Table performance already exists on server, checking column consistency...
2023-06-02 22:01:55,503 - db_control.database - INFO - Table performance already exists on server, checking column consistency...
2023-06-02 22:01:55,561 - db_control.database - INFO - Table performance column consistency checked successfully!
2023-06-02 22:01:55,561 - db_control.database - INFO - Table performance column consistency checked successfully!
2023-06-02 22:03:02,023 - db_control.database - INFO - Database acidic_oer_IrRuNi connected successfully!
2023-06-02 22:03:02,117 - db_control.database - INFO - Table recipe already exists on server, checking column consistency...
2023-06-02 22:03:02,175 - db_control.database - INFO - Table recipe column consistency checked successfully!
2023-06-02 22:03:02,233 - db_control.database - INFO - Table sample already exists on server, checking column consistency...
2023-06-02 22:03:02,290 - db_control.database - INFO - Table sample column consistency checked successfully!
2023-06-02 22:03:02,348 - db_control.database - INFO - Table performance already exists on server, checking column consistency...
2023-06-02 22:03:02,405 - db_control.database - INFO - Table performance column consistency checked successfully!
2023-06-02 22:03:50,437 - db_control.database - INFO - Database acidic_oer_IrRuNi connected successfully!
2023-06-02 22:03:50,437 - db_control.database - INFO - Database acidic_oer_IrRuNi connected successfully!
2023-06-02 22:03:50,509 - db_control.database - INFO - Table recipe already exists on server, checking column consistency...
2023-06-02 22:03:50,509 - db_control.database - INFO - Table recipe already exists on server, checking column consistency...
2023-06-02 22:03:50,564 - db_control.database - INFO - Table recipe column consistency checked successfully!
2023-06-02 22:03:50,564 - db_control.database - INFO - Table recipe column consistency checked successfully!
2023-06-02 22:03:50,620 - db_control.database - INFO - Table sample already exists on server, checking column consistency...
2023-06-02 22:03:50,620 - db_control.database - INFO - Table sample already exists on server, checking column consistency...
2023-06-02 22:03:50,677 - db_control.database - INFO - Table sample column consistency checked successfully!
2023-06-02 22:03:50,677 - db_control.database - INFO - Table sample column consistency checked successfully!
2023-06-02 22:03:50,734 - db_control.database - INFO - Table performance already exists on server, checking column consistency...
2023-06-02 22:03:50,734 - db_control.database - INFO - Table performance already exists on server, checking column consistency...
2023-06-02 22:03:50,790 - db_control.database - INFO - Table performance column consistency checked successfully!
2023-06-02 22:03:50,790 - db_control.database - INFO - Table performance column consistency checked successfully!
2023-06-03 14:22:35,125 - db_control.database - INFO - Database acidic_oer_IrRuNi connected successfully!
2023-06-03 14:22:35,227 - db_control.database - INFO - Table recipe already exists on server, checking column consistency...
2023-06-03 14:22:35,291 - db_control.database - INFO - Table recipe column consistency checked successfully!
2023-06-03 14:22:35,353 - db_control.database - INFO - Table sample already exists on server, checking column consistency...
2023-06-03 14:22:35,412 - db_control.database - INFO - Table sample column consistency checked successfully!
2023-06-03 14:22:35,471 - db_control.database - INFO - Table performance already exists on server, checking column consistency...
2023-06-03 14:22:35,533 - db_control.database - INFO - Table performance column consistency checked successfully!
2023-06-03 14:26:58,271 - db_control.database - INFO - Database acidic_oer_IrRuNi connected successfully!
2023-06-03 14:26:58,372 - db_control.database - INFO - Table recipe already exists on server, checking column consistency...
2023-06-03 14:26:58,447 - db_control.database - INFO - Table recipe column consistency checked successfully!
2023-06-03 14:26:58,507 - db_control.database - INFO - Table sample already exists on server, checking column consistency...
2023-06-03 14:26:58,580 - db_control.database - INFO - Table sample column consistency checked successfully!
2023-06-03 14:26:58,642 - db_control.database - INFO - Table performance already exists on server, checking column consistency...
2023-06-03 14:26:58,714 - db_control.database - INFO - Table performance column consistency checked successfully!
2023-06-03 14:33:46,499 - db_control.database - INFO - Database acidic_oer_IrRuNi connected successfully!
2023-06-03 14:33:46,579 - db_control.database - INFO - Table recipe already exists on server, checking column consistency...
2023-06-03 14:33:46,639 - db_control.database - INFO - Table recipe column consistency checked successfully!
2023-06-03 14:33:46,697 - db_control.database - INFO - Table sample already exists on server, checking column consistency...
2023-06-03 14:33:46,756 - db_control.database - INFO - Table sample column consistency checked successfully!
2023-06-03 14:33:46,816 - db_control.database - INFO - Table performance already exists on server, checking column consistency...
2023-06-03 14:33:46,882 - db_control.database - INFO - Table performance column consistency checked successfully!
2023-06-03 14:36:26,909 - db_control.database - INFO - Database acidic_oer_IrRuNi connected successfully!
2023-06-03 14:36:27,000 - db_control.database - INFO - Table recipe already exists on server, checking column consistency...
2023-06-03 14:36:27,060 - db_control.database - INFO - Table recipe column consistency checked successfully!
2023-06-03 14:36:27,120 - db_control.database - INFO - Table sample already exists on server, checking column consistency...
2023-06-03 14:36:27,178 - db_control.database - INFO - Table sample column consistency checked successfully!
2023-06-03 14:36:27,236 - db_control.database - INFO - Table performance already exists on server, checking column consistency...
2023-06-03 14:36:27,298 - db_control.database - INFO - Table performance column consistency checked successfully!
2023-06-03 14:36:27,458 - db_control.database - WARNING - full table view created
2023-06-03 14:38:55,724 - db_control.database - INFO - Database acidic_oer_IrRuNi connected successfully!
2023-06-03 14:38:55,840 - db_control.database - INFO - Table recipe already exists on server, checking column consistency...
2023-06-03 14:38:55,899 - db_control.database - INFO - Table recipe column consistency checked successfully!
2023-06-03 14:38:55,960 - db_control.database - INFO - Table sample already exists on server, checking column consistency...
2023-06-03 14:38:56,020 - db_control.database - INFO - Table sample column consistency checked successfully!
2023-06-03 14:38:56,080 - db_control.database - INFO - Table performance already exists on server, checking column consistency...
2023-06-03 14:38:56,139 - db_control.database - INFO - Table performance column consistency checked successfully!
2023-06-03 14:41:15,540 - db_control.database - INFO - Database acidic_oer_IrRuNi connected successfully!
2023-06-03 14:41:15,640 - db_control.database - INFO - Table recipe already exists on server, checking column consistency...
2023-06-03 14:41:15,699 - db_control.database - INFO - Table recipe column consistency checked successfully!
2023-06-03 14:41:15,758 - db_control.database - INFO - Table sample already exists on server, checking column consistency...
2023-06-03 14:41:15,814 - db_control.database - INFO - Table sample column consistency checked successfully!
2023-06-03 14:41:15,872 - db_control.database - INFO - Table performance already exists on server, checking column consistency...
2023-06-03 14:41:15,932 - db_control.database - INFO - Table performance column consistency checked successfully!
2023-06-03 14:41:39,672 - db_control.database - INFO - Database acidic_oer_IrRuNi connected successfully!
2023-06-03 14:41:39,672 - db_control.database - INFO - Database acidic_oer_IrRuNi connected successfully!
2023-06-03 14:41:39,754 - db_control.database - INFO - Table recipe already exists on server, checking column consistency...
2023-06-03 14:41:39,754 - db_control.database - INFO - Table recipe already exists on server, checking column consistency...
2023-06-03 14:41:39,832 - db_control.database - INFO - Table recipe column consistency checked successfully!
2023-06-03 14:41:39,832 - db_control.database - INFO - Table recipe column consistency checked successfully!
2023-06-03 14:41:39,907 - db_control.database - INFO - Table sample already exists on server, checking column consistency...
2023-06-03 14:41:39,907 - db_control.database - INFO - Table sample already exists on server, checking column consistency...
2023-06-03 14:41:39,974 - db_control.database - INFO - Table sample column consistency checked successfully!
2023-06-03 14:41:39,974 - db_control.database - INFO - Table sample column consistency checked successfully!
2023-06-03 14:41:40,033 - db_control.database - INFO - Table performance already exists on server, checking column consistency...
2023-06-03 14:41:40,033 - db_control.database - INFO - Table performance already exists on server, checking column consistency...
2023-06-03 14:41:40,096 - db_control.database - INFO - Table performance column consistency checked successfully!
2023-06-03 14:41:40,096 - db_control.database - INFO - Table performance column consistency checked successfully!
2023-06-03 14:43:45,476 - db_control.database - INFO - Database acidic_oer_IrRuNi connected successfully!
2023-06-03 14:43:45,582 - db_control.database - INFO - Table recipe already exists on server, checking column consistency...
2023-06-03 14:43:45,638 - db_control.database - INFO - Table recipe column consistency checked successfully!
2023-06-03 14:43:45,695 - db_control.database - INFO - Table sample already exists on server, checking column consistency...
2023-06-03 14:43:45,771 - db_control.database - INFO - Table sample column consistency checked successfully!
2023-06-03 14:43:45,829 - db_control.database - INFO - Table performance already exists on server, checking column consistency...
2023-06-03 14:43:45,887 - db_control.database - INFO - Table performance column consistency checked successfully!
2023-06-03 14:43:46,071 - db_control.database - INFO - Database acidic_oer_IrRuNi connected successfully!
2023-06-03 14:43:46,071 - db_control.database - INFO - Database acidic_oer_IrRuNi connected successfully!
2023-06-03 14:43:46,163 - db_control.database - INFO - Table recipe already exists on server, checking column consistency...
2023-06-03 14:43:46,163 - db_control.database - INFO - Table recipe already exists on server, checking column consistency...
2023-06-03 14:43:46,221 - db_control.database - INFO - Table recipe column consistency checked successfully!
2023-06-03 14:43:46,221 - db_control.database - INFO - Table recipe column consistency checked successfully!
2023-06-03 14:43:46,277 - db_control.database - INFO - Table sample already exists on server, checking column consistency...
2023-06-03 14:43:46,277 - db_control.database - INFO - Table sample already exists on server, checking column consistency...
2023-06-03 14:43:46,341 - db_control.database - INFO - Table sample column consistency checked successfully!
2023-06-03 14:43:46,341 - db_control.database - INFO - Table sample column consistency checked successfully!
2023-06-03 14:43:46,521 - db_control.database - INFO - Table performance already exists on server, checking column consistency...
2023-06-03 14:43:46,521 - db_control.database - INFO - Table performance already exists on server, checking column consistency...
2023-06-03 14:43:46,611 - db_control.database - INFO - Table performance column consistency checked successfully!
2023-06-03 14:43:46,611 - db_control.database - INFO - Table performance column consistency checked successfully!
2023-06-03 14:44:13,684 - db_control.database - INFO - Database acidic_oer_IrRuNi connected successfully!
2023-06-03 14:44:13,981 - db_control.database - INFO - Table recipe already exists on server, checking column consistency...
2023-06-03 14:44:14,052 - db_control.database - INFO - Table recipe column consistency checked successfully!
2023-06-03 14:44:14,132 - db_control.database - INFO - Table sample already exists on server, checking column consistency...
2023-06-03 14:44:14,208 - db_control.database - INFO - Table sample column consistency checked successfully!
2023-06-03 14:44:14,283 - db_control.database - INFO - Table performance already exists on server, checking column consistency...
2023-06-03 14:44:14,341 - db_control.database - INFO - Table performance column consistency checked successfully!
2023-06-03 14:44:14,587 - db_control.database - INFO - Database acidic_oer_IrRuNi connected successfully!
2023-06-03 14:44:14,587 - db_control.database - INFO - Database acidic_oer_IrRuNi connected successfully!
2023-06-03 14:44:14,682 - db_control.database - INFO - Table recipe already exists on server, checking column consistency...
2023-06-03 14:44:14,682 - db_control.database - INFO - Table recipe already exists on server, checking column consistency...
2023-06-03 14:44:14,741 - db_control.database - INFO - Table recipe column consistency checked successfully!
2023-06-03 14:44:14,741 - db_control.database - INFO - Table recipe column consistency checked successfully!
2023-06-03 14:44:14,800 - db_control.database - INFO - Table sample already exists on server, checking column consistency...
2023-06-03 14:44:14,800 - db_control.database - INFO - Table sample already exists on server, checking column consistency...
2023-06-03 14:44:14,861 - db_control.database - INFO - Table sample column consistency checked successfully!
2023-06-03 14:44:14,861 - db_control.database - INFO - Table sample column consistency checked successfully!
2023-06-03 14:44:14,918 - db_control.database - INFO - Table performance already exists on server, checking column consistency...
2023-06-03 14:44:14,918 - db_control.database - INFO - Table performance already exists on server, checking column consistency...
2023-06-03 14:44:14,975 - db_control.database - INFO - Table performance column consistency checked successfully!
2023-06-03 14:44:14,975 - db_control.database - INFO - Table performance column consistency checked successfully!
2023-06-03 14:47:34,695 - db_control.database - INFO - Database acidic_oer_IrRuNi connected successfully!
2023-06-03 14:47:34,808 - db_control.database - INFO - Table recipe already exists on server, checking column consistency...
2023-06-03 14:47:34,877 - db_control.database - INFO - Table recipe column consistency checked successfully!
2023-06-03 14:47:34,938 - db_control.database - INFO - Table sample already exists on server, checking column consistency...
2023-06-03 14:47:34,999 - db_control.database - INFO - Table sample column consistency checked successfully!
2023-06-03 14:47:35,057 - db_control.database - INFO - Table performance already exists on server, checking column consistency...
2023-06-03 14:47:35,116 - db_control.database - INFO - Table performance column consistency checked successfully!
2023-06-03 14:47:39,414 - db_control.database - INFO - Database acidic_oer_IrRuNi connected successfully!
2023-06-03 14:47:39,414 - db_control.database - INFO - Database acidic_oer_IrRuNi connected successfully!
2023-06-03 14:47:39,513 - db_control.database - INFO - Table recipe already exists on server, checking column consistency...
2023-06-03 14:47:39,513 - db_control.database - INFO - Table recipe already exists on server, checking column consistency...
2023-06-03 14:47:39,566 - db_control.database - INFO - Table recipe column consistency checked successfully!
2023-06-03 14:47:39,566 - db_control.database - INFO - Table recipe column consistency checked successfully!
2023-06-03 14:47:39,625 - db_control.database - INFO - Table sample already exists on server, checking column consistency...
2023-06-03 14:47:39,625 - db_control.database - INFO - Table sample already exists on server, checking column consistency...
2023-06-03 14:47:39,691 - db_control.database - INFO - Table sample column consistency checked successfully!
2023-06-03 14:47:39,691 - db_control.database - INFO - Table sample column consistency checked successfully!
2023-06-03 14:47:39,749 - db_control.database - INFO - Table performance already exists on server, checking column consistency...
2023-06-03 14:47:39,749 - db_control.database - INFO - Table performance already exists on server, checking column consistency...
2023-06-03 14:47:39,819 - db_control.database - INFO - Table performance column consistency checked successfully!
2023-06-03 14:47:39,819 - db_control.database - INFO - Table performance column consistency checked successfully!
2023-06-03 14:48:57,872 - db_control.database - INFO - Database acidic_oer_IrRuNi connected successfully!
2023-06-03 14:48:57,872 - db_control.database - INFO - Database acidic_oer_IrRuNi connected successfully!
2023-06-03 14:48:57,872 - db_control.database - INFO - Database acidic_oer_IrRuNi connected successfully!
2023-06-03 14:48:57,969 - db_control.database - INFO - Table recipe already exists on server, checking column consistency...
2023-06-03 14:48:57,969 - db_control.database - INFO - Table recipe already exists on server, checking column consistency...
2023-06-03 14:48:57,969 - db_control.database - INFO - Table recipe already exists on server, checking column consistency...
2023-06-03 14:48:58,030 - db_control.database - INFO - Table recipe column consistency checked successfully!
2023-06-03 14:48:58,030 - db_control.database - INFO - Table recipe column consistency checked successfully!
2023-06-03 14:48:58,030 - db_control.database - INFO - Table recipe column consistency checked successfully!
2023-06-03 14:48:58,142 - db_control.database - INFO - Table sample already exists on server, checking column consistency...
2023-06-03 14:48:58,142 - db_control.database - INFO - Table sample already exists on server, checking column consistency...
2023-06-03 14:48:58,142 - db_control.database - INFO - Table sample already exists on server, checking column consistency...
2023-06-03 14:48:58,213 - db_control.database - INFO - Table sample column consistency checked successfully!
2023-06-03 14:48:58,213 - db_control.database - INFO - Table sample column consistency checked successfully!
2023-06-03 14:48:58,213 - db_control.database - INFO - Table sample column consistency checked successfully!
2023-06-03 14:48:58,306 - db_control.database - INFO - Table performance already exists on server, checking column consistency...
2023-06-03 14:48:58,306 - db_control.database - INFO - Table performance already exists on server, checking column consistency...
2023-06-03 14:48:58,306 - db_control.database - INFO - Table performance already exists on server, checking column consistency...
2023-06-03 14:48:58,390 - db_control.database - INFO - Table performance column consistency checked successfully!
2023-06-03 14:48:58,390 - db_control.database - INFO - Table performance column consistency checked successfully!
2023-06-03 14:48:58,390 - db_control.database - INFO - Table performance column consistency checked successfully!
2023-06-03 14:50:36,985 - db_control.database - INFO - Database acidic_oer_IrRuNi connected successfully!
2023-06-03 14:50:36,985 - db_control.database - INFO - Database acidic_oer_IrRuNi connected successfully!
2023-06-03 14:50:36,985 - db_control.database - INFO - Database acidic_oer_IrRuNi connected successfully!
2023-06-03 14:50:36,985 - db_control.database - INFO - Database acidic_oer_IrRuNi connected successfully!
2023-06-03 14:50:37,087 - db_control.database - INFO - Table recipe already exists on server, checking column consistency...
2023-06-03 14:50:37,087 - db_control.database - INFO - Table recipe already exists on server, checking column consistency...
2023-06-03 14:50:37,087 - db_control.database - INFO - Table recipe already exists on server, checking column consistency...
2023-06-03 14:50:37,087 - db_control.database - INFO - Table recipe already exists on server, checking column consistency...
2023-06-03 14:50:37,153 - db_control.database - INFO - Table recipe column consistency checked successfully!
2023-06-03 14:50:37,153 - db_control.database - INFO - Table recipe column consistency checked successfully!
2023-06-03 14:50:37,153 - db_control.database - INFO - Table recipe column consistency checked successfully!
2023-06-03 14:50:37,153 - db_control.database - INFO - Table recipe column consistency checked successfully!
2023-06-03 14:50:37,219 - db_control.database - INFO - Table sample already exists on server, checking column consistency...
2023-06-03 14:50:37,219 - db_control.database - INFO - Table sample already exists on server, checking column consistency...
2023-06-03 14:50:37,219 - db_control.database - INFO - Table sample already exists on server, checking column consistency...
2023-06-03 14:50:37,219 - db_control.database - INFO - Table sample already exists on server, checking column consistency...
2023-06-03 14:50:37,295 - db_control.database - INFO - Table sample column consistency checked successfully!
2023-06-03 14:50:37,295 - db_control.database - INFO - Table sample column consistency checked successfully!
2023-06-03 14:50:37,295 - db_control.database - INFO - Table sample column consistency checked successfully!
2023-06-03 14:50:37,295 - db_control.database - INFO - Table sample column consistency checked successfully!
2023-06-03 14:50:37,354 - db_control.database - INFO - Table performance already exists on server, checking column consistency...
2023-06-03 14:50:37,354 - db_control.database - INFO - Table performance already exists on server, checking column consistency...
2023-06-03 14:50:37,354 - db_control.database - INFO - Table performance already exists on server, checking column consistency...
2023-06-03 14:50:37,354 - db_control.database - INFO - Table performance already exists on server, checking column consistency...
2023-06-03 14:50:37,412 - db_control.database - INFO - Table performance column consistency checked successfully!
2023-06-03 14:50:37,412 - db_control.database - INFO - Table performance column consistency checked successfully!
2023-06-03 14:50:37,412 - db_control.database - INFO - Table performance column consistency checked successfully!
2023-06-03 14:50:37,412 - db_control.database - INFO - Table performance column consistency checked successfully!
2023-06-03 14:51:36,143 - db_control.database - INFO - Database acidic_oer_IrRuNi connected successfully!
2023-06-03 14:51:36,143 - db_control.database - INFO - Database acidic_oer_IrRuNi connected successfully!
2023-06-03 14:51:36,143 - db_control.database - INFO - Database acidic_oer_IrRuNi connected successfully!
2023-06-03 14:51:36,143 - db_control.database - INFO - Database acidic_oer_IrRuNi connected successfully!
2023-06-03 14:51:36,143 - db_control.database - INFO - Database acidic_oer_IrRuNi connected successfully!
2023-06-03 14:51:36,242 - db_control.database - INFO - Table recipe already exists on server, checking column consistency...
2023-06-03 14:51:36,242 - db_control.database - INFO - Table recipe already exists on server, checking column consistency...
2023-06-03 14:51:36,242 - db_control.database - INFO - Table recipe already exists on server, checking column consistency...
2023-06-03 14:51:36,242 - db_control.database - INFO - Table recipe already exists on server, checking column consistency...
2023-06-03 14:51:36,242 - db_control.database - INFO - Table recipe already exists on server, checking column consistency...
2023-06-03 14:51:36,304 - db_control.database - INFO - Table recipe column consistency checked successfully!
2023-06-03 14:51:36,304 - db_control.database - INFO - Table recipe column consistency checked successfully!
2023-06-03 14:51:36,304 - db_control.database - INFO - Table recipe column consistency checked successfully!
2023-06-03 14:51:36,304 - db_control.database - INFO - Table recipe column consistency checked successfully!
2023-06-03 14:51:36,304 - db_control.database - INFO - Table recipe column consistency checked successfully!
2023-06-03 14:51:36,376 - db_control.database - INFO - Table sample already exists on server, checking column consistency...
2023-06-03 14:51:36,376 - db_control.database - INFO - Table sample already exists on server, checking column consistency...
2023-06-03 14:51:36,376 - db_control.database - INFO - Table sample already exists on server, checking column consistency...
2023-06-03 14:51:36,376 - db_control.database - INFO - Table sample already exists on server, checking column consistency...
2023-06-03 14:51:36,376 - db_control.database - INFO - Table sample already exists on server, checking column consistency...
2023-06-03 14:51:36,460 - db_control.database - INFO - Table sample column consistency checked successfully!
2023-06-03 14:51:36,460 - db_control.database - INFO - Table sample column consistency checked successfully!
2023-06-03 14:51:36,460 - db_control.database - INFO - Table sample column consistency checked successfully!
2023-06-03 14:51:36,460 - db_control.database - INFO - Table sample column consistency checked successfully!
2023-06-03 14:51:36,460 - db_control.database - INFO - Table sample column consistency checked successfully!
2023-06-03 14:51:36,521 - db_control.database - INFO - Table performance already exists on server, checking column consistency...
2023-06-03 14:51:36,521 - db_control.database - INFO - Table performance already exists on server, checking column consistency...
2023-06-03 14:51:36,521 - db_control.database - INFO - Table performance already exists on server, checking column consistency...
2023-06-03 14:51:36,521 - db_control.database - INFO - Table performance already exists on server, checking column consistency...
2023-06-03 14:51:36,521 - db_control.database - INFO - Table performance already exists on server, checking column consistency...
2023-06-03 14:51:36,577 - db_control.database - INFO - Table performance column consistency checked successfully!
2023-06-03 14:51:36,577 - db_control.database - INFO - Table performance column consistency checked successfully!
2023-06-03 14:51:36,577 - db_control.database - INFO - Table performance column consistency checked successfully!
2023-06-03 14:51:36,577 - db_control.database - INFO - Table performance column consistency checked successfully!
2023-06-03 14:51:36,577 - db_control.database - INFO - Table performance column consistency checked successfully!
2023-06-03 17:32:49,431 - db_control.database - INFO - Database acidic_oer_IrRuNi connected successfully!
2023-06-03 17:32:49,431 - db_control.database - INFO - Database acidic_oer_IrRuNi connected successfully!
2023-06-03 17:32:49,431 - db_control.database - INFO - Database acidic_oer_IrRuNi connected successfully!
2023-06-03 17:32:49,431 - db_control.database - INFO - Database acidic_oer_IrRuNi connected successfully!
2023-06-03 17:32:49,431 - db_control.database - INFO - Database acidic_oer_IrRuNi connected successfully!
2023-06-03 17:32:49,431 - db_control.database - INFO - Database acidic_oer_IrRuNi connected successfully!
2023-06-03 17:32:49,510 - db_control.database - INFO - Table recipe already exists on server, checking column consistency...
2023-06-03 17:32:49,510 - db_control.database - INFO - Table recipe already exists on server, checking column consistency...
2023-06-03 17:32:49,510 - db_control.database - INFO - Table recipe already exists on server, checking column consistency...
2023-06-03 17:32:49,510 - db_control.database - INFO - Table recipe already exists on server, checking column consistency...
2023-06-03 17:32:49,510 - db_control.database - INFO - Table recipe already exists on server, checking column consistency...
2023-06-03 17:32:49,510 - db_control.database - INFO - Table recipe already exists on server, checking column consistency...
2023-06-03 17:32:49,568 - db_control.database - INFO - Table recipe column consistency checked successfully!
2023-06-03 17:32:49,568 - db_control.database - INFO - Table recipe column consistency checked successfully!
2023-06-03 17:32:49,568 - db_control.database - INFO - Table recipe column consistency checked successfully!
2023-06-03 17:32:49,568 - db_control.database - INFO - Table recipe column consistency checked successfully!
2023-06-03 17:32:49,568 - db_control.database - INFO - Table recipe column consistency checked successfully!
2023-06-03 17:32:49,568 - db_control.database - INFO - Table recipe column consistency checked successfully!
2023-06-03 17:32:49,628 - db_control.database - INFO - Table sample already exists on server, checking column consistency...
2023-06-03 17:32:49,628 - db_control.database - INFO - Table sample already exists on server, checking column consistency...
2023-06-03 17:32:49,628 - db_control.database - INFO - Table sample already exists on server, checking column consistency...
2023-06-03 17:32:49,628 - db_control.database - INFO - Table sample already exists on server, checking column consistency...
2023-06-03 17:32:49,628 - db_control.database - INFO - Table sample already exists on server, checking column consistency...
2023-06-03 17:32:49,628 - db_control.database - INFO - Table sample already exists on server, checking column consistency...
2023-06-03 17:32:49,688 - db_control.database - INFO - Table sample column consistency checked successfully!
2023-06-03 17:32:49,688 - db_control.database - INFO - Table sample column consistency checked successfully!
2023-06-03 17:32:49,688 - db_control.database - INFO - Table sample column consistency checked successfully!
2023-06-03 17:32:49,688 - db_control.database - INFO - Table sample column consistency checked successfully!
2023-06-03 17:32:49,688 - db_control.database - INFO - Table sample column consistency checked successfully!
2023-06-03 17:32:49,688 - db_control.database - INFO - Table sample column consistency checked successfully!
2023-06-03 17:32:49,746 - db_control.database - INFO - Table performance already exists on server, checking column consistency...
2023-06-03 17:32:49,746 - db_control.database - INFO - Table performance already exists on server, checking column consistency...
2023-06-03 17:32:49,746 - db_control.database - INFO - Table performance already exists on server, checking column consistency...
2023-06-03 17:32:49,746 - db_control.database - INFO - Table performance already exists on server, checking column consistency...
2023-06-03 17:32:49,746 - db_control.database - INFO - Table performance already exists on server, checking column consistency...
2023-06-03 17:32:49,746 - db_control.database - INFO - Table performance already exists on server, checking column consistency...
2023-06-03 17:32:49,805 - db_control.database - INFO - Table performance column consistency checked successfully!
2023-06-03 17:32:49,805 - db_control.database - INFO - Table performance column consistency checked successfully!
2023-06-03 17:32:49,805 - db_control.database - INFO - Table performance column consistency checked successfully!
2023-06-03 17:32:49,805 - db_control.database - INFO - Table performance column consistency checked successfully!
2023-06-03 17:32:49,805 - db_control.database - INFO - Table performance column consistency checked successfully!
2023-06-03 17:32:49,805 - db_control.database - INFO - Table performance column consistency checked successfully!
2023-06-03 17:33:41,535 - db_control.database - INFO - Database acidic_oer_IrRuNi connected successfully!
2023-06-03 17:33:41,535 - db_control.database - INFO - Database acidic_oer_IrRuNi connected successfully!
2023-06-03 17:33:41,535 - db_control.database - INFO - Database acidic_oer_IrRuNi connected successfully!
2023-06-03 17:33:41,535 - db_control.database - INFO - Database acidic_oer_IrRuNi connected successfully!
2023-06-03 17:33:41,535 - db_control.database - INFO - Database acidic_oer_IrRuNi connected successfully!
2023-06-03 17:33:41,535 - db_control.database - INFO - Database acidic_oer_IrRuNi connected successfully!
2023-06-03 17:33:41,535 - db_control.database - INFO - Database acidic_oer_IrRuNi connected successfully!
2023-06-03 17:33:41,628 - db_control.database - INFO - Table recipe already exists on server, checking column consistency...
2023-06-03 17:33:41,628 - db_control.database - INFO - Table recipe already exists on server, checking column consistency...
2023-06-03 17:33:41,628 - db_control.database - INFO - Table recipe already exists on server, checking column consistency...
2023-06-03 17:33:41,628 - db_control.database - INFO - Table recipe already exists on server, checking column consistency...
2023-06-03 17:33:41,628 - db_control.database - INFO - Table recipe already exists on server, checking column consistency...
2023-06-03 17:33:41,628 - db_control.database - INFO - Table recipe already exists on server, checking column consistency...
2023-06-03 17:33:41,628 - db_control.database - INFO - Table recipe already exists on server, checking column consistency...
2023-06-03 17:33:41,684 - db_control.database - INFO - Table recipe column consistency checked successfully!
2023-06-03 17:33:41,684 - db_control.database - INFO - Table recipe column consistency checked successfully!
2023-06-03 17:33:41,684 - db_control.database - INFO - Table recipe column consistency checked successfully!
2023-06-03 17:33:41,684 - db_control.database - INFO - Table recipe column consistency checked successfully!
2023-06-03 17:33:41,684 - db_control.database - INFO - Table recipe column consistency checked successfully!
2023-06-03 17:33:41,684 - db_control.database - INFO - Table recipe column consistency checked successfully!
2023-06-03 17:33:41,684 - db_control.database - INFO - Table recipe column consistency checked successfully!
2023-06-03 17:33:41,740 - db_control.database - INFO - Table sample already exists on server, checking column consistency...
2023-06-03 17:33:41,740 - db_control.database - INFO - Table sample already exists on server, checking column consistency...
2023-06-03 17:33:41,740 - db_control.database - INFO - Table sample already exists on server, checking column consistency...
2023-06-03 17:33:41,740 - db_control.database - INFO - Table sample already exists on server, checking column consistency...
2023-06-03 17:33:41,740 - db_control.database - INFO - Table sample already exists on server, checking column consistency...
2023-06-03 17:33:41,740 - db_control.database - INFO - Table sample already exists on server, checking column consistency...
2023-06-03 17:33:41,740 - db_control.database - INFO - Table sample already exists on server, checking column consistency...
2023-06-03 17:33:41,806 - db_control.database - INFO - Table sample column consistency checked successfully!
2023-06-03 17:33:41,806 - db_control.database - INFO - Table sample column consistency checked successfully!
2023-06-03 17:33:41,806 - db_control.database - INFO - Table sample column consistency checked successfully!
2023-06-03 17:33:41,806 - db_control.database - INFO - Table sample column consistency checked successfully!
2023-06-03 17:33:41,806 - db_control.database - INFO - Table sample column consistency checked successfully!
2023-06-03 17:33:41,806 - db_control.database - INFO - Table sample column consistency checked successfully!
2023-06-03 17:33:41,806 - db_control.database - INFO - Table sample column consistency checked successfully!
2023-06-03 17:33:41,882 - db_control.database - INFO - Table performance already exists on server, checking column consistency...
2023-06-03 17:33:41,882 - db_control.database - INFO - Table performance already exists on server, checking column consistency...
2023-06-03 17:33:41,882 - db_control.database - INFO - Table performance already exists on server, checking column consistency...
2023-06-03 17:33:41,882 - db_control.database - INFO - Table performance already exists on server, checking column consistency...
2023-06-03 17:33:41,882 - db_control.database - INFO - Table performance already exists on server, checking column consistency...
2023-06-03 17:33:41,882 - db_control.database - INFO - Table performance already exists on server, checking column consistency...
2023-06-03 17:33:41,882 - db_control.database - INFO - Table performance already exists on server, checking column consistency...
2023-06-03 17:33:41,959 - db_control.database - INFO - Table performance column consistency checked successfully!
2023-06-03 17:33:41,959 - db_control.database - INFO - Table performance column consistency checked successfully!
2023-06-03 17:33:41,959 - db_control.database - INFO - Table performance column consistency checked successfully!
2023-06-03 17:33:41,959 - db_control.database - INFO - Table performance column consistency checked successfully!
2023-06-03 17:33:41,959 - db_control.database - INFO - Table performance column consistency checked successfully!
2023-06-03 17:33:41,959 - db_control.database - INFO - Table performance column consistency checked successfully!
2023-06-03 17:33:41,959 - db_control.database - INFO - Table performance column consistency checked successfully!
2023-06-03 17:40:40,207 - db_control.database - INFO - Database acidic_oer_IrRuNi connected successfully!
2023-06-03 17:40:40,207 - db_control.database - INFO - Database acidic_oer_IrRuNi connected successfully!
2023-06-03 17:40:40,207 - db_control.database - INFO - Database acidic_oer_IrRuNi connected successfully!
2023-06-03 17:40:40,207 - db_control.database - INFO - Database acidic_oer_IrRuNi connected successfully!
2023-06-03 17:40:40,207 - db_control.database - INFO - Database acidic_oer_IrRuNi connected successfully!
2023-06-03 17:40:40,207 - db_control.database - INFO - Database acidic_oer_IrRuNi connected successfully!
2023-06-03 17:40:40,207 - db_control.database - INFO - Database acidic_oer_IrRuNi connected successfully!
2023-06-03 17:40:40,207 - db_control.database - INFO - Database acidic_oer_IrRuNi connected successfully!
2023-06-03 17:40:40,288 - db_control.database - INFO - Table recipe already exists on server, checking column consistency...
2023-06-03 17:40:40,288 - db_control.database - INFO - Table recipe already exists on server, checking column consistency...
2023-06-03 17:40:40,288 - db_control.database - INFO - Table recipe already exists on server, checking column consistency...
2023-06-03 17:40:40,288 - db_control.database - INFO - Table recipe already exists on server, checking column consistency...
2023-06-03 17:40:40,288 - db_control.database - INFO - Table recipe already exists on server, checking column consistency...
2023-06-03 17:40:40,288 - db_control.database - INFO - Table recipe already exists on server, checking column consistency...
2023-06-03 17:40:40,288 - db_control.database - INFO - Table recipe already exists on server, checking column consistency...
2023-06-03 17:40:40,288 - db_control.database - INFO - Table recipe already exists on server, checking column consistency...
2023-06-03 17:40:40,347 - db_control.database - INFO - Table recipe column consistency checked successfully!
2023-06-03 17:40:40,347 - db_control.database - INFO - Table recipe column consistency checked successfully!
2023-06-03 17:40:40,347 - db_control.database - INFO - Table recipe column consistency checked successfully!
2023-06-03 17:40:40,347 - db_control.database - INFO - Table recipe column consistency checked successfully!
2023-06-03 17:40:40,347 - db_control.database - INFO - Table recipe column consistency checked successfully!
2023-06-03 17:40:40,347 - db_control.database - INFO - Table recipe column consistency checked successfully!
2023-06-03 17:40:40,347 - db_control.database - INFO - Table recipe column consistency checked successfully!
2023-06-03 17:40:40,347 - db_control.database - INFO - Table recipe column consistency checked successfully!
2023-06-03 17:40:40,404 - db_control.database - INFO - Table sample already exists on server, checking column consistency...
2023-06-03 17:40:40,404 - db_control.database - INFO - Table sample already exists on server, checking column consistency...
2023-06-03 17:40:40,404 - db_control.database - INFO - Table sample already exists on server, checking column consistency...
2023-06-03 17:40:40,404 - db_control.database - INFO - Table sample already exists on server, checking column consistency...
2023-06-03 17:40:40,404 - db_control.database - INFO - Table sample already exists on server, checking column consistency...
2023-06-03 17:40:40,404 - db_control.database - INFO - Table sample already exists on server, checking column consistency...
2023-06-03 17:40:40,404 - db_control.database - INFO - Table sample already exists on server, checking column consistency...
2023-06-03 17:40:40,404 - db_control.database - INFO - Table sample already exists on server, checking column consistency...
2023-06-03 17:40:40,461 - db_control.database - INFO - Table sample column consistency checked successfully!
2023-06-03 17:40:40,461 - db_control.database - INFO - Table sample column consistency checked successfully!
2023-06-03 17:40:40,461 - db_control.database - INFO - Table sample column consistency checked successfully!
2023-06-03 17:40:40,461 - db_control.database - INFO - Table sample column consistency checked successfully!
2023-06-03 17:40:40,461 - db_control.database - INFO - Table sample column consistency checked successfully!
2023-06-03 17:40:40,461 - db_control.database - INFO - Table sample column consistency checked successfully!
2023-06-03 17:40:40,461 - db_control.database - INFO - Table sample column consistency checked successfully!
2023-06-03 17:40:40,461 - db_control.database - INFO - Table sample column consistency checked successfully!
2023-06-03 17:40:40,520 - db_control.database - INFO - Table performance already exists on server, checking column consistency...
2023-06-03 17:40:40,520 - db_control.database - INFO - Table performance already exists on server, checking column consistency...
2023-06-03 17:40:40,520 - db_control.database - INFO - Table performance already exists on server, checking column consistency...
2023-06-03 17:40:40,520 - db_control.database - INFO - Table performance already exists on server, checking column consistency...
2023-06-03 17:40:40,520 - db_control.database - INFO - Table performance already exists on server, checking column consistency...
2023-06-03 17:40:40,520 - db_control.database - INFO - Table performance already exists on server, checking column consistency...
2023-06-03 17:40:40,520 - db_control.database - INFO - Table performance already exists on server, checking column consistency...
2023-06-03 17:40:40,520 - db_control.database - INFO - Table performance already exists on server, checking column consistency...
2023-06-03 17:40:40,576 - db_control.database - INFO - Table performance column consistency checked successfully!
2023-06-03 17:40:40,576 - db_control.database - INFO - Table performance column consistency checked successfully!
2023-06-03 17:40:40,576 - db_control.database - INFO - Table performance column consistency checked successfully!
2023-06-03 17:40:40,576 - db_control.database - INFO - Table performance column consistency checked successfully!
2023-06-03 17:40:40,576 - db_control.database - INFO - Table performance column consistency checked successfully!
2023-06-03 17:40:40,576 - db_control.database - INFO - Table performance column consistency checked successfully!
2023-06-03 17:40:40,576 - db_control.database - INFO - Table performance column consistency checked successfully!
2023-06-03 17:40:40,576 - db_control.database - INFO - Table performance column consistency checked successfully!
2023-06-03 17:42:57,537 - db_control.database - INFO - Database acidic_oer_IrRuNi connected successfully!
2023-06-03 17:42:57,630 - db_control.database - INFO - Table recipe already exists on server, checking column consistency...
2023-06-03 17:42:57,688 - db_control.database - INFO - Table recipe column consistency checked successfully!
2023-06-03 17:42:57,744 - db_control.database - INFO - Table sample already exists on server, checking column consistency...
2023-06-03 17:42:57,801 - db_control.database - INFO - Table sample column consistency checked successfully!
2023-06-03 17:42:57,858 - db_control.database - INFO - Table performance already exists on server, checking column consistency...
2023-06-03 17:42:57,914 - db_control.database - INFO - Table performance column consistency checked successfully!
2023-06-03 17:43:01,508 - db_control.database - INFO - Database acidic_oer_IrRuNi connected successfully!
2023-06-03 17:43:01,508 - db_control.database - INFO - Database acidic_oer_IrRuNi connected successfully!
2023-06-03 17:43:01,600 - db_control.database - INFO - Table recipe already exists on server, checking column consistency...
2023-06-03 17:43:01,600 - db_control.database - INFO - Table recipe already exists on server, checking column consistency...
2023-06-03 17:43:01,656 - db_control.database - INFO - Table recipe column consistency checked successfully!
2023-06-03 17:43:01,656 - db_control.database - INFO - Table recipe column consistency checked successfully!
2023-06-03 17:43:01,713 - db_control.database - INFO - Table sample already exists on server, checking column consistency...
2023-06-03 17:43:01,713 - db_control.database - INFO - Table sample already exists on server, checking column consistency...
2023-06-03 17:43:01,772 - db_control.database - INFO - Table sample column consistency checked successfully!
2023-06-03 17:43:01,772 - db_control.database - INFO - Table sample column consistency checked successfully!
2023-06-03 17:43:01,828 - db_control.database - INFO - Table performance already exists on server, checking column consistency...
2023-06-03 17:43:01,828 - db_control.database - INFO - Table performance already exists on server, checking column consistency...
2023-06-03 17:43:01,887 - db_control.database - INFO - Table performance column consistency checked successfully!
2023-06-03 17:43:01,887 - db_control.database - INFO - Table performance column consistency checked successfully!
2023-06-03 17:44:01,392 - db_control.database - INFO - Database acidic_oer_IrRuNi connected successfully!
2023-06-03 17:44:01,505 - db_control.database - INFO - Table recipe already exists on server, checking column consistency...
2023-06-03 17:44:01,583 - db_control.database - INFO - Table recipe column consistency checked successfully!
2023-06-03 17:44:01,640 - db_control.database - INFO - Table sample already exists on server, checking column consistency...
2023-06-03 17:44:01,697 - db_control.database - INFO - Table sample column consistency checked successfully!
2023-06-03 17:44:01,755 - db_control.database - INFO - Table performance already exists on server, checking column consistency...
2023-06-03 17:44:01,815 - db_control.database - INFO - Table performance column consistency checked successfully!
2023-06-03 17:44:03,741 - db_control.database - INFO - Database acidic_oer_IrRuNi connected successfully!
2023-06-03 17:44:03,741 - db_control.database - INFO - Database acidic_oer_IrRuNi connected successfully!
2023-06-03 17:44:03,816 - db_control.database - INFO - Table recipe already exists on server, checking column consistency...
2023-06-03 17:44:03,816 - db_control.database - INFO - Table recipe already exists on server, checking column consistency...
2023-06-03 17:44:03,875 - db_control.database - INFO - Table recipe column consistency checked successfully!
2023-06-03 17:44:03,875 - db_control.database - INFO - Table recipe column consistency checked successfully!
2023-06-03 17:44:03,931 - db_control.database - INFO - Table sample already exists on server, checking column consistency...
2023-06-03 17:44:03,931 - db_control.database - INFO - Table sample already exists on server, checking column consistency...
2023-06-03 17:44:03,989 - db_control.database - INFO - Table sample column consistency checked successfully!
2023-06-03 17:44:03,989 - db_control.database - INFO - Table sample column consistency checked successfully!
2023-06-03 17:44:04,046 - db_control.database - INFO - Table performance already exists on server, checking column consistency...
2023-06-03 17:44:04,046 - db_control.database - INFO - Table performance already exists on server, checking column consistency...
2023-06-03 17:44:04,102 - db_control.database - INFO - Table performance column consistency checked successfully!
2023-06-03 17:44:04,102 - db_control.database - INFO - Table performance column consistency checked successfully!
