2024-05-26 17:46:32,133[85098] - Database - WARNING - Database Thomas_battery_PBSi does not exist yet, creating now...
2024-05-26 17:46:32,258[85098] - Database - INFO - Database Thomas_battery_PBSi connected successfully!
2024-05-26 17:46:32,279[85098] - Database - INFO - Schema active_learning created successfully!
2024-05-26 17:46:32,285[85098] - Database - INFO - Schema botorch created successfully!
2024-05-26 17:46:32,292[85098] - Database - INFO - Schema test_raw_data created successfully!
2024-05-26 17:46:32,295[85098] - Database - WARNING - Table recipe does not exist on server yet, creating now...
2024-05-26 17:46:32,324[85098] - Database - INFO - Table recipe created on server successfully!
2024-05-26 17:46:32,342[85098] - Database - WARNING - Table sample does not exist on server yet, creating now...
2024-05-26 17:46:32,379[85098] - Database - INFO - Table sample created on server successfully!
2024-05-26 17:46:32,404[85098] - Database - WARNING - Table performance does not exist on server yet, creating now...
2024-05-26 17:46:32,448[85098] - Database - INFO - Table performance created on server successfully!
2024-05-26 17:48:10,274[85098] - Database - INFO - Database Thomas_battery_PBSi connected successfully!
2024-05-26 17:48:10,274[85098] - Database - INFO - Database Thomas_battery_PBSi connected successfully!
2024-05-26 17:48:10,285[85098] - Database - INFO - Schema active_learning created successfully!
2024-05-26 17:48:10,285[85098] - Database - INFO - Schema active_learning created successfully!
2024-05-26 17:48:10,287[85098] - Database - INFO - Schema botorch created successfully!
2024-05-26 17:48:10,287[85098] - Database - INFO - Schema botorch created successfully!
2024-05-26 17:48:10,288[85098] - Database - INFO - Schema test_raw_data created successfully!
2024-05-26 17:48:10,288[85098] - Database - INFO - Schema test_raw_data created successfully!
2024-05-26 17:48:10,326[85098] - Database - INFO - Table recipe already exists on server, checking column consistency...
2024-05-26 17:48:10,326[85098] - Database - INFO - Table recipe already exists on server, checking column consistency...
2024-05-26 17:48:10,356[85098] - Database - INFO - Table recipe column consistency checked successfully!
2024-05-26 17:48:10,356[85098] - Database - INFO - Table recipe column consistency checked successfully!
2024-05-26 17:48:10,388[85098] - Database - INFO - Table sample already exists on server, checking column consistency...
2024-05-26 17:48:10,388[85098] - Database - INFO - Table sample already exists on server, checking column consistency...
2024-05-26 17:48:10,418[85098] - Database - INFO - Table sample column consistency checked successfully!
2024-05-26 17:48:10,418[85098] - Database - INFO - Table sample column consistency checked successfully!
2024-05-26 17:48:10,450[85098] - Database - INFO - Table performance already exists on server, checking column consistency...
2024-05-26 17:48:10,450[85098] - Database - INFO - Table performance already exists on server, checking column consistency...
2024-05-26 17:48:10,480[85098] - Database - INFO - Table performance column consistency checked successfully!
2024-05-26 17:48:10,480[85098] - Database - INFO - Table performance column consistency checked successfully!
2024-05-26 18:08:42,583[85615] - Database - INFO - Database Thomas_battery_PBSi connected successfully!
2024-05-26 18:08:42,596[85615] - Database - INFO - Schema active_learning created successfully!
2024-05-26 18:08:42,597[85615] - Database - INFO - Schema botorch created successfully!
2024-05-26 18:08:42,599[85615] - Database - INFO - Schema test_raw_data created successfully!
2024-05-26 18:08:42,651[85615] - Database - INFO - Table recipe already exists on server, checking column consistency...
2024-05-26 18:08:42,681[85615] - Database - INFO - Table recipe column consistency checked successfully!
2024-05-26 18:08:42,709[85615] - Database - INFO - Table sample already exists on server, checking column consistency...
2024-05-26 18:08:42,736[85615] - Database - INFO - Table sample column consistency checked successfully!
2024-05-26 18:08:42,766[85615] - Database - INFO - Table performance already exists on server, checking column consistency...
2024-05-26 18:08:42,799[85615] - Database - INFO - Table performance column consistency checked successfully!
2024-05-26 18:08:42,835[85615] - Database - WARNING - full table view created
2024-05-26 18:08:50,033[85615] - Database - INFO - Database Thomas_battery_PBSi connected successfully!
2024-05-26 18:08:50,033[85615] - Database - INFO - Database Thomas_battery_PBSi connected successfully!
2024-05-26 18:08:50,044[85615] - Database - INFO - Schema active_learning created successfully!
2024-05-26 18:08:50,044[85615] - Database - INFO - Schema active_learning created successfully!
2024-05-26 18:08:50,045[85615] - Database - INFO - Schema botorch created successfully!
2024-05-26 18:08:50,045[85615] - Database - INFO - Schema botorch created successfully!
2024-05-26 18:08:50,047[85615] - Database - INFO - Schema test_raw_data created successfully!
2024-05-26 18:08:50,047[85615] - Database - INFO - Schema test_raw_data created successfully!
2024-05-26 18:08:50,083[85615] - Database - INFO - Table recipe already exists on server, checking column consistency...
2024-05-26 18:08:50,083[85615] - Database - INFO - Table recipe already exists on server, checking column consistency...
2024-05-26 18:08:50,111[85615] - Database - INFO - Table recipe column consistency checked successfully!
2024-05-26 18:08:50,111[85615] - Database - INFO - Table recipe column consistency checked successfully!
2024-05-26 18:08:50,138[85615] - Database - INFO - Table sample already exists on server, checking column consistency...
2024-05-26 18:08:50,138[85615] - Database - INFO - Table sample already exists on server, checking column consistency...
2024-05-26 18:08:50,167[85615] - Database - INFO - Table sample column consistency checked successfully!
2024-05-26 18:08:50,167[85615] - Database - INFO - Table sample column consistency checked successfully!
2024-05-26 18:08:50,195[85615] - Database - INFO - Table performance already exists on server, checking column consistency...
2024-05-26 18:08:50,195[85615] - Database - INFO - Table performance already exists on server, checking column consistency...
2024-05-26 18:08:50,222[85615] - Database - INFO - Table performance column consistency checked successfully!
2024-05-26 18:08:50,222[85615] - Database - INFO - Table performance column consistency checked successfully!
2024-05-26 20:50:52,668[88319] - Database - INFO - Database Thomas_battery_PBSi connected successfully!
2024-05-26 20:50:52,687[88319] - Database - INFO - Schema active_learning created successfully!
2024-05-26 20:50:52,689[88319] - Database - INFO - Schema botorch created successfully!
2024-05-26 20:50:52,691[88319] - Database - INFO - Schema test_raw_data created successfully!
2024-05-26 20:50:52,728[88319] - Database - INFO - Table recipe already exists on server, checking column consistency...
2024-05-26 20:50:52,773[88319] - Database - INFO - Table recipe column consistency checked successfully!
2024-05-26 20:50:52,816[88319] - Database - INFO - Table sample already exists on server, checking column consistency...
2024-05-26 20:50:52,852[88319] - Database - INFO - Table sample column consistency checked successfully!
2024-05-26 20:50:52,884[88319] - Database - INFO - Table performance already exists on server, checking column consistency...
2024-05-26 20:50:52,912[88319] - Database - INFO - Table performance column consistency checked successfully!
2024-05-26 20:50:53,544[88319] - Database - INFO - Database Thomas_battery_PBSi connected successfully!
2024-05-26 20:50:53,544[88319] - Database - INFO - Database Thomas_battery_PBSi connected successfully!
2024-05-26 20:50:53,557[88319] - Database - INFO - Schema active_learning created successfully!
2024-05-26 20:50:53,557[88319] - Database - INFO - Schema active_learning created successfully!
2024-05-26 20:50:53,558[88319] - Database - INFO - Schema botorch created successfully!
2024-05-26 20:50:53,558[88319] - Database - INFO - Schema botorch created successfully!
2024-05-26 20:50:53,560[88319] - Database - INFO - Schema test_raw_data created successfully!
2024-05-26 20:50:53,560[88319] - Database - INFO - Schema test_raw_data created successfully!
2024-05-26 20:50:53,595[88319] - Database - INFO - Table recipe already exists on server, checking column consistency...
2024-05-26 20:50:53,595[88319] - Database - INFO - Table recipe already exists on server, checking column consistency...
2024-05-26 20:50:53,624[88319] - Database - INFO - Table recipe column consistency checked successfully!
2024-05-26 20:50:53,624[88319] - Database - INFO - Table recipe column consistency checked successfully!
2024-05-26 20:50:53,653[88319] - Database - INFO - Table sample already exists on server, checking column consistency...
2024-05-26 20:50:53,653[88319] - Database - INFO - Table sample already exists on server, checking column consistency...
2024-05-26 20:50:53,683[88319] - Database - INFO - Table sample column consistency checked successfully!
2024-05-26 20:50:53,683[88319] - Database - INFO - Table sample column consistency checked successfully!
2024-05-26 20:50:53,712[88319] - Database - INFO - Table performance already exists on server, checking column consistency...
2024-05-26 20:50:53,712[88319] - Database - INFO - Table performance already exists on server, checking column consistency...
2024-05-26 20:50:53,741[88319] - Database - INFO - Table performance column consistency checked successfully!
2024-05-26 20:50:53,741[88319] - Database - INFO - Table performance column consistency checked successfully!
2024-05-26 20:53:04,927[88377] - Database - INFO - Database Thomas_battery_PBSi connected successfully!
2024-05-26 20:53:04,938[88377] - Database - INFO - Schema active_learning created successfully!
2024-05-26 20:53:04,940[88377] - Database - INFO - Schema botorch created successfully!
2024-05-26 20:53:04,941[88377] - Database - INFO - Schema test_raw_data created successfully!
2024-05-26 20:53:04,977[88377] - Database - INFO - Table recipe already exists on server, checking column consistency...
2024-05-26 20:53:05,009[88377] - Database - INFO - Table recipe column consistency checked successfully!
2024-05-26 20:53:05,040[88377] - Database - INFO - Table sample already exists on server, checking column consistency...
2024-05-26 20:53:05,067[88377] - Database - INFO - Table sample column consistency checked successfully!
2024-05-26 20:53:05,095[88377] - Database - INFO - Table performance already exists on server, checking column consistency...
2024-05-26 20:53:05,137[88377] - Database - INFO - Table performance column consistency checked successfully!
2024-05-26 20:56:29,112[88377] - Database - INFO - Database Thomas_battery_PBSi connected successfully!
2024-05-26 20:56:29,112[88377] - Database - INFO - Database Thomas_battery_PBSi connected successfully!
2024-05-26 20:56:29,120[88377] - Database - INFO - Schema active_learning created successfully!
2024-05-26 20:56:29,120[88377] - Database - INFO - Schema active_learning created successfully!
2024-05-26 20:56:29,122[88377] - Database - INFO - Schema botorch created successfully!
2024-05-26 20:56:29,122[88377] - Database - INFO - Schema botorch created successfully!
2024-05-26 20:56:29,124[88377] - Database - INFO - Schema test_raw_data created successfully!
2024-05-26 20:56:29,124[88377] - Database - INFO - Schema test_raw_data created successfully!
2024-05-26 20:56:29,162[88377] - Database - INFO - Table recipe already exists on server, checking column consistency...
2024-05-26 20:56:29,162[88377] - Database - INFO - Table recipe already exists on server, checking column consistency...
2024-05-26 20:56:29,194[88377] - Database - INFO - Table recipe column consistency checked successfully!
2024-05-26 20:56:29,194[88377] - Database - INFO - Table recipe column consistency checked successfully!
2024-05-26 20:56:29,226[88377] - Database - INFO - Table sample already exists on server, checking column consistency...
2024-05-26 20:56:29,226[88377] - Database - INFO - Table sample already exists on server, checking column consistency...
2024-05-26 20:56:29,258[88377] - Database - INFO - Table sample column consistency checked successfully!
2024-05-26 20:56:29,258[88377] - Database - INFO - Table sample column consistency checked successfully!
2024-05-26 20:56:29,288[88377] - Database - INFO - Table performance already exists on server, checking column consistency...
2024-05-26 20:56:29,288[88377] - Database - INFO - Table performance already exists on server, checking column consistency...
2024-05-26 20:56:29,316[88377] - Database - INFO - Table performance column consistency checked successfully!
2024-05-26 20:56:29,316[88377] - Database - INFO - Table performance column consistency checked successfully!
2024-05-26 21:22:32,315[88847] - Database - INFO - Database Thomas_battery_PBSi connected successfully!
2024-05-26 21:22:32,326[88847] - Database - INFO - Schema active_learning created successfully!
2024-05-26 21:22:32,328[88847] - Database - INFO - Schema botorch created successfully!
2024-05-26 21:22:32,329[88847] - Database - INFO - Schema test_raw_data created successfully!
2024-05-26 21:22:32,367[88847] - Database - INFO - Table recipe already exists on server, checking column consistency...
2024-05-26 21:22:32,399[88847] - Database - INFO - Table recipe column consistency checked successfully!
2024-05-26 21:22:32,430[88847] - Database - INFO - Table sample already exists on server, checking column consistency...
2024-05-26 21:22:32,460[88847] - Database - INFO - Table sample column consistency checked successfully!
2024-05-26 21:22:32,492[88847] - Database - INFO - Table performance already exists on server, checking column consistency...
2024-05-26 21:22:32,525[88847] - Database - INFO - Table performance column consistency checked successfully!
2024-05-26 21:22:53,953[88847] - Database - INFO - Database Thomas_battery_PBSi connected successfully!
2024-05-26 21:22:53,953[88847] - Database - INFO - Database Thomas_battery_PBSi connected successfully!
2024-05-26 21:22:53,962[88847] - Database - INFO - Schema active_learning created successfully!
2024-05-26 21:22:53,962[88847] - Database - INFO - Schema active_learning created successfully!
2024-05-26 21:22:53,963[88847] - Database - INFO - Schema botorch created successfully!
2024-05-26 21:22:53,963[88847] - Database - INFO - Schema botorch created successfully!
2024-05-26 21:22:53,965[88847] - Database - INFO - Schema test_raw_data created successfully!
2024-05-26 21:22:53,965[88847] - Database - INFO - Schema test_raw_data created successfully!
2024-05-26 21:22:54,018[88847] - Database - INFO - Table recipe already exists on server, checking column consistency...
2024-05-26 21:22:54,018[88847] - Database - INFO - Table recipe already exists on server, checking column consistency...
2024-05-26 21:22:54,052[88847] - Database - INFO - Table recipe column consistency checked successfully!
2024-05-26 21:22:54,052[88847] - Database - INFO - Table recipe column consistency checked successfully!
2024-05-26 21:22:54,081[88847] - Database - INFO - Table sample already exists on server, checking column consistency...
2024-05-26 21:22:54,081[88847] - Database - INFO - Table sample already exists on server, checking column consistency...
2024-05-26 21:22:54,108[88847] - Database - INFO - Table sample column consistency checked successfully!
2024-05-26 21:22:54,108[88847] - Database - INFO - Table sample column consistency checked successfully!
2024-05-26 21:22:54,135[88847] - Database - INFO - Table performance already exists on server, checking column consistency...
2024-05-26 21:22:54,135[88847] - Database - INFO - Table performance already exists on server, checking column consistency...
2024-05-26 21:22:54,163[88847] - Database - INFO - Table performance column consistency checked successfully!
2024-05-26 21:22:54,163[88847] - Database - INFO - Table performance column consistency checked successfully!
2024-05-26 21:23:41,527[88847] - Database - INFO - Database Thomas_battery_PBSi connected successfully!
2024-05-26 21:23:41,527[88847] - Database - INFO - Database Thomas_battery_PBSi connected successfully!
2024-05-26 21:23:41,527[88847] - Database - INFO - Database Thomas_battery_PBSi connected successfully!
2024-05-26 21:23:41,536[88847] - Database - INFO - Schema active_learning created successfully!
2024-05-26 21:23:41,536[88847] - Database - INFO - Schema active_learning created successfully!
2024-05-26 21:23:41,536[88847] - Database - INFO - Schema active_learning created successfully!
2024-05-26 21:23:41,537[88847] - Database - INFO - Schema botorch created successfully!
2024-05-26 21:23:41,537[88847] - Database - INFO - Schema botorch created successfully!
2024-05-26 21:23:41,537[88847] - Database - INFO - Schema botorch created successfully!
2024-05-26 21:23:41,539[88847] - Database - INFO - Schema test_raw_data created successfully!
2024-05-26 21:23:41,539[88847] - Database - INFO - Schema test_raw_data created successfully!
2024-05-26 21:23:41,539[88847] - Database - INFO - Schema test_raw_data created successfully!
2024-05-26 21:23:41,576[88847] - Database - INFO - Table recipe already exists on server, checking column consistency...
2024-05-26 21:23:41,576[88847] - Database - INFO - Table recipe already exists on server, checking column consistency...
2024-05-26 21:23:41,576[88847] - Database - INFO - Table recipe already exists on server, checking column consistency...
2024-05-26 21:23:41,610[88847] - Database - INFO - Table recipe column consistency checked successfully!
2024-05-26 21:23:41,610[88847] - Database - INFO - Table recipe column consistency checked successfully!
2024-05-26 21:23:41,610[88847] - Database - INFO - Table recipe column consistency checked successfully!
2024-05-26 21:23:41,642[88847] - Database - INFO - Table sample already exists on server, checking column consistency...
2024-05-26 21:23:41,642[88847] - Database - INFO - Table sample already exists on server, checking column consistency...
2024-05-26 21:23:41,642[88847] - Database - INFO - Table sample already exists on server, checking column consistency...
2024-05-26 21:23:41,671[88847] - Database - INFO - Table sample column consistency checked successfully!
2024-05-26 21:23:41,671[88847] - Database - INFO - Table sample column consistency checked successfully!
2024-05-26 21:23:41,671[88847] - Database - INFO - Table sample column consistency checked successfully!
2024-05-26 21:23:41,730[88847] - Database - INFO - Table performance already exists on server, checking column consistency...
2024-05-26 21:23:41,730[88847] - Database - INFO - Table performance already exists on server, checking column consistency...
2024-05-26 21:23:41,730[88847] - Database - INFO - Table performance already exists on server, checking column consistency...
2024-05-26 21:23:41,792[88847] - Database - INFO - Table performance column consistency checked successfully!
2024-05-26 21:23:41,792[88847] - Database - INFO - Table performance column consistency checked successfully!
2024-05-26 21:23:41,792[88847] - Database - INFO - Table performance column consistency checked successfully!
2024-05-28 17:15:50,365[6289] - Database - INFO - Database Thomas_battery_PBSi connected successfully!
2024-05-28 17:15:50,383[6289] - Database - INFO - Schema active_learning created successfully!
2024-05-28 17:15:50,385[6289] - Database - INFO - Schema botorch created successfully!
2024-05-28 17:15:50,386[6289] - Database - INFO - Schema test_raw_data created successfully!
2024-05-28 17:15:50,478[6289] - Database - INFO - Table recipe already exists on server, checking column consistency...
2024-05-28 17:15:50,522[6289] - Database - INFO - Table recipe column consistency checked successfully!
2024-05-28 17:15:50,566[6289] - Database - INFO - Table sample already exists on server, checking column consistency...
2024-05-28 17:15:50,611[6289] - Database - INFO - Table sample column consistency checked successfully!
2024-05-28 17:15:50,657[6289] - Database - INFO - Table performance already exists on server, checking column consistency...
2024-05-28 17:15:50,705[6289] - Database - INFO - Table performance column consistency checked successfully!
2024-05-28 17:16:01,789[6289] - Database - INFO - Database Thomas_battery_PBSi connected successfully!
2024-05-28 17:16:01,789[6289] - Database - INFO - Database Thomas_battery_PBSi connected successfully!
2024-05-28 17:16:01,803[6289] - Database - INFO - Schema active_learning created successfully!
2024-05-28 17:16:01,803[6289] - Database - INFO - Schema active_learning created successfully!
2024-05-28 17:16:01,805[6289] - Database - INFO - Schema botorch created successfully!
2024-05-28 17:16:01,805[6289] - Database - INFO - Schema botorch created successfully!
2024-05-28 17:16:01,806[6289] - Database - INFO - Schema test_raw_data created successfully!
2024-05-28 17:16:01,806[6289] - Database - INFO - Schema test_raw_data created successfully!
2024-05-28 17:16:01,839[6289] - Database - INFO - Table recipe already exists on server, checking column consistency...
2024-05-28 17:16:01,839[6289] - Database - INFO - Table recipe already exists on server, checking column consistency...
2024-05-28 17:16:01,869[6289] - Database - INFO - Table recipe column consistency checked successfully!
2024-05-28 17:16:01,869[6289] - Database - INFO - Table recipe column consistency checked successfully!
2024-05-28 17:16:01,898[6289] - Database - INFO - Table sample already exists on server, checking column consistency...
2024-05-28 17:16:01,898[6289] - Database - INFO - Table sample already exists on server, checking column consistency...
2024-05-28 17:16:01,926[6289] - Database - INFO - Table sample column consistency checked successfully!
2024-05-28 17:16:01,926[6289] - Database - INFO - Table sample column consistency checked successfully!
2024-05-28 17:16:01,954[6289] - Database - INFO - Table performance already exists on server, checking column consistency...
2024-05-28 17:16:01,954[6289] - Database - INFO - Table performance already exists on server, checking column consistency...
2024-05-28 17:16:01,982[6289] - Database - INFO - Table performance column consistency checked successfully!
2024-05-28 17:16:01,982[6289] - Database - INFO - Table performance column consistency checked successfully!
2024-05-28 17:17:22,449[6341] - Database - INFO - Database Thomas_battery_PBSi connected successfully!
2024-05-28 17:17:22,462[6341] - Database - INFO - Schema active_learning created successfully!
2024-05-28 17:17:22,464[6341] - Database - INFO - Schema botorch created successfully!
2024-05-28 17:17:22,465[6341] - Database - INFO - Schema test_raw_data created successfully!
2024-05-28 17:17:22,502[6341] - Database - INFO - Table recipe already exists on server, checking column consistency...
2024-05-28 17:17:22,538[6341] - Database - INFO - Table recipe column consistency checked successfully!
2024-05-28 17:17:22,568[6341] - Database - INFO - Table sample already exists on server, checking column consistency...
2024-05-28 17:17:22,596[6341] - Database - INFO - Table sample column consistency checked successfully!
2024-05-28 17:17:22,624[6341] - Database - INFO - Table performance already exists on server, checking column consistency...
2024-05-28 17:17:22,652[6341] - Database - INFO - Table performance column consistency checked successfully!
2024-05-28 17:18:41,506[6341] - Database - INFO - Database Thomas_battery_PBSi connected successfully!
2024-05-28 17:18:41,506[6341] - Database - INFO - Database Thomas_battery_PBSi connected successfully!
2024-05-28 17:18:41,516[6341] - Database - INFO - Schema active_learning created successfully!
2024-05-28 17:18:41,516[6341] - Database - INFO - Schema active_learning created successfully!
2024-05-28 17:18:41,517[6341] - Database - INFO - Schema botorch created successfully!
2024-05-28 17:18:41,517[6341] - Database - INFO - Schema botorch created successfully!
2024-05-28 17:18:41,519[6341] - Database - INFO - Schema test_raw_data created successfully!
2024-05-28 17:18:41,519[6341] - Database - INFO - Schema test_raw_data created successfully!
2024-05-28 17:18:41,558[6341] - Database - INFO - Table recipe already exists on server, checking column consistency...
2024-05-28 17:18:41,558[6341] - Database - INFO - Table recipe already exists on server, checking column consistency...
2024-05-28 17:18:41,589[6341] - Database - INFO - Table recipe column consistency checked successfully!
2024-05-28 17:18:41,589[6341] - Database - INFO - Table recipe column consistency checked successfully!
2024-05-28 17:18:41,619[6341] - Database - INFO - Table sample already exists on server, checking column consistency...
2024-05-28 17:18:41,619[6341] - Database - INFO - Table sample already exists on server, checking column consistency...
2024-05-28 17:18:41,649[6341] - Database - INFO - Table sample column consistency checked successfully!
2024-05-28 17:18:41,649[6341] - Database - INFO - Table sample column consistency checked successfully!
2024-05-28 17:18:41,679[6341] - Database - INFO - Table performance already exists on server, checking column consistency...
2024-05-28 17:18:41,679[6341] - Database - INFO - Table performance already exists on server, checking column consistency...
2024-05-28 17:18:41,710[6341] - Database - INFO - Table performance column consistency checked successfully!
2024-05-28 17:18:41,710[6341] - Database - INFO - Table performance column consistency checked successfully!
2024-05-28 17:19:28,643[6398] - Database - INFO - Database Thomas_battery_PBSi connected successfully!
2024-05-28 17:19:28,653[6398] - Database - INFO - Schema active_learning created successfully!
2024-05-28 17:19:28,654[6398] - Database - INFO - Schema botorch created successfully!
2024-05-28 17:19:28,656[6398] - Database - INFO - Schema test_raw_data created successfully!
2024-05-28 17:19:28,688[6398] - Database - INFO - Table recipe already exists on server, checking column consistency...
2024-05-28 17:19:28,718[6398] - Database - INFO - Table recipe column consistency checked successfully!
2024-05-28 17:19:28,747[6398] - Database - INFO - Table sample already exists on server, checking column consistency...
2024-05-28 17:19:28,777[6398] - Database - INFO - Table sample column consistency checked successfully!
2024-05-28 17:19:28,807[6398] - Database - INFO - Table performance already exists on server, checking column consistency...
2024-05-28 17:19:28,840[6398] - Database - INFO - Table performance column consistency checked successfully!
2024-05-28 17:19:34,055[6398] - Database - INFO - Database Thomas_battery_PBSi connected successfully!
2024-05-28 17:19:34,055[6398] - Database - INFO - Database Thomas_battery_PBSi connected successfully!
2024-05-28 17:19:34,070[6398] - Database - INFO - Schema active_learning created successfully!
2024-05-28 17:19:34,070[6398] - Database - INFO - Schema active_learning created successfully!
2024-05-28 17:19:34,072[6398] - Database - INFO - Schema botorch created successfully!
2024-05-28 17:19:34,072[6398] - Database - INFO - Schema botorch created successfully!
2024-05-28 17:19:34,073[6398] - Database - INFO - Schema test_raw_data created successfully!
2024-05-28 17:19:34,073[6398] - Database - INFO - Schema test_raw_data created successfully!
2024-05-28 17:19:34,122[6398] - Database - INFO - Table recipe already exists on server, checking column consistency...
2024-05-28 17:19:34,122[6398] - Database - INFO - Table recipe already exists on server, checking column consistency...
2024-05-28 17:19:34,158[6398] - Database - INFO - Table recipe column consistency checked successfully!
2024-05-28 17:19:34,158[6398] - Database - INFO - Table recipe column consistency checked successfully!
2024-05-28 17:19:34,196[6398] - Database - INFO - Table sample already exists on server, checking column consistency...
2024-05-28 17:19:34,196[6398] - Database - INFO - Table sample already exists on server, checking column consistency...
2024-05-28 17:19:34,230[6398] - Database - INFO - Table sample column consistency checked successfully!
2024-05-28 17:19:34,230[6398] - Database - INFO - Table sample column consistency checked successfully!
2024-05-28 17:19:34,274[6398] - Database - INFO - Table performance already exists on server, checking column consistency...
2024-05-28 17:19:34,274[6398] - Database - INFO - Table performance already exists on server, checking column consistency...
2024-05-28 17:19:34,305[6398] - Database - INFO - Table performance column consistency checked successfully!
2024-05-28 17:19:34,305[6398] - Database - INFO - Table performance column consistency checked successfully!
2024-05-28 17:20:22,021[6435] - Database - INFO - Database Thomas_battery_PBSi connected successfully!
2024-05-28 17:20:22,033[6435] - Database - INFO - Schema active_learning created successfully!
2024-05-28 17:20:22,034[6435] - Database - INFO - Schema botorch created successfully!
2024-05-28 17:20:22,036[6435] - Database - INFO - Schema test_raw_data created successfully!
2024-05-28 17:20:22,072[6435] - Database - INFO - Table recipe already exists on server, checking column consistency...
2024-05-28 17:20:22,103[6435] - Database - INFO - Table recipe column consistency checked successfully!
2024-05-28 17:20:22,132[6435] - Database - INFO - Table sample already exists on server, checking column consistency...
2024-05-28 17:20:22,161[6435] - Database - INFO - Table sample column consistency checked successfully!
2024-05-28 17:20:22,188[6435] - Database - INFO - Table performance already exists on server, checking column consistency...
2024-05-28 17:20:22,215[6435] - Database - INFO - Table performance column consistency checked successfully!
2024-05-28 17:21:32,195[6435] - Database - INFO - Database Thomas_battery_PBSi connected successfully!
2024-05-28 17:21:32,195[6435] - Database - INFO - Database Thomas_battery_PBSi connected successfully!
2024-05-28 17:21:32,203[6435] - Database - INFO - Schema active_learning created successfully!
2024-05-28 17:21:32,203[6435] - Database - INFO - Schema active_learning created successfully!
2024-05-28 17:21:32,204[6435] - Database - INFO - Schema botorch created successfully!
2024-05-28 17:21:32,204[6435] - Database - INFO - Schema botorch created successfully!
2024-05-28 17:21:32,206[6435] - Database - INFO - Schema test_raw_data created successfully!
2024-05-28 17:21:32,206[6435] - Database - INFO - Schema test_raw_data created successfully!
2024-05-28 17:21:32,243[6435] - Database - INFO - Table recipe already exists on server, checking column consistency...
2024-05-28 17:21:32,243[6435] - Database - INFO - Table recipe already exists on server, checking column consistency...
2024-05-28 17:21:32,281[6435] - Database - INFO - Table recipe column consistency checked successfully!
2024-05-28 17:21:32,281[6435] - Database - INFO - Table recipe column consistency checked successfully!
2024-05-28 17:21:32,313[6435] - Database - INFO - Table sample already exists on server, checking column consistency...
2024-05-28 17:21:32,313[6435] - Database - INFO - Table sample already exists on server, checking column consistency...
2024-05-28 17:21:32,348[6435] - Database - INFO - Table sample column consistency checked successfully!
2024-05-28 17:21:32,348[6435] - Database - INFO - Table sample column consistency checked successfully!
2024-05-28 17:21:32,376[6435] - Database - INFO - Table performance already exists on server, checking column consistency...
2024-05-28 17:21:32,376[6435] - Database - INFO - Table performance already exists on server, checking column consistency...
2024-05-28 17:21:32,406[6435] - Database - INFO - Table performance column consistency checked successfully!
2024-05-28 17:21:32,406[6435] - Database - INFO - Table performance column consistency checked successfully!
2024-05-28 17:24:43,967[6655] - Database - INFO - Database Thomas_battery_PBSi connected successfully!
2024-05-28 17:24:43,979[6655] - Database - INFO - Schema active_learning created successfully!
2024-05-28 17:24:43,980[6655] - Database - INFO - Schema botorch created successfully!
2024-05-28 17:24:43,982[6655] - Database - INFO - Schema test_raw_data created successfully!
2024-05-28 17:24:44,027[6655] - Database - INFO - Table recipe already exists on server, checking column consistency...
2024-05-28 17:24:44,071[6655] - Database - INFO - Table recipe column consistency checked successfully!
2024-05-28 17:24:44,114[6655] - Database - INFO - Table sample already exists on server, checking column consistency...
2024-05-28 17:24:44,145[6655] - Database - INFO - Table sample column consistency checked successfully!
2024-05-28 17:24:44,177[6655] - Database - INFO - Table performance already exists on server, checking column consistency...
2024-05-28 17:24:44,213[6655] - Database - INFO - Table performance column consistency checked successfully!
2024-05-28 17:24:48,823[6655] - Database - INFO - Database Thomas_battery_PBSi connected successfully!
2024-05-28 17:24:48,823[6655] - Database - INFO - Database Thomas_battery_PBSi connected successfully!
2024-05-28 17:24:48,836[6655] - Database - INFO - Schema active_learning created successfully!
2024-05-28 17:24:48,836[6655] - Database - INFO - Schema active_learning created successfully!
2024-05-28 17:24:48,838[6655] - Database - INFO - Schema botorch created successfully!
2024-05-28 17:24:48,838[6655] - Database - INFO - Schema botorch created successfully!
2024-05-28 17:24:48,840[6655] - Database - INFO - Schema test_raw_data created successfully!
2024-05-28 17:24:48,840[6655] - Database - INFO - Schema test_raw_data created successfully!
2024-05-28 17:24:48,879[6655] - Database - INFO - Table recipe already exists on server, checking column consistency...
2024-05-28 17:24:48,879[6655] - Database - INFO - Table recipe already exists on server, checking column consistency...
2024-05-28 17:24:48,913[6655] - Database - INFO - Table recipe column consistency checked successfully!
2024-05-28 17:24:48,913[6655] - Database - INFO - Table recipe column consistency checked successfully!
2024-05-28 17:24:48,943[6655] - Database - INFO - Table sample already exists on server, checking column consistency...
2024-05-28 17:24:48,943[6655] - Database - INFO - Table sample already exists on server, checking column consistency...
2024-05-28 17:24:48,977[6655] - Database - INFO - Table sample column consistency checked successfully!
2024-05-28 17:24:48,977[6655] - Database - INFO - Table sample column consistency checked successfully!
2024-05-28 17:24:49,009[6655] - Database - INFO - Table performance already exists on server, checking column consistency...
2024-05-28 17:24:49,009[6655] - Database - INFO - Table performance already exists on server, checking column consistency...
2024-05-28 17:24:49,037[6655] - Database - INFO - Table performance column consistency checked successfully!
2024-05-28 17:24:49,037[6655] - Database - INFO - Table performance column consistency checked successfully!
2024-05-28 17:24:52,602[6655] - Database - INFO - Database Thomas_battery_PBSi connected successfully!
2024-05-28 17:24:52,602[6655] - Database - INFO - Database Thomas_battery_PBSi connected successfully!
2024-05-28 17:24:52,602[6655] - Database - INFO - Database Thomas_battery_PBSi connected successfully!
2024-05-28 17:24:52,613[6655] - Database - INFO - Schema active_learning created successfully!
2024-05-28 17:24:52,613[6655] - Database - INFO - Schema active_learning created successfully!
2024-05-28 17:24:52,613[6655] - Database - INFO - Schema active_learning created successfully!
2024-05-28 17:24:52,615[6655] - Database - INFO - Schema botorch created successfully!
2024-05-28 17:24:52,615[6655] - Database - INFO - Schema botorch created successfully!
2024-05-28 17:24:52,615[6655] - Database - INFO - Schema botorch created successfully!
2024-05-28 17:24:52,616[6655] - Database - INFO - Schema test_raw_data created successfully!
2024-05-28 17:24:52,616[6655] - Database - INFO - Schema test_raw_data created successfully!
2024-05-28 17:24:52,616[6655] - Database - INFO - Schema test_raw_data created successfully!
2024-05-28 17:24:52,663[6655] - Database - INFO - Table recipe already exists on server, checking column consistency...
2024-05-28 17:24:52,663[6655] - Database - INFO - Table recipe already exists on server, checking column consistency...
2024-05-28 17:24:52,663[6655] - Database - INFO - Table recipe already exists on server, checking column consistency...
2024-05-28 17:24:52,694[6655] - Database - INFO - Table recipe column consistency checked successfully!
2024-05-28 17:24:52,694[6655] - Database - INFO - Table recipe column consistency checked successfully!
2024-05-28 17:24:52,694[6655] - Database - INFO - Table recipe column consistency checked successfully!
2024-05-28 17:24:52,722[6655] - Database - INFO - Table sample already exists on server, checking column consistency...
2024-05-28 17:24:52,722[6655] - Database - INFO - Table sample already exists on server, checking column consistency...
2024-05-28 17:24:52,722[6655] - Database - INFO - Table sample already exists on server, checking column consistency...
2024-05-28 17:24:52,750[6655] - Database - INFO - Table sample column consistency checked successfully!
2024-05-28 17:24:52,750[6655] - Database - INFO - Table sample column consistency checked successfully!
2024-05-28 17:24:52,750[6655] - Database - INFO - Table sample column consistency checked successfully!
2024-05-28 17:24:52,779[6655] - Database - INFO - Table performance already exists on server, checking column consistency...
2024-05-28 17:24:52,779[6655] - Database - INFO - Table performance already exists on server, checking column consistency...
2024-05-28 17:24:52,779[6655] - Database - INFO - Table performance already exists on server, checking column consistency...
2024-05-28 17:24:52,805[6655] - Database - INFO - Table performance column consistency checked successfully!
2024-05-28 17:24:52,805[6655] - Database - INFO - Table performance column consistency checked successfully!
2024-05-28 17:24:52,805[6655] - Database - INFO - Table performance column consistency checked successfully!
2024-05-28 17:25:49,370[6712] - Database - INFO - Database Thomas_battery_PBSi connected successfully!
2024-05-28 17:25:49,388[6712] - Database - INFO - Schema active_learning created successfully!
2024-05-28 17:25:49,389[6712] - Database - INFO - Schema botorch created successfully!
2024-05-28 17:25:49,391[6712] - Database - INFO - Schema test_raw_data created successfully!
2024-05-28 17:25:49,424[6712] - Database - INFO - Table recipe already exists on server, checking column consistency...
2024-05-28 17:25:49,454[6712] - Database - INFO - Table recipe column consistency checked successfully!
2024-05-28 17:25:49,482[6712] - Database - INFO - Table sample already exists on server, checking column consistency...
2024-05-28 17:25:49,509[6712] - Database - INFO - Table sample column consistency checked successfully!
2024-05-28 17:25:49,539[6712] - Database - INFO - Table performance already exists on server, checking column consistency...
2024-05-28 17:25:49,568[6712] - Database - INFO - Table performance column consistency checked successfully!
2024-05-28 17:27:13,046[6712] - Database - INFO - Database Thomas_battery_PBSi connected successfully!
2024-05-28 17:27:13,046[6712] - Database - INFO - Database Thomas_battery_PBSi connected successfully!
2024-05-28 17:27:13,057[6712] - Database - INFO - Schema active_learning created successfully!
2024-05-28 17:27:13,057[6712] - Database - INFO - Schema active_learning created successfully!
2024-05-28 17:27:13,058[6712] - Database - INFO - Schema botorch created successfully!
2024-05-28 17:27:13,058[6712] - Database - INFO - Schema botorch created successfully!
2024-05-28 17:27:13,059[6712] - Database - INFO - Schema test_raw_data created successfully!
2024-05-28 17:27:13,059[6712] - Database - INFO - Schema test_raw_data created successfully!
2024-05-28 17:27:13,105[6712] - Database - INFO - Table recipe already exists on server, checking column consistency...
2024-05-28 17:27:13,105[6712] - Database - INFO - Table recipe already exists on server, checking column consistency...
2024-05-28 17:27:13,153[6712] - Database - INFO - Table recipe column consistency checked successfully!
2024-05-28 17:27:13,153[6712] - Database - INFO - Table recipe column consistency checked successfully!
2024-05-28 17:27:13,185[6712] - Database - INFO - Table sample already exists on server, checking column consistency...
2024-05-28 17:27:13,185[6712] - Database - INFO - Table sample already exists on server, checking column consistency...
2024-05-28 17:27:13,219[6712] - Database - INFO - Table sample column consistency checked successfully!
2024-05-28 17:27:13,219[6712] - Database - INFO - Table sample column consistency checked successfully!
2024-05-28 17:27:13,249[6712] - Database - INFO - Table performance already exists on server, checking column consistency...
2024-05-28 17:27:13,249[6712] - Database - INFO - Table performance already exists on server, checking column consistency...
2024-05-28 17:27:13,276[6712] - Database - INFO - Table performance column consistency checked successfully!
2024-05-28 17:27:13,276[6712] - Database - INFO - Table performance column consistency checked successfully!
2024-05-30 18:58:16,218[84308] - Database - INFO - Database Thomas_battery_PBSi connected successfully!
2024-05-30 18:58:16,232[84308] - Database - INFO - Schema active_learning created successfully!
2024-05-30 18:58:16,439[84308] - Database - INFO - Schema botorch created successfully!
2024-05-30 18:58:16,442[84308] - Database - INFO - Schema test_raw_data created successfully!
2024-05-30 18:58:16,488[84308] - Database - INFO - Table recipe already exists on server, checking column consistency...
2024-05-30 18:58:16,528[84308] - Database - INFO - Table recipe column consistency checked successfully!
2024-05-30 18:58:16,567[84308] - Database - INFO - Table sample already exists on server, checking column consistency...
2024-05-30 18:58:16,608[84308] - Database - INFO - Table sample column consistency checked successfully!
2024-05-30 18:58:16,651[84308] - Database - INFO - Table performance already exists on server, checking column consistency...
2024-05-30 18:58:16,701[84308] - Database - INFO - Table performance column consistency checked successfully!
2024-05-30 18:58:23,850[84308] - Database - INFO - Database Thomas_battery_PBSi connected successfully!
2024-05-30 18:58:23,850[84308] - Database - INFO - Database Thomas_battery_PBSi connected successfully!
2024-05-30 18:58:23,864[84308] - Database - INFO - Schema active_learning created successfully!
2024-05-30 18:58:23,864[84308] - Database - INFO - Schema active_learning created successfully!
2024-05-30 18:58:23,866[84308] - Database - INFO - Schema botorch created successfully!
2024-05-30 18:58:23,866[84308] - Database - INFO - Schema botorch created successfully!
2024-05-30 18:58:23,868[84308] - Database - INFO - Schema test_raw_data created successfully!
2024-05-30 18:58:23,868[84308] - Database - INFO - Schema test_raw_data created successfully!
2024-05-30 18:58:23,907[84308] - Database - INFO - Table recipe already exists on server, checking column consistency...
2024-05-30 18:58:23,907[84308] - Database - INFO - Table recipe already exists on server, checking column consistency...
2024-05-30 18:58:23,938[84308] - Database - INFO - Table recipe column consistency checked successfully!
2024-05-30 18:58:23,938[84308] - Database - INFO - Table recipe column consistency checked successfully!
2024-05-30 18:58:23,970[84308] - Database - INFO - Table sample already exists on server, checking column consistency...
2024-05-30 18:58:23,970[84308] - Database - INFO - Table sample already exists on server, checking column consistency...
2024-05-30 18:58:24,000[84308] - Database - INFO - Table sample column consistency checked successfully!
2024-05-30 18:58:24,000[84308] - Database - INFO - Table sample column consistency checked successfully!
2024-05-30 18:58:24,031[84308] - Database - INFO - Table performance already exists on server, checking column consistency...
2024-05-30 18:58:24,031[84308] - Database - INFO - Table performance already exists on server, checking column consistency...
2024-05-30 18:58:24,060[84308] - Database - INFO - Table performance column consistency checked successfully!
2024-05-30 18:58:24,060[84308] - Database - INFO - Table performance column consistency checked successfully!
2024-05-30 19:09:04,642[84748] - Database - INFO - Database Thomas_battery_PBSi connected successfully!
2024-05-30 19:09:04,653[84748] - Database - INFO - Schema active_learning created successfully!
2024-05-30 19:09:04,655[84748] - Database - INFO - Schema botorch created successfully!
2024-05-30 19:09:04,656[84748] - Database - INFO - Schema test_raw_data created successfully!
2024-05-30 19:09:04,693[84748] - Database - INFO - Table recipe already exists on server, checking column consistency...
2024-05-30 19:09:04,729[84748] - Database - INFO - Table recipe column consistency checked successfully!
2024-05-30 19:09:04,761[84748] - Database - INFO - Table sample already exists on server, checking column consistency...
2024-05-30 19:09:04,789[84748] - Database - INFO - Table sample column consistency checked successfully!
2024-05-30 19:09:04,816[84748] - Database - INFO - Table performance already exists on server, checking column consistency...
2024-05-30 19:09:04,852[84748] - Database - INFO - Table performance column consistency checked successfully!
2024-05-30 19:09:10,582[84748] - Database - INFO - Database Thomas_battery_PBSi connected successfully!
2024-05-30 19:09:10,582[84748] - Database - INFO - Database Thomas_battery_PBSi connected successfully!
2024-05-30 19:09:10,594[84748] - Database - INFO - Schema active_learning created successfully!
2024-05-30 19:09:10,594[84748] - Database - INFO - Schema active_learning created successfully!
2024-05-30 19:09:10,595[84748] - Database - INFO - Schema botorch created successfully!
2024-05-30 19:09:10,595[84748] - Database - INFO - Schema botorch created successfully!
2024-05-30 19:09:10,597[84748] - Database - INFO - Schema test_raw_data created successfully!
2024-05-30 19:09:10,597[84748] - Database - INFO - Schema test_raw_data created successfully!
2024-05-30 19:09:10,630[84748] - Database - INFO - Table recipe already exists on server, checking column consistency...
2024-05-30 19:09:10,630[84748] - Database - INFO - Table recipe already exists on server, checking column consistency...
2024-05-30 19:09:10,660[84748] - Database - INFO - Table recipe column consistency checked successfully!
2024-05-30 19:09:10,660[84748] - Database - INFO - Table recipe column consistency checked successfully!
2024-05-30 19:09:10,692[84748] - Database - INFO - Table sample already exists on server, checking column consistency...
2024-05-30 19:09:10,692[84748] - Database - INFO - Table sample already exists on server, checking column consistency...
2024-05-30 19:09:10,722[84748] - Database - INFO - Table sample column consistency checked successfully!
2024-05-30 19:09:10,722[84748] - Database - INFO - Table sample column consistency checked successfully!
2024-05-30 19:09:10,753[84748] - Database - INFO - Table performance already exists on server, checking column consistency...
2024-05-30 19:09:10,753[84748] - Database - INFO - Table performance already exists on server, checking column consistency...
2024-05-30 19:09:10,782[84748] - Database - INFO - Table performance column consistency checked successfully!
2024-05-30 19:09:10,782[84748] - Database - INFO - Table performance column consistency checked successfully!
2024-05-30 19:10:04,031[84790] - Database - INFO - Database Thomas_battery_PBSi connected successfully!
2024-05-30 19:10:04,049[84790] - Database - INFO - Schema active_learning created successfully!
2024-05-30 19:10:04,051[84790] - Database - INFO - Schema botorch created successfully!
2024-05-30 19:10:04,052[84790] - Database - INFO - Schema test_raw_data created successfully!
2024-05-30 19:10:04,114[84790] - Database - INFO - Table recipe already exists on server, checking column consistency...
2024-05-30 19:10:04,160[84790] - Database - INFO - Table recipe column consistency checked successfully!
2024-05-30 19:10:04,207[84790] - Database - INFO - Table sample already exists on server, checking column consistency...
2024-05-30 19:10:04,256[84790] - Database - INFO - Table sample column consistency checked successfully!
2024-05-30 19:10:04,328[84790] - Database - INFO - Table performance already exists on server, checking column consistency...
2024-05-30 19:10:04,424[84790] - Database - INFO - Table performance column consistency checked successfully!
2024-05-30 19:11:25,654[84790] - Database - INFO - Database Thomas_battery_PBSi connected successfully!
2024-05-30 19:11:25,654[84790] - Database - INFO - Database Thomas_battery_PBSi connected successfully!
2024-05-30 19:11:25,663[84790] - Database - INFO - Schema active_learning created successfully!
2024-05-30 19:11:25,663[84790] - Database - INFO - Schema active_learning created successfully!
2024-05-30 19:11:25,664[84790] - Database - INFO - Schema botorch created successfully!
2024-05-30 19:11:25,664[84790] - Database - INFO - Schema botorch created successfully!
2024-05-30 19:11:25,665[84790] - Database - INFO - Schema test_raw_data created successfully!
2024-05-30 19:11:25,665[84790] - Database - INFO - Schema test_raw_data created successfully!
2024-05-30 19:11:25,700[84790] - Database - INFO - Table recipe already exists on server, checking column consistency...
2024-05-30 19:11:25,700[84790] - Database - INFO - Table recipe already exists on server, checking column consistency...
2024-05-30 19:11:25,729[84790] - Database - INFO - Table recipe column consistency checked successfully!
2024-05-30 19:11:25,729[84790] - Database - INFO - Table recipe column consistency checked successfully!
2024-05-30 19:11:25,760[84790] - Database - INFO - Table sample already exists on server, checking column consistency...
2024-05-30 19:11:25,760[84790] - Database - INFO - Table sample already exists on server, checking column consistency...
2024-05-30 19:11:25,790[84790] - Database - INFO - Table sample column consistency checked successfully!
2024-05-30 19:11:25,790[84790] - Database - INFO - Table sample column consistency checked successfully!
2024-05-30 19:11:25,817[84790] - Database - INFO - Table performance already exists on server, checking column consistency...
2024-05-30 19:11:25,817[84790] - Database - INFO - Table performance already exists on server, checking column consistency...
2024-05-30 19:11:25,845[84790] - Database - INFO - Table performance column consistency checked successfully!
2024-05-30 19:11:25,845[84790] - Database - INFO - Table performance column consistency checked successfully!
2024-05-30 19:11:55,026[84877] - Database - INFO - Database Thomas_battery_PBSi connected successfully!
2024-05-30 19:11:55,041[84877] - Database - INFO - Schema active_learning created successfully!
2024-05-30 19:11:55,043[84877] - Database - INFO - Schema botorch created successfully!
2024-05-30 19:11:55,045[84877] - Database - INFO - Schema test_raw_data created successfully!
2024-05-30 19:11:55,097[84877] - Database - INFO - Table recipe already exists on server, checking column consistency...
2024-05-30 19:11:55,143[84877] - Database - INFO - Table recipe column consistency checked successfully!
2024-05-30 19:11:55,188[84877] - Database - INFO - Table sample already exists on server, checking column consistency...
2024-05-30 19:11:55,233[84877] - Database - INFO - Table sample column consistency checked successfully!
2024-05-30 19:11:55,271[84877] - Database - INFO - Table performance already exists on server, checking column consistency...
2024-05-30 19:11:55,305[84877] - Database - INFO - Table performance column consistency checked successfully!
2024-05-30 19:11:59,444[84877] - Database - INFO - Database Thomas_battery_PBSi connected successfully!
2024-05-30 19:11:59,444[84877] - Database - INFO - Database Thomas_battery_PBSi connected successfully!
2024-05-30 19:11:59,460[84877] - Database - INFO - Schema active_learning created successfully!
2024-05-30 19:11:59,460[84877] - Database - INFO - Schema active_learning created successfully!
2024-05-30 19:11:59,463[84877] - Database - INFO - Schema botorch created successfully!
2024-05-30 19:11:59,463[84877] - Database - INFO - Schema botorch created successfully!
2024-05-30 19:11:59,464[84877] - Database - INFO - Schema test_raw_data created successfully!
2024-05-30 19:11:59,464[84877] - Database - INFO - Schema test_raw_data created successfully!
2024-05-30 19:11:59,507[84877] - Database - INFO - Table recipe already exists on server, checking column consistency...
2024-05-30 19:11:59,507[84877] - Database - INFO - Table recipe already exists on server, checking column consistency...
2024-05-30 19:11:59,539[84877] - Database - INFO - Table recipe column consistency checked successfully!
2024-05-30 19:11:59,539[84877] - Database - INFO - Table recipe column consistency checked successfully!
2024-05-30 19:11:59,585[84877] - Database - INFO - Table sample already exists on server, checking column consistency...
2024-05-30 19:11:59,585[84877] - Database - INFO - Table sample already exists on server, checking column consistency...
2024-05-30 19:11:59,623[84877] - Database - INFO - Table sample column consistency checked successfully!
2024-05-30 19:11:59,623[84877] - Database - INFO - Table sample column consistency checked successfully!
2024-05-30 19:11:59,654[84877] - Database - INFO - Table performance already exists on server, checking column consistency...
2024-05-30 19:11:59,654[84877] - Database - INFO - Table performance already exists on server, checking column consistency...
2024-05-30 19:11:59,685[84877] - Database - INFO - Table performance column consistency checked successfully!
2024-05-30 19:11:59,685[84877] - Database - INFO - Table performance column consistency checked successfully!
2024-05-30 19:12:38,583[84924] - Database - INFO - Database Thomas_battery_PBSi connected successfully!
2024-05-30 19:12:38,595[84924] - Database - INFO - Schema active_learning created successfully!
2024-05-30 19:12:38,597[84924] - Database - INFO - Schema botorch created successfully!
2024-05-30 19:12:38,598[84924] - Database - INFO - Schema test_raw_data created successfully!
2024-05-30 19:12:38,635[84924] - Database - INFO - Table recipe already exists on server, checking column consistency...
2024-05-30 19:12:38,666[84924] - Database - INFO - Table recipe column consistency checked successfully!
2024-05-30 19:12:38,698[84924] - Database - INFO - Table sample already exists on server, checking column consistency...
2024-05-30 19:12:38,728[84924] - Database - INFO - Table sample column consistency checked successfully!
2024-05-30 19:12:38,757[84924] - Database - INFO - Table performance already exists on server, checking column consistency...
2024-05-30 19:12:38,787[84924] - Database - INFO - Table performance column consistency checked successfully!
2024-05-30 19:13:42,367[84924] - Database - INFO - Database Thomas_battery_PBSi connected successfully!
2024-05-30 19:13:42,367[84924] - Database - INFO - Database Thomas_battery_PBSi connected successfully!
2024-05-30 19:13:42,375[84924] - Database - INFO - Schema active_learning created successfully!
2024-05-30 19:13:42,375[84924] - Database - INFO - Schema active_learning created successfully!
2024-05-30 19:13:42,377[84924] - Database - INFO - Schema botorch created successfully!
2024-05-30 19:13:42,377[84924] - Database - INFO - Schema botorch created successfully!
2024-05-30 19:13:42,378[84924] - Database - INFO - Schema test_raw_data created successfully!
2024-05-30 19:13:42,378[84924] - Database - INFO - Schema test_raw_data created successfully!
2024-05-30 19:13:42,415[84924] - Database - INFO - Table recipe already exists on server, checking column consistency...
2024-05-30 19:13:42,415[84924] - Database - INFO - Table recipe already exists on server, checking column consistency...
2024-05-30 19:13:42,447[84924] - Database - INFO - Table recipe column consistency checked successfully!
2024-05-30 19:13:42,447[84924] - Database - INFO - Table recipe column consistency checked successfully!
2024-05-30 19:13:42,479[84924] - Database - INFO - Table sample already exists on server, checking column consistency...
2024-05-30 19:13:42,479[84924] - Database - INFO - Table sample already exists on server, checking column consistency...
2024-05-30 19:13:42,509[84924] - Database - INFO - Table sample column consistency checked successfully!
2024-05-30 19:13:42,509[84924] - Database - INFO - Table sample column consistency checked successfully!
2024-05-30 19:13:42,542[84924] - Database - INFO - Table performance already exists on server, checking column consistency...
2024-05-30 19:13:42,542[84924] - Database - INFO - Table performance already exists on server, checking column consistency...
2024-05-30 19:13:42,572[84924] - Database - INFO - Table performance column consistency checked successfully!
2024-05-30 19:13:42,572[84924] - Database - INFO - Table performance column consistency checked successfully!
2024-06-01 14:23:16,327[6455] - Database - INFO - Database Thomas_battery_PBSi connected successfully!
2024-06-01 14:23:16,339[6455] - Database - INFO - Schema active_learning created successfully!
2024-06-01 14:23:16,341[6455] - Database - INFO - Schema botorch created successfully!
2024-06-01 14:23:16,343[6455] - Database - INFO - Schema test_raw_data created successfully!
2024-06-01 14:23:16,377[6455] - Database - INFO - Table recipe already exists on server, checking column consistency...
2024-06-01 14:23:16,407[6455] - Database - INFO - Table recipe column consistency checked successfully!
2024-06-01 14:23:16,437[6455] - Database - INFO - Table sample already exists on server, checking column consistency...
2024-06-01 14:23:16,469[6455] - Database - INFO - Table sample column consistency checked successfully!
2024-06-01 14:23:16,503[6455] - Database - INFO - Table performance already exists on server, checking column consistency...
2024-06-01 14:23:16,540[6455] - Database - INFO - Table performance column consistency checked successfully!
2024-06-01 14:23:54,125[6455] - Database - INFO - Database Thomas_battery_PBSi connected successfully!
2024-06-01 14:23:54,125[6455] - Database - INFO - Database Thomas_battery_PBSi connected successfully!
2024-06-01 14:23:54,133[6455] - Database - INFO - Schema active_learning created successfully!
2024-06-01 14:23:54,133[6455] - Database - INFO - Schema active_learning created successfully!
2024-06-01 14:23:54,135[6455] - Database - INFO - Schema botorch created successfully!
2024-06-01 14:23:54,135[6455] - Database - INFO - Schema botorch created successfully!
2024-06-01 14:23:54,136[6455] - Database - INFO - Schema test_raw_data created successfully!
2024-06-01 14:23:54,136[6455] - Database - INFO - Schema test_raw_data created successfully!
2024-06-01 14:23:54,171[6455] - Database - INFO - Table recipe already exists on server, checking column consistency...
2024-06-01 14:23:54,171[6455] - Database - INFO - Table recipe already exists on server, checking column consistency...
2024-06-01 14:23:54,198[6455] - Database - INFO - Table recipe column consistency checked successfully!
2024-06-01 14:23:54,198[6455] - Database - INFO - Table recipe column consistency checked successfully!
2024-06-01 14:23:54,226[6455] - Database - INFO - Table sample already exists on server, checking column consistency...
2024-06-01 14:23:54,226[6455] - Database - INFO - Table sample already exists on server, checking column consistency...
2024-06-01 14:23:54,257[6455] - Database - INFO - Table sample column consistency checked successfully!
2024-06-01 14:23:54,257[6455] - Database - INFO - Table sample column consistency checked successfully!
2024-06-01 14:23:54,286[6455] - Database - INFO - Table performance already exists on server, checking column consistency...
2024-06-01 14:23:54,286[6455] - Database - INFO - Table performance already exists on server, checking column consistency...
2024-06-01 14:23:54,315[6455] - Database - INFO - Table performance column consistency checked successfully!
2024-06-01 14:23:54,315[6455] - Database - INFO - Table performance column consistency checked successfully!
2024-06-01 14:25:59,802[6455] - Database - INFO - Database Thomas_battery_PBSi connected successfully!
2024-06-01 14:25:59,802[6455] - Database - INFO - Database Thomas_battery_PBSi connected successfully!
2024-06-01 14:25:59,802[6455] - Database - INFO - Database Thomas_battery_PBSi connected successfully!
2024-06-01 14:25:59,810[6455] - Database - INFO - Schema active_learning created successfully!
2024-06-01 14:25:59,810[6455] - Database - INFO - Schema active_learning created successfully!
2024-06-01 14:25:59,810[6455] - Database - INFO - Schema active_learning created successfully!
2024-06-01 14:25:59,812[6455] - Database - INFO - Schema botorch created successfully!
2024-06-01 14:25:59,812[6455] - Database - INFO - Schema botorch created successfully!
2024-06-01 14:25:59,812[6455] - Database - INFO - Schema botorch created successfully!
2024-06-01 14:25:59,813[6455] - Database - INFO - Schema test_raw_data created successfully!
2024-06-01 14:25:59,813[6455] - Database - INFO - Schema test_raw_data created successfully!
2024-06-01 14:25:59,813[6455] - Database - INFO - Schema test_raw_data created successfully!
2024-06-01 14:25:59,848[6455] - Database - INFO - Table recipe already exists on server, checking column consistency...
2024-06-01 14:25:59,848[6455] - Database - INFO - Table recipe already exists on server, checking column consistency...
2024-06-01 14:25:59,848[6455] - Database - INFO - Table recipe already exists on server, checking column consistency...
2024-06-01 14:25:59,879[6455] - Database - INFO - Table recipe column consistency checked successfully!
2024-06-01 14:25:59,879[6455] - Database - INFO - Table recipe column consistency checked successfully!
2024-06-01 14:25:59,879[6455] - Database - INFO - Table recipe column consistency checked successfully!
2024-06-01 14:25:59,908[6455] - Database - INFO - Table sample already exists on server, checking column consistency...
2024-06-01 14:25:59,908[6455] - Database - INFO - Table sample already exists on server, checking column consistency...
2024-06-01 14:25:59,908[6455] - Database - INFO - Table sample already exists on server, checking column consistency...
2024-06-01 14:25:59,936[6455] - Database - INFO - Table sample column consistency checked successfully!
2024-06-01 14:25:59,936[6455] - Database - INFO - Table sample column consistency checked successfully!
2024-06-01 14:25:59,936[6455] - Database - INFO - Table sample column consistency checked successfully!
2024-06-01 14:25:59,963[6455] - Database - INFO - Table performance already exists on server, checking column consistency...
2024-06-01 14:25:59,963[6455] - Database - INFO - Table performance already exists on server, checking column consistency...
2024-06-01 14:25:59,963[6455] - Database - INFO - Table performance already exists on server, checking column consistency...
2024-06-01 14:25:59,992[6455] - Database - INFO - Table performance column consistency checked successfully!
2024-06-01 14:25:59,992[6455] - Database - INFO - Table performance column consistency checked successfully!
2024-06-01 14:25:59,992[6455] - Database - INFO - Table performance column consistency checked successfully!
2024-06-01 14:29:04,984[6727] - Database - INFO - Database Thomas_battery_PBSi connected successfully!
2024-06-01 14:29:04,995[6727] - Database - INFO - Schema active_learning created successfully!
2024-06-01 14:29:04,997[6727] - Database - INFO - Schema botorch created successfully!
2024-06-01 14:29:04,998[6727] - Database - INFO - Schema test_raw_data created successfully!
2024-06-01 14:29:05,039[6727] - Database - INFO - Table recipe already exists on server, checking column consistency...
2024-06-01 14:29:05,084[6727] - Database - INFO - Table recipe column consistency checked successfully!
2024-06-01 14:29:05,136[6727] - Database - INFO - Table sample already exists on server, checking column consistency...
2024-06-01 14:29:05,183[6727] - Database - INFO - Table sample column consistency checked successfully!
2024-06-01 14:29:05,225[6727] - Database - INFO - Table performance already exists on server, checking column consistency...
2024-06-01 14:29:05,270[6727] - Database - INFO - Table performance column consistency checked successfully!
2024-06-01 14:30:01,915[6727] - Database - INFO - Database Thomas_battery_PBSi connected successfully!
2024-06-01 14:30:01,915[6727] - Database - INFO - Database Thomas_battery_PBSi connected successfully!
2024-06-01 14:30:01,926[6727] - Database - INFO - Schema active_learning created successfully!
2024-06-01 14:30:01,926[6727] - Database - INFO - Schema active_learning created successfully!
2024-06-01 14:30:01,927[6727] - Database - INFO - Schema botorch created successfully!
2024-06-01 14:30:01,927[6727] - Database - INFO - Schema botorch created successfully!
2024-06-01 14:30:01,929[6727] - Database - INFO - Schema test_raw_data created successfully!
2024-06-01 14:30:01,929[6727] - Database - INFO - Schema test_raw_data created successfully!
2024-06-01 14:30:01,965[6727] - Database - INFO - Table recipe already exists on server, checking column consistency...
2024-06-01 14:30:01,965[6727] - Database - INFO - Table recipe already exists on server, checking column consistency...
2024-06-01 14:30:02,005[6727] - Database - INFO - Table recipe column consistency checked successfully!
2024-06-01 14:30:02,005[6727] - Database - INFO - Table recipe column consistency checked successfully!
2024-06-01 14:30:02,061[6727] - Database - INFO - Table sample already exists on server, checking column consistency...
2024-06-01 14:30:02,061[6727] - Database - INFO - Table sample already exists on server, checking column consistency...
2024-06-01 14:30:02,119[6727] - Database - INFO - Table sample column consistency checked successfully!
2024-06-01 14:30:02,119[6727] - Database - INFO - Table sample column consistency checked successfully!
2024-06-01 14:30:02,209[6727] - Database - INFO - Table performance already exists on server, checking column consistency...
2024-06-01 14:30:02,209[6727] - Database - INFO - Table performance already exists on server, checking column consistency...
2024-06-01 14:30:02,266[6727] - Database - INFO - Table performance column consistency checked successfully!
2024-06-01 14:30:02,266[6727] - Database - INFO - Table performance column consistency checked successfully!
2024-06-01 14:31:07,387[6727] - Database - INFO - Database Thomas_battery_PBSi connected successfully!
2024-06-01 14:31:07,387[6727] - Database - INFO - Database Thomas_battery_PBSi connected successfully!
2024-06-01 14:31:07,387[6727] - Database - INFO - Database Thomas_battery_PBSi connected successfully!
2024-06-01 14:31:07,396[6727] - Database - INFO - Schema active_learning created successfully!
2024-06-01 14:31:07,396[6727] - Database - INFO - Schema active_learning created successfully!
2024-06-01 14:31:07,396[6727] - Database - INFO - Schema active_learning created successfully!
2024-06-01 14:31:07,398[6727] - Database - INFO - Schema botorch created successfully!
2024-06-01 14:31:07,398[6727] - Database - INFO - Schema botorch created successfully!
2024-06-01 14:31:07,398[6727] - Database - INFO - Schema botorch created successfully!
2024-06-01 14:31:07,399[6727] - Database - INFO - Schema test_raw_data created successfully!
2024-06-01 14:31:07,399[6727] - Database - INFO - Schema test_raw_data created successfully!
2024-06-01 14:31:07,399[6727] - Database - INFO - Schema test_raw_data created successfully!
2024-06-01 14:31:07,434[6727] - Database - INFO - Table recipe already exists on server, checking column consistency...
2024-06-01 14:31:07,434[6727] - Database - INFO - Table recipe already exists on server, checking column consistency...
2024-06-01 14:31:07,434[6727] - Database - INFO - Table recipe already exists on server, checking column consistency...
2024-06-01 14:31:07,464[6727] - Database - INFO - Table recipe column consistency checked successfully!
2024-06-01 14:31:07,464[6727] - Database - INFO - Table recipe column consistency checked successfully!
2024-06-01 14:31:07,464[6727] - Database - INFO - Table recipe column consistency checked successfully!
2024-06-01 14:31:07,494[6727] - Database - INFO - Table sample already exists on server, checking column consistency...
2024-06-01 14:31:07,494[6727] - Database - INFO - Table sample already exists on server, checking column consistency...
2024-06-01 14:31:07,494[6727] - Database - INFO - Table sample already exists on server, checking column consistency...
2024-06-01 14:31:07,523[6727] - Database - INFO - Table sample column consistency checked successfully!
2024-06-01 14:31:07,523[6727] - Database - INFO - Table sample column consistency checked successfully!
2024-06-01 14:31:07,523[6727] - Database - INFO - Table sample column consistency checked successfully!
2024-06-01 14:31:07,552[6727] - Database - INFO - Table performance already exists on server, checking column consistency...
2024-06-01 14:31:07,552[6727] - Database - INFO - Table performance already exists on server, checking column consistency...
2024-06-01 14:31:07,552[6727] - Database - INFO - Table performance already exists on server, checking column consistency...
2024-06-01 14:31:07,581[6727] - Database - INFO - Table performance column consistency checked successfully!
2024-06-01 14:31:07,581[6727] - Database - INFO - Table performance column consistency checked successfully!
2024-06-01 14:31:07,581[6727] - Database - INFO - Table performance column consistency checked successfully!
2024-06-01 14:57:33,381[6727] - Database - INFO - Database Thomas_battery_PBSi connected successfully!
2024-06-01 14:57:33,381[6727] - Database - INFO - Database Thomas_battery_PBSi connected successfully!
2024-06-01 14:57:33,381[6727] - Database - INFO - Database Thomas_battery_PBSi connected successfully!
2024-06-01 14:57:33,381[6727] - Database - INFO - Database Thomas_battery_PBSi connected successfully!
2024-06-01 14:57:33,393[6727] - Database - INFO - Schema active_learning created successfully!
2024-06-01 14:57:33,393[6727] - Database - INFO - Schema active_learning created successfully!
2024-06-01 14:57:33,393[6727] - Database - INFO - Schema active_learning created successfully!
2024-06-01 14:57:33,393[6727] - Database - INFO - Schema active_learning created successfully!
2024-06-01 14:57:33,395[6727] - Database - INFO - Schema botorch created successfully!
2024-06-01 14:57:33,395[6727] - Database - INFO - Schema botorch created successfully!
2024-06-01 14:57:33,395[6727] - Database - INFO - Schema botorch created successfully!
2024-06-01 14:57:33,395[6727] - Database - INFO - Schema botorch created successfully!
2024-06-01 14:57:33,397[6727] - Database - INFO - Schema test_raw_data created successfully!
2024-06-01 14:57:33,397[6727] - Database - INFO - Schema test_raw_data created successfully!
2024-06-01 14:57:33,397[6727] - Database - INFO - Schema test_raw_data created successfully!
2024-06-01 14:57:33,397[6727] - Database - INFO - Schema test_raw_data created successfully!
2024-06-01 14:57:33,435[6727] - Database - INFO - Table recipe already exists on server, checking column consistency...
2024-06-01 14:57:33,435[6727] - Database - INFO - Table recipe already exists on server, checking column consistency...
2024-06-01 14:57:33,435[6727] - Database - INFO - Table recipe already exists on server, checking column consistency...
2024-06-01 14:57:33,435[6727] - Database - INFO - Table recipe already exists on server, checking column consistency...
2024-06-01 14:57:33,466[6727] - Database - INFO - Table recipe column consistency checked successfully!
2024-06-01 14:57:33,466[6727] - Database - INFO - Table recipe column consistency checked successfully!
2024-06-01 14:57:33,466[6727] - Database - INFO - Table recipe column consistency checked successfully!
2024-06-01 14:57:33,466[6727] - Database - INFO - Table recipe column consistency checked successfully!
2024-06-01 14:57:33,532[6727] - Database - INFO - Table sample already exists on server, checking column consistency...
2024-06-01 14:57:33,532[6727] - Database - INFO - Table sample already exists on server, checking column consistency...
2024-06-01 14:57:33,532[6727] - Database - INFO - Table sample already exists on server, checking column consistency...
2024-06-01 14:57:33,532[6727] - Database - INFO - Table sample already exists on server, checking column consistency...
2024-06-01 14:57:33,632[6727] - Database - INFO - Table sample column consistency checked successfully!
2024-06-01 14:57:33,632[6727] - Database - INFO - Table sample column consistency checked successfully!
2024-06-01 14:57:33,632[6727] - Database - INFO - Table sample column consistency checked successfully!
2024-06-01 14:57:33,632[6727] - Database - INFO - Table sample column consistency checked successfully!
2024-06-01 14:57:33,683[6727] - Database - INFO - Table performance already exists on server, checking column consistency...
2024-06-01 14:57:33,683[6727] - Database - INFO - Table performance already exists on server, checking column consistency...
2024-06-01 14:57:33,683[6727] - Database - INFO - Table performance already exists on server, checking column consistency...
2024-06-01 14:57:33,683[6727] - Database - INFO - Table performance already exists on server, checking column consistency...
2024-06-01 14:57:33,732[6727] - Database - INFO - Table performance column consistency checked successfully!
2024-06-01 14:57:33,732[6727] - Database - INFO - Table performance column consistency checked successfully!
2024-06-01 14:57:33,732[6727] - Database - INFO - Table performance column consistency checked successfully!
2024-06-01 14:57:33,732[6727] - Database - INFO - Table performance column consistency checked successfully!
2024-06-01 14:57:39,274[6727] - Database - INFO - Database Thomas_battery_PBSi connected successfully!
2024-06-01 14:57:39,274[6727] - Database - INFO - Database Thomas_battery_PBSi connected successfully!
2024-06-01 14:57:39,274[6727] - Database - INFO - Database Thomas_battery_PBSi connected successfully!
2024-06-01 14:57:39,274[6727] - Database - INFO - Database Thomas_battery_PBSi connected successfully!
2024-06-01 14:57:39,274[6727] - Database - INFO - Database Thomas_battery_PBSi connected successfully!
2024-06-01 14:57:39,287[6727] - Database - INFO - Schema active_learning created successfully!
2024-06-01 14:57:39,287[6727] - Database - INFO - Schema active_learning created successfully!
2024-06-01 14:57:39,287[6727] - Database - INFO - Schema active_learning created successfully!
2024-06-01 14:57:39,287[6727] - Database - INFO - Schema active_learning created successfully!
2024-06-01 14:57:39,287[6727] - Database - INFO - Schema active_learning created successfully!
2024-06-01 14:57:39,289[6727] - Database - INFO - Schema botorch created successfully!
2024-06-01 14:57:39,289[6727] - Database - INFO - Schema botorch created successfully!
2024-06-01 14:57:39,289[6727] - Database - INFO - Schema botorch created successfully!
2024-06-01 14:57:39,289[6727] - Database - INFO - Schema botorch created successfully!
2024-06-01 14:57:39,289[6727] - Database - INFO - Schema botorch created successfully!
2024-06-01 14:57:39,291[6727] - Database - INFO - Schema test_raw_data created successfully!
2024-06-01 14:57:39,291[6727] - Database - INFO - Schema test_raw_data created successfully!
2024-06-01 14:57:39,291[6727] - Database - INFO - Schema test_raw_data created successfully!
2024-06-01 14:57:39,291[6727] - Database - INFO - Schema test_raw_data created successfully!
2024-06-01 14:57:39,291[6727] - Database - INFO - Schema test_raw_data created successfully!
2024-06-01 14:57:39,340[6727] - Database - INFO - Table recipe already exists on server, checking column consistency...
2024-06-01 14:57:39,340[6727] - Database - INFO - Table recipe already exists on server, checking column consistency...
2024-06-01 14:57:39,340[6727] - Database - INFO - Table recipe already exists on server, checking column consistency...
2024-06-01 14:57:39,340[6727] - Database - INFO - Table recipe already exists on server, checking column consistency...
2024-06-01 14:57:39,340[6727] - Database - INFO - Table recipe already exists on server, checking column consistency...
2024-06-01 14:57:39,386[6727] - Database - INFO - Table recipe column consistency checked successfully!
2024-06-01 14:57:39,386[6727] - Database - INFO - Table recipe column consistency checked successfully!
2024-06-01 14:57:39,386[6727] - Database - INFO - Table recipe column consistency checked successfully!
2024-06-01 14:57:39,386[6727] - Database - INFO - Table recipe column consistency checked successfully!
2024-06-01 14:57:39,386[6727] - Database - INFO - Table recipe column consistency checked successfully!
2024-06-01 14:57:39,431[6727] - Database - INFO - Table sample already exists on server, checking column consistency...
2024-06-01 14:57:39,431[6727] - Database - INFO - Table sample already exists on server, checking column consistency...
2024-06-01 14:57:39,431[6727] - Database - INFO - Table sample already exists on server, checking column consistency...
2024-06-01 14:57:39,431[6727] - Database - INFO - Table sample already exists on server, checking column consistency...
2024-06-01 14:57:39,431[6727] - Database - INFO - Table sample already exists on server, checking column consistency...
2024-06-01 14:57:39,479[6727] - Database - INFO - Table sample column consistency checked successfully!
2024-06-01 14:57:39,479[6727] - Database - INFO - Table sample column consistency checked successfully!
2024-06-01 14:57:39,479[6727] - Database - INFO - Table sample column consistency checked successfully!
2024-06-01 14:57:39,479[6727] - Database - INFO - Table sample column consistency checked successfully!
2024-06-01 14:57:39,479[6727] - Database - INFO - Table sample column consistency checked successfully!
2024-06-01 14:57:39,530[6727] - Database - INFO - Table performance already exists on server, checking column consistency...
2024-06-01 14:57:39,530[6727] - Database - INFO - Table performance already exists on server, checking column consistency...
2024-06-01 14:57:39,530[6727] - Database - INFO - Table performance already exists on server, checking column consistency...
2024-06-01 14:57:39,530[6727] - Database - INFO - Table performance already exists on server, checking column consistency...
2024-06-01 14:57:39,530[6727] - Database - INFO - Table performance already exists on server, checking column consistency...
2024-06-01 14:57:39,616[6727] - Database - INFO - Table performance column consistency checked successfully!
2024-06-01 14:57:39,616[6727] - Database - INFO - Table performance column consistency checked successfully!
2024-06-01 14:57:39,616[6727] - Database - INFO - Table performance column consistency checked successfully!
2024-06-01 14:57:39,616[6727] - Database - INFO - Table performance column consistency checked successfully!
2024-06-01 14:57:39,616[6727] - Database - INFO - Table performance column consistency checked successfully!
2024-06-01 14:59:54,708[7656] - Database - INFO - Database Thomas_battery_PBSi connected successfully!
2024-06-01 14:59:54,722[7656] - Database - INFO - Schema active_learning created successfully!
2024-06-01 14:59:54,724[7656] - Database - INFO - Schema botorch created successfully!
2024-06-01 14:59:54,726[7656] - Database - INFO - Schema test_raw_data created successfully!
2024-06-01 14:59:54,774[7656] - Database - INFO - Table recipe already exists on server, checking column consistency...
2024-06-01 14:59:54,808[7656] - Database - INFO - Table recipe column consistency checked successfully!
2024-06-01 14:59:54,859[7656] - Database - INFO - Table sample already exists on server, checking column consistency...
2024-06-01 14:59:54,924[7656] - Database - INFO - Table sample column consistency checked successfully!
2024-06-01 14:59:54,972[7656] - Database - INFO - Table performance already exists on server, checking column consistency...
2024-06-01 14:59:55,015[7656] - Database - INFO - Table performance column consistency checked successfully!
2024-06-01 15:00:59,998[7656] - Database - INFO - Database Thomas_battery_PBSi connected successfully!
2024-06-01 15:00:59,998[7656] - Database - INFO - Database Thomas_battery_PBSi connected successfully!
2024-06-01 15:01:00,007[7656] - Database - INFO - Schema active_learning created successfully!
2024-06-01 15:01:00,007[7656] - Database - INFO - Schema active_learning created successfully!
2024-06-01 15:01:00,008[7656] - Database - INFO - Schema botorch created successfully!
2024-06-01 15:01:00,008[7656] - Database - INFO - Schema botorch created successfully!
2024-06-01 15:01:00,010[7656] - Database - INFO - Schema test_raw_data created successfully!
2024-06-01 15:01:00,010[7656] - Database - INFO - Schema test_raw_data created successfully!
2024-06-01 15:01:00,048[7656] - Database - INFO - Table recipe already exists on server, checking column consistency...
2024-06-01 15:01:00,048[7656] - Database - INFO - Table recipe already exists on server, checking column consistency...
2024-06-01 15:01:00,080[7656] - Database - INFO - Table recipe column consistency checked successfully!
2024-06-01 15:01:00,080[7656] - Database - INFO - Table recipe column consistency checked successfully!
2024-06-01 15:01:00,112[7656] - Database - INFO - Table sample already exists on server, checking column consistency...
2024-06-01 15:01:00,112[7656] - Database - INFO - Table sample already exists on server, checking column consistency...
2024-06-01 15:01:00,142[7656] - Database - INFO - Table sample column consistency checked successfully!
2024-06-01 15:01:00,142[7656] - Database - INFO - Table sample column consistency checked successfully!
2024-06-01 15:01:00,172[7656] - Database - INFO - Table performance already exists on server, checking column consistency...
2024-06-01 15:01:00,172[7656] - Database - INFO - Table performance already exists on server, checking column consistency...
2024-06-01 15:01:00,202[7656] - Database - INFO - Table performance column consistency checked successfully!
2024-06-01 15:01:00,202[7656] - Database - INFO - Table performance column consistency checked successfully!
2024-06-01 15:03:48,222[7789] - Database - INFO - Database Thomas_battery_PBSi connected successfully!
2024-06-01 15:03:48,233[7789] - Database - INFO - Schema active_learning created successfully!
2024-06-01 15:03:48,235[7789] - Database - INFO - Schema botorch created successfully!
2024-06-01 15:03:48,237[7789] - Database - INFO - Schema test_raw_data created successfully!
2024-06-01 15:03:48,275[7789] - Database - INFO - Table recipe already exists on server, checking column consistency...
2024-06-01 15:03:48,345[7789] - Database - INFO - Table recipe column consistency checked successfully!
2024-06-01 15:03:48,388[7789] - Database - INFO - Table sample already exists on server, checking column consistency...
2024-06-01 15:03:48,417[7789] - Database - INFO - Table sample column consistency checked successfully!
2024-06-01 15:03:48,449[7789] - Database - INFO - Table performance already exists on server, checking column consistency...
2024-06-01 15:03:48,480[7789] - Database - INFO - Table performance column consistency checked successfully!
2024-06-01 15:04:36,588[7822] - Database - INFO - Database Thomas_battery_PBSi connected successfully!
2024-06-01 15:04:36,598[7822] - Database - INFO - Schema active_learning created successfully!
2024-06-01 15:04:36,600[7822] - Database - INFO - Schema botorch created successfully!
2024-06-01 15:04:36,602[7822] - Database - INFO - Schema test_raw_data created successfully!
2024-06-01 15:04:36,638[7822] - Database - INFO - Table recipe already exists on server, checking column consistency...
2024-06-01 15:04:36,671[7822] - Database - INFO - Table recipe column consistency checked successfully!
2024-06-01 15:04:36,702[7822] - Database - INFO - Table sample already exists on server, checking column consistency...
2024-06-01 15:04:36,731[7822] - Database - INFO - Table sample column consistency checked successfully!
2024-06-01 15:04:36,761[7822] - Database - INFO - Table performance already exists on server, checking column consistency...
2024-06-01 15:04:36,792[7822] - Database - INFO - Table performance column consistency checked successfully!
2024-06-01 15:05:05,801[7822] - Database - INFO - Database Thomas_battery_PBSi connected successfully!
2024-06-01 15:05:05,801[7822] - Database - INFO - Database Thomas_battery_PBSi connected successfully!
2024-06-01 15:05:05,812[7822] - Database - INFO - Schema active_learning created successfully!
2024-06-01 15:05:05,812[7822] - Database - INFO - Schema active_learning created successfully!
2024-06-01 15:05:05,814[7822] - Database - INFO - Schema botorch created successfully!
2024-06-01 15:05:05,814[7822] - Database - INFO - Schema botorch created successfully!
2024-06-01 15:05:05,816[7822] - Database - INFO - Schema test_raw_data created successfully!
2024-06-01 15:05:05,816[7822] - Database - INFO - Schema test_raw_data created successfully!
2024-06-01 15:05:05,852[7822] - Database - INFO - Table recipe already exists on server, checking column consistency...
2024-06-01 15:05:05,852[7822] - Database - INFO - Table recipe already exists on server, checking column consistency...
2024-06-01 15:05:05,883[7822] - Database - INFO - Table recipe column consistency checked successfully!
2024-06-01 15:05:05,883[7822] - Database - INFO - Table recipe column consistency checked successfully!
2024-06-01 15:05:05,913[7822] - Database - INFO - Table sample already exists on server, checking column consistency...
2024-06-01 15:05:05,913[7822] - Database - INFO - Table sample already exists on server, checking column consistency...
2024-06-01 15:05:05,944[7822] - Database - INFO - Table sample column consistency checked successfully!
2024-06-01 15:05:05,944[7822] - Database - INFO - Table sample column consistency checked successfully!
2024-06-01 15:05:05,974[7822] - Database - INFO - Table performance already exists on server, checking column consistency...
2024-06-01 15:05:05,974[7822] - Database - INFO - Table performance already exists on server, checking column consistency...
2024-06-01 15:05:06,002[7822] - Database - INFO - Table performance column consistency checked successfully!
2024-06-01 15:05:06,002[7822] - Database - INFO - Table performance column consistency checked successfully!
2024-06-01 15:05:39,235[7822] - Database - INFO - Database Thomas_battery_PBSi connected successfully!
2024-06-01 15:05:39,235[7822] - Database - INFO - Database Thomas_battery_PBSi connected successfully!
2024-06-01 15:05:39,235[7822] - Database - INFO - Database Thomas_battery_PBSi connected successfully!
2024-06-01 15:05:39,245[7822] - Database - INFO - Schema active_learning created successfully!
2024-06-01 15:05:39,245[7822] - Database - INFO - Schema active_learning created successfully!
2024-06-01 15:05:39,245[7822] - Database - INFO - Schema active_learning created successfully!
2024-06-01 15:05:39,246[7822] - Database - INFO - Schema botorch created successfully!
2024-06-01 15:05:39,246[7822] - Database - INFO - Schema botorch created successfully!
2024-06-01 15:05:39,246[7822] - Database - INFO - Schema botorch created successfully!
2024-06-01 15:05:39,248[7822] - Database - INFO - Schema test_raw_data created successfully!
2024-06-01 15:05:39,248[7822] - Database - INFO - Schema test_raw_data created successfully!
2024-06-01 15:05:39,248[7822] - Database - INFO - Schema test_raw_data created successfully!
2024-06-01 15:05:39,282[7822] - Database - INFO - Table recipe already exists on server, checking column consistency...
2024-06-01 15:05:39,282[7822] - Database - INFO - Table recipe already exists on server, checking column consistency...
2024-06-01 15:05:39,282[7822] - Database - INFO - Table recipe already exists on server, checking column consistency...
2024-06-01 15:05:39,311[7822] - Database - INFO - Table recipe column consistency checked successfully!
2024-06-01 15:05:39,311[7822] - Database - INFO - Table recipe column consistency checked successfully!
2024-06-01 15:05:39,311[7822] - Database - INFO - Table recipe column consistency checked successfully!
2024-06-01 15:05:39,340[7822] - Database - INFO - Table sample already exists on server, checking column consistency...
2024-06-01 15:05:39,340[7822] - Database - INFO - Table sample already exists on server, checking column consistency...
2024-06-01 15:05:39,340[7822] - Database - INFO - Table sample already exists on server, checking column consistency...
2024-06-01 15:05:39,371[7822] - Database - INFO - Table sample column consistency checked successfully!
2024-06-01 15:05:39,371[7822] - Database - INFO - Table sample column consistency checked successfully!
2024-06-01 15:05:39,371[7822] - Database - INFO - Table sample column consistency checked successfully!
2024-06-01 15:05:39,401[7822] - Database - INFO - Table performance already exists on server, checking column consistency...
2024-06-01 15:05:39,401[7822] - Database - INFO - Table performance already exists on server, checking column consistency...
2024-06-01 15:05:39,401[7822] - Database - INFO - Table performance already exists on server, checking column consistency...
2024-06-01 15:05:39,437[7822] - Database - INFO - Table performance column consistency checked successfully!
2024-06-01 15:05:39,437[7822] - Database - INFO - Table performance column consistency checked successfully!
2024-06-01 15:05:39,437[7822] - Database - INFO - Table performance column consistency checked successfully!
2024-06-01 15:33:38,493[28728] - Database - INFO - Database Thomas_battery_PBSi connected successfully!
2024-06-01 15:33:38,532[28728] - Database - INFO - Schema active_learning created successfully!
2024-06-01 15:33:38,544[28728] - Database - INFO - Schema botorch created successfully!
2024-06-01 15:33:38,556[28728] - Database - INFO - Schema test_raw_data created successfully!
2024-06-01 15:33:38,736[28728] - Database - INFO - Table recipe already exists on server, checking column consistency...
2024-06-01 15:33:38,897[28728] - Database - INFO - Table recipe column consistency checked successfully!
2024-06-01 15:33:39,037[28728] - Database - INFO - Table sample already exists on server, checking column consistency...
2024-06-01 15:33:39,181[28728] - Database - INFO - Table sample column consistency checked successfully!
2024-06-01 15:33:39,328[28728] - Database - INFO - Table performance already exists on server, checking column consistency...
2024-06-01 15:33:39,474[28728] - Database - INFO - Table performance column consistency checked successfully!
2024-06-01 15:33:46,517[28728] - Database - INFO - Database Thomas_battery_PBSi connected successfully!
2024-06-01 15:33:46,517[28728] - Database - INFO - Database Thomas_battery_PBSi connected successfully!
2024-06-01 15:33:46,568[28728] - Database - INFO - Schema active_learning created successfully!
2024-06-01 15:33:46,568[28728] - Database - INFO - Schema active_learning created successfully!
2024-06-01 15:33:46,579[28728] - Database - INFO - Schema botorch created successfully!
2024-06-01 15:33:46,579[28728] - Database - INFO - Schema botorch created successfully!
2024-06-01 15:33:46,592[28728] - Database - INFO - Schema test_raw_data created successfully!
2024-06-01 15:33:46,592[28728] - Database - INFO - Schema test_raw_data created successfully!
2024-06-01 15:33:46,804[28728] - Database - INFO - Table recipe already exists on server, checking column consistency...
2024-06-01 15:33:46,804[28728] - Database - INFO - Table recipe already exists on server, checking column consistency...
2024-06-01 15:33:47,004[28728] - Database - INFO - Table recipe column consistency checked successfully!
2024-06-01 15:33:47,004[28728] - Database - INFO - Table recipe column consistency checked successfully!
2024-06-01 15:33:47,188[28728] - Database - INFO - Table sample already exists on server, checking column consistency...
2024-06-01 15:33:47,188[28728] - Database - INFO - Table sample already exists on server, checking column consistency...
2024-06-01 15:33:47,354[28728] - Database - INFO - Table sample column consistency checked successfully!
2024-06-01 15:33:47,354[28728] - Database - INFO - Table sample column consistency checked successfully!
2024-06-01 15:33:47,517[28728] - Database - INFO - Table performance already exists on server, checking column consistency...
2024-06-01 15:33:47,517[28728] - Database - INFO - Table performance already exists on server, checking column consistency...
2024-06-01 15:33:47,688[28728] - Database - INFO - Table performance column consistency checked successfully!
2024-06-01 15:33:47,688[28728] - Database - INFO - Table performance column consistency checked successfully!
