2023-06-07 17:37:28,869 - robotic_testing.robot_test - INFO - started a batch of test, with sample_rack_id : sample_id = {6: 158, 7: 159, 8: 160, 9: 161}
2023-06-07 17:37:37,652 - robotic_testing.robot_test - INFO - loading the sample from rack_id #6...
2023-06-07 17:38:16,733 - robotic_testing.robot_test - INFO - sample successfully loaded into the cell
2023-06-07 17:38:21,830 - robotic_testing.software - INFO - attempting to open software, trial 1 in 3 times...
2023-06-07 17:40:39,051 - robotic_testing.software - INFO - human operating, fail to detect...
2023-06-07 17:41:09,327 - robotic_testing.software - INFO - human operating, fail to detect...
2023-06-07 17:41:24,260 - robotic_testing.software - INFO - human operating, fail to detect...
2023-06-07 17:41:54,535 - robotic_testing.software - INFO - human operating, fail to detect...
2023-06-07 17:42:24,759 - robotic_testing.software - INFO - human operating, fail to detect...
2023-06-07 17:42:40,072 - robotic_testing.robot_test - INFO - test MOR_manual_sample#158_2023-06-07_17-37-34 finished
2023-06-07 17:42:43,032 - robotic_testing.robot_test - INFO - unloading the sample to rack_id #6...
2023-06-07 17:43:40,131 - robotic_testing.robot_test - INFO - sample successfully unloaded from the cell
2023-06-07 17:43:44,111 - robotic_testing.software - WARNING - cannot find C:\Users\li/PycharmProjects/catalyst/robotic_testing/icons/OBS_stop_record.png on screen
2023-06-07 17:46:58,898 - robotic_testing.robot_test - INFO - started a batch of test, with sample_rack_id : sample_id = {6: 158, 7: 159, 8: 160, 9: 161}
2023-06-07 17:47:14,297 - robotic_testing.robot_test - INFO - loading the sample from rack_id #6...
2023-06-07 17:47:53,453 - robotic_testing.robot_test - INFO - sample successfully loaded into the cell
2023-06-07 17:47:58,542 - robotic_testing.software - INFO - attempting to open software, trial 1 in 3 times...
2023-06-07 17:52:40,119 - robotic_testing.software - INFO - human operating, fail to detect...
2023-06-07 17:52:54,532 - robotic_testing.software - INFO - human operating, fail to detect...
2023-06-07 17:53:09,040 - robotic_testing.software - INFO - human operating, fail to detect...
2023-06-07 17:53:38,307 - robotic_testing.software - INFO - human operating, fail to detect...
2023-06-07 17:54:37,294 - robotic_testing.software - INFO - human operating, fail to detect...
2023-06-07 17:55:21,386 - robotic_testing.software - INFO - human operating, fail to detect...
2023-06-07 17:55:35,859 - robotic_testing.software - INFO - human operating, fail to detect...
2023-06-07 17:56:20,013 - robotic_testing.software - INFO - human operating, fail to detect...
2023-06-07 17:59:47,549 - robotic_testing.software - INFO - human operating, fail to detect...
2023-06-07 18:00:02,014 - robotic_testing.software - INFO - human operating, fail to detect...
2023-06-07 18:02:44,817 - robotic_testing.software - INFO - human operating, fail to detect...
2023-06-07 18:02:59,306 - robotic_testing.software - INFO - human operating, fail to detect...
2023-06-07 18:03:13,778 - robotic_testing.software - INFO - human operating, fail to detect...
2023-06-07 18:03:28,258 - robotic_testing.software - INFO - human operating, fail to detect...
2023-06-07 18:04:38,049 - robotic_testing.robot_test - INFO - started a batch of test, with sample_rack_id : sample_id = {6: 158, 7: 159, 8: 160, 9: 161}
2023-06-07 18:04:53,547 - robotic_testing.robot_test - INFO - loading the sample from rack_id #6...
2023-06-07 18:05:32,617 - robotic_testing.robot_test - INFO - sample successfully loaded into the cell
2023-06-07 18:05:36,695 - robotic_testing.software - WARNING - test is already running!
2023-06-07 18:05:39,700 - robotic_testing.robot_test - ERROR - test is already running! Restart needed!
Traceback (most recent call last):
  File "C:\Users\li\PycharmProjects\catalyst\robotic_testing\xarm6\xarm6_main.py", line 273, in test_main_workflow
    self.sw.start_test(test_name)
  File "C:\Users\li\PycharmProjects\catalyst\robotic_testing\xarm6\xarm6_main.py", line 210, in start_test
    raise SystemError('test is already running! Restart needed!')
SystemError: test is already running! Restart needed!

During handling of the above exception, another exception occurred:

Traceback (most recent call last):
  File "C:\Users\li\PycharmProjects\catalyst\robotic_testing\robot_test.py", line 35, in wrapper
    return func(self, *args, **kwargs)
  File "C:\Users\li\PycharmProjects\catalyst\robotic_testing\robot_test.py", line 132, in run
    self.test_main_workflow(
  File "C:\Users\li\PycharmProjects\catalyst\robotic_testing\xarm6\xarm6_main.py", line 294, in test_main_workflow
    raise SystemError(error)
SystemError: test is already running! Restart needed!
2023-06-07 18:07:51,849 - robotic_testing.robot_test - INFO - started a batch of test, with sample_rack_id : sample_id = {6: 158, 7: 159, 8: 160, 9: 161}
2023-06-07 18:08:07,372 - robotic_testing.robot_test - INFO - loading the sample from rack_id #6...
2023-06-07 18:08:46,481 - robotic_testing.robot_test - INFO - sample successfully loaded into the cell
2023-06-07 18:08:51,575 - robotic_testing.software - INFO - attempting to open software, trial 1 in 3 times...
2023-06-07 18:10:05,297 - robotic_testing.software - INFO - human operating, fail to detect...
2023-06-07 18:11:04,198 - robotic_testing.software - INFO - human operating, fail to detect...
2023-06-07 18:11:18,703 - robotic_testing.software - INFO - human operating, fail to detect...
2023-06-07 18:11:33,159 - robotic_testing.software - INFO - human operating, fail to detect...
2023-06-07 18:11:47,641 - robotic_testing.software - INFO - human operating, fail to detect...
2023-06-07 18:12:02,149 - robotic_testing.software - INFO - human operating, fail to detect...
2023-06-07 18:12:16,630 - robotic_testing.software - INFO - human operating, fail to detect...
2023-06-07 18:12:31,133 - robotic_testing.software - INFO - human operating, fail to detect...
2023-06-07 18:37:15,319 - robotic_testing.robot_test - INFO - test MOR_manual_sample#158_2023-06-07_18-08-04 finished
2023-06-07 18:37:18,266 - robotic_testing.robot_test - INFO - unloading the sample to rack_id #6...
2023-06-07 18:38:15,417 - robotic_testing.robot_test - INFO - sample successfully unloaded from the cell
2023-06-07 18:38:20,601 - robotic_testing.robot_test - INFO - loading the sample from rack_id #7...
2023-06-07 18:38:55,299 - robotic_testing.robot_test - INFO - sample successfully loaded into the cell
2023-06-07 18:39:00,391 - robotic_testing.software - INFO - attempting to open software, trial 1 in 3 times...
2023-06-07 19:07:41,420 - robotic_testing.robot_test - INFO - test MOR_manual_sample#159_2023-06-07_18-38-19 finished
2023-06-07 19:07:44,418 - robotic_testing.robot_test - INFO - unloading the sample to rack_id #7...
2023-06-07 19:08:40,846 - robotic_testing.robot_test - INFO - sample successfully unloaded from the cell
2023-06-07 19:08:46,004 - robotic_testing.robot_test - INFO - loading the sample from rack_id #8...
2023-06-07 19:09:20,989 - robotic_testing.robot_test - INFO - sample successfully loaded into the cell
2023-06-07 19:09:26,046 - robotic_testing.software - INFO - attempting to open software, trial 1 in 3 times...
2023-06-07 19:18:05,230 - robotic_testing.software - INFO - human operating, fail to detect...
2023-06-07 19:38:07,423 - robotic_testing.robot_test - INFO - test MOR_manual_sample#160_2023-06-07_19-08-44 finished
2023-06-07 19:38:10,369 - robotic_testing.robot_test - INFO - unloading the sample to rack_id #8...
2023-06-07 19:39:07,190 - robotic_testing.robot_test - INFO - sample successfully unloaded from the cell
2023-06-07 19:39:12,376 - robotic_testing.robot_test - INFO - loading the sample from rack_id #9...
2023-06-07 19:39:47,720 - robotic_testing.robot_test - INFO - sample successfully loaded into the cell
2023-06-07 19:39:52,814 - robotic_testing.software - INFO - attempting to open software, trial 1 in 3 times...
2023-06-07 20:08:35,161 - robotic_testing.robot_test - INFO - test MOR_manual_sample#161_2023-06-07_19-39-11 finished
2023-06-07 20:08:38,161 - robotic_testing.robot_test - INFO - unloading the sample to rack_id #9...
2023-06-07 20:09:35,420 - robotic_testing.robot_test - INFO - sample successfully unloaded from the cell
2023-06-07 22:02:45,892 - robotic_testing.robot_test - INFO - started a batch of test, with sample_rack_id : sample_id = {6: 158, 7: 159, 8: 160, 9: 161}
2023-06-07 22:02:54,718 - robotic_testing.robot_test - INFO - loading the sample from rack_id #6...
2023-06-07 22:03:33,753 - robotic_testing.robot_test - INFO - sample successfully loaded into the cell
2023-06-07 22:03:38,890 - robotic_testing.software - INFO - attempting to open software, trial 1 in 3 times...
2023-06-07 22:12:03,543 - robotic_testing.robot_test - INFO - test MOR_manual_sample#158_2023-06-07_22-02-51 finished
2023-06-07 22:12:06,502 - robotic_testing.robot_test - INFO - unloading the sample to rack_id #6...
2023-06-07 22:13:03,482 - robotic_testing.robot_test - INFO - sample successfully unloaded from the cell
2023-06-07 22:13:08,662 - robotic_testing.robot_test - INFO - loading the sample from rack_id #7...
2023-06-07 22:13:43,248 - robotic_testing.robot_test - INFO - sample successfully loaded into the cell
2023-06-07 22:13:48,293 - robotic_testing.software - INFO - attempting to open software, trial 1 in 3 times...
2023-06-07 22:18:00,047 - robotic_testing.software - INFO - human operating, fail to detect...
2023-06-07 22:18:14,716 - robotic_testing.software - INFO - human operating, fail to detect...
2023-06-07 22:18:59,286 - robotic_testing.software - INFO - human operating, fail to detect...
2023-06-07 22:19:13,835 - robotic_testing.software - INFO - human operating, fail to detect...
2023-06-07 22:21:58,608 - robotic_testing.robot_test - INFO - test MOR_manual_sample#159_2023-06-07_22-13-07 finished
2023-06-07 22:22:01,673 - robotic_testing.robot_test - INFO - unloading the sample to rack_id #7...
2023-06-07 22:22:58,090 - robotic_testing.robot_test - INFO - sample successfully unloaded from the cell
2023-06-07 22:23:03,432 - robotic_testing.robot_test - INFO - loading the sample from rack_id #8...
2023-06-07 22:23:38,258 - robotic_testing.robot_test - INFO - sample successfully loaded into the cell
2023-06-07 22:23:43,464 - robotic_testing.software - INFO - attempting to open software, trial 1 in 3 times...
2023-06-07 22:25:43,076 - robotic_testing.software - INFO - human operating, fail to detect...
2023-06-07 22:25:57,850 - robotic_testing.software - INFO - human operating, fail to detect...
2023-06-07 22:26:12,419 - robotic_testing.software - INFO - human operating, fail to detect...
2023-06-07 22:26:26,975 - robotic_testing.software - INFO - human operating, fail to detect...
2023-06-07 22:30:56,038 - robotic_testing.software - INFO - human operating, fail to detect...
2023-06-07 22:31:25,653 - robotic_testing.software - INFO - human operating, fail to detect...
2023-06-07 22:31:55,594 - robotic_testing.robot_test - INFO - test MOR_manual_sample#160_2023-06-07_22-23-02 finished
2023-06-07 22:31:58,687 - robotic_testing.robot_test - INFO - unloading the sample to rack_id #8...
2023-06-07 22:32:55,455 - robotic_testing.robot_test - INFO - sample successfully unloaded from the cell
2023-06-07 22:33:00,711 - robotic_testing.robot_test - INFO - loading the sample from rack_id #9...
2023-06-07 22:33:36,061 - robotic_testing.robot_test - INFO - sample successfully loaded into the cell
2023-06-07 22:33:41,235 - robotic_testing.software - INFO - attempting to open software, trial 1 in 3 times...
2023-06-07 22:41:55,351 - robotic_testing.robot_test - INFO - test MOR_manual_sample#161_2023-06-07_22-32-59 finished
2023-06-07 22:41:58,426 - robotic_testing.robot_test - INFO - unloading the sample to rack_id #9...
2023-06-07 22:42:55,640 - robotic_testing.robot_test - INFO - sample successfully unloaded from the cell
2023-06-07 22:55:38,306 - robotic_testing.robot_test - INFO - started a batch of test, with sample_rack_id : sample_id = {6: 158}
2023-06-07 22:55:47,313 - robotic_testing.robot_test - INFO - loading the sample from rack_id #6...
2023-06-07 22:56:26,240 - robotic_testing.robot_test - INFO - sample successfully loaded into the cell
2023-06-07 22:56:31,486 - robotic_testing.software - INFO - attempting to open software, trial 1 in 3 times...
2023-06-07 22:57:46,165 - robotic_testing.software - INFO - human operating, fail to detect...
2023-06-07 22:58:00,767 - robotic_testing.software - INFO - human operating, fail to detect...
2023-06-07 22:58:15,484 - robotic_testing.software - INFO - human operating, fail to detect...
2023-06-07 22:58:30,129 - robotic_testing.software - INFO - human operating, fail to detect...
2023-06-07 23:13:38,106 - robotic_testing.software - INFO - human operating, fail to detect...
2023-06-07 23:30:15,859 - robotic_testing.software - INFO - human operating, fail to detect...
2023-06-07 23:30:30,465 - robotic_testing.software - INFO - human operating, fail to detect...
2023-06-07 23:30:45,136 - robotic_testing.software - INFO - human operating, fail to detect...
2023-06-07 23:30:59,833 - robotic_testing.software - INFO - human operating, fail to detect...
2023-06-07 23:31:14,455 - robotic_testing.software - INFO - human operating, fail to detect...
2023-06-07 23:31:29,166 - robotic_testing.software - INFO - human operating, fail to detect...
2023-06-07 23:31:58,826 - robotic_testing.software - INFO - human operating, fail to detect...
2023-06-07 23:32:13,402 - robotic_testing.software - INFO - human operating, fail to detect...
2023-06-07 23:59:31,077 - robotic_testing.software - INFO - human operating, fail to detect...
2023-06-07 23:59:45,643 - robotic_testing.software - INFO - human operating, fail to detect...
2023-06-08 00:00:00,213 - robotic_testing.software - INFO - human operating, fail to detect...
2023-06-08 00:00:29,928 - robotic_testing.software - INFO - human operating, fail to detect...
2023-06-08 00:01:29,576 - robotic_testing.software - INFO - human operating, fail to detect...
2023-06-08 00:03:14,337 - robotic_testing.software - INFO - human operating, fail to detect...
2023-06-08 00:03:28,932 - robotic_testing.software - INFO - human operating, fail to detect...
2023-06-08 00:03:43,548 - robotic_testing.software - INFO - human operating, fail to detect...
2023-06-08 00:03:58,201 - robotic_testing.software - INFO - human operating, fail to detect...
2023-06-08 00:04:12,798 - robotic_testing.software - INFO - human operating, fail to detect...
2023-06-08 00:04:27,449 - robotic_testing.software - INFO - human operating, fail to detect...
2023-06-08 00:04:42,206 - robotic_testing.software - INFO - human operating, fail to detect...
2023-06-08 00:05:11,795 - robotic_testing.software - INFO - human operating, fail to detect...
2023-06-08 00:05:26,472 - robotic_testing.software - INFO - human operating, fail to detect...
2023-06-08 00:05:56,020 - robotic_testing.software - INFO - human operating, fail to detect...
2023-06-08 00:09:10,748 - robotic_testing.software - INFO - human operating, fail to detect...
2023-06-08 00:09:55,321 - robotic_testing.software - INFO - human operating, fail to detect...
2023-06-08 00:10:09,961 - robotic_testing.software - INFO - human operating, fail to detect...
2023-06-08 00:10:24,533 - robotic_testing.software - INFO - human operating, fail to detect...
2023-06-08 00:10:39,154 - robotic_testing.software - INFO - human operating, fail to detect...
2023-06-08 00:10:53,777 - robotic_testing.software - INFO - human operating, fail to detect...
2023-06-08 00:11:23,401 - robotic_testing.software - INFO - human operating, fail to detect...
2023-06-08 00:11:38,078 - robotic_testing.software - INFO - human operating, fail to detect...
2023-06-08 00:11:52,696 - robotic_testing.software - INFO - human operating, fail to detect...
2023-06-08 00:12:07,287 - robotic_testing.software - INFO - human operating, fail to detect...
2023-06-08 00:16:36,619 - robotic_testing.software - INFO - human operating, fail to detect...
2023-06-08 00:16:51,220 - robotic_testing.software - INFO - human operating, fail to detect...
2023-06-08 00:17:35,738 - robotic_testing.software - INFO - human operating, fail to detect...
2023-06-08 00:21:49,972 - robotic_testing.software - INFO - human operating, fail to detect...
2023-06-08 00:25:34,563 - robotic_testing.software - INFO - human operating, fail to detect...
2023-06-08 00:25:49,220 - robotic_testing.software - INFO - human operating, fail to detect...
2023-06-08 00:26:03,787 - robotic_testing.software - INFO - human operating, fail to detect...
2023-06-08 00:26:18,382 - robotic_testing.software - INFO - human operating, fail to detect...
2023-06-08 00:26:32,953 - robotic_testing.software - INFO - human operating, fail to detect...
2023-06-08 00:26:47,578 - robotic_testing.software - INFO - human operating, fail to detect...
2023-06-08 00:28:32,110 - robotic_testing.software - INFO - human operating, fail to detect...
2023-06-08 00:44:01,475 - robotic_testing.software - INFO - human operating, fail to detect...
2023-06-08 00:44:16,493 - robotic_testing.robot_test - INFO - test MOR_manual_sample#158_2023-06-07_22-55-44 finished
2023-06-08 00:44:19,794 - robotic_testing.robot_test - INFO - unloading the sample to rack_id #6...
2023-06-08 00:45:16,817 - robotic_testing.robot_test - INFO - sample successfully unloaded from the cell
2024-10-30 22:57:23,856 - Database - INFO - Database MOR_manual connected successfully!
2024-10-30 22:57:23,887 - Database - INFO - Schema active_learning created successfully!
2024-10-30 22:57:23,896 - Database - INFO - Schema botorch created successfully!
2024-10-30 22:57:23,905 - Database - INFO - Schema test_raw_data created successfully!
2024-10-30 22:57:23,953 - Database - INFO - Table recipe already exists on server, checking column consistency...
2024-10-30 22:57:24,004 - Database - INFO - Table recipe column consistency checked successfully!
2024-10-30 22:57:24,054 - Database - INFO - Table sample already exists on server, checking column consistency...
2024-10-30 22:57:24,104 - Database - INFO - Table sample column consistency checked successfully!
2024-10-30 22:57:24,157 - Database - INFO - Table performance already exists on server, checking column consistency...
2024-10-30 22:57:24,202 - Database - INFO - Table performance column consistency checked successfully!
