2025-12-21 22:36:26,152[47036] - RobotTest_AcidicPlatform - INFO - started a batch of test, with sample_rack_id : sample_id = {0: 1, 1: 2, 2: 3, 3: 4, 4: 5, 5: 6, 6: 7}
2025-12-21 22:36:32,176[47036] - OBS_Win - INFO - not in software yet
2025-12-21 22:36:32,508[47036] - OBS_Win - INFO - attempting to open OBS_Win, trial 1 in 3 times...
2025-12-21 22:36:36,078[47036] - OBS_Win - INFO - OBS_Win started
2025-12-21 22:36:36,078[47036] - RobotTest_AcidicPlatform - INFO - loading the sample from rack_id #0...
2025-12-21 22:37:15,342[47036] - RobotTest_AcidicPlatform - INFO - sample successfully loaded into the cell
2025-12-21 22:37:15,940[47036] - OBS_Win - INFO - OBS_Win stopped
2025-12-21 22:37:19,190[47036] - EC_Lab_Win11 - INFO - not in software yet
2025-12-21 22:37:19,498[47036] - EC_Lab_Win11 - INFO - attempting to open EC_Lab_Win11, trial 1 in 3 times...
2025-12-21 22:39:22,377[47036] - RobotTest_AcidicPlatform - INFO - human operating, fail to detect...
2025-12-21 22:55:55,327[47036] - EC_Lab_Win11 - INFO - test is complete
2025-12-21 22:55:55,327[47036] - RobotTest_AcidicPlatform - INFO - test SSFP_sample#1_2025-12-21_22-36-31 finished
2025-12-21 22:55:55,537[47036] - OBS_Win - INFO - not in software yet
2025-12-21 22:55:55,858[47036] - OBS_Win - INFO - attempting to open OBS_Win, trial 1 in 3 times...
2025-12-21 22:55:59,414[47036] - OBS_Win - INFO - OBS_Win started
2025-12-21 22:55:59,414[47036] - RobotTest_AcidicPlatform - INFO - unloading the sample to rack_id #0...
2025-12-21 22:56:58,832[47036] - RobotTest_AcidicPlatform - INFO - sample successfully unloaded from the cell
2025-12-21 22:57:02,048[47036] - OBS_Win - INFO - not in software yet
2025-12-21 22:57:02,388[47036] - OBS_Win - INFO - attempting to open OBS_Win, trial 1 in 3 times...
2025-12-21 22:57:05,593[47036] - OBS_Win - INFO - not in software yet
2025-12-21 22:57:05,926[47036] - OBS_Win - INFO - attempting to open OBS_Win, trial 2 in 3 times...
2025-12-21 22:57:09,484[47036] - OBS_Win - INFO - OBS_Win stopped
2025-12-21 22:57:09,929[47036] - OBS_Win - WARNING - cannot find ['OBS_start_record.png'] on screen
2025-12-21 22:57:13,270[47036] - OBS_Win - INFO - OBS_Win started
2025-12-21 22:57:13,270[47036] - RobotTest_AcidicPlatform - INFO - loading the sample from rack_id #1...
2025-12-21 22:57:45,525[47036] - RobotTest_AcidicPlatform - INFO - sample successfully loaded into the cell
2025-12-21 22:57:46,077[47036] - OBS_Win - INFO - OBS_Win stopped
2025-12-21 22:57:49,316[47036] - EC_Lab_Win11 - INFO - not in software yet
2025-12-21 22:57:49,635[47036] - EC_Lab_Win11 - INFO - attempting to open EC_Lab_Win11, trial 1 in 3 times...
2025-12-21 23:16:49,233[47036] - EC_Lab_Win11 - INFO - test is complete
2025-12-21 23:16:49,234[47036] - RobotTest_AcidicPlatform - INFO - test SSFP_sample#2_2025-12-21_22-57-09 finished
2025-12-21 23:16:49,445[47036] - OBS_Win - INFO - not in software yet
2025-12-21 23:16:49,774[47036] - OBS_Win - INFO - attempting to open OBS_Win, trial 1 in 3 times...
2025-12-21 23:16:53,312[47036] - OBS_Win - INFO - OBS_Win started
2025-12-21 23:16:53,312[47036] - RobotTest_AcidicPlatform - INFO - unloading the sample to rack_id #1...
2025-12-21 23:17:52,060[47036] - RobotTest_AcidicPlatform - INFO - sample successfully unloaded from the cell
2025-12-21 23:17:55,664[47036] - OBS_Win - INFO - OBS_Win stopped
2025-12-21 23:17:56,143[47036] - OBS_Win - WARNING - cannot find ['OBS_start_record.png'] on screen
2025-12-21 23:17:59,477[47036] - OBS_Win - INFO - OBS_Win started
2025-12-21 23:17:59,477[47036] - RobotTest_AcidicPlatform - INFO - loading the sample from rack_id #2...
2025-12-21 23:18:32,011[47036] - RobotTest_AcidicPlatform - INFO - sample successfully loaded into the cell
2025-12-21 23:18:32,565[47036] - OBS_Win - INFO - OBS_Win stopped
2025-12-21 23:18:35,804[47036] - EC_Lab_Win11 - INFO - not in software yet
2025-12-21 23:18:36,120[47036] - EC_Lab_Win11 - INFO - attempting to open EC_Lab_Win11, trial 1 in 3 times...
2025-12-21 23:37:35,828[47036] - EC_Lab_Win11 - INFO - test is complete
2025-12-21 23:37:35,828[47036] - RobotTest_AcidicPlatform - INFO - test SSFP_sample#3_2025-12-21_23-17-55 finished
2025-12-21 23:37:36,025[47036] - OBS_Win - INFO - not in software yet
2025-12-21 23:37:36,356[47036] - OBS_Win - INFO - attempting to open OBS_Win, trial 1 in 3 times...
2025-12-21 23:37:39,889[47036] - OBS_Win - INFO - OBS_Win started
2025-12-21 23:37:39,889[47036] - RobotTest_AcidicPlatform - INFO - unloading the sample to rack_id #2...
2025-12-21 23:38:38,360[47036] - RobotTest_AcidicPlatform - INFO - sample successfully unloaded from the cell
2025-12-21 23:38:41,959[47036] - OBS_Win - INFO - OBS_Win stopped
2025-12-21 23:38:42,447[47036] - OBS_Win - WARNING - cannot find ['OBS_start_record.png'] on screen
2025-12-21 23:38:45,787[47036] - OBS_Win - INFO - OBS_Win started
2025-12-21 23:38:45,787[47036] - RobotTest_AcidicPlatform - INFO - loading the sample from rack_id #3...
2025-12-21 23:39:18,943[47036] - RobotTest_AcidicPlatform - INFO - sample successfully loaded into the cell
2025-12-21 23:39:19,528[47036] - OBS_Win - INFO - OBS_Win stopped
2025-12-21 23:39:22,764[47036] - EC_Lab_Win11 - INFO - not in software yet
2025-12-21 23:39:23,080[47036] - EC_Lab_Win11 - INFO - attempting to open EC_Lab_Win11, trial 1 in 3 times...
2025-12-21 23:58:34,199[47036] - EC_Lab_Win11 - INFO - test is complete
2025-12-21 23:58:34,199[47036] - RobotTest_AcidicPlatform - INFO - test SSFP_sample#4_2025-12-21_23-38-41 finished
2025-12-21 23:58:34,395[47036] - OBS_Win - INFO - not in software yet
2025-12-21 23:58:34,718[47036] - OBS_Win - INFO - attempting to open OBS_Win, trial 1 in 3 times...
2025-12-21 23:58:38,273[47036] - OBS_Win - INFO - OBS_Win started
2025-12-21 23:58:38,273[47036] - RobotTest_AcidicPlatform - INFO - unloading the sample to rack_id #3...
2025-12-21 23:59:36,267[47036] - RobotTest_AcidicPlatform - INFO - sample successfully unloaded from the cell
2025-12-21 23:59:39,882[47036] - OBS_Win - INFO - OBS_Win stopped
2025-12-21 23:59:40,337[47036] - OBS_Win - WARNING - cannot find ['OBS_start_record.png'] on screen
2025-12-21 23:59:43,680[47036] - OBS_Win - INFO - OBS_Win started
2025-12-21 23:59:43,680[47036] - RobotTest_AcidicPlatform - INFO - loading the sample from rack_id #4...
2025-12-22 00:00:17,163[47036] - RobotTest_AcidicPlatform - INFO - sample successfully loaded into the cell
2025-12-22 00:00:17,730[47036] - OBS_Win - INFO - OBS_Win stopped
2025-12-22 00:00:20,970[47036] - EC_Lab_Win11 - INFO - not in software yet
2025-12-22 00:00:21,286[47036] - EC_Lab_Win11 - INFO - attempting to open EC_Lab_Win11, trial 1 in 3 times...
2025-12-22 00:19:20,551[47036] - EC_Lab_Win11 - INFO - test is complete
2025-12-22 00:19:20,552[47036] - RobotTest_AcidicPlatform - INFO - test SSFP_sample#5_2025-12-21_23-59-39 finished
2025-12-22 00:19:20,753[47036] - OBS_Win - INFO - not in software yet
2025-12-22 00:19:21,070[47036] - OBS_Win - INFO - attempting to open OBS_Win, trial 1 in 3 times...
2025-12-22 00:19:24,631[47036] - OBS_Win - INFO - OBS_Win started
2025-12-22 00:19:24,631[47036] - RobotTest_AcidicPlatform - INFO - unloading the sample to rack_id #4...
2025-12-22 00:20:22,283[47036] - RobotTest_AcidicPlatform - INFO - sample successfully unloaded from the cell
2025-12-22 00:20:25,851[47036] - OBS_Win - INFO - OBS_Win stopped
2025-12-22 00:20:26,322[47036] - OBS_Win - WARNING - cannot find ['OBS_start_record.png'] on screen
2025-12-22 00:20:29,663[47036] - OBS_Win - INFO - OBS_Win started
2025-12-22 00:20:29,663[47036] - RobotTest_AcidicPlatform - INFO - loading the sample from rack_id #5...
2025-12-22 00:21:03,424[47036] - RobotTest_AcidicPlatform - INFO - sample successfully loaded into the cell
2025-12-22 00:21:03,976[47036] - OBS_Win - INFO - OBS_Win stopped
2025-12-22 00:21:07,215[47036] - EC_Lab_Win11 - INFO - not in software yet
2025-12-22 00:21:07,519[47036] - EC_Lab_Win11 - INFO - attempting to open EC_Lab_Win11, trial 1 in 3 times...
2025-12-22 00:31:04,106[47036] - RobotTest_AcidicPlatform - INFO - human operating, fail to detect...
2025-12-22 00:31:14,114[47036] - RobotTest_AcidicPlatform - INFO - human operating, fail to detect...
2025-12-22 00:31:24,120[47036] - RobotTest_AcidicPlatform - INFO - human operating, fail to detect...
2025-12-22 00:31:34,133[47036] - RobotTest_AcidicPlatform - INFO - human operating, fail to detect...
2025-12-22 00:31:44,145[47036] - RobotTest_AcidicPlatform - INFO - human operating, fail to detect...
2025-12-22 00:31:55,017[47036] - EC_Lab_Win11 - INFO - not in software yet
2025-12-22 00:31:55,344[47036] - EC_Lab_Win11 - INFO - attempting to open EC_Lab_Win11, trial 1 in 3 times...
2025-12-22 00:31:58,634[47036] - EC_Lab_Win11 - INFO - not in software yet
2025-12-22 00:31:58,961[47036] - EC_Lab_Win11 - INFO - attempting to open EC_Lab_Win11, trial 2 in 3 times...
2025-12-22 00:40:19,274[47036] - EC_Lab_Win11 - INFO - test is complete
2025-12-22 00:40:19,274[47036] - RobotTest_AcidicPlatform - INFO - test SSFP_sample#6_2025-12-22_00-20-25 finished
2025-12-22 00:40:19,474[47036] - OBS_Win - INFO - not in software yet
2025-12-22 00:40:19,801[47036] - OBS_Win - INFO - attempting to open OBS_Win, trial 1 in 3 times...
2025-12-22 00:40:23,364[47036] - OBS_Win - INFO - OBS_Win started
2025-12-22 00:40:23,364[47036] - RobotTest_AcidicPlatform - INFO - unloading the sample to rack_id #5...
2025-12-22 00:41:20,542[47036] - RobotTest_AcidicPlatform - INFO - sample successfully unloaded from the cell
2025-12-22 00:41:24,152[47036] - OBS_Win - INFO - OBS_Win stopped
2025-12-22 00:41:24,583[47036] - OBS_Win - WARNING - cannot find ['OBS_start_record.png'] on screen
2025-12-22 00:41:27,921[47036] - OBS_Win - INFO - OBS_Win started
2025-12-22 00:41:27,921[47036] - RobotTest_AcidicPlatform - INFO - loading the sample from rack_id #6...
2025-12-22 00:42:02,390[47036] - RobotTest_AcidicPlatform - INFO - sample successfully loaded into the cell
2025-12-22 00:42:02,985[47036] - OBS_Win - INFO - OBS_Win stopped
2025-12-22 00:42:06,233[47036] - EC_Lab_Win11 - INFO - not in software yet
2025-12-22 00:42:06,543[47036] - EC_Lab_Win11 - INFO - attempting to open EC_Lab_Win11, trial 1 in 3 times...
2025-12-22 01:01:17,134[47036] - EC_Lab_Win11 - INFO - test is complete
2025-12-22 01:01:17,134[47036] - RobotTest_AcidicPlatform - INFO - test SSFP_sample#7_2025-12-22_00-41-24 finished
2025-12-22 01:01:17,333[47036] - OBS_Win - INFO - not in software yet
2025-12-22 01:01:17,660[47036] - OBS_Win - INFO - attempting to open OBS_Win, trial 1 in 3 times...
2025-12-22 01:01:21,198[47036] - OBS_Win - INFO - OBS_Win started
2025-12-22 01:01:21,198[47036] - RobotTest_AcidicPlatform - INFO - unloading the sample to rack_id #6...
2025-12-22 01:02:17,864[47036] - RobotTest_AcidicPlatform - INFO - sample successfully unloaded from the cell
2025-12-22 01:02:21,436[47036] - OBS_Win - INFO - OBS_Win stopped
