2023-10-15 13:11:47,937[21780] - Smartlife - INFO - attempting to open Smartlife, trial 1 in 3 times...
2023-10-15 13:11:51,463[21780] - Smartlife - INFO - attempting to open Smartlife, trial 2 in 3 times...
2023-10-15 13:11:55,004[21780] - Smartlife - INFO - attempting to open Smartlife, trial 3 in 3 times...
2023-10-15 13:11:58,222[21780] - Smartlife - WARNING - failed to open Smartlife
2023-10-15 13:11:58,254[21780] - Smartlife - WARNING - cannot find smartlife_on.png on screen
2023-10-15 13:12:01,311[21780] - Smartlife - WARNING - cannot find smartlife_on.png on screen
2023-10-15 13:12:04,366[21780] - Smartlife - WARNING - cannot find smartlife_on.png on screen
2023-10-15 13:12:07,419[21780] - Smartlife - WARNING - cannot find smartlife_on.png on screen
2023-10-15 13:12:10,475[21780] - Smartlife - WARNING - cannot find smartlife_on.png on screen
2023-10-15 13:14:04,181[16296] - Smartlife - INFO - attempting to open Smartlife, trial 1 in 3 times...
2023-10-15 13:14:07,730[16296] - Smartlife - INFO - attempting to open Smartlife, trial 2 in 3 times...
2023-10-15 13:14:11,333[16296] - Smartlife - INFO - attempting to open Smartlife, trial 3 in 3 times...
2023-10-15 13:14:14,538[16296] - Smartlife - WARNING - failed to open Smartlife
2023-10-15 13:14:14,855[16296] - Smartlife - INFO - Smartlife stopped
2023-10-15 13:14:17,394[16296] - Smartlife - INFO - attempting to open Smartlife, trial 1 in 3 times...
2023-10-15 13:14:17,394[16296] - Smartlife - INFO - attempting to open Smartlife, trial 1 in 3 times...
2023-10-15 13:14:20,939[16296] - Smartlife - INFO - attempting to open Smartlife, trial 2 in 3 times...
2023-10-15 13:14:20,939[16296] - Smartlife - INFO - attempting to open Smartlife, trial 2 in 3 times...
2023-10-15 13:14:24,475[16296] - Smartlife - INFO - attempting to open Smartlife, trial 3 in 3 times...
2023-10-15 13:14:24,475[16296] - Smartlife - INFO - attempting to open Smartlife, trial 3 in 3 times...
2023-10-15 13:14:27,685[16296] - Smartlife - WARNING - failed to open Smartlife
2023-10-15 13:14:27,685[16296] - Smartlife - WARNING - failed to open Smartlife
2023-10-15 13:14:27,890[16296] - Smartlife - WARNING - cannot find ['smartlife_on.png'] on screen
2023-10-15 13:14:27,890[16296] - Smartlife - WARNING - cannot find ['smartlife_on.png'] on screen
2023-10-15 13:14:31,120[16296] - Smartlife - WARNING - cannot find ['smartlife_on.png'] on screen
2023-10-15 13:14:31,120[16296] - Smartlife - WARNING - cannot find ['smartlife_on.png'] on screen
2023-10-15 13:14:34,338[16296] - Smartlife - WARNING - cannot find ['smartlife_on.png'] on screen
2023-10-15 13:14:34,338[16296] - Smartlife - WARNING - cannot find ['smartlife_on.png'] on screen
