2024-12-10 11:25:27,464[27084] - Database - WARNING - Database ORR_manual does not exist yet, creating now...
2024-12-10 11:25:28,901[27084] - Database - INFO - Database ORR_manual connected successfully!
2024-12-10 11:25:28,997[27084] - Database - INFO - Schema active_learning created successfully!
2024-12-10 11:25:29,010[27084] - Database - INFO - Schema botorch created successfully!
2024-12-10 11:25:29,023[27084] - Database - INFO - Schema test_raw_data created successfully!
2024-12-10 11:25:29,034[27084] - Database - WARNING - Table recipe does not exist on server yet, creating now...
2024-12-10 11:25:29,096[27084] - Database - INFO - Table recipe created on server successfully!
2024-12-10 11:25:29,161[27084] - Database - WARNING - Table sample does not exist on server yet, creating now...
2024-12-10 11:25:29,254[27084] - Database - INFO - Table sample created on server successfully!
2024-12-10 11:25:29,366[27084] - Database - WARNING - Table performance does not exist on server yet, creating now...
2024-12-10 11:25:29,515[27084] - Database - INFO - Table performance created on server successfully!
2024-12-10 11:25:58,584[27084] - RobotTest_AcidicPlatform - INFO - started a batch of test, with sample_rack_id : sample_id = {0: 0, 1: 1, 2: 2, 3: 3, 4: 4, 5: 5, 6: 6, 7: 7, 8: 8, 9: 9, 10: 10, 11: 11, 12: 12, 13: 13, 14: 14, 15: 15, 16: 16, 17: 17}
2024-12-10 11:27:38,485[28580] - Database - INFO - Database ORR_manual connected successfully!
2024-12-10 11:27:38,531[28580] - Database - INFO - Schema active_learning created successfully!
2024-12-10 11:27:38,540[28580] - Database - INFO - Schema botorch created successfully!
2024-12-10 11:27:38,553[28580] - Database - INFO - Schema test_raw_data created successfully!
2024-12-10 11:27:38,730[28580] - Database - INFO - Table recipe already exists on server, checking column consistency...
2024-12-10 11:27:38,902[28580] - Database - INFO - Table recipe column consistency checked successfully!
2024-12-10 11:27:39,077[28580] - Database - INFO - Table sample already exists on server, checking column consistency...
2024-12-10 11:27:39,264[28580] - Database - INFO - Table sample column consistency checked successfully!
2024-12-10 11:27:39,428[28580] - Database - INFO - Table performance already exists on server, checking column consistency...
2024-12-10 11:27:39,613[28580] - Database - INFO - Table performance column consistency checked successfully!
2024-12-10 11:27:43,866[28580] - RobotTest_AcidicPlatform - INFO - started a batch of test, with sample_rack_id : sample_id = {0: 0, 1: 1, 2: 2, 3: 3, 4: 4, 5: 5, 6: 6, 7: 7, 8: 8, 9: 9, 10: 10, 11: 11, 12: 12, 13: 13, 14: 14, 15: 15, 16: 16, 17: 17}
2024-12-10 11:27:54,000[28580] - OBS_Win - INFO - not in software yet
2024-12-10 11:27:54,302[28580] - OBS_Win - INFO - attempting to open OBS_Win, trial 1 in 3 times...
2024-12-10 11:27:57,821[28580] - OBS_Win - INFO - OBS_Win started
2024-12-10 11:27:57,821[28580] - RobotTest_AcidicPlatform - INFO - loading the sample from rack_id #0...
2024-12-10 11:28:36,902[28580] - RobotTest_AcidicPlatform - INFO - sample successfully loaded into the cell
2024-12-10 11:28:37,452[28580] - OBS_Win - INFO - OBS_Win stopped
2024-12-10 11:28:40,644[28580] - EC_Lab_Win11 - INFO - not in software yet
2024-12-10 11:28:40,950[28580] - EC_Lab_Win11 - INFO - attempting to open EC_Lab_Win11, trial 1 in 3 times...
2024-12-10 11:30:54,271[28580] - RobotTest_AcidicPlatform - INFO - human operating, fail to detect...
2024-12-10 11:31:04,286[28580] - RobotTest_AcidicPlatform - INFO - human operating, fail to detect...
2024-12-10 11:38:29,015[28580] - RobotTest_AcidicPlatform - INFO - human operating, fail to detect...
2024-12-10 11:39:23,643[28580] - RobotTest_AcidicPlatform - INFO - human operating, fail to detect...
2024-12-10 11:42:31,790[28580] - RobotTest_AcidicPlatform - INFO - human operating, fail to detect...
2024-12-10 11:42:41,793[28580] - RobotTest_AcidicPlatform - INFO - human operating, fail to detect...
2024-12-10 11:42:51,798[28580] - RobotTest_AcidicPlatform - INFO - human operating, fail to detect...
2024-12-10 11:43:01,810[28580] - RobotTest_AcidicPlatform - INFO - human operating, fail to detect...
2024-12-10 11:50:26,966[28580] - RobotTest_AcidicPlatform - INFO - human operating, fail to detect...
2024-12-10 11:50:36,978[28580] - RobotTest_AcidicPlatform - INFO - human operating, fail to detect...
2024-12-10 11:50:46,990[28580] - RobotTest_AcidicPlatform - INFO - human operating, fail to detect...
2024-12-10 11:52:26,166[28580] - RobotTest_AcidicPlatform - INFO - human operating, fail to detect...
2024-12-10 11:52:36,175[28580] - RobotTest_AcidicPlatform - INFO - human operating, fail to detect...
2024-12-10 11:54:15,413[28580] - RobotTest_AcidicPlatform - INFO - human operating, fail to detect...
2024-12-10 11:54:25,416[28580] - RobotTest_AcidicPlatform - INFO - human operating, fail to detect...
2024-12-10 11:54:46,531[28580] - RobotTest_AcidicPlatform - INFO - human operating, fail to detect...
2024-12-10 11:54:56,534[28580] - RobotTest_AcidicPlatform - INFO - human operating, fail to detect...
2024-12-10 11:55:06,542[28580] - RobotTest_AcidicPlatform - INFO - human operating, fail to detect...
2024-12-10 11:55:16,554[28580] - RobotTest_AcidicPlatform - INFO - human operating, fail to detect...
2024-12-10 11:55:26,567[28580] - RobotTest_AcidicPlatform - INFO - human operating, fail to detect...
2024-12-10 11:55:36,582[28580] - RobotTest_AcidicPlatform - INFO - human operating, fail to detect...
2024-12-10 11:58:12,681[28580] - EC_Lab_Win11 - INFO - test is complete
2024-12-10 11:58:12,682[28580] - RobotTest_AcidicPlatform - INFO - test ORR_manual_sample#0_2024-12-10_11-27-53 finished
2024-12-10 11:58:12,866[28580] - OBS_Win - INFO - not in software yet
2024-12-10 11:58:13,161[28580] - OBS_Win - INFO - attempting to open OBS_Win, trial 1 in 3 times...
2024-12-10 11:58:16,652[28580] - OBS_Win - INFO - OBS_Win started
2024-12-10 11:58:16,652[28580] - RobotTest_AcidicPlatform - INFO - unloading the sample to rack_id #0...
2024-12-10 11:59:16,289[28580] - RobotTest_AcidicPlatform - INFO - sample successfully unloaded from the cell
2024-12-10 11:59:19,836[28580] - OBS_Win - INFO - OBS_Win stopped
2024-12-10 11:59:20,256[28580] - OBS_Win - WARNING - cannot find ['OBS_start_record.png'] on screen
2024-12-10 11:59:23,565[28580] - OBS_Win - INFO - OBS_Win started
2024-12-10 11:59:23,565[28580] - RobotTest_AcidicPlatform - INFO - loading the sample from rack_id #1...
2024-12-10 11:59:55,659[28580] - RobotTest_AcidicPlatform - INFO - sample successfully loaded into the cell
2024-12-10 11:59:56,187[28580] - OBS_Win - INFO - OBS_Win stopped
2024-12-10 11:59:59,381[28580] - EC_Lab_Win11 - INFO - not in software yet
2024-12-10 11:59:59,691[28580] - EC_Lab_Win11 - INFO - attempting to open EC_Lab_Win11, trial 1 in 3 times...
2024-12-10 12:26:01,828[28580] - EC_Lab_Win11 - INFO - test is complete
2024-12-10 12:26:01,828[28580] - RobotTest_AcidicPlatform - INFO - test ORR_manual_sample#1_2024-12-10_11-59-19 finished
2024-12-10 12:26:02,013[28580] - OBS_Win - INFO - not in software yet
2024-12-10 12:26:02,330[28580] - OBS_Win - INFO - attempting to open OBS_Win, trial 1 in 3 times...
2024-12-10 12:26:05,844[28580] - OBS_Win - INFO - OBS_Win started
2024-12-10 12:26:05,844[28580] - RobotTest_AcidicPlatform - INFO - unloading the sample to rack_id #1...
2024-12-10 12:27:04,995[28580] - RobotTest_AcidicPlatform - INFO - sample successfully unloaded from the cell
2024-12-10 12:27:08,518[28580] - OBS_Win - INFO - OBS_Win stopped
2024-12-10 12:27:08,925[28580] - OBS_Win - WARNING - cannot find ['OBS_start_record.png'] on screen
2024-12-10 12:27:12,250[28580] - OBS_Win - INFO - OBS_Win started
2024-12-10 12:27:12,250[28580] - RobotTest_AcidicPlatform - INFO - loading the sample from rack_id #2...
2024-12-10 12:27:44,695[28580] - RobotTest_AcidicPlatform - INFO - sample successfully loaded into the cell
2024-12-10 12:27:45,229[28580] - OBS_Win - INFO - OBS_Win stopped
2024-12-10 12:27:48,430[28580] - EC_Lab_Win11 - INFO - not in software yet
2024-12-10 12:27:48,738[28580] - EC_Lab_Win11 - INFO - attempting to open EC_Lab_Win11, trial 1 in 3 times...
2024-12-10 12:43:14,019[28580] - RobotTest_AcidicPlatform - INFO - human operating, fail to detect...
2024-12-10 12:43:24,023[28580] - RobotTest_AcidicPlatform - INFO - human operating, fail to detect...
2024-12-10 12:43:34,037[28580] - RobotTest_AcidicPlatform - INFO - human operating, fail to detect...
2024-12-10 12:43:44,044[28580] - RobotTest_AcidicPlatform - INFO - human operating, fail to detect...
2024-12-10 12:43:54,059[28580] - RobotTest_AcidicPlatform - INFO - human operating, fail to detect...
2024-12-10 12:44:04,063[28580] - RobotTest_AcidicPlatform - INFO - human operating, fail to detect...
2024-12-10 12:44:47,608[28580] - RobotTest_AcidicPlatform - INFO - human operating, fail to detect...
2024-12-10 12:44:58,386[28580] - EC_Lab_Win11 - INFO - not in software yet
2024-12-10 12:44:58,685[28580] - EC_Lab_Win11 - INFO - attempting to open EC_Lab_Win11, trial 1 in 3 times...
2024-12-10 12:45:01,878[28580] - EC_Lab_Win11 - INFO - not in software yet
2024-12-10 12:45:02,181[28580] - EC_Lab_Win11 - INFO - attempting to open EC_Lab_Win11, trial 2 in 3 times...
2024-12-10 12:53:50,328[28580] - EC_Lab_Win11 - INFO - test is complete
2024-12-10 12:53:50,328[28580] - RobotTest_AcidicPlatform - INFO - test ORR_manual_sample#2_2024-12-10_12-27-08 finished
2024-12-10 12:53:50,515[28580] - OBS_Win - INFO - not in software yet
2024-12-10 12:53:50,831[28580] - OBS_Win - INFO - attempting to open OBS_Win, trial 1 in 3 times...
2024-12-10 12:53:54,324[28580] - OBS_Win - INFO - OBS_Win started
2024-12-10 12:53:54,324[28580] - RobotTest_AcidicPlatform - INFO - unloading the sample to rack_id #2...
2024-12-10 12:54:53,065[28580] - RobotTest_AcidicPlatform - INFO - sample successfully unloaded from the cell
2024-12-10 12:54:56,622[28580] - OBS_Win - INFO - OBS_Win stopped
2024-12-10 12:54:57,027[28580] - OBS_Win - WARNING - cannot find ['OBS_start_record.png'] on screen
2024-12-10 12:55:00,353[28580] - OBS_Win - INFO - OBS_Win started
2024-12-10 12:55:00,353[28580] - RobotTest_AcidicPlatform - INFO - loading the sample from rack_id #3...
2024-12-10 12:55:33,224[28580] - RobotTest_AcidicPlatform - INFO - sample successfully loaded into the cell
2024-12-10 12:55:33,769[28580] - OBS_Win - INFO - OBS_Win stopped
2024-12-10 12:55:36,969[28580] - EC_Lab_Win11 - INFO - not in software yet
2024-12-10 12:55:37,279[28580] - EC_Lab_Win11 - INFO - attempting to open EC_Lab_Win11, trial 1 in 3 times...
2024-12-10 13:19:34,720[28580] - RobotTest_AcidicPlatform - INFO - human operating, fail to detect...
2024-12-10 13:19:45,497[28580] - EC_Lab_Win11 - INFO - not in software yet
2024-12-10 13:19:45,830[28580] - EC_Lab_Win11 - INFO - attempting to open EC_Lab_Win11, trial 1 in 3 times...
2024-12-10 13:19:49,019[28580] - EC_Lab_Win11 - INFO - not in software yet
2024-12-10 13:19:49,324[28580] - EC_Lab_Win11 - INFO - attempting to open EC_Lab_Win11, trial 2 in 3 times...
2024-12-10 13:21:33,159[28580] - EC_Lab_Win11 - INFO - test is complete
2024-12-10 13:21:33,160[28580] - RobotTest_AcidicPlatform - INFO - test ORR_manual_sample#3_2024-12-10_12-54-56 finished
2024-12-10 13:21:33,361[28580] - OBS_Win - INFO - not in software yet
2024-12-10 13:21:33,656[28580] - OBS_Win - INFO - attempting to open OBS_Win, trial 1 in 3 times...
2024-12-10 13:21:37,142[28580] - OBS_Win - INFO - OBS_Win started
2024-12-10 13:21:37,142[28580] - RobotTest_AcidicPlatform - INFO - unloading the sample to rack_id #3...
2024-12-10 13:22:35,607[28580] - RobotTest_AcidicPlatform - INFO - sample successfully unloaded from the cell
2024-12-10 13:22:39,141[28580] - OBS_Win - INFO - OBS_Win stopped
2024-12-10 13:22:39,554[28580] - OBS_Win - WARNING - cannot find ['OBS_start_record.png'] on screen
2024-12-10 13:22:42,875[28580] - OBS_Win - INFO - OBS_Win started
2024-12-10 13:22:42,875[28580] - RobotTest_AcidicPlatform - INFO - loading the sample from rack_id #4...
2024-12-10 13:23:15,859[28580] - RobotTest_AcidicPlatform - INFO - sample successfully loaded into the cell
2024-12-10 13:23:16,372[28580] - OBS_Win - INFO - OBS_Win stopped
2024-12-10 13:23:19,566[28580] - EC_Lab_Win11 - INFO - not in software yet
2024-12-10 13:23:19,878[28580] - EC_Lab_Win11 - INFO - attempting to open EC_Lab_Win11, trial 1 in 3 times...
2024-12-10 13:29:17,219[28580] - EC_Lab_Win11 - INFO - not in software yet
2024-12-10 13:29:17,515[28580] - EC_Lab_Win11 - INFO - attempting to open EC_Lab_Win11, trial 1 in 3 times...
2024-12-10 13:29:20,711[28580] - EC_Lab_Win11 - INFO - not in software yet
2024-12-10 13:29:21,013[28580] - EC_Lab_Win11 - INFO - attempting to open EC_Lab_Win11, trial 2 in 3 times...
2024-12-10 13:37:34,011[28580] - RobotTest_AcidicPlatform - INFO - human operating, fail to detect...
2024-12-10 13:37:44,011[28580] - RobotTest_AcidicPlatform - INFO - human operating, fail to detect...
2024-12-10 13:37:54,015[28580] - RobotTest_AcidicPlatform - INFO - human operating, fail to detect...
2024-12-10 13:38:04,030[28580] - RobotTest_AcidicPlatform - INFO - human operating, fail to detect...
2024-12-10 13:38:14,035[28580] - RobotTest_AcidicPlatform - INFO - human operating, fail to detect...
2024-12-10 13:38:24,047[28580] - RobotTest_AcidicPlatform - INFO - human operating, fail to detect...
2024-12-10 13:38:34,059[28580] - RobotTest_AcidicPlatform - INFO - human operating, fail to detect...
2024-12-10 13:38:44,067[28580] - RobotTest_AcidicPlatform - INFO - human operating, fail to detect...
2024-12-10 13:38:54,077[28580] - RobotTest_AcidicPlatform - INFO - human operating, fail to detect...
2024-12-10 13:39:04,091[28580] - RobotTest_AcidicPlatform - INFO - human operating, fail to detect...
2024-12-10 13:39:14,106[28580] - RobotTest_AcidicPlatform - INFO - human operating, fail to detect...
2024-12-10 13:39:24,119[28580] - RobotTest_AcidicPlatform - INFO - human operating, fail to detect...
2024-12-10 13:39:34,122[28580] - RobotTest_AcidicPlatform - INFO - human operating, fail to detect...
2024-12-10 13:39:44,122[28580] - RobotTest_AcidicPlatform - INFO - human operating, fail to detect...
2024-12-10 13:39:54,135[28580] - RobotTest_AcidicPlatform - INFO - human operating, fail to detect...
2024-12-10 13:40:04,137[28580] - RobotTest_AcidicPlatform - INFO - human operating, fail to detect...
2024-12-10 13:40:36,505[28580] - RobotTest_AcidicPlatform - INFO - human operating, fail to detect...
2024-12-10 13:42:38,097[28580] - RobotTest_AcidicPlatform - INFO - human operating, fail to detect...
2024-12-10 13:42:48,104[28580] - RobotTest_AcidicPlatform - INFO - human operating, fail to detect...
2024-12-10 13:42:58,116[28580] - RobotTest_AcidicPlatform - INFO - human operating, fail to detect...
2024-12-10 13:43:08,128[28580] - RobotTest_AcidicPlatform - INFO - human operating, fail to detect...
2024-12-10 13:43:18,135[28580] - RobotTest_AcidicPlatform - INFO - human operating, fail to detect...
2024-12-10 13:43:39,388[28580] - RobotTest_AcidicPlatform - INFO - human operating, fail to detect...
2024-12-10 13:43:49,389[28580] - RobotTest_AcidicPlatform - INFO - human operating, fail to detect...
2024-12-10 13:43:59,393[28580] - RobotTest_AcidicPlatform - INFO - human operating, fail to detect...
2024-12-10 13:44:09,406[28580] - RobotTest_AcidicPlatform - INFO - human operating, fail to detect...
2024-12-10 13:44:19,406[28580] - RobotTest_AcidicPlatform - INFO - human operating, fail to detect...
2024-12-10 13:44:29,418[28580] - RobotTest_AcidicPlatform - INFO - human operating, fail to detect...
2024-12-10 13:45:01,748[28580] - RobotTest_AcidicPlatform - INFO - human operating, fail to detect...
2024-12-10 13:45:11,750[28580] - RobotTest_AcidicPlatform - INFO - human operating, fail to detect...
2024-12-10 13:45:32,982[28580] - RobotTest_AcidicPlatform - INFO - human operating, fail to detect...
2024-12-10 13:45:42,995[28580] - RobotTest_AcidicPlatform - INFO - human operating, fail to detect...
2024-12-10 13:45:53,001[28580] - RobotTest_AcidicPlatform - INFO - human operating, fail to detect...
2024-12-10 13:46:03,014[28580] - RobotTest_AcidicPlatform - INFO - human operating, fail to detect...
2024-12-10 13:46:13,025[28580] - RobotTest_AcidicPlatform - INFO - human operating, fail to detect...
2024-12-10 13:46:34,154[28580] - RobotTest_AcidicPlatform - INFO - human operating, fail to detect...
2024-12-10 13:46:44,159[28580] - RobotTest_AcidicPlatform - INFO - human operating, fail to detect...
2024-12-10 13:49:23,603[22596] - Database - INFO - Database ORR_manual connected successfully!
2024-12-10 13:49:23,659[22596] - Database - INFO - Schema active_learning created successfully!
2024-12-10 13:49:23,671[22596] - Database - INFO - Schema botorch created successfully!
2024-12-10 13:49:23,681[22596] - Database - INFO - Schema test_raw_data created successfully!
2024-12-10 13:49:23,870[22596] - Database - INFO - Table recipe already exists on server, checking column consistency...
2024-12-10 13:49:24,043[22596] - Database - INFO - Table recipe column consistency checked successfully!
2024-12-10 13:49:24,209[22596] - Database - INFO - Table sample already exists on server, checking column consistency...
2024-12-10 13:49:24,394[22596] - Database - INFO - Table sample column consistency checked successfully!
2024-12-10 13:49:24,568[22596] - Database - INFO - Table performance already exists on server, checking column consistency...
2024-12-10 13:49:24,744[22596] - Database - INFO - Table performance column consistency checked successfully!
2024-12-10 13:49:25,723[22596] - RobotTest_AcidicPlatform - INFO - started a batch of test, with sample_rack_id : sample_id = {4: 4, 5: 5, 6: 6, 7: 7, 8: 8, 9: 9, 10: 10, 11: 11, 12: 12, 13: 13, 14: 14, 15: 15, 16: 16, 17: 17}
2024-12-10 13:49:39,583[22596] - OBS_Win - INFO - not in software yet
2024-12-10 13:49:39,881[22596] - OBS_Win - INFO - attempting to open OBS_Win, trial 1 in 3 times...
2024-12-10 13:49:43,426[22596] - OBS_Win - INFO - OBS_Win started
2024-12-10 13:49:43,426[22596] - RobotTest_AcidicPlatform - INFO - loading the sample from rack_id #4...
2024-12-10 13:50:22,492[22596] - RobotTest_AcidicPlatform - INFO - sample successfully loaded into the cell
2024-12-10 13:50:23,040[22596] - OBS_Win - INFO - OBS_Win stopped
2024-12-10 13:50:26,250[22596] - EC_Lab_Win11 - INFO - not in software yet
2024-12-10 13:50:26,565[22596] - EC_Lab_Win11 - INFO - attempting to open EC_Lab_Win11, trial 1 in 3 times...
2024-12-10 13:51:55,468[22596] - RobotTest_AcidicPlatform - INFO - human operating, fail to detect...
2024-12-10 13:52:05,469[22596] - RobotTest_AcidicPlatform - INFO - human operating, fail to detect...
2024-12-10 13:52:15,471[22596] - RobotTest_AcidicPlatform - INFO - human operating, fail to detect...
2024-12-10 13:52:25,483[22596] - RobotTest_AcidicPlatform - INFO - human operating, fail to detect...
2024-12-10 13:52:35,486[22596] - RobotTest_AcidicPlatform - INFO - human operating, fail to detect...
2024-12-10 13:52:45,493[22596] - RobotTest_AcidicPlatform - INFO - human operating, fail to detect...
2024-12-10 13:52:55,503[22596] - RobotTest_AcidicPlatform - INFO - human operating, fail to detect...
2024-12-10 13:53:05,505[22596] - RobotTest_AcidicPlatform - INFO - human operating, fail to detect...
2024-12-10 13:53:15,507[22596] - RobotTest_AcidicPlatform - INFO - human operating, fail to detect...
2024-12-10 13:53:25,508[22596] - RobotTest_AcidicPlatform - INFO - human operating, fail to detect...
2024-12-10 13:53:35,521[22596] - RobotTest_AcidicPlatform - INFO - human operating, fail to detect...
2024-12-10 13:53:56,685[22596] - RobotTest_AcidicPlatform - INFO - human operating, fail to detect...
2024-12-10 13:54:06,692[22596] - RobotTest_AcidicPlatform - INFO - human operating, fail to detect...
2024-12-10 13:54:50,165[22596] - RobotTest_AcidicPlatform - INFO - human operating, fail to detect...
2024-12-10 13:55:00,173[22596] - RobotTest_AcidicPlatform - INFO - human operating, fail to detect...
2024-12-10 13:55:10,184[22596] - RobotTest_AcidicPlatform - INFO - human operating, fail to detect...
2024-12-10 13:55:42,526[22596] - RobotTest_AcidicPlatform - INFO - human operating, fail to detect...
2024-12-10 13:56:26,056[22596] - RobotTest_AcidicPlatform - INFO - human operating, fail to detect...
2024-12-10 13:56:36,067[22596] - RobotTest_AcidicPlatform - INFO - human operating, fail to detect...
2024-12-10 13:56:46,074[22596] - RobotTest_AcidicPlatform - INFO - human operating, fail to detect...
2024-12-10 13:57:07,266[22596] - RobotTest_AcidicPlatform - INFO - human operating, fail to detect...
2024-12-10 13:57:17,278[22596] - RobotTest_AcidicPlatform - INFO - human operating, fail to detect...
2024-12-10 13:57:27,291[22596] - RobotTest_AcidicPlatform - INFO - human operating, fail to detect...
2024-12-10 13:58:21,946[22596] - RobotTest_AcidicPlatform - INFO - human operating, fail to detect...
2024-12-10 13:58:31,961[22596] - RobotTest_AcidicPlatform - INFO - human operating, fail to detect...
2024-12-10 13:58:41,974[22596] - RobotTest_AcidicPlatform - INFO - human operating, fail to detect...
2024-12-10 13:58:51,974[22596] - RobotTest_AcidicPlatform - INFO - human operating, fail to detect...
2024-12-10 13:59:01,984[22596] - RobotTest_AcidicPlatform - INFO - human operating, fail to detect...
2024-12-10 13:59:34,351[22596] - RobotTest_AcidicPlatform - INFO - human operating, fail to detect...
2024-12-10 13:59:45,120[22596] - EC_Lab_Win11 - INFO - not in software yet
2024-12-10 13:59:45,423[22596] - EC_Lab_Win11 - INFO - attempting to open EC_Lab_Win11, trial 1 in 3 times...
2024-12-10 13:59:48,613[22596] - EC_Lab_Win11 - INFO - not in software yet
2024-12-10 13:59:48,913[22596] - EC_Lab_Win11 - INFO - attempting to open EC_Lab_Win11, trial 2 in 3 times...
2024-12-10 14:26:39,936[22596] - EC_Lab_Win11 - INFO - test is complete
2024-12-10 14:26:39,936[22596] - RobotTest_AcidicPlatform - INFO - test ORR_manual_sample#4_2024-12-10_13-49-39 finished
2024-12-10 14:26:40,121[22596] - OBS_Win - INFO - not in software yet
2024-12-10 14:26:40,433[22596] - OBS_Win - INFO - attempting to open OBS_Win, trial 1 in 3 times...
2024-12-10 14:26:43,966[22596] - OBS_Win - INFO - OBS_Win started
2024-12-10 14:26:43,966[22596] - RobotTest_AcidicPlatform - INFO - unloading the sample to rack_id #4...
2024-12-10 14:27:41,927[22596] - RobotTest_AcidicPlatform - INFO - sample successfully unloaded from the cell
2024-12-10 14:27:45,498[22596] - OBS_Win - INFO - OBS_Win stopped
2024-12-10 14:27:45,906[22596] - OBS_Win - WARNING - cannot find ['OBS_start_record.png'] on screen
2024-12-10 14:27:49,220[22596] - OBS_Win - INFO - OBS_Win started
2024-12-10 14:27:49,220[22596] - RobotTest_AcidicPlatform - INFO - loading the sample from rack_id #5...
2024-12-10 14:28:22,663[22596] - RobotTest_AcidicPlatform - INFO - sample successfully loaded into the cell
2024-12-10 14:28:23,180[22596] - OBS_Win - INFO - OBS_Win stopped
2024-12-10 14:28:26,395[22596] - EC_Lab_Win11 - INFO - not in software yet
2024-12-10 14:28:26,695[22596] - EC_Lab_Win11 - INFO - attempting to open EC_Lab_Win11, trial 1 in 3 times...
2024-12-10 14:53:44,430[22596] - RobotTest_AcidicPlatform - INFO - human operating, fail to detect...
2024-12-10 15:04:31,988[22596] - EC_Lab_Win11 - INFO - test is complete
2024-12-10 15:04:31,988[22596] - RobotTest_AcidicPlatform - INFO - test ORR_manual_sample#5_2024-12-10_14-27-45 finished
2024-12-10 15:04:32,171[22596] - OBS_Win - INFO - not in software yet
2024-12-10 15:04:32,475[22596] - OBS_Win - INFO - attempting to open OBS_Win, trial 1 in 3 times...
2024-12-10 15:04:36,008[22596] - OBS_Win - INFO - OBS_Win started
2024-12-10 15:04:36,008[22596] - RobotTest_AcidicPlatform - INFO - unloading the sample to rack_id #5...
2024-12-10 15:05:33,676[22596] - RobotTest_AcidicPlatform - INFO - sample successfully unloaded from the cell
2024-12-10 15:05:37,232[22596] - OBS_Win - INFO - OBS_Win stopped
2024-12-10 15:05:37,642[22596] - OBS_Win - WARNING - cannot find ['OBS_start_record.png'] on screen
2024-12-10 15:05:40,979[22596] - OBS_Win - INFO - OBS_Win started
2024-12-10 15:05:40,979[22596] - RobotTest_AcidicPlatform - INFO - loading the sample from rack_id #6...
2024-12-10 15:06:14,934[22596] - RobotTest_AcidicPlatform - INFO - sample successfully loaded into the cell
2024-12-10 15:06:15,481[22596] - OBS_Win - INFO - OBS_Win stopped
2024-12-10 15:06:18,685[22596] - EC_Lab_Win11 - INFO - not in software yet
2024-12-10 15:06:18,990[22596] - EC_Lab_Win11 - INFO - attempting to open EC_Lab_Win11, trial 1 in 3 times...
2024-12-10 15:42:25,862[22596] - EC_Lab_Win11 - INFO - test is complete
2024-12-10 15:42:25,862[22596] - RobotTest_AcidicPlatform - INFO - test ORR_manual_sample#6_2024-12-10_15-05-37 finished
2024-12-10 15:42:26,062[22596] - OBS_Win - INFO - not in software yet
2024-12-10 15:42:26,368[22596] - OBS_Win - INFO - attempting to open OBS_Win, trial 1 in 3 times...
2024-12-10 15:42:29,890[22596] - OBS_Win - INFO - OBS_Win started
2024-12-10 15:42:29,890[22596] - RobotTest_AcidicPlatform - INFO - unloading the sample to rack_id #6...
2024-12-10 15:43:27,078[22596] - RobotTest_AcidicPlatform - INFO - sample successfully unloaded from the cell
2024-12-10 15:43:30,655[22596] - OBS_Win - INFO - OBS_Win stopped
2024-12-10 15:43:31,074[22596] - OBS_Win - WARNING - cannot find ['OBS_start_record.png'] on screen
2024-12-10 15:43:34,392[22596] - OBS_Win - INFO - OBS_Win started
2024-12-10 15:43:34,392[22596] - RobotTest_AcidicPlatform - INFO - loading the sample from rack_id #7...
2024-12-10 15:44:08,789[22596] - RobotTest_AcidicPlatform - INFO - sample successfully loaded into the cell
2024-12-10 15:44:09,305[22596] - OBS_Win - INFO - OBS_Win stopped
2024-12-10 15:44:12,500[22596] - EC_Lab_Win11 - INFO - not in software yet
2024-12-10 15:44:12,818[22596] - EC_Lab_Win11 - INFO - attempting to open EC_Lab_Win11, trial 1 in 3 times...
2024-12-10 16:20:27,534[22596] - EC_Lab_Win11 - INFO - test is complete
2024-12-10 16:20:27,534[22596] - RobotTest_AcidicPlatform - INFO - test ORR_manual_sample#7_2024-12-10_15-43-30 finished
2024-12-10 16:20:27,727[22596] - OBS_Win - INFO - not in software yet
2024-12-10 16:20:28,028[22596] - OBS_Win - INFO - attempting to open OBS_Win, trial 1 in 3 times...
2024-12-10 16:20:31,545[22596] - OBS_Win - INFO - OBS_Win started
2024-12-10 16:20:31,546[22596] - RobotTest_AcidicPlatform - INFO - unloading the sample to rack_id #7...
2024-12-10 16:21:28,168[22596] - RobotTest_AcidicPlatform - INFO - sample successfully unloaded from the cell
2024-12-10 16:21:31,715[22596] - OBS_Win - INFO - OBS_Win stopped
2024-12-10 16:21:32,106[22596] - OBS_Win - WARNING - cannot find ['OBS_start_record.png'] on screen
2024-12-10 16:21:35,419[22596] - OBS_Win - INFO - OBS_Win started
2024-12-10 16:21:35,419[22596] - RobotTest_AcidicPlatform - INFO - loading the sample from rack_id #8...
2024-12-10 16:22:10,243[22596] - RobotTest_AcidicPlatform - INFO - sample successfully loaded into the cell
2024-12-10 16:22:10,773[22596] - OBS_Win - INFO - OBS_Win stopped
2024-12-10 16:22:13,965[22596] - EC_Lab_Win11 - INFO - not in software yet
2024-12-10 16:22:14,275[22596] - EC_Lab_Win11 - INFO - attempting to open EC_Lab_Win11, trial 1 in 3 times...
2024-12-10 16:58:29,199[22596] - EC_Lab_Win11 - INFO - test is complete
2024-12-10 16:58:29,199[22596] - RobotTest_AcidicPlatform - INFO - test ORR_manual_sample#8_2024-12-10_16-21-31 finished
2024-12-10 16:58:29,385[22596] - OBS_Win - INFO - not in software yet
2024-12-10 16:58:29,702[22596] - OBS_Win - INFO - attempting to open OBS_Win, trial 1 in 3 times...
2024-12-10 16:58:33,208[22596] - OBS_Win - INFO - OBS_Win started
2024-12-10 16:58:33,208[22596] - RobotTest_AcidicPlatform - INFO - unloading the sample to rack_id #8...
2024-12-10 16:59:29,977[22596] - RobotTest_AcidicPlatform - INFO - sample successfully unloaded from the cell
2024-12-10 16:59:33,502[22596] - OBS_Win - INFO - OBS_Win stopped
2024-12-10 16:59:33,877[22596] - OBS_Win - WARNING - cannot find ['OBS_start_record.png'] on screen
2024-12-10 16:59:37,199[22596] - OBS_Win - INFO - OBS_Win started
2024-12-10 16:59:37,199[22596] - RobotTest_AcidicPlatform - INFO - loading the sample from rack_id #9...
2024-12-10 17:00:12,340[22596] - RobotTest_AcidicPlatform - INFO - sample successfully loaded into the cell
2024-12-10 17:00:12,855[22596] - OBS_Win - INFO - OBS_Win stopped
2024-12-10 17:00:16,054[22596] - EC_Lab_Win11 - INFO - not in software yet
2024-12-10 17:00:16,365[22596] - EC_Lab_Win11 - INFO - attempting to open EC_Lab_Win11, trial 1 in 3 times...
2024-12-10 17:29:48,204[22596] - RobotTest_AcidicPlatform - INFO - human operating, fail to detect...
2024-12-10 17:29:58,207[22596] - RobotTest_AcidicPlatform - INFO - human operating, fail to detect...
2024-12-10 17:30:08,217[22596] - RobotTest_AcidicPlatform - INFO - human operating, fail to detect...
2024-12-10 17:30:18,219[22596] - RobotTest_AcidicPlatform - INFO - human operating, fail to detect...
2024-12-10 17:30:28,232[22596] - RobotTest_AcidicPlatform - INFO - human operating, fail to detect...
2024-12-10 17:30:38,236[22596] - RobotTest_AcidicPlatform - INFO - human operating, fail to detect...
2024-12-10 17:30:49,010[22596] - EC_Lab_Win11 - INFO - not in software yet
2024-12-10 17:30:49,325[22596] - EC_Lab_Win11 - INFO - attempting to open EC_Lab_Win11, trial 1 in 3 times...
2024-12-10 17:30:52,521[22596] - EC_Lab_Win11 - INFO - not in software yet
2024-12-10 17:30:52,826[22596] - EC_Lab_Win11 - INFO - attempting to open EC_Lab_Win11, trial 2 in 3 times...
2024-12-10 17:36:30,723[22596] - EC_Lab_Win11 - INFO - test is complete
2024-12-10 17:36:30,723[22596] - RobotTest_AcidicPlatform - INFO - test ORR_manual_sample#9_2024-12-10_16-59-33 finished
2024-12-10 17:36:30,910[22596] - OBS_Win - INFO - not in software yet
2024-12-10 17:36:31,227[22596] - OBS_Win - INFO - attempting to open OBS_Win, trial 1 in 3 times...
2024-12-10 17:36:34,718[22596] - OBS_Win - INFO - OBS_Win started
2024-12-10 17:36:34,718[22596] - RobotTest_AcidicPlatform - INFO - unloading the sample to rack_id #9...
2024-12-10 17:37:31,788[22596] - RobotTest_AcidicPlatform - INFO - sample successfully unloaded from the cell
2024-12-10 17:37:35,305[22596] - OBS_Win - INFO - OBS_Win stopped
2024-12-10 17:37:35,703[22596] - OBS_Win - WARNING - cannot find ['OBS_start_record.png'] on screen
2024-12-10 17:37:39,012[22596] - OBS_Win - INFO - OBS_Win started
2024-12-10 17:37:39,012[22596] - RobotTest_AcidicPlatform - INFO - loading the sample from rack_id #10...
2024-12-10 17:38:14,644[22596] - RobotTest_AcidicPlatform - INFO - sample successfully loaded into the cell
2024-12-10 17:38:15,162[22596] - OBS_Win - INFO - OBS_Win stopped
2024-12-10 17:38:18,343[22596] - EC_Lab_Win11 - INFO - not in software yet
2024-12-10 17:38:18,659[22596] - EC_Lab_Win11 - INFO - attempting to open EC_Lab_Win11, trial 1 in 3 times...
2024-12-10 18:09:41,719[22596] - RobotTest_AcidicPlatform - INFO - human operating, fail to detect...
2024-12-10 18:09:51,731[22596] - RobotTest_AcidicPlatform - INFO - human operating, fail to detect...
2024-12-10 18:10:01,733[22596] - RobotTest_AcidicPlatform - INFO - human operating, fail to detect...
2024-12-10 18:10:11,743[22596] - RobotTest_AcidicPlatform - INFO - human operating, fail to detect...
2024-12-10 18:10:21,753[22596] - RobotTest_AcidicPlatform - INFO - human operating, fail to detect...
2024-12-10 18:10:31,760[22596] - RobotTest_AcidicPlatform - INFO - human operating, fail to detect...
2024-12-10 18:10:41,775[22596] - RobotTest_AcidicPlatform - INFO - human operating, fail to detect...
2024-12-10 18:10:51,790[22596] - RobotTest_AcidicPlatform - INFO - human operating, fail to detect...
2024-12-10 18:11:01,794[22596] - RobotTest_AcidicPlatform - INFO - human operating, fail to detect...
2024-12-10 18:11:11,803[22596] - RobotTest_AcidicPlatform - INFO - human operating, fail to detect...
2024-12-10 18:11:21,816[22596] - RobotTest_AcidicPlatform - INFO - human operating, fail to detect...
2024-12-10 18:11:32,551[22596] - EC_Lab_Win11 - INFO - not in software yet
2024-12-10 18:11:32,885[22596] - EC_Lab_Win11 - INFO - attempting to open EC_Lab_Win11, trial 1 in 3 times...
2024-12-10 18:11:36,103[22596] - EC_Lab_Win11 - INFO - not in software yet
2024-12-10 18:11:36,401[22596] - EC_Lab_Win11 - INFO - attempting to open EC_Lab_Win11, trial 2 in 3 times...
2024-12-10 18:14:27,203[22596] - EC_Lab_Win11 - INFO - test is complete
2024-12-10 18:14:27,204[22596] - RobotTest_AcidicPlatform - INFO - test ORR_manual_sample#10_2024-12-10_17-37-35 finished
2024-12-10 18:14:27,390[22596] - OBS_Win - INFO - not in software yet
2024-12-10 18:14:27,692[22596] - OBS_Win - INFO - attempting to open OBS_Win, trial 1 in 3 times...
2024-12-10 18:14:31,185[22596] - OBS_Win - INFO - OBS_Win started
2024-12-10 18:14:31,185[22596] - RobotTest_AcidicPlatform - INFO - unloading the sample to rack_id #10...
2024-12-10 18:15:28,731[22596] - RobotTest_AcidicPlatform - INFO - sample successfully unloaded from the cell
2024-12-10 18:15:31,951[22596] - OBS_Win - INFO - not in software yet
2024-12-10 18:15:32,266[22596] - OBS_Win - INFO - attempting to open OBS_Win, trial 1 in 3 times...
2024-12-10 18:15:35,500[22596] - OBS_Win - INFO - not in software yet
2024-12-10 18:15:35,811[22596] - OBS_Win - INFO - attempting to open OBS_Win, trial 2 in 3 times...
2024-12-10 18:15:39,353[22596] - OBS_Win - INFO - OBS_Win stopped
2024-12-10 18:15:39,764[22596] - OBS_Win - WARNING - cannot find ['OBS_start_record.png'] on screen
2024-12-10 18:15:43,122[22596] - OBS_Win - INFO - OBS_Win started
2024-12-10 18:15:43,122[22596] - RobotTest_AcidicPlatform - INFO - loading the sample from rack_id #11...
2024-12-10 18:16:19,373[22596] - RobotTest_AcidicPlatform - INFO - sample successfully loaded into the cell
2024-12-10 18:16:19,892[22596] - OBS_Win - INFO - OBS_Win stopped
2024-12-10 18:16:23,069[22596] - EC_Lab_Win11 - INFO - not in software yet
2024-12-10 18:16:23,381[22596] - EC_Lab_Win11 - INFO - attempting to open EC_Lab_Win11, trial 1 in 3 times...
2024-12-10 18:16:57,322[22596] - EC_Lab_Win11 - INFO - not in software yet
2024-12-10 18:16:57,624[22596] - EC_Lab_Win11 - INFO - attempting to open EC_Lab_Win11, trial 1 in 3 times...
2024-12-10 18:17:00,807[22596] - EC_Lab_Win11 - INFO - not in software yet
2024-12-10 18:17:01,097[22596] - EC_Lab_Win11 - INFO - attempting to open EC_Lab_Win11, trial 2 in 3 times...
2024-12-10 18:47:54,319[22596] - EC_Lab_Win11 - INFO - not in software yet
2024-12-10 18:47:54,632[22596] - EC_Lab_Win11 - INFO - attempting to open EC_Lab_Win11, trial 1 in 3 times...
2024-12-10 18:47:57,829[22596] - EC_Lab_Win11 - INFO - not in software yet
2024-12-10 18:47:58,139[22596] - EC_Lab_Win11 - INFO - attempting to open EC_Lab_Win11, trial 2 in 3 times...
2024-12-10 18:52:40,308[22596] - EC_Lab_Win11 - INFO - test is complete
2024-12-10 18:52:40,308[22596] - RobotTest_AcidicPlatform - INFO - test ORR_manual_sample#11_2024-12-10_18-15-39 finished
2024-12-10 18:52:40,491[22596] - OBS_Win - INFO - not in software yet
2024-12-10 18:52:40,811[22596] - OBS_Win - INFO - attempting to open OBS_Win, trial 1 in 3 times...
2024-12-10 18:52:44,294[22596] - OBS_Win - INFO - OBS_Win started
2024-12-10 18:52:44,294[22596] - RobotTest_AcidicPlatform - INFO - unloading the sample to rack_id #11...
2024-12-10 18:53:42,235[22596] - RobotTest_AcidicPlatform - INFO - sample successfully unloaded from the cell
2024-12-10 18:53:45,776[22596] - OBS_Win - INFO - OBS_Win stopped
2024-12-10 18:53:46,152[22596] - OBS_Win - WARNING - cannot find ['OBS_start_record.png'] on screen
2024-12-10 18:53:49,472[22596] - OBS_Win - INFO - OBS_Win started
2024-12-10 18:53:49,472[22596] - RobotTest_AcidicPlatform - INFO - loading the sample from rack_id #12...
2024-12-10 18:54:26,287[22596] - RobotTest_AcidicPlatform - INFO - sample successfully loaded into the cell
2024-12-10 18:54:26,803[22596] - OBS_Win - INFO - OBS_Win stopped
2024-12-10 18:54:30,019[22596] - EC_Lab_Win11 - INFO - not in software yet
2024-12-10 18:54:30,319[22596] - EC_Lab_Win11 - INFO - attempting to open EC_Lab_Win11, trial 1 in 3 times...
2024-12-10 19:00:49,088[22596] - RobotTest_AcidicPlatform - INFO - human operating, fail to detect...
2024-12-10 19:00:59,092[22596] - RobotTest_AcidicPlatform - INFO - human operating, fail to detect...
2024-12-10 19:01:09,108[22596] - RobotTest_AcidicPlatform - INFO - human operating, fail to detect...
2024-12-10 19:01:19,120[22596] - RobotTest_AcidicPlatform - INFO - human operating, fail to detect...
2024-12-10 19:01:29,128[22596] - RobotTest_AcidicPlatform - INFO - human operating, fail to detect...
2024-12-10 19:01:39,132[22596] - RobotTest_AcidicPlatform - INFO - human operating, fail to detect...
2024-12-10 19:01:49,145[22596] - RobotTest_AcidicPlatform - INFO - human operating, fail to detect...
2024-12-10 19:01:59,154[22596] - RobotTest_AcidicPlatform - INFO - human operating, fail to detect...
2024-12-10 19:05:30,001[22596] - RobotTest_AcidicPlatform - INFO - human operating, fail to detect...
2024-12-10 19:05:40,746[22596] - EC_Lab_Win11 - INFO - not in software yet
2024-12-10 19:05:41,073[22596] - EC_Lab_Win11 - INFO - attempting to open EC_Lab_Win11, trial 1 in 3 times...
2024-12-10 19:05:44,279[22596] - EC_Lab_Win11 - INFO - not in software yet
2024-12-10 19:05:44,602[22596] - EC_Lab_Win11 - INFO - attempting to open EC_Lab_Win11, trial 2 in 3 times...
2024-12-10 19:13:46,888[22596] - EC_Lab_Win11 - INFO - not in software yet
2024-12-10 19:13:47,201[22596] - EC_Lab_Win11 - INFO - attempting to open EC_Lab_Win11, trial 1 in 3 times...
2024-12-10 19:13:50,396[22596] - EC_Lab_Win11 - INFO - not in software yet
2024-12-10 19:13:50,709[22596] - EC_Lab_Win11 - INFO - attempting to open EC_Lab_Win11, trial 2 in 3 times...
2024-12-10 19:28:44,897[22596] - RobotTest_AcidicPlatform - INFO - human operating, fail to detect...
2024-12-10 19:28:54,914[22596] - RobotTest_AcidicPlatform - INFO - human operating, fail to detect...
2024-12-10 19:29:04,923[22596] - RobotTest_AcidicPlatform - INFO - human operating, fail to detect...
2024-12-10 19:29:15,663[22596] - EC_Lab_Win11 - INFO - not in software yet
2024-12-10 19:29:15,973[22596] - EC_Lab_Win11 - INFO - attempting to open EC_Lab_Win11, trial 1 in 3 times...
2024-12-10 19:29:19,171[22596] - EC_Lab_Win11 - INFO - not in software yet
2024-12-10 19:29:19,467[22596] - EC_Lab_Win11 - INFO - attempting to open EC_Lab_Win11, trial 2 in 3 times...
2024-12-10 19:30:41,011[22596] - EC_Lab_Win11 - INFO - test is complete
2024-12-10 19:30:41,011[22596] - RobotTest_AcidicPlatform - INFO - test ORR_manual_sample#12_2024-12-10_18-53-45 finished
2024-12-10 19:30:41,196[22596] - OBS_Win - INFO - not in software yet
2024-12-10 19:30:41,500[22596] - OBS_Win - INFO - attempting to open OBS_Win, trial 1 in 3 times...
2024-12-10 19:30:44,993[22596] - OBS_Win - INFO - OBS_Win started
2024-12-10 19:30:44,993[22596] - RobotTest_AcidicPlatform - INFO - unloading the sample to rack_id #12...
2024-12-10 19:31:43,440[22596] - RobotTest_AcidicPlatform - INFO - sample successfully unloaded from the cell
2024-12-10 19:31:46,979[22596] - OBS_Win - INFO - OBS_Win stopped
2024-12-10 19:31:47,366[22596] - OBS_Win - WARNING - cannot find ['OBS_start_record.png'] on screen
2024-12-10 19:31:50,696[22596] - OBS_Win - INFO - OBS_Win started
2024-12-10 19:31:50,696[22596] - RobotTest_AcidicPlatform - INFO - loading the sample from rack_id #13...
2024-12-10 19:32:27,653[22596] - RobotTest_AcidicPlatform - INFO - sample successfully loaded into the cell
2024-12-10 19:32:28,167[22596] - OBS_Win - INFO - OBS_Win stopped
2024-12-10 19:32:31,367[22596] - EC_Lab_Win11 - INFO - not in software yet
2024-12-10 19:32:31,683[22596] - EC_Lab_Win11 - INFO - attempting to open EC_Lab_Win11, trial 1 in 3 times...
2024-12-10 20:08:46,871[22596] - EC_Lab_Win11 - INFO - test is complete
2024-12-10 20:08:46,871[22596] - RobotTest_AcidicPlatform - INFO - test ORR_manual_sample#13_2024-12-10_19-31-46 finished
2024-12-10 20:08:47,060[22596] - OBS_Win - INFO - not in software yet
2024-12-10 20:08:47,364[22596] - OBS_Win - INFO - attempting to open OBS_Win, trial 1 in 3 times...
2024-12-10 20:08:50,864[22596] - OBS_Win - INFO - OBS_Win started
2024-12-10 20:08:50,864[22596] - RobotTest_AcidicPlatform - INFO - unloading the sample to rack_id #13...
2024-12-10 20:09:49,652[22596] - RobotTest_AcidicPlatform - INFO - sample successfully unloaded from the cell
2024-12-10 20:09:53,197[22596] - OBS_Win - INFO - OBS_Win stopped
2024-12-10 20:09:53,600[22596] - OBS_Win - WARNING - cannot find ['OBS_start_record.png'] on screen
2024-12-10 20:09:56,940[22596] - OBS_Win - INFO - OBS_Win started
2024-12-10 20:09:56,940[22596] - RobotTest_AcidicPlatform - INFO - loading the sample from rack_id #14...
2024-12-10 20:10:34,239[22596] - RobotTest_AcidicPlatform - INFO - sample successfully loaded into the cell
2024-12-10 20:10:34,755[22596] - OBS_Win - INFO - OBS_Win stopped
2024-12-10 20:10:37,957[22596] - EC_Lab_Win11 - INFO - not in software yet
2024-12-10 20:10:38,255[22596] - EC_Lab_Win11 - INFO - attempting to open EC_Lab_Win11, trial 1 in 3 times...
2024-12-10 20:46:54,683[22596] - EC_Lab_Win11 - INFO - test is complete
2024-12-10 20:46:54,684[22596] - RobotTest_AcidicPlatform - INFO - test ORR_manual_sample#14_2024-12-10_20-09-53 finished
2024-12-10 20:46:54,886[22596] - OBS_Win - INFO - not in software yet
2024-12-10 20:46:55,197[22596] - OBS_Win - INFO - attempting to open OBS_Win, trial 1 in 3 times...
2024-12-10 20:46:58,724[22596] - OBS_Win - INFO - OBS_Win started
2024-12-10 20:46:58,724[22596] - RobotTest_AcidicPlatform - INFO - unloading the sample to rack_id #14...
2024-12-10 20:47:58,025[22596] - RobotTest_AcidicPlatform - INFO - sample successfully unloaded from the cell
2024-12-10 20:48:01,599[22596] - OBS_Win - INFO - OBS_Win stopped
2024-12-10 20:48:02,055[22596] - OBS_Win - WARNING - cannot find ['OBS_start_record.png'] on screen
2024-12-10 20:48:05,382[22596] - OBS_Win - INFO - OBS_Win started
2024-12-10 20:48:05,382[22596] - RobotTest_AcidicPlatform - INFO - loading the sample from rack_id #15...
2024-12-10 20:48:43,095[22596] - RobotTest_AcidicPlatform - INFO - sample successfully loaded into the cell
2024-12-10 20:48:43,629[22596] - OBS_Win - INFO - OBS_Win stopped
2024-12-10 20:48:46,817[22596] - EC_Lab_Win11 - INFO - not in software yet
2024-12-10 20:48:47,137[22596] - EC_Lab_Win11 - INFO - attempting to open EC_Lab_Win11, trial 1 in 3 times...
2024-12-10 21:13:07,669[22596] - RobotTest_AcidicPlatform - INFO - human operating, fail to detect...
2024-12-10 21:13:17,684[22596] - RobotTest_AcidicPlatform - INFO - human operating, fail to detect...
2024-12-10 21:13:27,693[22596] - RobotTest_AcidicPlatform - INFO - human operating, fail to detect...
2024-12-10 21:13:37,699[22596] - RobotTest_AcidicPlatform - INFO - human operating, fail to detect...
2024-12-10 21:24:57,811[22596] - EC_Lab_Win11 - INFO - test is complete
2024-12-10 21:24:57,811[22596] - RobotTest_AcidicPlatform - INFO - test ORR_manual_sample#15_2024-12-10_20-48-01 finished
2024-12-10 21:24:58,012[22596] - OBS_Win - INFO - not in software yet
2024-12-10 21:24:58,321[22596] - OBS_Win - INFO - attempting to open OBS_Win, trial 1 in 3 times...
2024-12-10 21:25:01,832[22596] - OBS_Win - INFO - OBS_Win started
2024-12-10 21:25:01,832[22596] - RobotTest_AcidicPlatform - INFO - unloading the sample to rack_id #15...
2024-12-10 21:26:01,586[22596] - RobotTest_AcidicPlatform - INFO - sample successfully unloaded from the cell
2024-12-10 21:26:05,153[22596] - OBS_Win - INFO - OBS_Win stopped
2024-12-10 21:26:05,560[22596] - OBS_Win - WARNING - cannot find ['OBS_start_record.png'] on screen
2024-12-10 21:26:08,881[22596] - OBS_Win - INFO - OBS_Win started
2024-12-10 21:26:08,881[22596] - RobotTest_AcidicPlatform - INFO - loading the sample from rack_id #16...
2024-12-10 21:26:47,026[22596] - RobotTest_AcidicPlatform - INFO - sample successfully loaded into the cell
2024-12-10 21:26:47,557[22596] - OBS_Win - INFO - OBS_Win stopped
2024-12-10 21:26:50,762[22596] - EC_Lab_Win11 - INFO - not in software yet
2024-12-10 21:26:51,068[22596] - EC_Lab_Win11 - INFO - attempting to open EC_Lab_Win11, trial 1 in 3 times...
2024-12-10 21:41:31,803[22596] - RobotTest_AcidicPlatform - INFO - human operating, fail to detect...
2024-12-10 21:41:41,813[22596] - RobotTest_AcidicPlatform - INFO - human operating, fail to detect...
2024-12-10 22:03:03,670[22596] - EC_Lab_Win11 - INFO - test is complete
2024-12-10 22:03:03,670[22596] - RobotTest_AcidicPlatform - INFO - test ORR_manual_sample#16_2024-12-10_21-26-05 finished
2024-12-10 22:03:03,857[22596] - OBS_Win - INFO - not in software yet
2024-12-10 22:03:04,167[22596] - OBS_Win - INFO - attempting to open OBS_Win, trial 1 in 3 times...
2024-12-10 22:03:07,643[22596] - OBS_Win - INFO - OBS_Win started
2024-12-10 22:03:07,643[22596] - RobotTest_AcidicPlatform - INFO - unloading the sample to rack_id #16...
2024-12-10 22:04:07,782[22596] - RobotTest_AcidicPlatform - INFO - sample successfully unloaded from the cell
2024-12-10 22:04:11,371[22596] - OBS_Win - INFO - OBS_Win stopped
2024-12-10 22:04:11,791[22596] - OBS_Win - WARNING - cannot find ['OBS_start_record.png'] on screen
2024-12-10 22:04:15,098[22596] - OBS_Win - INFO - OBS_Win started
2024-12-10 22:04:15,098[22596] - RobotTest_AcidicPlatform - INFO - loading the sample from rack_id #17...
2024-12-10 22:04:53,649[22596] - RobotTest_AcidicPlatform - INFO - sample successfully loaded into the cell
2024-12-10 22:04:54,180[22596] - OBS_Win - INFO - OBS_Win stopped
2024-12-10 22:04:57,375[22596] - EC_Lab_Win11 - INFO - not in software yet
2024-12-10 22:04:57,681[22596] - EC_Lab_Win11 - INFO - attempting to open EC_Lab_Win11, trial 1 in 3 times...
2024-12-10 22:09:36,126[22596] - RobotTest_AcidicPlatform - INFO - human operating, fail to detect...
2024-12-10 22:09:46,132[22596] - RobotTest_AcidicPlatform - INFO - human operating, fail to detect...
2024-12-10 22:19:13,873[22596] - RobotTest_AcidicPlatform - INFO - human operating, fail to detect...
2024-12-10 22:33:42,843[22596] - RobotTest_AcidicPlatform - INFO - human operating, fail to detect...
2024-12-10 22:33:52,847[22596] - RobotTest_AcidicPlatform - INFO - human operating, fail to detect...
2024-12-10 22:40:10,820[22596] - RobotTest_AcidicPlatform - INFO - human operating, fail to detect...
2024-12-10 22:41:06,594[22596] - EC_Lab_Win11 - INFO - test is complete
2024-12-10 22:41:06,594[22596] - RobotTest_AcidicPlatform - INFO - test ORR_manual_sample#17_2024-12-10_22-04-11 finished
2024-12-10 22:41:06,787[22596] - OBS_Win - INFO - not in software yet
2024-12-10 22:41:07,088[22596] - OBS_Win - INFO - attempting to open OBS_Win, trial 1 in 3 times...
2024-12-10 22:41:10,611[22596] - OBS_Win - INFO - OBS_Win started
2024-12-10 22:41:10,611[22596] - RobotTest_AcidicPlatform - INFO - unloading the sample to rack_id #17...
2024-12-10 22:42:11,025[22596] - RobotTest_AcidicPlatform - INFO - sample successfully unloaded from the cell
2024-12-10 22:42:14,237[22596] - OBS_Win - INFO - not in software yet
2024-12-10 22:42:14,538[22596] - OBS_Win - INFO - attempting to open OBS_Win, trial 1 in 3 times...
2024-12-10 22:42:17,736[22596] - OBS_Win - INFO - not in software yet
2024-12-10 22:42:18,035[22596] - OBS_Win - INFO - attempting to open OBS_Win, trial 2 in 3 times...
2024-12-10 22:42:21,558[22596] - OBS_Win - INFO - OBS_Win stopped
