2026-06-04 19:06:59,663 - RobotTest_AlkalinePlatform - INFO - started a batch of test, with sample_rack_id : sample_id = {10: 10, 11: 20}
2026-06-04 19:07:07,287 - Camera_Win10 - INFO - not in software yet
2026-06-04 19:07:07,682 - Camera_Win10 - INFO - attempting to open Camera_Win10, trial 1 in 3 times...
2026-06-04 19:07:10,958 - Camera_Win10 - INFO - not in software yet
2026-06-04 19:07:11,224 - Camera_Win10 - WARNING - cannot find ['camera_icon.png'] on screen
2026-06-04 19:07:14,499 - Camera_Win10 - WARNING - cannot find ['camera_icon.png'] on screen
2026-06-04 19:07:17,770 - Camera_Win10 - WARNING - cannot find ['camera_icon.png'] on screen
2026-06-04 19:07:21,150 - Camera_Win10 - INFO - attempting to open Camera_Win10, trial 2 in 3 times...
2026-06-04 19:07:24,426 - Camera_Win10 - INFO - not in software yet
2026-06-04 19:07:24,794 - Camera_Win10 - INFO - attempting to open Camera_Win10, trial 3 in 3 times...
2026-06-04 19:07:28,047 - Camera_Win10 - WARNING - failed to open Camera_Win10
2026-06-04 19:07:28,047 - RobotTest_AlkalinePlatform - ERROR - failed to open Camera_Win10
Traceback (most recent call last):
  File "C:\Users\Ali\PycharmProjects\catalyst\robotic_testing\common\robot_test.py", line 45, in wrapper
    return func(self, *args, **kwargs)
  File "C:\Users\Ali\PycharmProjects\catalyst\robotic_testing\common\robot_test.py", line 189, in run
    self.test_main_workflow(
  File "C:\Users\Ali\PycharmProjects\catalyst\robotic_testing\common\robot_test.py", line 219, in test_main_workflow
    self.camera.start()
  File "C:\Users\Ali\PycharmProjects\catalyst\software_control\software_control_base.py", line 137, in start
    self.open_software()
  File "C:\Users\Ali\PycharmProjects\catalyst\software_control\software_control_base.py", line 133, in open_software
    raise SystemError(f'failed to open {self.name}')
SystemError: failed to open Camera_Win10
2026-06-04 19:07:51,092 - RobotTest_AlkalinePlatform - INFO - started a batch of test, with sample_rack_id : sample_id = {10: 10, 11: 20}
2026-06-04 19:07:55,778 - Camera_Win10 - INFO - not in software yet
2026-06-04 19:07:56,141 - Camera_Win10 - INFO - attempting to open Camera_Win10, trial 1 in 3 times...
2026-06-04 19:07:59,671 - Camera_Win10 - WARNING - cannot find ['camera_start.png'] on screen
2026-06-04 19:08:03,075 - Camera_Win10 - INFO - Camera_Win10 started
2026-06-04 19:08:09,747 - RobotTest_AlkalinePlatform - INFO - loading the sample from rack_id #10...
2026-06-04 19:08:48,955 - RobotTest_AlkalinePlatform - INFO - sample successfully loaded into the cell
2026-06-04 19:08:49,630 - Camera_Win10 - INFO - Camera_Win10 stopped
2026-06-04 19:08:52,894 - EC_Lab_Win10 - INFO - not in software yet
2026-06-04 19:08:53,267 - EC_Lab_Win10 - INFO - attempting to open EC_Lab_Win10, trial 1 in 3 times...
2026-06-04 19:08:56,786 - EC_Lab_Win10 - INFO - channel 1 is not open
2026-06-04 19:08:57,425 - EC_Lab_Win10 - INFO - attempting to open channel 1, trial 1 in 3 times...
2026-06-04 19:08:58,186 - EC_Lab_Win10 - INFO - channel 1 is not open
2026-06-04 19:08:58,800 - EC_Lab_Win10 - INFO - attempting to open channel 1, trial 2 in 3 times...
2026-06-04 19:08:59,565 - EC_Lab_Win10 - INFO - channel 1 is not open
2026-06-04 19:09:00,195 - EC_Lab_Win10 - INFO - attempting to open channel 1, trial 3 in 3 times...
2026-06-04 19:09:00,959 - EC_Lab_Win10 - INFO - channel 1 is not open
2026-06-04 19:12:43,184 - RobotTest_AlkalinePlatform - INFO - human operating, fail to detect...
2026-06-04 19:12:53,196 - RobotTest_AlkalinePlatform - INFO - human operating, fail to detect...
2026-06-04 19:13:03,207 - RobotTest_AlkalinePlatform - INFO - human operating, fail to detect...
2026-06-04 19:13:14,504 - EC_Lab_Win10 - INFO - test is complete
2026-06-04 19:13:14,505 - RobotTest_AlkalinePlatform - INFO - test pH14_ZerothGen_sample#10_2026-06-04_19-07-55 finished
2026-06-04 19:13:14,767 - Camera_Win10 - INFO - not in software yet
2026-06-04 19:13:15,140 - Camera_Win10 - INFO - attempting to open Camera_Win10, trial 1 in 3 times...
2026-06-04 19:13:18,763 - Camera_Win10 - INFO - Camera_Win10 started
2026-06-04 19:13:18,763 - RobotTest_AlkalinePlatform - INFO - unloading the sample to rack_id #10...
2026-06-04 19:14:02,397 - RobotTest_AlkalinePlatform - INFO - sample successfully unloaded from the cell
2026-06-04 19:14:06,066 - Camera_Win10 - INFO - Camera_Win10 stopped
2026-06-04 19:14:06,612 - Camera_Win10 - WARNING - cannot find ['camera_start.png'] on screen
2026-06-04 19:14:09,990 - Camera_Win10 - INFO - Camera_Win10 started
2026-06-04 19:14:12,001 - RobotTest_AlkalinePlatform - INFO - loading the sample from rack_id #11...
2026-06-04 19:14:51,264 - RobotTest_AlkalinePlatform - INFO - sample successfully loaded into the cell
2026-06-04 19:14:51,894 - Camera_Win10 - INFO - Camera_Win10 stopped
2026-06-04 19:14:55,168 - EC_Lab_Win10 - INFO - not in software yet
2026-06-04 19:14:55,549 - EC_Lab_Win10 - INFO - attempting to open EC_Lab_Win10, trial 1 in 3 times...
2026-06-04 19:14:59,061 - EC_Lab_Win10 - INFO - channel 1 is not open
2026-06-04 19:14:59,654 - EC_Lab_Win10 - INFO - attempting to open channel 1, trial 1 in 3 times...
2026-06-04 19:15:00,419 - EC_Lab_Win10 - INFO - channel 1 is not open
2026-06-04 19:15:01,043 - EC_Lab_Win10 - INFO - attempting to open channel 1, trial 2 in 3 times...
2026-06-04 19:15:01,806 - EC_Lab_Win10 - INFO - channel 1 is not open
2026-06-04 19:15:02,407 - EC_Lab_Win10 - INFO - attempting to open channel 1, trial 3 in 3 times...
2026-06-04 19:15:03,176 - EC_Lab_Win10 - INFO - channel 1 is not open
2026-06-04 19:16:41,393 - RobotTest_AlkalinePlatform - INFO - human operating, fail to detect...
2026-06-04 19:16:52,720 - EC_Lab_Win10 - INFO - test is complete
2026-06-04 19:16:52,720 - RobotTest_AlkalinePlatform - INFO - test pH14_ZerothGen_sample#20_2026-06-04_19-14-06 finished
2026-06-04 19:16:52,964 - Camera_Win10 - INFO - not in software yet
2026-06-04 19:16:53,332 - Camera_Win10 - INFO - attempting to open Camera_Win10, trial 1 in 3 times...
2026-06-04 19:16:56,959 - Camera_Win10 - INFO - Camera_Win10 started
2026-06-04 19:16:56,959 - RobotTest_AlkalinePlatform - INFO - unloading the sample to rack_id #11...
2026-06-04 19:17:40,889 - RobotTest_AlkalinePlatform - INFO - sample successfully unloaded from the cell
2026-06-04 19:17:44,530 - Camera_Win10 - INFO - Camera_Win10 stopped
2026-06-04 19:34:49,980 - RobotTest_AlkalinePlatform - INFO - started a batch of test, with sample_rack_id : sample_id = {11: 11, 12: 12, 13: 13, 14: 14, 15: 15, 16: 16, 17: 17}
2026-06-04 19:34:57,817 - Camera_Win10 - INFO - not in software yet
2026-06-04 19:34:58,200 - Camera_Win10 - INFO - attempting to open Camera_Win10, trial 1 in 3 times...
2026-06-04 19:35:01,891 - Camera_Win10 - INFO - Camera_Win10 started
2026-06-04 19:35:08,173 - RobotTest_AlkalinePlatform - INFO - loading the sample from rack_id #11...
2026-06-04 19:35:47,582 - RobotTest_AlkalinePlatform - INFO - sample successfully loaded into the cell
2026-06-04 19:35:48,437 - Camera_Win10 - INFO - Camera_Win10 stopped
2026-06-04 19:35:51,713 - EC_Lab_Win10 - INFO - not in software yet
2026-06-04 19:35:52,103 - EC_Lab_Win10 - INFO - attempting to open EC_Lab_Win10, trial 1 in 3 times...
2026-06-04 19:35:55,634 - EC_Lab_Win10 - INFO - channel 1 is not open
2026-06-04 19:35:56,270 - EC_Lab_Win10 - INFO - attempting to open channel 1, trial 1 in 3 times...
2026-06-04 19:35:57,040 - EC_Lab_Win10 - INFO - channel 1 is not open
2026-06-04 19:35:57,703 - EC_Lab_Win10 - INFO - attempting to open channel 1, trial 2 in 3 times...
2026-06-04 19:35:58,464 - EC_Lab_Win10 - INFO - channel 1 is not open
2026-06-04 19:35:59,103 - EC_Lab_Win10 - INFO - attempting to open channel 1, trial 3 in 3 times...
2026-06-04 19:35:59,890 - EC_Lab_Win10 - INFO - channel 1 is not open
2026-06-04 19:37:49,567 - RobotTest_AlkalinePlatform - INFO - human operating, fail to detect...
2026-06-04 19:37:59,567 - RobotTest_AlkalinePlatform - INFO - human operating, fail to detect...
2026-06-04 19:38:10,945 - EC_Lab_Win10 - INFO - test is complete
2026-06-04 19:38:10,945 - RobotTest_AlkalinePlatform - INFO - test pH14_ZerothGen_sample#11_2026-06-04_19-34-57 finished
2026-06-04 19:38:11,212 - Camera_Win10 - INFO - not in software yet
2026-06-04 19:38:11,584 - Camera_Win10 - INFO - attempting to open Camera_Win10, trial 1 in 3 times...
2026-06-04 19:38:15,231 - Camera_Win10 - INFO - Camera_Win10 started
2026-06-04 19:38:15,231 - RobotTest_AlkalinePlatform - INFO - unloading the sample to rack_id #11...
2026-06-04 19:38:59,176 - RobotTest_AlkalinePlatform - INFO - sample successfully unloaded from the cell
2026-06-04 19:39:02,830 - Camera_Win10 - INFO - Camera_Win10 stopped
2026-06-04 19:39:03,394 - Camera_Win10 - WARNING - cannot find ['camera_start.png'] on screen
2026-06-04 19:39:06,787 - Camera_Win10 - INFO - Camera_Win10 started
2026-06-04 19:39:08,999 - RobotTest_AlkalinePlatform - INFO - loading the sample from rack_id #12...
2026-06-04 19:39:46,399 - RobotTest_AlkalinePlatform - INFO - sample successfully loaded into the cell
2026-06-04 19:39:47,046 - Camera_Win10 - INFO - Camera_Win10 stopped
2026-06-04 19:39:50,331 - EC_Lab_Win10 - INFO - not in software yet
2026-06-04 19:39:50,729 - EC_Lab_Win10 - INFO - attempting to open EC_Lab_Win10, trial 1 in 3 times...
2026-06-04 19:39:54,278 - EC_Lab_Win10 - INFO - channel 1 is not open
2026-06-04 19:39:54,911 - EC_Lab_Win10 - INFO - attempting to open channel 1, trial 1 in 3 times...
2026-06-04 19:39:55,711 - EC_Lab_Win10 - INFO - channel 1 is not open
2026-06-04 19:39:56,361 - EC_Lab_Win10 - INFO - attempting to open channel 1, trial 2 in 3 times...
2026-06-04 19:39:57,132 - EC_Lab_Win10 - INFO - channel 1 is not open
2026-06-04 19:39:57,779 - EC_Lab_Win10 - INFO - attempting to open channel 1, trial 3 in 3 times...
2026-06-04 19:39:58,578 - EC_Lab_Win10 - INFO - channel 1 is not open
2026-06-04 19:40:29,091 - RobotTest_AlkalinePlatform - INFO - human operating, fail to detect...
2026-06-04 19:41:13,131 - RobotTest_AlkalinePlatform - INFO - human operating, fail to detect...
2026-06-04 19:41:57,190 - RobotTest_AlkalinePlatform - INFO - human operating, fail to detect...
2026-06-04 19:42:07,196 - RobotTest_AlkalinePlatform - INFO - human operating, fail to detect...
2026-06-04 19:42:17,204 - RobotTest_AlkalinePlatform - INFO - human operating, fail to detect...
2026-06-04 19:42:27,214 - RobotTest_AlkalinePlatform - INFO - human operating, fail to detect...
2026-06-04 19:42:48,526 - RobotTest_AlkalinePlatform - INFO - human operating, fail to detect...
2026-06-04 19:42:59,832 - EC_Lab_Win10 - INFO - test is complete
2026-06-04 19:42:59,832 - RobotTest_AlkalinePlatform - INFO - test pH14_ZerothGen_sample#12_2026-06-04_19-39-02 finished
2026-06-04 19:43:00,075 - Camera_Win10 - INFO - not in software yet
2026-06-04 19:43:00,449 - Camera_Win10 - INFO - attempting to open Camera_Win10, trial 1 in 3 times...
2026-06-04 19:43:04,064 - Camera_Win10 - INFO - Camera_Win10 started
2026-06-04 19:43:04,064 - RobotTest_AlkalinePlatform - INFO - unloading the sample to rack_id #12...
2026-06-04 19:43:48,279 - RobotTest_AlkalinePlatform - INFO - sample successfully unloaded from the cell
2026-06-04 19:43:51,897 - Camera_Win10 - INFO - Camera_Win10 stopped
2026-06-04 19:43:52,443 - Camera_Win10 - WARNING - cannot find ['camera_start.png'] on screen
2026-06-04 19:43:55,826 - Camera_Win10 - INFO - Camera_Win10 started
2026-06-04 19:43:58,283 - RobotTest_AlkalinePlatform - INFO - loading the sample from rack_id #13...
2026-06-04 20:00:00,251 - RobotTest_AlkalinePlatform - INFO - started a batch of test, with sample_rack_id : sample_id = {6: 11, 7: 12, 8: 13, 9: 14, 10: 15, 11: 16, 12: 17}
2026-06-04 20:00:07,423 - Camera_Win10 - INFO - not in software yet
2026-06-04 20:00:07,815 - Camera_Win10 - INFO - attempting to open Camera_Win10, trial 1 in 3 times...
2026-06-04 20:00:11,355 - Camera_Win10 - WARNING - cannot find ['camera_start.png'] on screen
2026-06-04 20:00:14,613 - Camera_Win10 - WARNING - cannot find ['camera_start.png'] on screen
2026-06-04 20:00:17,877 - Camera_Win10 - WARNING - cannot find ['camera_start.png'] on screen
2026-06-04 20:00:21,129 - Camera_Win10 - WARNING - cannot find ['camera_start.png'] on screen
2026-06-04 20:00:24,398 - Camera_Win10 - WARNING - cannot find ['camera_start.png'] on screen
2026-06-04 20:00:27,688 - Camera_Win10 - WARNING - cannot find ['camera_start.png'] on screen
2026-06-04 20:00:30,955 - Camera_Win10 - WARNING - cannot find ['camera_start.png'] on screen
2026-06-04 20:00:34,232 - Camera_Win10 - WARNING - cannot find ['camera_start.png'] on screen
2026-06-04 20:00:37,518 - Camera_Win10 - WARNING - cannot find ['camera_start.png'] on screen
2026-06-04 20:00:40,912 - Camera_Win10 - INFO - Camera_Win10 started
2026-06-04 20:00:47,524 - RobotTest_AlkalinePlatform - INFO - loading the sample from rack_id #6...
2026-06-04 20:01:24,948 - RobotTest_AlkalinePlatform - INFO - sample successfully loaded into the cell
2026-06-04 20:01:25,626 - Camera_Win10 - INFO - Camera_Win10 stopped
2026-06-04 20:01:28,911 - EC_Lab_Win10 - INFO - not in software yet
2026-06-04 20:01:29,295 - EC_Lab_Win10 - INFO - attempting to open EC_Lab_Win10, trial 1 in 3 times...
2026-06-04 20:01:32,813 - EC_Lab_Win10 - INFO - channel 1 is not open
2026-06-04 20:01:33,481 - EC_Lab_Win10 - INFO - attempting to open channel 1, trial 1 in 3 times...
2026-06-04 20:01:34,247 - EC_Lab_Win10 - INFO - channel 1 is not open
2026-06-04 20:01:34,889 - EC_Lab_Win10 - INFO - attempting to open channel 1, trial 2 in 3 times...
2026-06-04 20:01:35,668 - EC_Lab_Win10 - INFO - channel 1 is not open
2026-06-04 20:01:36,291 - EC_Lab_Win10 - INFO - attempting to open channel 1, trial 3 in 3 times...
2026-06-04 20:01:37,072 - EC_Lab_Win10 - INFO - channel 1 is not open
2026-06-04 20:02:18,895 - RobotTest_AlkalinePlatform - INFO - human operating, fail to detect...
2026-06-04 20:03:14,059 - RobotTest_AlkalinePlatform - INFO - human operating, fail to detect...
2026-06-04 21:15:38,782 - RobotTest_AlkalinePlatform - INFO - started a batch of test, with sample_rack_id : sample_id = {5: 10, 6: 11, 7: 12, 8: 13, 9: 14, 10: 15, 11: 16, 12: 17}
2026-06-04 21:15:46,120 - Camera_Win10 - INFO - not in software yet
2026-06-04 21:15:46,525 - Camera_Win10 - INFO - attempting to open Camera_Win10, trial 1 in 3 times...
2026-06-04 21:15:50,245 - Camera_Win10 - INFO - Camera_Win10 started
2026-06-04 21:15:56,840 - RobotTest_AlkalinePlatform - INFO - loading the sample from rack_id #5...
2026-06-04 21:16:34,868 - RobotTest_AlkalinePlatform - INFO - sample successfully loaded into the cell
2026-06-04 21:16:35,635 - Camera_Win10 - INFO - Camera_Win10 stopped
2026-06-04 21:16:38,937 - EC_Lab_Win10 - INFO - not in software yet
2026-06-04 21:16:39,344 - EC_Lab_Win10 - INFO - attempting to open EC_Lab_Win10, trial 1 in 3 times...
2026-06-04 21:16:42,892 - EC_Lab_Win10 - INFO - channel 1 is not open
2026-06-04 21:16:43,511 - EC_Lab_Win10 - INFO - attempting to open channel 1, trial 1 in 3 times...
2026-06-04 21:16:44,286 - EC_Lab_Win10 - INFO - channel 1 is not open
2026-06-04 21:16:44,924 - EC_Lab_Win10 - INFO - attempting to open channel 1, trial 2 in 3 times...
2026-06-04 21:16:45,693 - EC_Lab_Win10 - INFO - channel 1 is not open
2026-06-04 21:16:46,323 - EC_Lab_Win10 - INFO - attempting to open channel 1, trial 3 in 3 times...
2026-06-04 21:16:47,091 - EC_Lab_Win10 - INFO - channel 1 is not open
2026-06-04 21:17:51,624 - RobotTest_AlkalinePlatform - INFO - human operating, fail to detect...
2026-06-04 22:08:16,073 - EC_Lab_Win10 - INFO - test is complete
2026-06-04 22:08:16,073 - RobotTest_AlkalinePlatform - INFO - test pH14_ZerothGen_sample#10_2026-06-04_21-15-45 finished
2026-06-04 22:08:16,316 - Camera_Win10 - INFO - not in software yet
2026-06-04 22:08:16,670 - Camera_Win10 - INFO - attempting to open Camera_Win10, trial 1 in 3 times...
2026-06-04 22:08:20,314 - Camera_Win10 - INFO - Camera_Win10 started
2026-06-04 22:08:20,314 - RobotTest_AlkalinePlatform - INFO - unloading the sample to rack_id #5...
2026-06-04 22:09:03,629 - RobotTest_AlkalinePlatform - INFO - sample successfully unloaded from the cell
2026-06-04 22:09:07,279 - Camera_Win10 - INFO - Camera_Win10 stopped
2026-06-04 22:09:07,819 - Camera_Win10 - WARNING - cannot find ['camera_start.png'] on screen
2026-06-04 22:09:11,208 - Camera_Win10 - INFO - Camera_Win10 started
2026-06-04 22:09:13,600 - RobotTest_AlkalinePlatform - INFO - loading the sample from rack_id #6...
2026-06-04 22:09:52,451 - RobotTest_AlkalinePlatform - INFO - sample successfully loaded into the cell
2026-06-04 22:09:53,097 - Camera_Win10 - INFO - Camera_Win10 stopped
2026-06-04 22:09:56,370 - EC_Lab_Win10 - INFO - not in software yet
2026-06-04 22:09:56,744 - EC_Lab_Win10 - INFO - attempting to open EC_Lab_Win10, trial 1 in 3 times...
2026-06-04 22:10:00,261 - EC_Lab_Win10 - INFO - channel 1 is not open
2026-06-04 22:10:00,913 - EC_Lab_Win10 - INFO - attempting to open channel 1, trial 1 in 3 times...
2026-06-04 22:10:01,677 - EC_Lab_Win10 - INFO - channel 1 is not open
2026-06-04 22:10:02,301 - EC_Lab_Win10 - INFO - attempting to open channel 1, trial 2 in 3 times...
2026-06-04 22:10:03,080 - EC_Lab_Win10 - INFO - channel 1 is not open
2026-06-04 22:10:03,699 - EC_Lab_Win10 - INFO - attempting to open channel 1, trial 3 in 3 times...
2026-06-04 22:10:04,469 - EC_Lab_Win10 - INFO - channel 1 is not open
2026-06-04 23:02:25,187 - EC_Lab_Win10 - INFO - test is complete
2026-06-04 23:02:25,187 - RobotTest_AlkalinePlatform - INFO - test pH14_ZerothGen_sample#11_2026-06-04_22-09-07 finished
2026-06-04 23:02:25,431 - Camera_Win10 - INFO - not in software yet
2026-06-04 23:02:25,787 - Camera_Win10 - INFO - attempting to open Camera_Win10, trial 1 in 3 times...
2026-06-04 23:02:29,459 - Camera_Win10 - INFO - Camera_Win10 started
2026-06-04 23:02:29,459 - RobotTest_AlkalinePlatform - INFO - unloading the sample to rack_id #6...
2026-06-04 23:03:13,207 - RobotTest_AlkalinePlatform - INFO - sample successfully unloaded from the cell
2026-06-04 23:03:16,850 - Camera_Win10 - INFO - Camera_Win10 stopped
2026-06-04 23:03:17,420 - Camera_Win10 - WARNING - cannot find ['camera_start.png'] on screen
2026-06-04 23:03:20,822 - Camera_Win10 - INFO - Camera_Win10 started
2026-06-04 23:03:23,026 - RobotTest_AlkalinePlatform - INFO - loading the sample from rack_id #7...
2026-06-04 23:04:00,626 - RobotTest_AlkalinePlatform - INFO - sample successfully loaded into the cell
2026-06-04 23:04:01,289 - Camera_Win10 - INFO - Camera_Win10 stopped
2026-06-04 23:04:04,576 - EC_Lab_Win10 - INFO - not in software yet
2026-06-04 23:04:04,956 - EC_Lab_Win10 - INFO - attempting to open EC_Lab_Win10, trial 1 in 3 times...
2026-06-04 23:04:08,475 - EC_Lab_Win10 - INFO - channel 1 is not open
2026-06-04 23:04:09,094 - EC_Lab_Win10 - INFO - attempting to open channel 1, trial 1 in 3 times...
2026-06-04 23:04:09,854 - EC_Lab_Win10 - INFO - channel 1 is not open
2026-06-04 23:04:10,466 - EC_Lab_Win10 - INFO - attempting to open channel 1, trial 2 in 3 times...
2026-06-04 23:04:11,227 - EC_Lab_Win10 - INFO - channel 1 is not open
2026-06-04 23:04:11,853 - EC_Lab_Win10 - INFO - attempting to open channel 1, trial 3 in 3 times...
2026-06-04 23:04:12,622 - EC_Lab_Win10 - INFO - channel 1 is not open
2026-06-04 23:56:20,193 - EC_Lab_Win10 - INFO - test is complete
2026-06-04 23:56:20,193 - RobotTest_AlkalinePlatform - INFO - test pH14_ZerothGen_sample#12_2026-06-04_23-03-16 finished
2026-06-04 23:56:20,442 - Camera_Win10 - INFO - not in software yet
2026-06-04 23:56:20,835 - Camera_Win10 - INFO - attempting to open Camera_Win10, trial 1 in 3 times...
2026-06-04 23:56:24,476 - Camera_Win10 - INFO - Camera_Win10 started
2026-06-04 23:56:24,476 - RobotTest_AlkalinePlatform - INFO - unloading the sample to rack_id #7...
2026-06-04 23:57:08,171 - RobotTest_AlkalinePlatform - INFO - sample successfully unloaded from the cell
2026-06-04 23:57:11,832 - Camera_Win10 - INFO - Camera_Win10 stopped
2026-06-04 23:57:12,381 - Camera_Win10 - WARNING - cannot find ['camera_start.png'] on screen
2026-06-04 23:57:15,778 - Camera_Win10 - INFO - Camera_Win10 started
2026-06-04 23:57:17,804 - RobotTest_AlkalinePlatform - INFO - loading the sample from rack_id #8...
2026-06-04 23:57:56,430 - RobotTest_AlkalinePlatform - INFO - sample successfully loaded into the cell
2026-06-04 23:57:57,086 - Camera_Win10 - INFO - Camera_Win10 stopped
2026-06-04 23:58:00,364 - EC_Lab_Win10 - INFO - not in software yet
2026-06-04 23:58:00,744 - EC_Lab_Win10 - INFO - attempting to open EC_Lab_Win10, trial 1 in 3 times...
2026-06-04 23:58:04,245 - EC_Lab_Win10 - INFO - channel 1 is not open
2026-06-04 23:58:04,881 - EC_Lab_Win10 - INFO - attempting to open channel 1, trial 1 in 3 times...
2026-06-04 23:58:05,660 - EC_Lab_Win10 - INFO - channel 1 is not open
2026-06-04 23:58:06,284 - EC_Lab_Win10 - INFO - attempting to open channel 1, trial 2 in 3 times...
2026-06-04 23:58:07,050 - EC_Lab_Win10 - INFO - channel 1 is not open
2026-06-04 23:58:07,659 - EC_Lab_Win10 - INFO - attempting to open channel 1, trial 3 in 3 times...
2026-06-04 23:58:08,422 - EC_Lab_Win10 - INFO - channel 1 is not open
2026-06-05 00:20:55,104 - EC_Lab_Win10 - INFO - test is complete
2026-06-05 00:20:55,104 - RobotTest_AlkalinePlatform - INFO - test pH14_ZerothGen_sample#13_2026-06-04_23-57-11 finished
2026-06-05 00:20:55,353 - Camera_Win10 - INFO - not in software yet
2026-06-05 00:20:55,719 - Camera_Win10 - INFO - attempting to open Camera_Win10, trial 1 in 3 times...
2026-06-05 00:20:59,360 - Camera_Win10 - INFO - Camera_Win10 started
2026-06-05 00:20:59,360 - RobotTest_AlkalinePlatform - INFO - unloading the sample to rack_id #8...
2026-06-05 00:21:43,133 - RobotTest_AlkalinePlatform - INFO - sample successfully unloaded from the cell
2026-06-05 00:21:46,809 - Camera_Win10 - INFO - Camera_Win10 stopped
2026-06-05 00:21:47,435 - Camera_Win10 - WARNING - cannot find ['camera_start.png'] on screen
2026-06-05 00:21:50,839 - Camera_Win10 - INFO - Camera_Win10 started
2026-06-05 00:21:52,793 - RobotTest_AlkalinePlatform - INFO - loading the sample from rack_id #9...
2026-06-05 00:22:29,401 - RobotTest_AlkalinePlatform - INFO - sample successfully loaded into the cell
2026-06-05 00:22:30,047 - Camera_Win10 - INFO - Camera_Win10 stopped
2026-06-05 00:22:33,311 - EC_Lab_Win10 - INFO - not in software yet
2026-06-05 00:22:33,683 - EC_Lab_Win10 - INFO - attempting to open EC_Lab_Win10, trial 1 in 3 times...
2026-06-05 00:22:37,221 - EC_Lab_Win10 - INFO - channel 1 is not open
2026-06-05 00:22:37,839 - EC_Lab_Win10 - INFO - attempting to open channel 1, trial 1 in 3 times...
2026-06-05 00:22:38,589 - EC_Lab_Win10 - INFO - channel 1 is not open
2026-06-05 00:22:39,208 - EC_Lab_Win10 - INFO - attempting to open channel 1, trial 2 in 3 times...
2026-06-05 00:22:39,978 - EC_Lab_Win10 - INFO - channel 1 is not open
2026-06-05 00:22:40,630 - EC_Lab_Win10 - INFO - attempting to open channel 1, trial 3 in 3 times...
2026-06-05 00:22:41,393 - EC_Lab_Win10 - INFO - channel 1 is not open
2026-06-05 01:14:53,957 - EC_Lab_Win10 - INFO - test is complete
2026-06-05 01:14:53,958 - RobotTest_AlkalinePlatform - INFO - test pH14_ZerothGen_sample#14_2026-06-05_00-21-46 finished
2026-06-05 01:14:54,213 - Camera_Win10 - INFO - not in software yet
2026-06-05 01:14:54,587 - Camera_Win10 - INFO - attempting to open Camera_Win10, trial 1 in 3 times...
2026-06-05 01:14:58,263 - Camera_Win10 - INFO - Camera_Win10 started
2026-06-05 01:14:58,263 - RobotTest_AlkalinePlatform - INFO - unloading the sample to rack_id #9...
2026-06-05 01:15:42,005 - RobotTest_AlkalinePlatform - INFO - sample successfully unloaded from the cell
2026-06-05 01:15:45,665 - Camera_Win10 - INFO - Camera_Win10 stopped
2026-06-05 01:15:46,221 - Camera_Win10 - WARNING - cannot find ['camera_start.png'] on screen
2026-06-05 01:15:49,608 - Camera_Win10 - INFO - Camera_Win10 started
2026-06-05 01:15:51,568 - RobotTest_AlkalinePlatform - INFO - loading the sample from rack_id #10...
2026-06-05 01:16:30,600 - RobotTest_AlkalinePlatform - INFO - sample successfully loaded into the cell
2026-06-05 01:16:31,229 - Camera_Win10 - INFO - Camera_Win10 stopped
2026-06-05 01:16:34,500 - EC_Lab_Win10 - INFO - not in software yet
2026-06-05 01:16:34,865 - EC_Lab_Win10 - INFO - attempting to open EC_Lab_Win10, trial 1 in 3 times...
2026-06-05 01:16:38,393 - EC_Lab_Win10 - INFO - channel 1 is not open
2026-06-05 01:16:39,011 - EC_Lab_Win10 - INFO - attempting to open channel 1, trial 1 in 3 times...
2026-06-05 01:16:39,773 - EC_Lab_Win10 - INFO - channel 1 is not open
2026-06-05 01:16:40,401 - EC_Lab_Win10 - INFO - attempting to open channel 1, trial 2 in 3 times...
2026-06-05 01:16:41,166 - EC_Lab_Win10 - INFO - channel 1 is not open
2026-06-05 01:16:41,821 - EC_Lab_Win10 - INFO - attempting to open channel 1, trial 3 in 3 times...
2026-06-05 01:16:42,592 - EC_Lab_Win10 - INFO - channel 1 is not open
2026-06-05 01:21:33,573 - RobotTest_AlkalinePlatform - INFO - human operating, fail to detect...
2026-06-05 01:21:43,574 - RobotTest_AlkalinePlatform - INFO - human operating, fail to detect...
2026-06-05 02:08:39,387 - EC_Lab_Win10 - INFO - test is complete
2026-06-05 02:08:39,388 - RobotTest_AlkalinePlatform - INFO - test pH14_ZerothGen_sample#15_2026-06-05_01-15-45 finished
2026-06-05 02:08:39,642 - Camera_Win10 - INFO - not in software yet
2026-06-05 02:08:40,012 - Camera_Win10 - INFO - attempting to open Camera_Win10, trial 1 in 3 times...
2026-06-05 02:08:43,710 - Camera_Win10 - INFO - Camera_Win10 started
2026-06-05 02:08:43,710 - RobotTest_AlkalinePlatform - INFO - unloading the sample to rack_id #10...
2026-06-05 02:09:27,362 - RobotTest_AlkalinePlatform - INFO - sample successfully unloaded from the cell
2026-06-05 02:09:30,994 - Camera_Win10 - INFO - Camera_Win10 stopped
2026-06-05 02:09:31,546 - Camera_Win10 - WARNING - cannot find ['camera_start.png'] on screen
2026-06-05 02:09:34,926 - Camera_Win10 - INFO - Camera_Win10 started
2026-06-05 02:09:37,008 - RobotTest_AlkalinePlatform - INFO - loading the sample from rack_id #11...
2026-06-05 02:10:16,389 - RobotTest_AlkalinePlatform - INFO - sample successfully loaded into the cell
2026-06-05 02:10:17,036 - Camera_Win10 - INFO - Camera_Win10 stopped
2026-06-05 02:10:20,311 - EC_Lab_Win10 - INFO - not in software yet
2026-06-05 02:10:20,707 - EC_Lab_Win10 - INFO - attempting to open EC_Lab_Win10, trial 1 in 3 times...
2026-06-05 02:10:24,228 - EC_Lab_Win10 - INFO - channel 1 is not open
2026-06-05 02:10:24,879 - EC_Lab_Win10 - INFO - attempting to open channel 1, trial 1 in 3 times...
2026-06-05 02:10:25,670 - EC_Lab_Win10 - INFO - channel 1 is not open
2026-06-05 02:10:26,286 - EC_Lab_Win10 - INFO - attempting to open channel 1, trial 2 in 3 times...
2026-06-05 02:10:27,057 - EC_Lab_Win10 - INFO - channel 1 is not open
2026-06-05 02:10:27,687 - EC_Lab_Win10 - INFO - attempting to open channel 1, trial 3 in 3 times...
2026-06-05 02:10:28,478 - EC_Lab_Win10 - INFO - channel 1 is not open
2026-06-05 02:19:05,558 - RobotTest_AlkalinePlatform - INFO - human operating, fail to detect...
2026-06-05 02:19:15,563 - RobotTest_AlkalinePlatform - INFO - human operating, fail to detect...
2026-06-05 02:19:25,573 - RobotTest_AlkalinePlatform - INFO - human operating, fail to detect...
2026-06-05 02:19:35,580 - RobotTest_AlkalinePlatform - INFO - human operating, fail to detect...
2026-06-05 02:19:45,583 - RobotTest_AlkalinePlatform - INFO - human operating, fail to detect...
2026-06-05 02:19:55,584 - RobotTest_AlkalinePlatform - INFO - human operating, fail to detect...
2026-06-05 02:20:05,596 - RobotTest_AlkalinePlatform - INFO - human operating, fail to detect...
2026-06-05 02:20:15,606 - RobotTest_AlkalinePlatform - INFO - human operating, fail to detect...
2026-06-05 02:20:25,608 - RobotTest_AlkalinePlatform - INFO - human operating, fail to detect...
2026-06-05 02:23:59,170 - EC_Lab_Win10 - INFO - test is complete
2026-06-05 02:23:59,170 - RobotTest_AlkalinePlatform - INFO - test pH14_ZerothGen_sample#16_2026-06-05_02-09-30 finished
2026-06-05 02:23:59,409 - Camera_Win10 - INFO - not in software yet
2026-06-05 02:23:59,772 - Camera_Win10 - INFO - attempting to open Camera_Win10, trial 1 in 3 times...
2026-06-05 02:24:03,430 - Camera_Win10 - INFO - Camera_Win10 started
2026-06-05 02:24:03,430 - RobotTest_AlkalinePlatform - INFO - unloading the sample to rack_id #11...
2026-06-05 02:24:47,431 - RobotTest_AlkalinePlatform - INFO - sample successfully unloaded from the cell
2026-06-05 02:24:51,068 - Camera_Win10 - INFO - Camera_Win10 stopped
2026-06-05 02:24:51,612 - Camera_Win10 - WARNING - cannot find ['camera_start.png'] on screen
2026-06-05 02:24:54,999 - Camera_Win10 - INFO - Camera_Win10 started
2026-06-05 02:24:57,206 - RobotTest_AlkalinePlatform - INFO - loading the sample from rack_id #12...
2026-06-05 02:25:36,647 - RobotTest_AlkalinePlatform - INFO - sample successfully loaded into the cell
2026-06-05 02:25:37,297 - Camera_Win10 - INFO - Camera_Win10 stopped
2026-06-05 02:25:40,596 - EC_Lab_Win10 - INFO - not in software yet
2026-06-05 02:25:40,990 - EC_Lab_Win10 - INFO - attempting to open EC_Lab_Win10, trial 1 in 3 times...
2026-06-05 02:25:44,523 - EC_Lab_Win10 - INFO - channel 1 is not open
2026-06-05 02:25:45,153 - EC_Lab_Win10 - INFO - attempting to open channel 1, trial 1 in 3 times...
2026-06-05 02:25:45,925 - EC_Lab_Win10 - INFO - channel 1 is not open
2026-06-05 02:25:46,590 - EC_Lab_Win10 - INFO - attempting to open channel 1, trial 2 in 3 times...
2026-06-05 02:25:47,430 - EC_Lab_Win10 - INFO - channel 1 is not open
2026-06-05 02:25:48,121 - EC_Lab_Win10 - INFO - attempting to open channel 1, trial 3 in 3 times...
2026-06-05 02:25:48,890 - EC_Lab_Win10 - INFO - channel 1 is not open
2026-06-05 03:17:59,384 - EC_Lab_Win10 - INFO - test is complete
2026-06-05 03:17:59,384 - RobotTest_AlkalinePlatform - INFO - test pH14_ZerothGen_sample#17_2026-06-05_02-24-51 finished
2026-06-05 03:17:59,650 - Camera_Win10 - INFO - not in software yet
2026-06-05 03:18:00,009 - Camera_Win10 - INFO - attempting to open Camera_Win10, trial 1 in 3 times...
2026-06-05 03:18:03,657 - Camera_Win10 - INFO - Camera_Win10 started
2026-06-05 03:18:03,657 - RobotTest_AlkalinePlatform - INFO - unloading the sample to rack_id #12...
2026-06-05 03:18:47,577 - RobotTest_AlkalinePlatform - INFO - sample successfully unloaded from the cell
2026-06-05 03:18:51,256 - Camera_Win10 - INFO - Camera_Win10 stopped
2026-06-05 03:29:47,850 - RobotTest_AlkalinePlatform - INFO - started a batch of test, with sample_rack_id : sample_id = {13: 18, 14: 19, 15: 20}
2026-06-05 03:29:52,642 - Camera_Win10 - INFO - not in software yet
2026-06-05 03:29:53,017 - Camera_Win10 - INFO - attempting to open Camera_Win10, trial 1 in 3 times...
2026-06-05 03:29:56,761 - Camera_Win10 - INFO - Camera_Win10 started
2026-06-05 03:30:03,407 - RobotTest_AlkalinePlatform - INFO - loading the sample from rack_id #13...
2026-06-05 03:30:41,384 - RobotTest_AlkalinePlatform - INFO - sample successfully loaded into the cell
2026-06-05 03:30:42,119 - Camera_Win10 - INFO - Camera_Win10 stopped
2026-06-05 03:30:45,429 - EC_Lab_Win10 - INFO - not in software yet
2026-06-05 03:30:45,851 - EC_Lab_Win10 - INFO - attempting to open EC_Lab_Win10, trial 1 in 3 times...
2026-06-05 03:30:49,387 - EC_Lab_Win10 - INFO - channel 1 is not open
2026-06-05 03:30:50,041 - EC_Lab_Win10 - INFO - attempting to open channel 1, trial 1 in 3 times...
2026-06-05 03:30:50,823 - EC_Lab_Win10 - INFO - channel 1 is not open
2026-06-05 03:30:51,457 - EC_Lab_Win10 - INFO - attempting to open channel 1, trial 2 in 3 times...
2026-06-05 03:30:52,275 - EC_Lab_Win10 - INFO - channel 1 is not open
2026-06-05 03:30:52,911 - EC_Lab_Win10 - INFO - attempting to open channel 1, trial 3 in 3 times...
2026-06-05 03:30:53,680 - EC_Lab_Win10 - INFO - channel 1 is not open
2026-06-05 03:31:24,193 - RobotTest_AlkalinePlatform - INFO - human operating, fail to detect...
2026-06-05 03:31:45,503 - RobotTest_AlkalinePlatform - INFO - human operating, fail to detect...
2026-06-05 04:22:02,865 - EC_Lab_Win10 - INFO - test is complete
2026-06-05 04:22:02,866 - RobotTest_AlkalinePlatform - INFO - test pH14_ZerothGen_sample#18_2026-06-05_03-29-52 finished
2026-06-05 04:22:03,121 - Camera_Win10 - INFO - not in software yet
2026-06-05 04:22:03,493 - Camera_Win10 - INFO - attempting to open Camera_Win10, trial 1 in 3 times...
2026-06-05 04:22:07,126 - Camera_Win10 - INFO - Camera_Win10 started
2026-06-05 04:22:07,126 - RobotTest_AlkalinePlatform - INFO - unloading the sample to rack_id #13...
2026-06-05 04:22:51,175 - RobotTest_AlkalinePlatform - INFO - sample successfully unloaded from the cell
2026-06-05 04:22:54,816 - Camera_Win10 - INFO - Camera_Win10 stopped
2026-06-05 04:22:55,394 - Camera_Win10 - WARNING - cannot find ['camera_start.png'] on screen
2026-06-05 04:22:58,796 - Camera_Win10 - INFO - Camera_Win10 started
2026-06-05 04:23:01,375 - RobotTest_AlkalinePlatform - INFO - loading the sample from rack_id #14...
2026-06-05 04:23:41,196 - RobotTest_AlkalinePlatform - INFO - sample successfully loaded into the cell
2026-06-05 04:23:41,860 - Camera_Win10 - INFO - Camera_Win10 stopped
2026-06-05 04:23:45,147 - EC_Lab_Win10 - INFO - not in software yet
2026-06-05 04:23:45,527 - EC_Lab_Win10 - INFO - attempting to open EC_Lab_Win10, trial 1 in 3 times...
2026-06-05 04:23:49,041 - EC_Lab_Win10 - INFO - channel 1 is not open
2026-06-05 04:23:49,639 - EC_Lab_Win10 - INFO - attempting to open channel 1, trial 1 in 3 times...
2026-06-05 04:23:50,392 - EC_Lab_Win10 - INFO - channel 1 is not open
2026-06-05 04:23:51,012 - EC_Lab_Win10 - INFO - attempting to open channel 1, trial 2 in 3 times...
2026-06-05 04:23:51,794 - EC_Lab_Win10 - INFO - channel 1 is not open
2026-06-05 04:23:52,400 - EC_Lab_Win10 - INFO - attempting to open channel 1, trial 3 in 3 times...
2026-06-05 04:23:53,174 - EC_Lab_Win10 - INFO - channel 1 is not open
2026-06-05 05:16:12,313 - EC_Lab_Win10 - INFO - test is complete
2026-06-05 05:16:12,313 - RobotTest_AlkalinePlatform - INFO - test pH14_ZerothGen_sample#19_2026-06-05_04-22-54 finished
2026-06-05 05:16:12,563 - Camera_Win10 - INFO - not in software yet
2026-06-05 05:16:12,939 - Camera_Win10 - INFO - attempting to open Camera_Win10, trial 1 in 3 times...
2026-06-05 05:16:16,570 - Camera_Win10 - INFO - Camera_Win10 started
2026-06-05 05:16:16,570 - RobotTest_AlkalinePlatform - INFO - unloading the sample to rack_id #14...
2026-06-05 05:17:00,377 - RobotTest_AlkalinePlatform - INFO - sample successfully unloaded from the cell
2026-06-05 05:17:04,047 - Camera_Win10 - INFO - Camera_Win10 stopped
2026-06-05 05:17:04,623 - Camera_Win10 - WARNING - cannot find ['camera_start.png'] on screen
2026-06-05 05:17:08,019 - Camera_Win10 - INFO - Camera_Win10 started
2026-06-05 05:17:10,787 - RobotTest_AlkalinePlatform - INFO - loading the sample from rack_id #15...
2026-06-05 05:17:47,995 - RobotTest_AlkalinePlatform - INFO - sample successfully loaded into the cell
2026-06-05 05:17:48,732 - Camera_Win10 - INFO - Camera_Win10 stopped
2026-06-05 05:17:52,037 - EC_Lab_Win10 - INFO - not in software yet
2026-06-05 05:17:52,429 - EC_Lab_Win10 - INFO - attempting to open EC_Lab_Win10, trial 1 in 3 times...
2026-06-05 05:17:55,982 - EC_Lab_Win10 - INFO - channel 1 is not open
2026-06-05 05:17:56,579 - EC_Lab_Win10 - INFO - attempting to open channel 1, trial 1 in 3 times...
2026-06-05 05:17:57,350 - EC_Lab_Win10 - INFO - channel 1 is not open
2026-06-05 05:17:57,966 - EC_Lab_Win10 - INFO - attempting to open channel 1, trial 2 in 3 times...
2026-06-05 05:17:58,727 - EC_Lab_Win10 - INFO - channel 1 is not open
2026-06-05 05:17:59,356 - EC_Lab_Win10 - INFO - attempting to open channel 1, trial 3 in 3 times...
2026-06-05 05:18:00,138 - EC_Lab_Win10 - INFO - channel 1 is not open
2026-06-05 05:18:30,693 - RobotTest_AlkalinePlatform - INFO - human operating, fail to detect...
2026-06-05 06:10:18,409 - EC_Lab_Win10 - INFO - test is complete
2026-06-05 06:10:18,409 - RobotTest_AlkalinePlatform - INFO - test pH14_ZerothGen_sample#20_2026-06-05_05-17-04 finished
2026-06-05 06:10:18,664 - Camera_Win10 - INFO - not in software yet
2026-06-05 06:10:19,032 - Camera_Win10 - INFO - attempting to open Camera_Win10, trial 1 in 3 times...
2026-06-05 06:10:22,676 - Camera_Win10 - INFO - Camera_Win10 started
2026-06-05 06:10:22,676 - RobotTest_AlkalinePlatform - INFO - unloading the sample to rack_id #15...
2026-06-05 06:11:07,198 - RobotTest_AlkalinePlatform - INFO - sample successfully unloaded from the cell
2026-06-05 06:11:10,841 - Camera_Win10 - INFO - Camera_Win10 stopped
2026-06-19 15:36:59,958 - RobotTest_AlkalinePlatform - INFO - started a batch of test, with sample_rack_id : sample_id = {0: 1, 1: 2, 2: 3, 3: 4, 4: 5, 5: 6, 6: 7, 7: 8, 8: 9, 9: 10, 10: 11, 11: 12, 12: 13, 13: 14, 14: 15, 15: 16, 16: 17, 17: 18}
2026-06-19 15:37:07,205 - Camera_Win10 - INFO - not in software yet
2026-06-19 15:37:07,586 - Camera_Win10 - INFO - attempting to open Camera_Win10, trial 1 in 3 times...
2026-06-19 15:37:11,250 - Camera_Win10 - INFO - Camera_Win10 started
2026-06-19 15:37:17,971 - RobotTest_AlkalinePlatform - INFO - loading the sample from rack_id #0...
2026-06-19 15:37:57,380 - RobotTest_AlkalinePlatform - INFO - sample successfully loaded into the cell
2026-06-19 15:37:58,042 - Camera_Win10 - INFO - Camera_Win10 stopped
2026-06-19 15:38:01,786 - EC_Lab_Win10 - INFO - not in software yet
2026-06-19 15:38:02,195 - EC_Lab_Win10 - INFO - attempting to open EC_Lab_Win10, trial 1 in 3 times...
2026-06-19 15:38:05,723 - EC_Lab_Win10 - INFO - channel 1 is not open
2026-06-19 15:38:06,376 - EC_Lab_Win10 - INFO - attempting to open channel 1, trial 1 in 3 times...
2026-06-19 15:38:07,136 - EC_Lab_Win10 - INFO - channel 1 is not open
2026-06-19 15:38:07,782 - EC_Lab_Win10 - INFO - attempting to open channel 1, trial 2 in 3 times...
2026-06-19 15:38:08,566 - EC_Lab_Win10 - INFO - channel 1 is not open
2026-06-19 15:38:09,212 - EC_Lab_Win10 - INFO - attempting to open channel 1, trial 3 in 3 times...
2026-06-19 15:38:09,996 - EC_Lab_Win10 - INFO - channel 1 is not open
2026-06-19 16:05:49,638 - RobotTest_AlkalinePlatform - INFO - human operating, fail to detect...
2026-06-19 16:05:59,648 - RobotTest_AlkalinePlatform - INFO - human operating, fail to detect...
2026-06-19 16:06:09,662 - RobotTest_AlkalinePlatform - INFO - human operating, fail to detect...
2026-06-19 16:07:38,938 - RobotTest_AlkalinePlatform - INFO - human operating, fail to detect...
2026-06-19 16:07:48,946 - RobotTest_AlkalinePlatform - INFO - human operating, fail to detect...
2026-06-19 16:07:58,951 - RobotTest_AlkalinePlatform - INFO - human operating, fail to detect...
2026-06-19 16:08:08,955 - RobotTest_AlkalinePlatform - INFO - human operating, fail to detect...
2026-06-19 16:19:50,087 - EC_Lab_Win10 - INFO - test is complete
2026-06-19 16:19:50,088 - RobotTest_AlkalinePlatform - INFO - test pH14_ZerothGen_sample#1_2026-06-19_15-37-06 finished
2026-06-19 16:19:50,363 - Camera_Win10 - INFO - not in software yet
2026-06-19 16:19:50,723 - Camera_Win10 - INFO - attempting to open Camera_Win10, trial 1 in 3 times...
2026-06-19 16:19:54,375 - Camera_Win10 - INFO - Camera_Win10 started
2026-06-19 16:19:54,375 - RobotTest_AlkalinePlatform - INFO - unloading the sample to rack_id #0...
2026-06-19 16:20:39,012 - RobotTest_AlkalinePlatform - INFO - sample successfully unloaded from the cell
2026-06-19 16:20:42,690 - Camera_Win10 - INFO - Camera_Win10 stopped
2026-06-19 16:20:43,268 - Camera_Win10 - WARNING - cannot find ['camera_start.png'] on screen
2026-06-19 16:20:46,668 - Camera_Win10 - INFO - Camera_Win10 started
2026-06-19 16:20:49,827 - RobotTest_AlkalinePlatform - INFO - loading the sample from rack_id #1...
2026-06-19 16:21:29,624 - RobotTest_AlkalinePlatform - INFO - sample successfully loaded into the cell
2026-06-19 16:21:30,272 - Camera_Win10 - INFO - Camera_Win10 stopped
2026-06-19 16:21:33,549 - EC_Lab_Win10 - INFO - not in software yet
2026-06-19 16:21:33,961 - EC_Lab_Win10 - INFO - attempting to open EC_Lab_Win10, trial 1 in 3 times...
2026-06-19 16:21:37,508 - EC_Lab_Win10 - INFO - channel 1 is not open
2026-06-19 16:21:38,149 - EC_Lab_Win10 - INFO - attempting to open channel 1, trial 1 in 3 times...
2026-06-19 16:21:38,915 - EC_Lab_Win10 - INFO - channel 1 is not open
2026-06-19 16:21:39,533 - EC_Lab_Win10 - INFO - attempting to open channel 1, trial 2 in 3 times...
2026-06-19 16:21:40,300 - EC_Lab_Win10 - INFO - channel 1 is not open
2026-06-19 16:21:40,967 - EC_Lab_Win10 - INFO - attempting to open channel 1, trial 3 in 3 times...
2026-06-19 16:21:41,741 - EC_Lab_Win10 - INFO - channel 1 is not open
2026-06-19 16:22:57,316 - RobotTest_AlkalinePlatform - INFO - human operating, fail to detect...
2026-06-19 16:23:07,320 - RobotTest_AlkalinePlatform - INFO - human operating, fail to detect...
2026-06-19 16:23:28,615 - RobotTest_AlkalinePlatform - INFO - human operating, fail to detect...
2026-06-19 16:45:47,671 - RobotTest_AlkalinePlatform - INFO - human operating, fail to detect...
2026-06-19 16:45:57,683 - RobotTest_AlkalinePlatform - INFO - human operating, fail to detect...
2026-06-19 16:46:19,006 - RobotTest_AlkalinePlatform - INFO - human operating, fail to detect...
2026-06-19 16:46:29,007 - RobotTest_AlkalinePlatform - INFO - human operating, fail to detect...
2026-06-19 16:46:50,285 - RobotTest_AlkalinePlatform - INFO - human operating, fail to detect...
2026-06-19 16:47:00,290 - RobotTest_AlkalinePlatform - INFO - human operating, fail to detect...
2026-06-19 17:03:44,381 - EC_Lab_Win10 - INFO - test is complete
2026-06-19 17:03:44,381 - RobotTest_AlkalinePlatform - INFO - test pH14_ZerothGen_sample#2_2026-06-19_16-20-42 finished
2026-06-19 17:03:44,625 - Camera_Win10 - INFO - not in software yet
2026-06-19 17:03:45,001 - Camera_Win10 - INFO - attempting to open Camera_Win10, trial 1 in 3 times...
2026-06-19 17:03:48,642 - Camera_Win10 - INFO - Camera_Win10 started
2026-06-19 17:03:48,642 - RobotTest_AlkalinePlatform - INFO - unloading the sample to rack_id #1...
2026-06-19 17:04:33,271 - RobotTest_AlkalinePlatform - INFO - sample successfully unloaded from the cell
2026-06-19 17:04:36,928 - Camera_Win10 - INFO - Camera_Win10 stopped
2026-06-19 17:04:37,503 - Camera_Win10 - WARNING - cannot find ['camera_start.png'] on screen
2026-06-19 17:04:40,887 - Camera_Win10 - INFO - Camera_Win10 started
2026-06-19 17:04:43,847 - RobotTest_AlkalinePlatform - INFO - loading the sample from rack_id #2...
2026-06-19 17:05:21,080 - RobotTest_AlkalinePlatform - INFO - sample successfully loaded into the cell
2026-06-19 17:05:21,743 - Camera_Win10 - INFO - Camera_Win10 stopped
2026-06-19 17:05:25,031 - EC_Lab_Win10 - INFO - not in software yet
2026-06-19 17:05:25,388 - EC_Lab_Win10 - INFO - attempting to open EC_Lab_Win10, trial 1 in 3 times...
2026-06-19 17:05:28,926 - EC_Lab_Win10 - INFO - channel 1 is not open
2026-06-19 17:05:29,567 - EC_Lab_Win10 - INFO - attempting to open channel 1, trial 1 in 3 times...
2026-06-19 17:05:30,342 - EC_Lab_Win10 - INFO - channel 1 is not open
2026-06-19 17:05:31,022 - EC_Lab_Win10 - INFO - attempting to open channel 1, trial 2 in 3 times...
2026-06-19 17:05:31,796 - EC_Lab_Win10 - INFO - channel 1 is not open
2026-06-19 17:05:32,427 - EC_Lab_Win10 - INFO - attempting to open channel 1, trial 3 in 3 times...
2026-06-19 17:05:33,182 - EC_Lab_Win10 - INFO - channel 1 is not open
2026-06-19 17:07:45,435 - RobotTest_AlkalinePlatform - INFO - human operating, fail to detect...
2026-06-19 17:07:55,437 - RobotTest_AlkalinePlatform - INFO - human operating, fail to detect...
2026-06-19 17:08:05,440 - RobotTest_AlkalinePlatform - INFO - human operating, fail to detect...
2026-06-19 17:08:15,450 - RobotTest_AlkalinePlatform - INFO - human operating, fail to detect...
2026-06-19 17:08:25,462 - RobotTest_AlkalinePlatform - INFO - human operating, fail to detect...
2026-06-19 17:08:35,472 - RobotTest_AlkalinePlatform - INFO - human operating, fail to detect...
2026-06-19 17:08:45,479 - RobotTest_AlkalinePlatform - INFO - human operating, fail to detect...
2026-06-19 17:08:56,586 - EC_Lab_Win10 - INFO - not in software yet
2026-06-19 17:08:56,961 - EC_Lab_Win10 - INFO - attempting to open EC_Lab_Win10, trial 1 in 3 times...
2026-06-19 17:09:33,192 - RobotTest_AlkalinePlatform - INFO - human operating, fail to detect...
2026-06-19 17:09:43,206 - RobotTest_AlkalinePlatform - INFO - human operating, fail to detect...
2026-06-19 17:09:53,210 - RobotTest_AlkalinePlatform - INFO - human operating, fail to detect...
2026-06-19 17:47:15,807 - EC_Lab_Win10 - INFO - test is complete
2026-06-19 17:47:15,807 - RobotTest_AlkalinePlatform - INFO - test pH14_ZerothGen_sample#3_2026-06-19_17-04-36 finished
2026-06-19 17:47:16,043 - Camera_Win10 - INFO - not in software yet
2026-06-19 17:47:16,417 - Camera_Win10 - INFO - attempting to open Camera_Win10, trial 1 in 3 times...
2026-06-19 17:47:20,059 - Camera_Win10 - INFO - Camera_Win10 started
2026-06-19 17:47:20,059 - RobotTest_AlkalinePlatform - INFO - unloading the sample to rack_id #2...
2026-06-19 17:48:04,113 - RobotTest_AlkalinePlatform - INFO - sample successfully unloaded from the cell
2026-06-19 17:48:07,759 - Camera_Win10 - INFO - Camera_Win10 stopped
2026-06-19 17:48:08,333 - Camera_Win10 - WARNING - cannot find ['camera_start.png'] on screen
2026-06-19 17:48:11,714 - Camera_Win10 - INFO - Camera_Win10 started
2026-06-19 17:48:14,489 - RobotTest_AlkalinePlatform - INFO - loading the sample from rack_id #3...
2026-06-19 17:48:51,924 - RobotTest_AlkalinePlatform - INFO - sample successfully loaded into the cell
2026-06-19 17:48:52,555 - Camera_Win10 - INFO - Camera_Win10 stopped
2026-06-19 17:48:55,820 - EC_Lab_Win10 - INFO - not in software yet
2026-06-19 17:48:56,194 - EC_Lab_Win10 - INFO - attempting to open EC_Lab_Win10, trial 1 in 3 times...
2026-06-19 17:48:59,781 - EC_Lab_Win10 - INFO - channel 1 is not open
2026-06-19 17:49:00,429 - EC_Lab_Win10 - INFO - attempting to open channel 1, trial 1 in 3 times...
2026-06-19 17:49:01,183 - EC_Lab_Win10 - INFO - channel 1 is not open
2026-06-19 17:49:01,850 - EC_Lab_Win10 - INFO - attempting to open channel 1, trial 2 in 3 times...
2026-06-19 17:49:02,623 - EC_Lab_Win10 - INFO - channel 1 is not open
2026-06-19 17:49:03,255 - EC_Lab_Win10 - INFO - attempting to open channel 1, trial 3 in 3 times...
2026-06-19 17:49:04,044 - EC_Lab_Win10 - INFO - channel 1 is not open
2026-06-19 18:30:43,731 - EC_Lab_Win10 - INFO - test is complete
2026-06-19 18:30:43,731 - RobotTest_AlkalinePlatform - INFO - test pH14_ZerothGen_sample#4_2026-06-19_17-48-07 finished
2026-06-19 18:30:44,008 - Camera_Win10 - INFO - not in software yet
2026-06-19 18:30:44,377 - Camera_Win10 - INFO - attempting to open Camera_Win10, trial 1 in 3 times...
2026-06-19 18:30:48,126 - Camera_Win10 - INFO - Camera_Win10 started
2026-06-19 18:30:48,126 - RobotTest_AlkalinePlatform - INFO - unloading the sample to rack_id #3...
2026-06-19 18:31:32,340 - RobotTest_AlkalinePlatform - INFO - sample successfully unloaded from the cell
2026-06-19 18:31:36,014 - Camera_Win10 - INFO - Camera_Win10 stopped
2026-06-19 18:31:36,577 - Camera_Win10 - WARNING - cannot find ['camera_start.png'] on screen
2026-06-19 18:31:39,973 - Camera_Win10 - INFO - Camera_Win10 started
2026-06-19 18:31:42,554 - RobotTest_AlkalinePlatform - INFO - loading the sample from rack_id #4...
2026-06-19 18:32:19,940 - RobotTest_AlkalinePlatform - INFO - sample successfully loaded into the cell
2026-06-19 18:32:20,571 - Camera_Win10 - INFO - Camera_Win10 stopped
2026-06-19 18:32:23,858 - EC_Lab_Win10 - INFO - not in software yet
2026-06-19 18:32:24,238 - EC_Lab_Win10 - INFO - attempting to open EC_Lab_Win10, trial 1 in 3 times...
2026-06-19 18:32:27,747 - EC_Lab_Win10 - INFO - channel 1 is not open
2026-06-19 18:32:28,378 - EC_Lab_Win10 - INFO - attempting to open channel 1, trial 1 in 3 times...
2026-06-19 18:32:29,123 - EC_Lab_Win10 - INFO - channel 1 is not open
2026-06-19 18:32:29,746 - EC_Lab_Win10 - INFO - attempting to open channel 1, trial 2 in 3 times...
2026-06-19 18:32:30,532 - EC_Lab_Win10 - INFO - channel 1 is not open
2026-06-19 18:32:31,195 - EC_Lab_Win10 - INFO - attempting to open channel 1, trial 3 in 3 times...
2026-06-19 18:32:32,048 - EC_Lab_Win10 - INFO - channel 1 is not open
2026-06-19 18:49:04,390 - RobotTest_AlkalinePlatform - INFO - human operating, fail to detect...
2026-06-19 18:49:14,397 - RobotTest_AlkalinePlatform - INFO - human operating, fail to detect...
2026-06-19 18:49:24,400 - RobotTest_AlkalinePlatform - INFO - human operating, fail to detect...
2026-06-19 18:49:34,412 - RobotTest_AlkalinePlatform - INFO - human operating, fail to detect...
2026-06-19 19:14:22,059 - EC_Lab_Win10 - INFO - test is complete
2026-06-19 19:14:22,059 - RobotTest_AlkalinePlatform - INFO - test pH14_ZerothGen_sample#5_2026-06-19_18-31-36 finished
2026-06-19 19:14:22,306 - Camera_Win10 - INFO - not in software yet
2026-06-19 19:14:22,671 - Camera_Win10 - INFO - attempting to open Camera_Win10, trial 1 in 3 times...
2026-06-19 19:14:26,338 - Camera_Win10 - INFO - Camera_Win10 started
2026-06-19 19:14:26,338 - RobotTest_AlkalinePlatform - INFO - unloading the sample to rack_id #4...
2026-06-19 19:15:10,820 - RobotTest_AlkalinePlatform - INFO - sample successfully unloaded from the cell
2026-06-19 19:15:14,531 - Camera_Win10 - INFO - Camera_Win10 stopped
2026-06-19 19:15:15,132 - Camera_Win10 - WARNING - cannot find ['camera_start.png'] on screen
2026-06-19 19:15:18,545 - Camera_Win10 - INFO - Camera_Win10 started
2026-06-19 19:15:20,629 - RobotTest_AlkalinePlatform - INFO - loading the sample from rack_id #5...
2026-06-19 19:15:59,232 - RobotTest_AlkalinePlatform - INFO - sample successfully loaded into the cell
2026-06-19 19:15:59,908 - Camera_Win10 - INFO - Camera_Win10 stopped
2026-06-19 19:16:03,168 - EC_Lab_Win10 - INFO - not in software yet
2026-06-19 19:16:03,556 - EC_Lab_Win10 - INFO - attempting to open EC_Lab_Win10, trial 1 in 3 times...
2026-06-19 19:16:07,106 - EC_Lab_Win10 - INFO - channel 1 is not open
2026-06-19 19:16:07,749 - EC_Lab_Win10 - INFO - attempting to open channel 1, trial 1 in 3 times...
2026-06-19 19:16:08,539 - EC_Lab_Win10 - INFO - channel 1 is not open
2026-06-19 19:16:09,184 - EC_Lab_Win10 - INFO - attempting to open channel 1, trial 2 in 3 times...
2026-06-19 19:16:09,972 - EC_Lab_Win10 - INFO - channel 1 is not open
2026-06-19 19:16:10,612 - EC_Lab_Win10 - INFO - attempting to open channel 1, trial 3 in 3 times...
2026-06-19 19:16:11,397 - EC_Lab_Win10 - INFO - channel 1 is not open
2026-06-19 19:58:02,704 - EC_Lab_Win10 - INFO - test is complete
2026-06-19 19:58:02,704 - RobotTest_AlkalinePlatform - INFO - test pH14_ZerothGen_sample#6_2026-06-19_19-15-14 finished
2026-06-19 19:58:02,975 - Camera_Win10 - INFO - not in software yet
2026-06-19 19:58:03,344 - Camera_Win10 - INFO - attempting to open Camera_Win10, trial 1 in 3 times...
2026-06-19 19:58:07,098 - Camera_Win10 - INFO - Camera_Win10 started
2026-06-19 19:58:07,098 - RobotTest_AlkalinePlatform - INFO - unloading the sample to rack_id #5...
2026-06-19 19:58:50,840 - RobotTest_AlkalinePlatform - INFO - sample successfully unloaded from the cell
2026-06-19 19:58:54,516 - Camera_Win10 - INFO - Camera_Win10 stopped
2026-06-19 19:58:55,127 - Camera_Win10 - WARNING - cannot find ['camera_start.png'] on screen
2026-06-19 19:58:58,506 - Camera_Win10 - INFO - Camera_Win10 started
2026-06-19 19:59:00,894 - RobotTest_AlkalinePlatform - INFO - loading the sample from rack_id #6...
2026-06-19 19:59:39,651 - RobotTest_AlkalinePlatform - INFO - sample successfully loaded into the cell
2026-06-19 19:59:40,331 - Camera_Win10 - INFO - Camera_Win10 stopped
2026-06-19 19:59:43,602 - EC_Lab_Win10 - INFO - not in software yet
2026-06-19 19:59:43,988 - EC_Lab_Win10 - INFO - attempting to open EC_Lab_Win10, trial 1 in 3 times...
2026-06-19 19:59:47,548 - EC_Lab_Win10 - INFO - channel 1 is not open
2026-06-19 19:59:48,183 - EC_Lab_Win10 - INFO - attempting to open channel 1, trial 1 in 3 times...
2026-06-19 19:59:48,972 - EC_Lab_Win10 - INFO - channel 1 is not open
2026-06-19 19:59:49,610 - EC_Lab_Win10 - INFO - attempting to open channel 1, trial 2 in 3 times...
2026-06-19 19:59:50,386 - EC_Lab_Win10 - INFO - channel 1 is not open
2026-06-19 19:59:51,027 - EC_Lab_Win10 - INFO - attempting to open channel 1, trial 3 in 3 times...
2026-06-19 19:59:51,799 - EC_Lab_Win10 - INFO - channel 1 is not open
2026-06-19 20:41:41,464 - EC_Lab_Win10 - INFO - test is complete
2026-06-19 20:41:41,465 - RobotTest_AlkalinePlatform - INFO - test pH14_ZerothGen_sample#7_2026-06-19_19-58-54 finished
2026-06-19 20:41:41,722 - Camera_Win10 - INFO - not in software yet
2026-06-19 20:41:42,083 - Camera_Win10 - INFO - attempting to open Camera_Win10, trial 1 in 3 times...
2026-06-19 20:41:45,748 - Camera_Win10 - INFO - Camera_Win10 started
2026-06-19 20:41:45,748 - RobotTest_AlkalinePlatform - INFO - unloading the sample to rack_id #6...
2026-06-19 20:42:29,495 - RobotTest_AlkalinePlatform - INFO - sample successfully unloaded from the cell
2026-06-19 20:42:33,141 - Camera_Win10 - INFO - Camera_Win10 stopped
2026-06-19 20:42:33,698 - Camera_Win10 - WARNING - cannot find ['camera_start.png'] on screen
2026-06-19 20:42:37,090 - Camera_Win10 - INFO - Camera_Win10 started
2026-06-19 20:42:39,107 - RobotTest_AlkalinePlatform - INFO - loading the sample from rack_id #7...
2026-06-19 20:43:16,138 - RobotTest_AlkalinePlatform - INFO - sample successfully loaded into the cell
2026-06-19 20:43:16,783 - Camera_Win10 - INFO - Camera_Win10 stopped
2026-06-19 20:43:20,072 - EC_Lab_Win10 - INFO - not in software yet
2026-06-19 20:43:20,445 - EC_Lab_Win10 - INFO - attempting to open EC_Lab_Win10, trial 1 in 3 times...
2026-06-19 20:43:23,983 - EC_Lab_Win10 - INFO - channel 1 is not open
2026-06-19 20:43:24,631 - EC_Lab_Win10 - INFO - attempting to open channel 1, trial 1 in 3 times...
2026-06-19 20:43:25,393 - EC_Lab_Win10 - INFO - channel 1 is not open
2026-06-19 20:43:26,004 - EC_Lab_Win10 - INFO - attempting to open channel 1, trial 2 in 3 times...
2026-06-19 20:43:26,785 - EC_Lab_Win10 - INFO - channel 1 is not open
2026-06-19 20:43:27,424 - EC_Lab_Win10 - INFO - attempting to open channel 1, trial 3 in 3 times...
2026-06-19 20:43:28,177 - EC_Lab_Win10 - INFO - channel 1 is not open
2026-06-19 21:25:18,826 - EC_Lab_Win10 - INFO - test is complete
2026-06-19 21:25:18,826 - RobotTest_AlkalinePlatform - INFO - test pH14_ZerothGen_sample#8_2026-06-19_20-42-33 finished
2026-06-19 21:25:19,079 - Camera_Win10 - INFO - not in software yet
2026-06-19 21:25:19,455 - Camera_Win10 - INFO - attempting to open Camera_Win10, trial 1 in 3 times...
2026-06-19 21:25:23,156 - Camera_Win10 - INFO - Camera_Win10 started
2026-06-19 21:25:23,156 - RobotTest_AlkalinePlatform - INFO - unloading the sample to rack_id #7...
2026-06-19 21:26:07,166 - RobotTest_AlkalinePlatform - INFO - sample successfully unloaded from the cell
2026-06-19 21:26:10,824 - Camera_Win10 - INFO - Camera_Win10 stopped
2026-06-19 21:26:11,407 - Camera_Win10 - WARNING - cannot find ['camera_start.png'] on screen
2026-06-19 21:26:14,816 - Camera_Win10 - INFO - Camera_Win10 started
2026-06-19 21:26:16,964 - RobotTest_AlkalinePlatform - INFO - loading the sample from rack_id #8...
2026-06-19 21:26:55,586 - RobotTest_AlkalinePlatform - INFO - sample successfully loaded into the cell
2026-06-19 21:26:56,263 - Camera_Win10 - INFO - Camera_Win10 stopped
2026-06-19 21:26:59,542 - EC_Lab_Win10 - INFO - not in software yet
2026-06-19 21:26:59,935 - EC_Lab_Win10 - INFO - attempting to open EC_Lab_Win10, trial 1 in 3 times...
2026-06-19 21:27:03,460 - EC_Lab_Win10 - INFO - channel 1 is not open
2026-06-19 21:27:04,095 - EC_Lab_Win10 - INFO - attempting to open channel 1, trial 1 in 3 times...
2026-06-19 21:27:04,901 - EC_Lab_Win10 - INFO - channel 1 is not open
2026-06-19 21:27:05,558 - EC_Lab_Win10 - INFO - attempting to open channel 1, trial 2 in 3 times...
2026-06-19 21:27:06,335 - EC_Lab_Win10 - INFO - channel 1 is not open
2026-06-19 21:27:06,989 - EC_Lab_Win10 - INFO - attempting to open channel 1, trial 3 in 3 times...
2026-06-19 21:27:07,781 - EC_Lab_Win10 - INFO - channel 1 is not open
2026-06-19 22:08:49,131 - EC_Lab_Win10 - INFO - test is complete
2026-06-19 22:08:49,131 - RobotTest_AlkalinePlatform - INFO - test pH14_ZerothGen_sample#9_2026-06-19_21-26-10 finished
2026-06-19 22:08:49,384 - Camera_Win10 - INFO - not in software yet
2026-06-19 22:08:49,763 - Camera_Win10 - INFO - attempting to open Camera_Win10, trial 1 in 3 times...
2026-06-19 22:08:53,451 - Camera_Win10 - INFO - Camera_Win10 started
2026-06-19 22:08:53,451 - RobotTest_AlkalinePlatform - INFO - unloading the sample to rack_id #8...
2026-06-19 22:09:37,146 - RobotTest_AlkalinePlatform - INFO - sample successfully unloaded from the cell
2026-06-19 22:09:40,807 - Camera_Win10 - INFO - Camera_Win10 stopped
2026-06-19 22:09:41,396 - Camera_Win10 - WARNING - cannot find ['camera_start.png'] on screen
2026-06-19 22:09:44,806 - Camera_Win10 - INFO - Camera_Win10 started
2026-06-19 22:09:46,814 - RobotTest_AlkalinePlatform - INFO - loading the sample from rack_id #9...
2026-06-19 22:10:25,218 - RobotTest_AlkalinePlatform - INFO - sample successfully loaded into the cell
2026-06-19 22:10:25,851 - Camera_Win10 - INFO - Camera_Win10 stopped
2026-06-19 22:10:29,138 - EC_Lab_Win10 - INFO - not in software yet
2026-06-19 22:10:29,520 - EC_Lab_Win10 - INFO - attempting to open EC_Lab_Win10, trial 1 in 3 times...
2026-06-19 22:10:33,041 - EC_Lab_Win10 - INFO - channel 1 is not open
2026-06-19 22:10:33,650 - EC_Lab_Win10 - INFO - attempting to open channel 1, trial 1 in 3 times...
2026-06-19 22:10:34,414 - EC_Lab_Win10 - INFO - channel 1 is not open
2026-06-19 22:10:35,039 - EC_Lab_Win10 - INFO - attempting to open channel 1, trial 2 in 3 times...
2026-06-19 22:10:35,798 - EC_Lab_Win10 - INFO - channel 1 is not open
2026-06-19 22:10:36,434 - EC_Lab_Win10 - INFO - attempting to open channel 1, trial 3 in 3 times...
2026-06-19 22:10:37,197 - EC_Lab_Win10 - INFO - channel 1 is not open
2026-06-19 22:31:42,975 - EC_Lab_Win10 - INFO - test is complete
2026-06-19 22:31:42,976 - RobotTest_AlkalinePlatform - INFO - test pH14_ZerothGen_sample#10_2026-06-19_22-09-40 finished
2026-06-19 22:31:43,225 - Camera_Win10 - INFO - not in software yet
2026-06-19 22:31:43,595 - Camera_Win10 - INFO - attempting to open Camera_Win10, trial 1 in 3 times...
2026-06-19 22:31:47,306 - Camera_Win10 - INFO - Camera_Win10 started
2026-06-19 22:31:47,306 - RobotTest_AlkalinePlatform - INFO - unloading the sample to rack_id #9...
2026-06-19 22:32:30,515 - RobotTest_AlkalinePlatform - INFO - sample successfully unloaded from the cell
2026-06-19 22:32:34,164 - Camera_Win10 - INFO - Camera_Win10 stopped
2026-06-19 22:32:34,742 - Camera_Win10 - WARNING - cannot find ['camera_start.png'] on screen
2026-06-19 22:32:38,127 - Camera_Win10 - INFO - Camera_Win10 started
2026-06-19 22:32:40,149 - RobotTest_AlkalinePlatform - INFO - loading the sample from rack_id #10...
2026-06-19 22:33:18,952 - RobotTest_AlkalinePlatform - INFO - sample successfully loaded into the cell
2026-06-19 22:33:19,632 - Camera_Win10 - INFO - Camera_Win10 stopped
2026-06-19 22:33:22,902 - EC_Lab_Win10 - INFO - not in software yet
2026-06-19 22:33:23,288 - EC_Lab_Win10 - INFO - attempting to open EC_Lab_Win10, trial 1 in 3 times...
2026-06-19 22:33:26,811 - EC_Lab_Win10 - INFO - channel 1 is not open
2026-06-19 22:33:27,477 - EC_Lab_Win10 - INFO - attempting to open channel 1, trial 1 in 3 times...
2026-06-19 22:33:28,263 - EC_Lab_Win10 - INFO - channel 1 is not open
2026-06-19 22:33:28,892 - EC_Lab_Win10 - INFO - attempting to open channel 1, trial 2 in 3 times...
2026-06-19 22:33:29,665 - EC_Lab_Win10 - INFO - channel 1 is not open
2026-06-19 22:33:30,282 - EC_Lab_Win10 - INFO - attempting to open channel 1, trial 3 in 3 times...
2026-06-19 22:33:31,047 - EC_Lab_Win10 - INFO - channel 1 is not open
2026-06-19 22:55:10,551 - EC_Lab_Win10 - INFO - test is complete
2026-06-19 22:55:10,551 - RobotTest_AlkalinePlatform - INFO - test pH14_ZerothGen_sample#11_2026-06-19_22-32-34 finished
2026-06-19 22:55:10,799 - Camera_Win10 - INFO - not in software yet
2026-06-19 22:55:11,163 - Camera_Win10 - INFO - attempting to open Camera_Win10, trial 1 in 3 times...
2026-06-19 22:55:14,788 - Camera_Win10 - INFO - Camera_Win10 started
2026-06-19 22:55:14,788 - RobotTest_AlkalinePlatform - INFO - unloading the sample to rack_id #10...
2026-06-19 22:55:58,432 - RobotTest_AlkalinePlatform - INFO - sample successfully unloaded from the cell
2026-06-19 22:56:02,083 - Camera_Win10 - INFO - Camera_Win10 stopped
2026-06-19 22:56:02,686 - Camera_Win10 - WARNING - cannot find ['camera_start.png'] on screen
2026-06-19 22:56:06,090 - Camera_Win10 - INFO - Camera_Win10 started
2026-06-19 22:56:08,113 - RobotTest_AlkalinePlatform - INFO - loading the sample from rack_id #11...
2026-06-19 22:56:47,490 - RobotTest_AlkalinePlatform - INFO - sample successfully loaded into the cell
2026-06-19 22:56:48,153 - Camera_Win10 - INFO - Camera_Win10 stopped
2026-06-19 22:56:51,459 - EC_Lab_Win10 - INFO - not in software yet
2026-06-19 22:56:51,849 - EC_Lab_Win10 - INFO - attempting to open EC_Lab_Win10, trial 1 in 3 times...
2026-06-19 22:56:55,368 - EC_Lab_Win10 - INFO - channel 1 is not open
2026-06-19 22:56:55,998 - EC_Lab_Win10 - INFO - attempting to open channel 1, trial 1 in 3 times...
2026-06-19 22:56:56,794 - EC_Lab_Win10 - INFO - channel 1 is not open
2026-06-19 22:56:57,441 - EC_Lab_Win10 - INFO - attempting to open channel 1, trial 2 in 3 times...
2026-06-19 22:56:58,222 - EC_Lab_Win10 - INFO - channel 1 is not open
2026-06-19 22:56:58,858 - EC_Lab_Win10 - INFO - attempting to open channel 1, trial 3 in 3 times...
2026-06-19 22:56:59,624 - EC_Lab_Win10 - INFO - channel 1 is not open
2026-06-19 23:18:04,657 - EC_Lab_Win10 - INFO - test is complete
2026-06-19 23:18:04,657 - RobotTest_AlkalinePlatform - INFO - test pH14_ZerothGen_sample#12_2026-06-19_22-56-02 finished
2026-06-19 23:18:04,914 - Camera_Win10 - INFO - not in software yet
2026-06-19 23:18:05,277 - Camera_Win10 - INFO - attempting to open Camera_Win10, trial 1 in 3 times...
2026-06-19 23:18:08,924 - Camera_Win10 - INFO - Camera_Win10 started
2026-06-19 23:18:08,924 - RobotTest_AlkalinePlatform - INFO - unloading the sample to rack_id #11...
2026-06-19 23:18:52,200 - RobotTest_AlkalinePlatform - INFO - sample successfully unloaded from the cell
2026-06-19 23:18:55,867 - Camera_Win10 - INFO - Camera_Win10 stopped
2026-06-19 23:18:56,444 - Camera_Win10 - WARNING - cannot find ['camera_start.png'] on screen
2026-06-19 23:18:59,849 - Camera_Win10 - INFO - Camera_Win10 started
2026-06-19 23:19:02,050 - RobotTest_AlkalinePlatform - INFO - loading the sample from rack_id #12...
2026-06-19 23:19:40,239 - RobotTest_AlkalinePlatform - INFO - sample successfully loaded into the cell
2026-06-19 23:19:40,871 - Camera_Win10 - INFO - Camera_Win10 stopped
2026-06-19 23:19:44,143 - EC_Lab_Win10 - INFO - not in software yet
2026-06-19 23:19:44,523 - EC_Lab_Win10 - INFO - attempting to open EC_Lab_Win10, trial 1 in 3 times...
2026-06-19 23:19:48,066 - EC_Lab_Win10 - INFO - channel 1 is not open
2026-06-19 23:19:48,718 - EC_Lab_Win10 - INFO - attempting to open channel 1, trial 1 in 3 times...
2026-06-19 23:19:49,483 - EC_Lab_Win10 - INFO - channel 1 is not open
2026-06-19 23:19:50,123 - EC_Lab_Win10 - INFO - attempting to open channel 1, trial 2 in 3 times...
2026-06-19 23:19:50,891 - EC_Lab_Win10 - INFO - channel 1 is not open
2026-06-19 23:19:51,541 - EC_Lab_Win10 - INFO - attempting to open channel 1, trial 3 in 3 times...
2026-06-19 23:19:52,329 - EC_Lab_Win10 - INFO - channel 1 is not open
2026-06-20 00:01:43,002 - EC_Lab_Win10 - INFO - test is complete
2026-06-20 00:01:43,002 - RobotTest_AlkalinePlatform - INFO - test pH14_ZerothGen_sample#13_2026-06-19_23-18-55 finished
2026-06-20 00:01:43,266 - Camera_Win10 - INFO - not in software yet
2026-06-20 00:01:43,642 - Camera_Win10 - INFO - attempting to open Camera_Win10, trial 1 in 3 times...
2026-06-20 00:01:47,400 - Camera_Win10 - INFO - Camera_Win10 started
2026-06-20 00:01:47,400 - RobotTest_AlkalinePlatform - INFO - unloading the sample to rack_id #12...
2026-06-20 00:02:30,854 - RobotTest_AlkalinePlatform - INFO - sample successfully unloaded from the cell
2026-06-20 00:02:34,506 - Camera_Win10 - INFO - Camera_Win10 stopped
2026-06-20 00:02:35,049 - Camera_Win10 - WARNING - cannot find ['camera_start.png'] on screen
2026-06-20 00:02:38,448 - Camera_Win10 - INFO - Camera_Win10 started
2026-06-20 00:02:40,913 - RobotTest_AlkalinePlatform - INFO - loading the sample from rack_id #13...
2026-06-20 00:03:20,084 - RobotTest_AlkalinePlatform - INFO - sample successfully loaded into the cell
2026-06-20 00:03:20,741 - Camera_Win10 - INFO - Camera_Win10 stopped
2026-06-20 00:03:24,026 - EC_Lab_Win10 - INFO - not in software yet
2026-06-20 00:03:24,398 - EC_Lab_Win10 - INFO - attempting to open EC_Lab_Win10, trial 1 in 3 times...
2026-06-20 00:03:27,914 - EC_Lab_Win10 - INFO - channel 1 is not open
2026-06-20 00:03:28,565 - EC_Lab_Win10 - INFO - attempting to open channel 1, trial 1 in 3 times...
2026-06-20 00:03:29,334 - EC_Lab_Win10 - INFO - channel 1 is not open
2026-06-20 00:03:29,983 - EC_Lab_Win10 - INFO - attempting to open channel 1, trial 2 in 3 times...
2026-06-20 00:03:30,749 - EC_Lab_Win10 - INFO - channel 1 is not open
2026-06-20 00:03:31,363 - EC_Lab_Win10 - INFO - attempting to open channel 1, trial 3 in 3 times...
2026-06-20 00:03:32,129 - EC_Lab_Win10 - INFO - channel 1 is not open
2026-06-20 00:45:23,179 - EC_Lab_Win10 - INFO - test is complete
2026-06-20 00:45:23,180 - RobotTest_AlkalinePlatform - INFO - test pH14_ZerothGen_sample#14_2026-06-20_00-02-34 finished
2026-06-20 00:45:23,421 - Camera_Win10 - INFO - not in software yet
2026-06-20 00:45:23,792 - Camera_Win10 - INFO - attempting to open Camera_Win10, trial 1 in 3 times...
2026-06-20 00:45:27,490 - Camera_Win10 - INFO - Camera_Win10 started
2026-06-20 00:45:27,490 - RobotTest_AlkalinePlatform - INFO - unloading the sample to rack_id #13...
2026-06-20 00:46:11,739 - RobotTest_AlkalinePlatform - INFO - sample successfully unloaded from the cell
2026-06-20 00:46:15,422 - Camera_Win10 - INFO - Camera_Win10 stopped
2026-06-20 00:46:16,007 - Camera_Win10 - WARNING - cannot find ['camera_start.png'] on screen
2026-06-20 00:46:19,388 - Camera_Win10 - INFO - Camera_Win10 started
2026-06-20 00:46:21,907 - RobotTest_AlkalinePlatform - INFO - loading the sample from rack_id #14...
2026-06-20 00:47:01,772 - RobotTest_AlkalinePlatform - INFO - sample successfully loaded into the cell
2026-06-20 00:47:02,480 - Camera_Win10 - INFO - Camera_Win10 stopped
2026-06-20 00:47:05,769 - EC_Lab_Win10 - INFO - not in software yet
2026-06-20 00:47:06,167 - EC_Lab_Win10 - INFO - attempting to open EC_Lab_Win10, trial 1 in 3 times...
2026-06-20 00:47:09,710 - EC_Lab_Win10 - INFO - channel 1 is not open
2026-06-20 00:47:10,324 - EC_Lab_Win10 - INFO - attempting to open channel 1, trial 1 in 3 times...
2026-06-20 00:47:11,092 - EC_Lab_Win10 - INFO - channel 1 is not open
2026-06-20 00:47:11,761 - EC_Lab_Win10 - INFO - attempting to open channel 1, trial 2 in 3 times...
2026-06-20 00:47:12,553 - EC_Lab_Win10 - INFO - channel 1 is not open
2026-06-20 00:47:13,194 - EC_Lab_Win10 - INFO - attempting to open channel 1, trial 3 in 3 times...
2026-06-20 00:47:13,990 - EC_Lab_Win10 - INFO - channel 1 is not open
2026-06-20 01:29:16,623 - EC_Lab_Win10 - INFO - test is complete
2026-06-20 01:29:16,624 - RobotTest_AlkalinePlatform - INFO - test pH14_ZerothGen_sample#15_2026-06-20_00-46-15 finished
2026-06-20 01:29:16,889 - Camera_Win10 - INFO - not in software yet
2026-06-20 01:29:17,275 - Camera_Win10 - INFO - attempting to open Camera_Win10, trial 1 in 3 times...
2026-06-20 01:29:20,931 - Camera_Win10 - INFO - Camera_Win10 started
2026-06-20 01:29:20,931 - RobotTest_AlkalinePlatform - INFO - unloading the sample to rack_id #14...
2026-06-20 01:30:04,928 - RobotTest_AlkalinePlatform - INFO - sample successfully unloaded from the cell
2026-06-20 01:30:08,620 - Camera_Win10 - INFO - Camera_Win10 stopped
2026-06-20 01:30:09,199 - Camera_Win10 - WARNING - cannot find ['camera_start.png'] on screen
2026-06-20 01:30:12,597 - Camera_Win10 - INFO - Camera_Win10 started
2026-06-20 01:30:15,372 - RobotTest_AlkalinePlatform - INFO - loading the sample from rack_id #15...
2026-06-20 01:30:55,375 - RobotTest_AlkalinePlatform - INFO - sample successfully loaded into the cell
2026-06-20 01:30:56,058 - Camera_Win10 - INFO - Camera_Win10 stopped
2026-06-20 01:30:59,354 - EC_Lab_Win10 - INFO - not in software yet
2026-06-20 01:30:59,759 - EC_Lab_Win10 - INFO - attempting to open EC_Lab_Win10, trial 1 in 3 times...
2026-06-20 01:31:03,307 - EC_Lab_Win10 - INFO - channel 1 is not open
2026-06-20 01:31:03,993 - EC_Lab_Win10 - INFO - attempting to open channel 1, trial 1 in 3 times...
2026-06-20 01:31:04,845 - EC_Lab_Win10 - INFO - channel 1 is not open
2026-06-20 01:31:05,472 - EC_Lab_Win10 - INFO - attempting to open channel 1, trial 2 in 3 times...
2026-06-20 01:31:06,231 - EC_Lab_Win10 - INFO - channel 1 is not open
2026-06-20 01:31:06,862 - EC_Lab_Win10 - INFO - attempting to open channel 1, trial 3 in 3 times...
2026-06-20 01:31:07,633 - EC_Lab_Win10 - INFO - channel 1 is not open
2026-06-20 02:12:46,030 - EC_Lab_Win10 - INFO - test is complete
2026-06-20 02:12:46,031 - RobotTest_AlkalinePlatform - INFO - test pH14_ZerothGen_sample#16_2026-06-20_01-30-08 finished
2026-06-20 02:12:46,308 - Camera_Win10 - INFO - not in software yet
2026-06-20 02:12:46,682 - Camera_Win10 - INFO - attempting to open Camera_Win10, trial 1 in 3 times...
2026-06-20 02:12:50,369 - Camera_Win10 - INFO - Camera_Win10 started
2026-06-20 02:12:50,369 - RobotTest_AlkalinePlatform - INFO - unloading the sample to rack_id #15...
2026-06-20 02:13:34,834 - RobotTest_AlkalinePlatform - INFO - sample successfully unloaded from the cell
2026-06-20 02:13:38,465 - Camera_Win10 - INFO - Camera_Win10 stopped
2026-06-20 02:13:39,048 - Camera_Win10 - WARNING - cannot find ['camera_start.png'] on screen
2026-06-20 02:13:42,459 - Camera_Win10 - INFO - Camera_Win10 started
2026-06-20 02:13:45,476 - RobotTest_AlkalinePlatform - INFO - loading the sample from rack_id #16...
2026-06-20 02:14:25,445 - RobotTest_AlkalinePlatform - INFO - sample successfully loaded into the cell
2026-06-20 02:14:26,111 - Camera_Win10 - INFO - Camera_Win10 stopped
2026-06-20 02:14:29,389 - EC_Lab_Win10 - INFO - not in software yet
2026-06-20 02:14:29,771 - EC_Lab_Win10 - INFO - attempting to open EC_Lab_Win10, trial 1 in 3 times...
2026-06-20 02:14:33,280 - EC_Lab_Win10 - INFO - channel 1 is not open
2026-06-20 02:14:33,930 - EC_Lab_Win10 - INFO - attempting to open channel 1, trial 1 in 3 times...
2026-06-20 02:14:34,701 - EC_Lab_Win10 - INFO - channel 1 is not open
2026-06-20 02:14:35,335 - EC_Lab_Win10 - INFO - attempting to open channel 1, trial 2 in 3 times...
2026-06-20 02:14:36,098 - EC_Lab_Win10 - INFO - channel 1 is not open
2026-06-20 02:14:36,740 - EC_Lab_Win10 - INFO - attempting to open channel 1, trial 3 in 3 times...
2026-06-20 02:14:37,544 - EC_Lab_Win10 - INFO - channel 1 is not open
2026-06-20 02:56:28,288 - EC_Lab_Win10 - INFO - test is complete
2026-06-20 02:56:28,288 - RobotTest_AlkalinePlatform - INFO - test pH14_ZerothGen_sample#17_2026-06-20_02-13-38 finished
2026-06-20 02:56:28,565 - Camera_Win10 - INFO - not in software yet
2026-06-20 02:56:28,940 - Camera_Win10 - INFO - attempting to open Camera_Win10, trial 1 in 3 times...
2026-06-20 02:56:32,592 - Camera_Win10 - INFO - Camera_Win10 started
2026-06-20 02:56:32,592 - RobotTest_AlkalinePlatform - INFO - unloading the sample to rack_id #16...
2026-06-20 02:57:17,043 - RobotTest_AlkalinePlatform - INFO - sample successfully unloaded from the cell
2026-06-20 02:57:20,685 - Camera_Win10 - INFO - Camera_Win10 stopped
2026-06-20 02:57:21,235 - Camera_Win10 - WARNING - cannot find ['camera_start.png'] on screen
2026-06-20 02:57:24,640 - Camera_Win10 - INFO - Camera_Win10 started
2026-06-20 02:57:25,158 - RobotTest_AlkalinePlatform - ERROR - robotic arm error!
Traceback (most recent call last):
  File "C:\Users\Ali\PycharmProjects\catalyst\robotic_testing\common\robot_test.py", line 45, in wrapper
    return func(self, *args, **kwargs)
  File "C:\Users\Ali\PycharmProjects\catalyst\robotic_testing\common\robot_test.py", line 189, in run
    self.test_main_workflow(
  File "C:\Users\Ali\PycharmProjects\catalyst\robotic_testing\common\robot_test.py", line 222, in test_main_workflow
    self.arm.move_to_mid_station()
  File "C:\Users\Ali\PycharmProjects\catalyst\robotic_testing\common\robotic_arms\xarm_control.py", line 157, in move_to_mid_station
    self.move_to_pos(self.config.pos_dict['mid_station'])
  File "C:\Users\Ali\PycharmProjects\catalyst\robotic_testing\common\robotic_arms\xarm_control.py", line 103, in move_to_pos
    return self.set_position(*pos, **kwargs)
  File "C:\Users\Ali\PycharmProjects\catalyst\robotic_testing\common\robotic_arms\xarm_control.py", line 81, in error_checker
    raise SystemError('robotic arm error!')
SystemError: robotic arm error!
2026-06-20 03:21:55,287 - RobotTest_AlkalinePlatform - INFO - started a batch of test, with sample_rack_id : sample_id = {0: 19, 1: 20}
2026-06-20 03:22:03,256 - Camera_Win10 - INFO - not in software yet
2026-06-20 03:22:03,624 - Camera_Win10 - INFO - attempting to open Camera_Win10, trial 1 in 3 times...
2026-06-20 03:22:07,449 - Camera_Win10 - INFO - Camera_Win10 started
2026-06-20 03:22:14,017 - RobotTest_AlkalinePlatform - INFO - loading the sample from rack_id #0...
2026-06-20 03:22:52,846 - RobotTest_AlkalinePlatform - INFO - sample successfully loaded into the cell
2026-06-20 03:22:53,732 - Camera_Win10 - INFO - Camera_Win10 stopped
2026-06-20 03:22:57,070 - EC_Lab_Win10 - INFO - not in software yet
2026-06-20 03:22:57,546 - EC_Lab_Win10 - INFO - attempting to open EC_Lab_Win10, trial 1 in 3 times...
2026-06-20 03:23:01,136 - EC_Lab_Win10 - INFO - channel 1 is not open
2026-06-20 03:23:01,755 - EC_Lab_Win10 - INFO - attempting to open channel 1, trial 1 in 3 times...
2026-06-20 03:23:02,543 - EC_Lab_Win10 - INFO - channel 1 is not open
2026-06-20 03:23:03,177 - EC_Lab_Win10 - INFO - attempting to open channel 1, trial 2 in 3 times...
2026-06-20 03:23:03,959 - EC_Lab_Win10 - INFO - channel 1 is not open
2026-06-20 03:23:04,610 - EC_Lab_Win10 - INFO - attempting to open channel 1, trial 3 in 3 times...
2026-06-20 03:23:05,408 - EC_Lab_Win10 - INFO - channel 1 is not open
2026-06-20 03:23:58,592 - RobotTest_AlkalinePlatform - INFO - human operating, fail to detect...
2026-06-20 03:24:08,598 - RobotTest_AlkalinePlatform - INFO - human operating, fail to detect...
2026-06-20 03:24:18,610 - RobotTest_AlkalinePlatform - INFO - human operating, fail to detect...
2026-06-20 03:24:28,610 - RobotTest_AlkalinePlatform - INFO - human operating, fail to detect...
2026-06-20 03:24:39,739 - EC_Lab_Win10 - INFO - not in software yet
2026-06-20 03:24:40,121 - EC_Lab_Win10 - INFO - attempting to open EC_Lab_Win10, trial 1 in 3 times...
2026-06-20 03:24:43,403 - EC_Lab_Win10 - INFO - not in software yet
2026-06-20 03:24:43,831 - EC_Lab_Win10 - INFO - attempting to open EC_Lab_Win10, trial 2 in 3 times...
2026-06-20 03:24:57,380 - RobotTest_AlkalinePlatform - INFO - human operating, fail to detect...
2026-06-20 04:04:56,482 - EC_Lab_Win10 - INFO - test is complete
2026-06-20 04:04:56,483 - RobotTest_AlkalinePlatform - INFO - test pH14_ZerothGen_sample#19_2026-06-20_03-22-02 finished
2026-06-20 04:04:56,762 - Camera_Win10 - INFO - not in software yet
2026-06-20 04:04:57,133 - Camera_Win10 - INFO - attempting to open Camera_Win10, trial 1 in 3 times...
2026-06-20 04:05:00,804 - Camera_Win10 - INFO - Camera_Win10 started
2026-06-20 04:05:00,804 - RobotTest_AlkalinePlatform - INFO - unloading the sample to rack_id #0...
2026-06-20 04:05:45,643 - RobotTest_AlkalinePlatform - INFO - sample successfully unloaded from the cell
2026-06-20 04:05:49,289 - Camera_Win10 - INFO - Camera_Win10 stopped
2026-06-20 04:05:49,832 - Camera_Win10 - WARNING - cannot find ['camera_start.png'] on screen
2026-06-20 04:05:53,227 - Camera_Win10 - INFO - Camera_Win10 started
2026-06-20 04:05:56,440 - RobotTest_AlkalinePlatform - INFO - loading the sample from rack_id #1...
2026-06-20 04:06:36,487 - RobotTest_AlkalinePlatform - INFO - sample successfully loaded into the cell
2026-06-20 04:06:37,142 - Camera_Win10 - INFO - Camera_Win10 stopped
2026-06-20 04:06:40,430 - EC_Lab_Win10 - INFO - not in software yet
2026-06-20 04:06:40,794 - EC_Lab_Win10 - INFO - attempting to open EC_Lab_Win10, trial 1 in 3 times...
2026-06-20 04:06:44,309 - EC_Lab_Win10 - INFO - channel 1 is not open
2026-06-20 04:06:44,932 - EC_Lab_Win10 - INFO - attempting to open channel 1, trial 1 in 3 times...
2026-06-20 04:06:45,710 - EC_Lab_Win10 - INFO - channel 1 is not open
2026-06-20 04:06:46,336 - EC_Lab_Win10 - INFO - attempting to open channel 1, trial 2 in 3 times...
2026-06-20 04:06:47,102 - EC_Lab_Win10 - INFO - channel 1 is not open
2026-06-20 04:06:47,724 - EC_Lab_Win10 - INFO - attempting to open channel 1, trial 3 in 3 times...
2026-06-20 04:06:48,486 - EC_Lab_Win10 - INFO - channel 1 is not open
2026-06-20 04:48:39,771 - EC_Lab_Win10 - INFO - test is complete
2026-06-20 04:48:39,771 - RobotTest_AlkalinePlatform - INFO - test pH14_ZerothGen_sample#20_2026-06-20_04-05-49 finished
2026-06-20 04:48:40,022 - Camera_Win10 - INFO - not in software yet
2026-06-20 04:48:40,408 - Camera_Win10 - INFO - attempting to open Camera_Win10, trial 1 in 3 times...
2026-06-20 04:48:44,130 - Camera_Win10 - INFO - Camera_Win10 started
2026-06-20 04:48:44,130 - RobotTest_AlkalinePlatform - INFO - unloading the sample to rack_id #1...
2026-06-20 04:49:28,698 - RobotTest_AlkalinePlatform - INFO - sample successfully unloaded from the cell
2026-06-20 04:49:32,367 - Camera_Win10 - INFO - Camera_Win10 stopped
2026-06-22 09:49:30,036 - RobotTest_AlkalinePlatform - INFO - started a batch of test, with sample_rack_id : sample_id = {0: 10, 1: 11, 2: 12}
2026-06-22 09:49:37,452 - Camera_Win10 - INFO - not in software yet
2026-06-22 09:49:37,817 - Camera_Win10 - INFO - attempting to open Camera_Win10, trial 1 in 3 times...
2026-06-22 09:49:41,339 - Camera_Win10 - WARNING - cannot find ['camera_start.png'] on screen
2026-06-22 09:49:44,610 - Camera_Win10 - WARNING - cannot find ['camera_start.png'] on screen
2026-06-22 09:49:47,876 - Camera_Win10 - WARNING - cannot find ['camera_start.png'] on screen
2026-06-22 09:49:51,146 - Camera_Win10 - WARNING - cannot find ['camera_start.png'] on screen
2026-06-22 09:49:54,408 - Camera_Win10 - WARNING - cannot find ['camera_start.png'] on screen
2026-06-22 09:49:57,669 - Camera_Win10 - WARNING - cannot find ['camera_start.png'] on screen
2026-06-22 09:50:00,939 - Camera_Win10 - WARNING - cannot find ['camera_start.png'] on screen
2026-06-22 09:50:04,209 - Camera_Win10 - WARNING - cannot find ['camera_start.png'] on screen
2026-06-22 09:50:07,485 - Camera_Win10 - WARNING - cannot find ['camera_start.png'] on screen
2026-06-22 09:50:10,889 - Camera_Win10 - INFO - Camera_Win10 started
2026-06-22 09:50:17,574 - RobotTest_AlkalinePlatform - INFO - loading the sample from rack_id #0...
2026-06-22 09:50:56,974 - RobotTest_AlkalinePlatform - INFO - sample successfully loaded into the cell
2026-06-22 09:50:57,665 - Camera_Win10 - INFO - Camera_Win10 stopped
2026-06-22 09:51:00,947 - EC_Lab_Win10 - INFO - not in software yet
2026-06-22 09:51:01,341 - EC_Lab_Win10 - INFO - attempting to open EC_Lab_Win10, trial 1 in 3 times...
2026-06-22 09:51:04,910 - EC_Lab_Win10 - INFO - channel 1 is not open
2026-06-22 09:51:05,570 - EC_Lab_Win10 - INFO - attempting to open channel 1, trial 1 in 3 times...
2026-06-22 09:51:06,343 - EC_Lab_Win10 - INFO - channel 1 is not open
2026-06-22 09:51:07,003 - EC_Lab_Win10 - INFO - attempting to open channel 1, trial 2 in 3 times...
2026-06-22 09:51:07,801 - EC_Lab_Win10 - INFO - channel 1 is not open
2026-06-22 09:51:08,454 - EC_Lab_Win10 - INFO - attempting to open channel 1, trial 3 in 3 times...
2026-06-22 09:51:09,227 - EC_Lab_Win10 - INFO - channel 1 is not open
2026-06-22 10:33:00,205 - EC_Lab_Win10 - INFO - test is complete
2026-06-22 10:33:00,205 - RobotTest_AlkalinePlatform - INFO - test pH14_ZerothGen_sample#10_2026-06-22_09-49-37 finished
2026-06-22 10:33:00,458 - Camera_Win10 - INFO - not in software yet
2026-06-22 10:33:00,822 - Camera_Win10 - INFO - attempting to open Camera_Win10, trial 1 in 3 times...
2026-06-22 10:33:04,589 - Camera_Win10 - INFO - Camera_Win10 started
2026-06-22 10:33:04,589 - RobotTest_AlkalinePlatform - INFO - unloading the sample to rack_id #0...
2026-06-22 10:33:49,424 - RobotTest_AlkalinePlatform - INFO - sample successfully unloaded from the cell
2026-06-22 10:33:53,127 - Camera_Win10 - INFO - Camera_Win10 stopped
2026-06-22 10:33:53,726 - Camera_Win10 - WARNING - cannot find ['camera_start.png'] on screen
2026-06-22 10:33:57,128 - Camera_Win10 - INFO - Camera_Win10 started
2026-06-22 10:34:00,215 - RobotTest_AlkalinePlatform - INFO - loading the sample from rack_id #1...
2026-06-22 10:34:40,610 - RobotTest_AlkalinePlatform - INFO - sample successfully loaded into the cell
2026-06-22 10:34:41,272 - Camera_Win10 - INFO - Camera_Win10 stopped
2026-06-22 10:34:44,558 - EC_Lab_Win10 - INFO - not in software yet
2026-06-22 10:34:44,932 - EC_Lab_Win10 - INFO - attempting to open EC_Lab_Win10, trial 1 in 3 times...
2026-06-22 10:34:48,439 - EC_Lab_Win10 - INFO - channel 1 is not open
2026-06-22 10:34:49,086 - EC_Lab_Win10 - INFO - attempting to open channel 1, trial 1 in 3 times...
2026-06-22 10:34:49,874 - EC_Lab_Win10 - INFO - channel 1 is not open
2026-06-22 10:34:50,498 - EC_Lab_Win10 - INFO - attempting to open channel 1, trial 2 in 3 times...
2026-06-22 10:34:51,260 - EC_Lab_Win10 - INFO - channel 1 is not open
2026-06-22 10:34:51,888 - EC_Lab_Win10 - INFO - attempting to open channel 1, trial 3 in 3 times...
2026-06-22 10:34:52,659 - EC_Lab_Win10 - INFO - channel 1 is not open
2026-06-22 10:38:02,038 - RobotTest_AlkalinePlatform - INFO - human operating, fail to detect...
2026-06-22 10:38:12,041 - RobotTest_AlkalinePlatform - INFO - human operating, fail to detect...
2026-06-22 10:38:22,044 - RobotTest_AlkalinePlatform - INFO - human operating, fail to detect...
2026-06-22 10:38:32,052 - RobotTest_AlkalinePlatform - INFO - human operating, fail to detect...
2026-06-22 10:38:42,066 - RobotTest_AlkalinePlatform - INFO - human operating, fail to detect...
2026-06-22 11:16:59,312 - EC_Lab_Win10 - INFO - test is complete
2026-06-22 11:16:59,312 - RobotTest_AlkalinePlatform - INFO - test pH14_ZerothGen_sample#11_2026-06-22_10-33-53 finished
2026-06-22 11:16:59,558 - Camera_Win10 - INFO - not in software yet
2026-06-22 11:16:59,941 - Camera_Win10 - INFO - attempting to open Camera_Win10, trial 1 in 3 times...
2026-06-22 11:17:03,635 - Camera_Win10 - INFO - Camera_Win10 started
2026-06-22 11:17:03,635 - RobotTest_AlkalinePlatform - INFO - unloading the sample to rack_id #1...
2026-06-22 11:17:48,289 - RobotTest_AlkalinePlatform - INFO - sample successfully unloaded from the cell
2026-06-22 11:17:51,975 - Camera_Win10 - INFO - Camera_Win10 stopped
2026-06-22 11:17:52,554 - Camera_Win10 - WARNING - cannot find ['camera_start.png'] on screen
2026-06-22 11:17:55,945 - Camera_Win10 - INFO - Camera_Win10 started
2026-06-22 11:17:58,842 - RobotTest_AlkalinePlatform - INFO - loading the sample from rack_id #2...
2026-06-22 11:18:37,690 - RobotTest_AlkalinePlatform - INFO - sample successfully loaded into the cell
2026-06-22 11:18:38,339 - Camera_Win10 - INFO - Camera_Win10 stopped
2026-06-22 11:18:41,646 - EC_Lab_Win10 - INFO - not in software yet
2026-06-22 11:18:42,044 - EC_Lab_Win10 - INFO - attempting to open EC_Lab_Win10, trial 1 in 3 times...
2026-06-22 11:18:45,555 - EC_Lab_Win10 - INFO - channel 1 is not open
2026-06-22 11:18:46,209 - EC_Lab_Win10 - INFO - attempting to open channel 1, trial 1 in 3 times...
2026-06-22 11:18:46,976 - EC_Lab_Win10 - INFO - channel 1 is not open
2026-06-22 11:18:47,625 - EC_Lab_Win10 - INFO - attempting to open channel 1, trial 2 in 3 times...
2026-06-22 11:18:48,394 - EC_Lab_Win10 - INFO - channel 1 is not open
2026-06-22 11:18:49,025 - EC_Lab_Win10 - INFO - attempting to open channel 1, trial 3 in 3 times...
2026-06-22 11:18:49,795 - EC_Lab_Win10 - INFO - channel 1 is not open
2026-06-22 12:00:29,126 - EC_Lab_Win10 - INFO - test is complete
2026-06-22 12:00:29,126 - RobotTest_AlkalinePlatform - INFO - test pH14_ZerothGen_sample#12_2026-06-22_11-17-51 finished
2026-06-22 12:00:29,386 - Camera_Win10 - INFO - not in software yet
2026-06-22 12:00:29,769 - Camera_Win10 - INFO - attempting to open Camera_Win10, trial 1 in 3 times...
2026-06-22 12:00:33,431 - Camera_Win10 - INFO - Camera_Win10 started
2026-06-22 12:00:33,431 - RobotTest_AlkalinePlatform - INFO - unloading the sample to rack_id #2...
2026-06-22 12:01:17,715 - RobotTest_AlkalinePlatform - INFO - sample successfully unloaded from the cell
2026-06-22 12:01:21,406 - Camera_Win10 - INFO - Camera_Win10 stopped
2026-08-05 15:47:13,047 - RobotTest_AlkalinePlatform - INFO - started a batch of test, with sample_rack_id : sample_id = {0: 'zhen_graduated', 1: 'chiawei_graduated'}
2026-08-05 15:47:17,374 - Camera_Win10 - INFO - not in software yet
2026-08-05 15:47:17,744 - Camera_Win10 - INFO - attempting to open Camera_Win10, trial 1 in 3 times...
2026-08-05 15:47:21,238 - Camera_Win10 - WARNING - cannot find ['camera_start.png'] on screen
2026-08-05 15:47:24,491 - Camera_Win10 - WARNING - cannot find ['camera_start.png'] on screen
2026-08-05 15:47:27,742 - Camera_Win10 - WARNING - cannot find ['camera_start.png'] on screen
2026-08-05 15:47:30,985 - Camera_Win10 - WARNING - cannot find ['camera_start.png'] on screen
2026-08-05 15:47:34,232 - Camera_Win10 - WARNING - cannot find ['camera_start.png'] on screen
2026-08-05 15:47:37,492 - Camera_Win10 - WARNING - cannot find ['camera_start.png'] on screen
2026-08-05 15:47:40,755 - Camera_Win10 - WARNING - cannot find ['camera_start.png'] on screen
2026-08-05 15:47:44,005 - Camera_Win10 - WARNING - cannot find ['camera_start.png'] on screen
2026-08-05 15:47:47,254 - Camera_Win10 - WARNING - cannot find ['camera_start.png'] on screen
2026-08-05 15:47:50,630 - Camera_Win10 - INFO - Camera_Win10 started
2026-08-05 15:47:57,295 - RobotTest_AlkalinePlatform - INFO - loading the sample from rack_id #0...
2026-08-05 15:48:36,116 - RobotTest_AlkalinePlatform - INFO - sample successfully loaded into the cell
2026-08-05 15:48:36,735 - Camera_Win10 - INFO - Camera_Win10 stopped
2026-08-05 15:48:40,010 - EC_Lab_Win10 - INFO - not in software yet
2026-08-05 15:48:40,387 - EC_Lab_Win10 - INFO - attempting to open EC_Lab_Win10, trial 1 in 3 times...
2026-08-05 15:48:43,901 - EC_Lab_Win10 - INFO - channel 1 is not open
2026-08-05 15:48:44,391 - EC_Lab_Win10 - WARNING - cannot find ['channel_1_in.png'] on screen
2026-08-05 15:48:47,648 - EC_Lab_Win10 - WARNING - cannot find ['channel_1_in.png'] on screen
2026-08-05 15:48:50,901 - EC_Lab_Win10 - WARNING - cannot find ['channel_1_in.png'] on screen
2026-08-05 15:48:54,162 - EC_Lab_Win10 - WARNING - cannot find ['channel_1_in.png'] on screen
2026-08-05 15:48:57,421 - EC_Lab_Win10 - WARNING - cannot find ['channel_1_in.png'] on screen
2026-08-05 15:49:00,663 - EC_Lab_Win10 - WARNING - cannot find ['channel_1_in.png'] on screen
2026-08-05 15:49:03,922 - EC_Lab_Win10 - WARNING - cannot find ['channel_1_in.png'] on screen
2026-08-05 15:49:07,165 - EC_Lab_Win10 - WARNING - cannot find ['channel_1_in.png'] on screen
2026-08-05 15:49:10,413 - EC_Lab_Win10 - WARNING - cannot find ['channel_1_in.png'] on screen
2026-08-05 15:49:13,691 - EC_Lab_Win10 - WARNING - cannot find ['channel_1_in.png'] on screen
2026-08-05 15:49:16,933 - EC_Lab_Win10 - WARNING - cannot find ['channel_1_in.png'] on screen
2026-08-05 15:49:20,197 - EC_Lab_Win10 - WARNING - cannot find ['channel_1_in.png'] on screen
2026-08-05 15:49:23,453 - EC_Lab_Win10 - WARNING - cannot find ['channel_1_in.png'] on screen
2026-08-05 15:49:26,696 - EC_Lab_Win10 - WARNING - cannot find ['channel_1_in.png'] on screen
2026-08-05 15:49:29,947 - EC_Lab_Win10 - WARNING - cannot find ['channel_1_in.png'] on screen
2026-08-05 15:49:33,197 - EC_Lab_Win10 - WARNING - cannot find ['channel_1_in.png'] on screen
2026-08-05 15:49:36,435 - EC_Lab_Win10 - WARNING - cannot find ['channel_1_in.png'] on screen
2026-08-05 15:49:39,721 - EC_Lab_Win10 - WARNING - cannot find ['channel_1_in.png'] on screen
2026-08-05 15:49:42,963 - EC_Lab_Win10 - WARNING - cannot find ['channel_1_in.png'] on screen
2026-08-05 15:49:46,225 - EC_Lab_Win10 - WARNING - cannot find ['channel_1_in.png'] on screen
2026-08-05 15:49:49,479 - EC_Lab_Win10 - WARNING - cannot find ['channel_1_in.png'] on screen
2026-08-05 15:49:52,728 - EC_Lab_Win10 - WARNING - cannot find ['channel_1_in.png'] on screen
2026-08-05 15:49:55,963 - EC_Lab_Win10 - WARNING - cannot find ['channel_1_in.png'] on screen
2026-08-05 15:49:59,200 - EC_Lab_Win10 - WARNING - cannot find ['channel_1_in.png'] on screen
2026-08-05 15:50:02,560 - EC_Lab_Win10 - INFO - attempting to open channel 1, trial 1 in 3 times...
2026-08-05 15:50:03,303 - EC_Lab_Win10 - INFO - channel 1 is not open
2026-08-05 15:50:03,889 - EC_Lab_Win10 - INFO - attempting to open channel 1, trial 2 in 3 times...
2026-08-05 15:50:04,661 - EC_Lab_Win10 - INFO - channel 1 is not open
2026-08-05 15:50:05,240 - EC_Lab_Win10 - INFO - attempting to open channel 1, trial 3 in 3 times...
2026-08-05 15:50:05,995 - EC_Lab_Win10 - INFO - channel 1 is not open
2026-08-05 15:50:14,343 - EC_Lab_Win10 - WARNING - cannot find ['save.png'] on screen
2026-08-05 15:50:17,597 - EC_Lab_Win10 - WARNING - cannot find ['save.png'] on screen
2026-08-05 15:55:08,868 - RobotTest_AlkalinePlatform - INFO - started a batch of test, with sample_rack_id : sample_id = {0: 'zhen_graduated', 1: 'chiawei_graduated'}
2026-08-05 15:55:13,585 - Camera_Win10 - INFO - not in software yet
2026-08-05 15:55:13,956 - Camera_Win10 - INFO - attempting to open Camera_Win10, trial 1 in 3 times...
2026-08-05 15:55:17,543 - Camera_Win10 - INFO - Camera_Win10 started
2026-08-05 15:55:24,095 - RobotTest_AlkalinePlatform - INFO - loading the sample from rack_id #0...
2026-08-05 15:56:02,939 - RobotTest_AlkalinePlatform - INFO - sample successfully loaded into the cell
2026-08-05 15:56:03,559 - Camera_Win10 - INFO - Camera_Win10 stopped
2026-08-05 15:56:06,829 - EC_Lab_Win10 - INFO - not in software yet
2026-08-05 15:56:07,208 - EC_Lab_Win10 - INFO - attempting to open EC_Lab_Win10, trial 1 in 3 times...
2026-08-05 15:56:10,712 - EC_Lab_Win10 - INFO - channel 1 is not open
2026-08-05 15:56:11,305 - EC_Lab_Win10 - INFO - attempting to open channel 1, trial 1 in 3 times...
2026-08-05 15:56:12,055 - EC_Lab_Win10 - INFO - channel 1 is not open
2026-08-05 15:56:12,679 - EC_Lab_Win10 - INFO - attempting to open channel 1, trial 2 in 3 times...
2026-08-05 15:56:13,420 - EC_Lab_Win10 - INFO - channel 1 is not open
2026-08-05 15:56:14,023 - EC_Lab_Win10 - INFO - attempting to open channel 1, trial 3 in 3 times...
2026-08-05 15:56:14,767 - EC_Lab_Win10 - INFO - channel 1 is not open
2026-08-05 15:56:59,450 - EC_Lab_Win10 - INFO - test is complete
2026-08-05 15:56:59,450 - RobotTest_AlkalinePlatform - INFO - test pH14_ZerothGen_sample#zhen_graduated_2026-08-05_15-55-13 finished
2026-08-05 15:56:59,694 - Camera_Win10 - INFO - not in software yet
2026-08-05 15:57:00,066 - Camera_Win10 - INFO - attempting to open Camera_Win10, trial 1 in 3 times...
2026-08-05 15:57:03,701 - Camera_Win10 - INFO - Camera_Win10 started
2026-08-05 15:57:03,701 - RobotTest_AlkalinePlatform - INFO - unloading the sample to rack_id #0...
2026-08-05 15:57:48,570 - RobotTest_AlkalinePlatform - INFO - sample successfully unloaded from the cell
2026-08-05 15:57:52,191 - Camera_Win10 - INFO - Camera_Win10 stopped
2026-08-05 15:57:52,741 - Camera_Win10 - WARNING - cannot find ['camera_start.png'] on screen
2026-08-05 15:57:56,123 - Camera_Win10 - INFO - Camera_Win10 started
2026-08-05 15:57:59,340 - RobotTest_AlkalinePlatform - INFO - loading the sample from rack_id #1...
2026-08-05 15:58:38,388 - RobotTest_AlkalinePlatform - INFO - sample successfully loaded into the cell
2026-08-05 15:58:39,015 - Camera_Win10 - INFO - Camera_Win10 stopped
2026-08-05 15:58:42,301 - EC_Lab_Win10 - INFO - not in software yet
2026-08-05 15:58:42,682 - EC_Lab_Win10 - INFO - attempting to open EC_Lab_Win10, trial 1 in 3 times...
2026-08-05 15:58:46,181 - EC_Lab_Win10 - INFO - channel 1 is not open
2026-08-05 15:58:46,798 - EC_Lab_Win10 - INFO - attempting to open channel 1, trial 1 in 3 times...
2026-08-05 15:58:47,569 - EC_Lab_Win10 - INFO - channel 1 is not open
2026-08-05 15:58:48,182 - EC_Lab_Win10 - INFO - attempting to open channel 1, trial 2 in 3 times...
2026-08-05 15:58:48,937 - EC_Lab_Win10 - INFO - channel 1 is not open
2026-08-05 15:58:49,557 - EC_Lab_Win10 - INFO - attempting to open channel 1, trial 3 in 3 times...
2026-08-05 15:58:50,316 - EC_Lab_Win10 - INFO - channel 1 is not open
2026-08-05 15:59:34,903 - EC_Lab_Win10 - INFO - test is complete
2026-08-05 15:59:34,903 - RobotTest_AlkalinePlatform - INFO - test pH14_ZerothGen_sample#chiawei_graduated_2026-08-05_15-57-52 finished
2026-08-05 15:59:35,151 - Camera_Win10 - INFO - not in software yet
2026-08-05 15:59:35,508 - Camera_Win10 - INFO - attempting to open Camera_Win10, trial 1 in 3 times...
2026-08-05 15:59:39,098 - Camera_Win10 - INFO - Camera_Win10 started
2026-08-05 15:59:39,098 - RobotTest_AlkalinePlatform - INFO - unloading the sample to rack_id #1...
2026-08-05 16:00:23,605 - RobotTest_AlkalinePlatform - INFO - sample successfully unloaded from the cell
2026-08-05 16:00:26,873 - Camera_Win10 - INFO - not in software yet
2026-08-05 16:00:27,235 - Camera_Win10 - INFO - attempting to open Camera_Win10, trial 1 in 3 times...
2026-08-05 16:00:30,865 - Camera_Win10 - INFO - Camera_Win10 stopped
