2025-11-11 08:46:58,851[62676] - RobotTest_AcidicPlatform - INFO - started a batch of test, with sample_rack_id : sample_id = {0: '1', 1: '2', 2: '3', 3: '4', 4: '5', 5: '6', 6: '7', 7: '8', 8: '9', 9: '10', 10: '11', 11: '12', 12: '13', 13: '14', 14: '15', 15: '16', 16: '17', 17: '18', 18: '19'}
2025-11-11 08:47:04,926[62676] - OBS_Win - INFO - not in software yet
2025-11-11 08:47:05,258[62676] - OBS_Win - INFO - attempting to open OBS_Win, trial 1 in 3 times...
2025-11-11 08:47:08,858[62676] - OBS_Win - INFO - OBS_Win started
2025-11-11 08:47:08,858[62676] - RobotTest_AcidicPlatform - INFO - loading the sample from rack_id #0...
2025-11-11 08:47:47,885[62676] - RobotTest_AcidicPlatform - INFO - sample successfully loaded into the cell
2025-11-11 08:47:48,560[62676] - OBS_Win - INFO - OBS_Win stopped
2025-11-11 08:47:51,811[62676] - EC_Lab_Win11 - INFO - not in software yet
2025-11-11 08:47:52,147[62676] - EC_Lab_Win11 - INFO - attempting to open EC_Lab_Win11, trial 1 in 3 times...
2025-11-11 10:01:15,952[62676] - RobotTest_AcidicPlatform - INFO - human operating, fail to detect...
2025-11-11 10:01:25,956[62676] - RobotTest_AcidicPlatform - INFO - human operating, fail to detect...
2025-11-11 10:01:35,971[62676] - RobotTest_AcidicPlatform - INFO - human operating, fail to detect...
2025-11-11 10:01:45,973[62676] - RobotTest_AcidicPlatform - INFO - human operating, fail to detect...
2025-11-11 10:01:55,988[62676] - RobotTest_AcidicPlatform - INFO - human operating, fail to detect...
2025-11-11 10:02:07,327[62676] - EC_Lab_Win11 - INFO - test is complete
2025-11-11 10:02:07,327[62676] - RobotTest_AcidicPlatform - INFO - test Honda_HER_Boride_sample#1_2025-11-11_08-47-04 finished
2025-11-11 10:02:07,549[62676] - OBS_Win - INFO - not in software yet
2025-11-11 10:02:07,880[62676] - OBS_Win - INFO - attempting to open OBS_Win, trial 1 in 3 times...
2025-11-11 10:02:11,465[62676] - OBS_Win - INFO - OBS_Win started
2025-11-11 10:02:11,465[62676] - RobotTest_AcidicPlatform - INFO - unloading the sample to rack_id #0...
2025-11-11 10:03:10,747[62676] - RobotTest_AcidicPlatform - INFO - sample successfully unloaded from the cell
2025-11-11 10:03:14,399[62676] - OBS_Win - INFO - OBS_Win stopped
2025-11-11 10:03:14,910[62676] - OBS_Win - WARNING - cannot find ['OBS_start_record.png'] on screen
2025-11-11 10:03:18,267[62676] - OBS_Win - INFO - OBS_Win started
2025-11-11 10:03:18,267[62676] - RobotTest_AcidicPlatform - INFO - loading the sample from rack_id #1...
2025-11-11 10:03:50,588[62676] - RobotTest_AcidicPlatform - INFO - sample successfully loaded into the cell
2025-11-11 10:03:51,197[62676] - OBS_Win - INFO - OBS_Win stopped
2025-11-11 10:03:54,455[62676] - EC_Lab_Win11 - INFO - not in software yet
2025-11-11 10:03:54,790[62676] - EC_Lab_Win11 - INFO - attempting to open EC_Lab_Win11, trial 1 in 3 times...
2025-11-11 10:49:20,261[62676] - EC_Lab_Win11 - INFO - not in software yet
2025-11-11 10:49:20,598[62676] - EC_Lab_Win11 - INFO - attempting to open EC_Lab_Win11, trial 1 in 3 times...
2025-11-11 10:49:23,842[62676] - EC_Lab_Win11 - INFO - not in software yet
2025-11-11 10:49:24,178[62676] - EC_Lab_Win11 - INFO - attempting to open EC_Lab_Win11, trial 2 in 3 times...
2025-11-11 11:19:29,868[62676] - EC_Lab_Win11 - INFO - test is complete
2025-11-11 11:19:29,869[62676] - RobotTest_AcidicPlatform - INFO - test Honda_HER_Boride_sample#2_2025-11-11_10-03-14 finished
2025-11-11 11:19:30,088[62676] - OBS_Win - INFO - not in software yet
2025-11-11 11:19:30,422[62676] - OBS_Win - INFO - attempting to open OBS_Win, trial 1 in 3 times...
2025-11-11 11:19:33,983[62676] - OBS_Win - INFO - OBS_Win started
2025-11-11 11:19:33,983[62676] - RobotTest_AcidicPlatform - INFO - unloading the sample to rack_id #1...
2025-11-11 11:20:32,868[62676] - RobotTest_AcidicPlatform - INFO - sample successfully unloaded from the cell
2025-11-11 11:20:36,461[62676] - OBS_Win - INFO - OBS_Win stopped
2025-11-11 11:20:36,951[62676] - OBS_Win - WARNING - cannot find ['OBS_start_record.png'] on screen
2025-11-11 11:20:40,308[62676] - OBS_Win - INFO - OBS_Win started
2025-11-11 11:20:40,308[62676] - RobotTest_AcidicPlatform - INFO - loading the sample from rack_id #2...
2025-11-11 11:21:12,811[62676] - RobotTest_AcidicPlatform - INFO - sample successfully loaded into the cell
2025-11-11 11:21:13,428[62676] - OBS_Win - INFO - OBS_Win stopped
2025-11-11 11:21:16,686[62676] - EC_Lab_Win11 - INFO - not in software yet
2025-11-11 11:21:17,026[62676] - EC_Lab_Win11 - INFO - attempting to open EC_Lab_Win11, trial 1 in 3 times...
2025-11-11 12:26:42,076[62676] - EC_Lab_Win11 - INFO - test is complete
2025-11-11 12:26:42,076[62676] - RobotTest_AcidicPlatform - INFO - test Honda_HER_Boride_sample#3_2025-11-11_11-20-36 finished
2025-11-11 12:26:42,295[62676] - OBS_Win - INFO - not in software yet
2025-11-11 12:26:42,630[62676] - OBS_Win - INFO - attempting to open OBS_Win, trial 1 in 3 times...
2025-11-11 12:26:46,269[62676] - OBS_Win - INFO - OBS_Win started
2025-11-11 12:26:46,269[62676] - RobotTest_AcidicPlatform - INFO - unloading the sample to rack_id #2...
2025-11-11 12:27:44,690[62676] - RobotTest_AcidicPlatform - INFO - sample successfully unloaded from the cell
2025-11-11 12:27:48,343[62676] - OBS_Win - INFO - OBS_Win stopped
2025-11-11 12:27:48,855[62676] - OBS_Win - WARNING - cannot find ['OBS_start_record.png'] on screen
2025-11-11 12:27:52,206[62676] - OBS_Win - INFO - OBS_Win started
2025-11-11 12:27:52,206[62676] - RobotTest_AcidicPlatform - INFO - loading the sample from rack_id #3...
2025-11-11 12:28:25,177[62676] - RobotTest_AcidicPlatform - INFO - sample successfully loaded into the cell
2025-11-11 12:28:25,789[62676] - OBS_Win - INFO - OBS_Win stopped
2025-11-11 12:28:29,053[62676] - EC_Lab_Win11 - INFO - not in software yet
2025-11-11 12:28:29,382[62676] - EC_Lab_Win11 - INFO - attempting to open EC_Lab_Win11, trial 1 in 3 times...
2025-11-11 13:43:58,845[62676] - EC_Lab_Win11 - INFO - test is complete
2025-11-11 13:43:58,845[62676] - RobotTest_AcidicPlatform - INFO - test Honda_HER_Boride_sample#4_2025-11-11_12-27-48 finished
2025-11-11 13:43:59,073[62676] - OBS_Win - INFO - not in software yet
2025-11-11 13:43:59,414[62676] - OBS_Win - INFO - attempting to open OBS_Win, trial 1 in 3 times...
2025-11-11 13:44:02,986[62676] - OBS_Win - INFO - OBS_Win started
2025-11-11 13:44:02,986[62676] - RobotTest_AcidicPlatform - INFO - unloading the sample to rack_id #3...
2025-11-11 13:45:01,059[62676] - RobotTest_AcidicPlatform - INFO - sample successfully unloaded from the cell
2025-11-11 13:45:04,654[62676] - OBS_Win - INFO - OBS_Win stopped
2025-11-11 13:45:05,124[62676] - OBS_Win - WARNING - cannot find ['OBS_start_record.png'] on screen
2025-11-11 13:45:08,479[62676] - OBS_Win - INFO - OBS_Win started
2025-11-11 13:45:08,479[62676] - RobotTest_AcidicPlatform - INFO - loading the sample from rack_id #4...
2025-11-11 13:45:41,896[62676] - RobotTest_AcidicPlatform - INFO - sample successfully loaded into the cell
2025-11-11 13:45:42,478[62676] - OBS_Win - INFO - OBS_Win stopped
2025-11-11 13:45:45,742[62676] - EC_Lab_Win11 - INFO - not in software yet
2025-11-11 13:45:46,073[62676] - EC_Lab_Win11 - INFO - attempting to open EC_Lab_Win11, trial 1 in 3 times...
2025-11-11 14:23:12,943[62676] - RobotTest_AcidicPlatform - INFO - human operating, fail to detect...
2025-11-11 14:23:22,958[62676] - RobotTest_AcidicPlatform - INFO - human operating, fail to detect...
2025-11-11 14:23:32,966[62676] - RobotTest_AcidicPlatform - INFO - human operating, fail to detect...
2025-11-11 14:23:42,975[62676] - RobotTest_AcidicPlatform - INFO - human operating, fail to detect...
2025-11-11 14:23:52,989[62676] - RobotTest_AcidicPlatform - INFO - human operating, fail to detect...
2025-11-11 14:24:02,990[62676] - RobotTest_AcidicPlatform - INFO - human operating, fail to detect...
2025-11-11 14:24:13,003[62676] - RobotTest_AcidicPlatform - INFO - human operating, fail to detect...
2025-11-11 14:24:23,005[62676] - RobotTest_AcidicPlatform - INFO - human operating, fail to detect...
2025-11-11 14:24:33,014[62676] - RobotTest_AcidicPlatform - INFO - human operating, fail to detect...
2025-11-11 14:24:43,028[62676] - RobotTest_AcidicPlatform - INFO - human operating, fail to detect...
2025-11-11 14:24:53,043[62676] - RobotTest_AcidicPlatform - INFO - human operating, fail to detect...
2025-11-11 14:25:03,055[62676] - RobotTest_AcidicPlatform - INFO - human operating, fail to detect...
2025-11-11 14:25:13,064[62676] - RobotTest_AcidicPlatform - INFO - human operating, fail to detect...
2025-11-11 14:25:23,070[62676] - RobotTest_AcidicPlatform - INFO - human operating, fail to detect...
2025-11-11 14:25:33,083[62676] - RobotTest_AcidicPlatform - INFO - human operating, fail to detect...
2025-11-11 14:25:43,086[62676] - RobotTest_AcidicPlatform - INFO - human operating, fail to detect...
2025-11-11 14:25:53,097[62676] - RobotTest_AcidicPlatform - INFO - human operating, fail to detect...
2025-11-11 14:26:03,110[62676] - RobotTest_AcidicPlatform - INFO - human operating, fail to detect...
2025-11-11 14:26:13,120[62676] - RobotTest_AcidicPlatform - INFO - human operating, fail to detect...
2025-11-11 14:26:23,126[62676] - RobotTest_AcidicPlatform - INFO - human operating, fail to detect...
2025-11-11 14:26:44,502[62676] - RobotTest_AcidicPlatform - INFO - human operating, fail to detect...
2025-11-11 14:26:54,509[62676] - RobotTest_AcidicPlatform - INFO - human operating, fail to detect...
2025-11-11 14:27:04,517[62676] - RobotTest_AcidicPlatform - INFO - human operating, fail to detect...
2025-11-11 14:27:14,527[62676] - RobotTest_AcidicPlatform - INFO - human operating, fail to detect...
2025-11-11 14:27:24,533[62676] - RobotTest_AcidicPlatform - INFO - human operating, fail to detect...
2025-11-11 14:27:45,892[62676] - RobotTest_AcidicPlatform - INFO - human operating, fail to detect...
2025-11-11 14:27:55,907[62676] - RobotTest_AcidicPlatform - INFO - human operating, fail to detect...
2025-11-11 14:28:05,908[62676] - RobotTest_AcidicPlatform - INFO - human operating, fail to detect...
2025-11-11 14:28:15,920[62676] - RobotTest_AcidicPlatform - INFO - human operating, fail to detect...
2025-11-11 14:28:25,925[62676] - RobotTest_AcidicPlatform - INFO - human operating, fail to detect...
2025-11-11 14:28:35,940[62676] - RobotTest_AcidicPlatform - INFO - human operating, fail to detect...
2025-11-11 14:28:45,953[62676] - RobotTest_AcidicPlatform - INFO - human operating, fail to detect...
2025-11-11 14:28:55,955[62676] - RobotTest_AcidicPlatform - INFO - human operating, fail to detect...
2025-11-11 14:29:05,957[62676] - RobotTest_AcidicPlatform - INFO - human operating, fail to detect...
2025-11-11 14:29:15,968[62676] - RobotTest_AcidicPlatform - INFO - human operating, fail to detect...
2025-11-11 14:29:25,975[62676] - RobotTest_AcidicPlatform - INFO - human operating, fail to detect...
2025-11-11 14:29:35,976[62676] - RobotTest_AcidicPlatform - INFO - human operating, fail to detect...
2025-11-11 14:29:45,991[62676] - RobotTest_AcidicPlatform - INFO - human operating, fail to detect...
2025-11-11 14:29:56,005[62676] - RobotTest_AcidicPlatform - INFO - human operating, fail to detect...
2025-11-11 14:30:40,086[62676] - RobotTest_AcidicPlatform - INFO - human operating, fail to detect...
2025-11-11 14:30:50,098[62676] - RobotTest_AcidicPlatform - INFO - human operating, fail to detect...
2025-11-11 14:31:00,108[62676] - RobotTest_AcidicPlatform - INFO - human operating, fail to detect...
2025-11-11 14:31:10,108[62676] - RobotTest_AcidicPlatform - INFO - human operating, fail to detect...
2025-11-11 14:31:20,116[62676] - RobotTest_AcidicPlatform - INFO - human operating, fail to detect...
2025-11-11 14:31:30,118[62676] - RobotTest_AcidicPlatform - INFO - human operating, fail to detect...
2025-11-11 14:31:40,128[62676] - RobotTest_AcidicPlatform - INFO - human operating, fail to detect...
2025-11-11 14:31:50,134[62676] - RobotTest_AcidicPlatform - INFO - human operating, fail to detect...
2025-11-11 14:32:00,148[62676] - RobotTest_AcidicPlatform - INFO - human operating, fail to detect...
2025-11-11 14:32:21,503[62676] - RobotTest_AcidicPlatform - INFO - human operating, fail to detect...
2025-11-11 14:32:31,519[62676] - RobotTest_AcidicPlatform - INFO - human operating, fail to detect...
2025-11-11 14:32:41,529[62676] - RobotTest_AcidicPlatform - INFO - human operating, fail to detect...
2025-11-11 14:32:51,535[62676] - RobotTest_AcidicPlatform - INFO - human operating, fail to detect...
2025-11-11 14:33:12,907[62676] - RobotTest_AcidicPlatform - INFO - human operating, fail to detect...
2025-11-11 14:33:22,915[62676] - RobotTest_AcidicPlatform - INFO - human operating, fail to detect...
2025-11-11 14:33:32,923[62676] - RobotTest_AcidicPlatform - INFO - human operating, fail to detect...
2025-11-11 14:33:42,929[62676] - RobotTest_AcidicPlatform - INFO - human operating, fail to detect...
2025-11-11 14:35:23,895[62676] - RobotTest_AcidicPlatform - INFO - human operating, fail to detect...
2025-11-11 14:37:27,503[62676] - RobotTest_AcidicPlatform - INFO - human operating, fail to detect...
2025-11-11 14:37:37,515[62676] - RobotTest_AcidicPlatform - INFO - human operating, fail to detect...
2025-11-11 14:39:07,052[62676] - RobotTest_AcidicPlatform - INFO - human operating, fail to detect...
2025-11-11 14:39:17,064[62676] - RobotTest_AcidicPlatform - INFO - human operating, fail to detect...
2025-11-11 14:42:40,098[62676] - RobotTest_AcidicPlatform - INFO - human operating, fail to detect...
2025-11-11 14:42:50,103[62676] - RobotTest_AcidicPlatform - INFO - human operating, fail to detect...
2025-11-11 14:43:00,115[62676] - RobotTest_AcidicPlatform - INFO - human operating, fail to detect...
2025-11-11 14:43:10,115[62676] - RobotTest_AcidicPlatform - INFO - human operating, fail to detect...
2025-11-11 14:43:20,117[62676] - RobotTest_AcidicPlatform - INFO - human operating, fail to detect...
2025-11-11 14:43:30,130[62676] - RobotTest_AcidicPlatform - INFO - human operating, fail to detect...
2025-11-11 14:43:40,133[62676] - RobotTest_AcidicPlatform - INFO - human operating, fail to detect...
2025-11-11 14:44:01,478[62676] - RobotTest_AcidicPlatform - INFO - human operating, fail to detect...
2025-11-11 14:44:34,276[62676] - RobotTest_AcidicPlatform - INFO - human operating, fail to detect...
2025-11-11 14:44:44,287[62676] - RobotTest_AcidicPlatform - INFO - human operating, fail to detect...
2025-11-11 14:44:54,300[62676] - RobotTest_AcidicPlatform - INFO - human operating, fail to detect...
2025-11-11 14:45:04,306[62676] - RobotTest_AcidicPlatform - INFO - human operating, fail to detect...
2025-11-11 14:45:14,316[62676] - RobotTest_AcidicPlatform - INFO - human operating, fail to detect...
2025-11-11 14:45:24,326[62676] - RobotTest_AcidicPlatform - INFO - human operating, fail to detect...
2025-11-11 14:45:34,328[62676] - RobotTest_AcidicPlatform - INFO - human operating, fail to detect...
2025-11-11 14:46:07,166[62676] - RobotTest_AcidicPlatform - INFO - human operating, fail to detect...
2025-11-11 14:46:17,173[62676] - RobotTest_AcidicPlatform - INFO - human operating, fail to detect...
2025-11-11 14:46:27,182[62676] - RobotTest_AcidicPlatform - INFO - human operating, fail to detect...
2025-11-11 14:51:09,812[62676] - RobotTest_AcidicPlatform - INFO - human operating, fail to detect...
2025-11-11 14:52:05,283[62676] - RobotTest_AcidicPlatform - INFO - human operating, fail to detect...
2025-11-11 14:52:15,284[62676] - RobotTest_AcidicPlatform - INFO - human operating, fail to detect...
2025-11-11 14:52:25,295[62676] - RobotTest_AcidicPlatform - INFO - human operating, fail to detect...
2025-11-11 14:52:35,309[62676] - RobotTest_AcidicPlatform - INFO - human operating, fail to detect...
2025-11-11 14:52:45,321[62676] - RobotTest_AcidicPlatform - INFO - human operating, fail to detect...
2025-11-11 14:52:55,326[62676] - RobotTest_AcidicPlatform - INFO - human operating, fail to detect...
2025-11-11 14:53:05,328[62676] - RobotTest_AcidicPlatform - INFO - human operating, fail to detect...
2025-11-11 14:53:15,332[62676] - RobotTest_AcidicPlatform - INFO - human operating, fail to detect...
2025-11-11 14:53:25,337[62676] - RobotTest_AcidicPlatform - INFO - human operating, fail to detect...
2025-11-11 14:53:35,348[62676] - RobotTest_AcidicPlatform - INFO - human operating, fail to detect...
2025-11-11 14:53:45,352[62676] - RobotTest_AcidicPlatform - INFO - human operating, fail to detect...
2025-11-11 14:53:56,268[62676] - EC_Lab_Win11 - INFO - not in software yet
2025-11-11 14:53:56,605[62676] - EC_Lab_Win11 - INFO - attempting to open EC_Lab_Win11, trial 1 in 3 times...
2025-11-11 14:53:59,859[62676] - EC_Lab_Win11 - INFO - not in software yet
2025-11-11 14:54:00,211[62676] - EC_Lab_Win11 - INFO - attempting to open EC_Lab_Win11, trial 2 in 3 times...
2025-11-11 14:54:13,987[62676] - RobotTest_AcidicPlatform - INFO - human operating, fail to detect...
2025-11-11 14:54:23,993[62676] - RobotTest_AcidicPlatform - INFO - human operating, fail to detect...
2025-11-11 14:54:34,001[62676] - RobotTest_AcidicPlatform - INFO - human operating, fail to detect...
2025-11-11 14:54:45,053[62676] - EC_Lab_Win11 - INFO - not in software yet
2025-11-11 14:54:45,386[62676] - EC_Lab_Win11 - INFO - attempting to open EC_Lab_Win11, trial 1 in 3 times...
2025-11-11 14:54:59,156[62676] - RobotTest_AcidicPlatform - INFO - human operating, fail to detect...
2025-11-11 14:57:25,976[62676] - RobotTest_AcidicPlatform - INFO - human operating, fail to detect...
2025-11-11 14:57:36,881[62676] - EC_Lab_Win11 - INFO - not in software yet
2025-11-11 14:57:37,227[62676] - EC_Lab_Win11 - INFO - attempting to open EC_Lab_Win11, trial 1 in 3 times...
2025-11-11 14:57:40,493[62676] - EC_Lab_Win11 - INFO - not in software yet
2025-11-11 14:57:40,838[62676] - EC_Lab_Win11 - INFO - attempting to open EC_Lab_Win11, trial 2 in 3 times...
2025-11-11 15:01:08,766[62676] - EC_Lab_Win11 - INFO - test is complete
2025-11-11 15:01:08,766[62676] - RobotTest_AcidicPlatform - INFO - test Honda_HER_Boride_sample#5_2025-11-11_13-45-04 finished
2025-11-11 15:01:08,982[62676] - OBS_Win - INFO - not in software yet
2025-11-11 15:01:09,312[62676] - OBS_Win - INFO - attempting to open OBS_Win, trial 1 in 3 times...
2025-11-11 15:01:12,889[62676] - OBS_Win - INFO - OBS_Win started
2025-11-11 15:01:12,889[62676] - RobotTest_AcidicPlatform - INFO - unloading the sample to rack_id #4...
2025-11-11 15:02:10,474[62676] - RobotTest_AcidicPlatform - INFO - sample successfully unloaded from the cell
2025-11-11 15:02:14,096[62676] - OBS_Win - INFO - OBS_Win stopped
2025-11-11 15:02:14,589[62676] - OBS_Win - WARNING - cannot find ['OBS_start_record.png'] on screen
2025-11-11 15:02:17,939[62676] - OBS_Win - INFO - OBS_Win started
2025-11-11 15:02:17,940[62676] - RobotTest_AcidicPlatform - INFO - loading the sample from rack_id #5...
2025-11-11 15:02:51,875[62676] - RobotTest_AcidicPlatform - INFO - sample successfully loaded into the cell
2025-11-11 15:02:52,488[62676] - OBS_Win - INFO - OBS_Win stopped
2025-11-11 15:02:55,748[62676] - EC_Lab_Win11 - INFO - not in software yet
2025-11-11 15:02:56,074[62676] - EC_Lab_Win11 - INFO - attempting to open EC_Lab_Win11, trial 1 in 3 times...
2025-11-11 16:18:20,728[62676] - EC_Lab_Win11 - INFO - test is complete
2025-11-11 16:18:20,728[62676] - RobotTest_AcidicPlatform - INFO - test Honda_HER_Boride_sample#6_2025-11-11_15-02-14 finished
2025-11-11 16:18:20,951[62676] - OBS_Win - INFO - not in software yet
2025-11-11 16:18:21,272[62676] - OBS_Win - INFO - attempting to open OBS_Win, trial 1 in 3 times...
2025-11-11 16:18:24,879[62676] - OBS_Win - INFO - OBS_Win started
2025-11-11 16:18:24,879[62676] - RobotTest_AcidicPlatform - INFO - unloading the sample to rack_id #5...
2025-11-11 16:19:22,109[62676] - RobotTest_AcidicPlatform - INFO - sample successfully unloaded from the cell
2025-11-11 16:19:25,720[62676] - OBS_Win - INFO - OBS_Win stopped
2025-11-11 16:19:26,214[62676] - OBS_Win - WARNING - cannot find ['OBS_start_record.png'] on screen
2025-11-11 16:19:29,567[62676] - OBS_Win - INFO - OBS_Win started
2025-11-11 16:19:29,567[62676] - RobotTest_AcidicPlatform - INFO - loading the sample from rack_id #6...
2025-11-11 16:20:03,963[62676] - RobotTest_AcidicPlatform - INFO - sample successfully loaded into the cell
2025-11-11 16:20:04,547[62676] - OBS_Win - INFO - OBS_Win stopped
2025-11-11 16:20:07,789[62676] - EC_Lab_Win11 - INFO - not in software yet
2025-11-11 16:20:08,132[62676] - EC_Lab_Win11 - INFO - attempting to open EC_Lab_Win11, trial 1 in 3 times...
2025-11-11 17:25:32,567[62676] - EC_Lab_Win11 - INFO - test is complete
2025-11-11 17:25:32,568[62676] - RobotTest_AcidicPlatform - INFO - test Honda_HER_Boride_sample#7_2025-11-11_16-19-25 finished
2025-11-11 17:25:32,789[62676] - OBS_Win - INFO - not in software yet
2025-11-11 17:25:33,107[62676] - OBS_Win - INFO - attempting to open OBS_Win, trial 1 in 3 times...
2025-11-11 17:25:36,667[62676] - OBS_Win - INFO - OBS_Win started
2025-11-11 17:25:36,667[62676] - RobotTest_AcidicPlatform - INFO - unloading the sample to rack_id #6...
2025-11-11 17:26:33,337[62676] - RobotTest_AcidicPlatform - INFO - sample successfully unloaded from the cell
2025-11-11 17:26:36,957[62676] - OBS_Win - INFO - OBS_Win stopped
2025-11-11 17:26:37,424[62676] - OBS_Win - WARNING - cannot find ['OBS_start_record.png'] on screen
2025-11-11 17:26:40,754[62676] - OBS_Win - INFO - OBS_Win started
2025-11-11 17:26:40,754[62676] - RobotTest_AcidicPlatform - INFO - loading the sample from rack_id #7...
2025-11-11 17:27:15,454[62676] - RobotTest_AcidicPlatform - INFO - sample successfully loaded into the cell
2025-11-11 17:27:16,052[62676] - OBS_Win - INFO - OBS_Win stopped
2025-11-11 17:27:19,311[62676] - EC_Lab_Win11 - INFO - not in software yet
2025-11-11 17:27:19,632[62676] - EC_Lab_Win11 - INFO - attempting to open EC_Lab_Win11, trial 1 in 3 times...
2025-11-11 18:42:51,318[62676] - EC_Lab_Win11 - INFO - test is complete
2025-11-11 18:42:51,319[62676] - RobotTest_AcidicPlatform - INFO - test Honda_HER_Boride_sample#8_2025-11-11_17-26-36 finished
2025-11-11 18:42:51,533[62676] - OBS_Win - INFO - not in software yet
2025-11-11 18:42:51,850[62676] - OBS_Win - INFO - attempting to open OBS_Win, trial 1 in 3 times...
2025-11-11 18:42:55,408[62676] - OBS_Win - INFO - OBS_Win started
2025-11-11 18:42:55,408[62676] - RobotTest_AcidicPlatform - INFO - unloading the sample to rack_id #7...
2025-11-11 18:43:52,007[62676] - RobotTest_AcidicPlatform - INFO - sample successfully unloaded from the cell
2025-11-11 18:43:55,642[62676] - OBS_Win - INFO - OBS_Win stopped
2025-11-11 18:43:56,146[62676] - OBS_Win - WARNING - cannot find ['OBS_start_record.png'] on screen
2025-11-11 18:43:59,506[62676] - OBS_Win - INFO - OBS_Win started
2025-11-11 18:43:59,506[62676] - RobotTest_AcidicPlatform - INFO - loading the sample from rack_id #8...
2025-11-11 18:44:34,579[62676] - RobotTest_AcidicPlatform - INFO - sample successfully loaded into the cell
2025-11-11 18:44:35,173[62676] - OBS_Win - INFO - OBS_Win stopped
2025-11-11 18:44:38,434[62676] - EC_Lab_Win11 - INFO - not in software yet
2025-11-11 18:44:38,750[62676] - EC_Lab_Win11 - INFO - attempting to open EC_Lab_Win11, trial 1 in 3 times...
2025-11-11 20:00:01,776[62676] - EC_Lab_Win11 - INFO - test is complete
2025-11-11 20:00:01,778[62676] - RobotTest_AcidicPlatform - INFO - test Honda_HER_Boride_sample#9_2025-11-11_18-43-55 finished
2025-11-11 20:00:01,995[62676] - OBS_Win - INFO - not in software yet
2025-11-11 20:00:02,342[62676] - OBS_Win - INFO - attempting to open OBS_Win, trial 1 in 3 times...
2025-11-11 20:00:05,917[62676] - OBS_Win - INFO - OBS_Win started
2025-11-11 20:00:05,917[62676] - RobotTest_AcidicPlatform - INFO - unloading the sample to rack_id #8...
2025-11-11 20:01:03,009[62676] - RobotTest_AcidicPlatform - INFO - sample successfully unloaded from the cell
2025-11-11 20:01:06,650[62676] - OBS_Win - INFO - OBS_Win stopped
2025-11-11 20:01:07,151[62676] - OBS_Win - WARNING - cannot find ['OBS_start_record.png'] on screen
2025-11-11 20:01:10,503[62676] - OBS_Win - INFO - OBS_Win started
2025-11-11 20:01:10,503[62676] - RobotTest_AcidicPlatform - INFO - loading the sample from rack_id #9...
2025-11-11 20:01:45,941[62676] - RobotTest_AcidicPlatform - INFO - sample successfully loaded into the cell
2025-11-11 20:01:46,532[62676] - OBS_Win - INFO - OBS_Win stopped
2025-11-11 20:01:49,787[62676] - EC_Lab_Win11 - INFO - not in software yet
2025-11-11 20:01:50,109[62676] - EC_Lab_Win11 - INFO - attempting to open EC_Lab_Win11, trial 1 in 3 times...
2025-11-11 21:17:15,233[62676] - EC_Lab_Win11 - INFO - test is complete
2025-11-11 21:17:15,233[62676] - RobotTest_AcidicPlatform - INFO - test Honda_HER_Boride_sample#10_2025-11-11_20-01-06 finished
2025-11-11 21:17:15,449[62676] - OBS_Win - INFO - not in software yet
2025-11-11 21:17:15,784[62676] - OBS_Win - INFO - attempting to open OBS_Win, trial 1 in 3 times...
2025-11-11 21:17:19,366[62676] - OBS_Win - INFO - OBS_Win started
2025-11-11 21:17:19,366[62676] - RobotTest_AcidicPlatform - INFO - unloading the sample to rack_id #9...
2025-11-11 21:18:16,938[62676] - RobotTest_AcidicPlatform - INFO - sample successfully unloaded from the cell
2025-11-11 21:18:20,579[62676] - OBS_Win - INFO - OBS_Win stopped
2025-11-11 21:18:21,050[62676] - OBS_Win - WARNING - cannot find ['OBS_start_record.png'] on screen
2025-11-11 21:18:24,407[62676] - OBS_Win - INFO - OBS_Win started
2025-11-11 21:18:24,407[62676] - RobotTest_AcidicPlatform - INFO - loading the sample from rack_id #10...
2025-11-11 21:19:00,333[62676] - RobotTest_AcidicPlatform - INFO - sample successfully loaded into the cell
2025-11-11 21:19:00,944[62676] - OBS_Win - INFO - OBS_Win stopped
2025-11-11 21:19:04,204[62676] - EC_Lab_Win11 - INFO - not in software yet
2025-11-11 21:19:04,527[62676] - EC_Lab_Win11 - INFO - attempting to open EC_Lab_Win11, trial 1 in 3 times...
2025-11-11 21:44:47,262[62676] - RobotTest_AcidicPlatform - INFO - human operating, fail to detect...
2025-11-11 21:44:57,271[62676] - RobotTest_AcidicPlatform - INFO - human operating, fail to detect...
2025-11-11 21:45:07,274[62676] - RobotTest_AcidicPlatform - INFO - human operating, fail to detect...
2025-11-11 21:45:18,150[62676] - EC_Lab_Win11 - INFO - not in software yet
2025-11-11 21:45:18,479[62676] - EC_Lab_Win11 - INFO - attempting to open EC_Lab_Win11, trial 1 in 3 times...
2025-11-11 21:45:21,731[62676] - EC_Lab_Win11 - INFO - not in software yet
2025-11-11 21:45:22,063[62676] - EC_Lab_Win11 - INFO - attempting to open EC_Lab_Win11, trial 2 in 3 times...
2025-11-11 22:34:33,764[62676] - EC_Lab_Win11 - INFO - test is complete
2025-11-11 22:34:33,764[62676] - RobotTest_AcidicPlatform - INFO - test Honda_HER_Boride_sample#11_2025-11-11_21-18-20 finished
2025-11-11 22:34:33,983[62676] - OBS_Win - INFO - not in software yet
2025-11-11 22:34:34,311[62676] - OBS_Win - INFO - attempting to open OBS_Win, trial 1 in 3 times...
2025-11-11 22:34:37,864[62676] - OBS_Win - INFO - OBS_Win started
2025-11-11 22:34:37,864[62676] - RobotTest_AcidicPlatform - INFO - unloading the sample to rack_id #10...
2025-11-11 22:35:35,746[62676] - RobotTest_AcidicPlatform - INFO - sample successfully unloaded from the cell
2025-11-11 22:35:39,369[62676] - OBS_Win - INFO - OBS_Win stopped
2025-11-11 22:35:39,847[62676] - OBS_Win - WARNING - cannot find ['OBS_start_record.png'] on screen
2025-11-11 22:35:43,194[62676] - OBS_Win - INFO - OBS_Win started
2025-11-11 22:35:43,194[62676] - RobotTest_AcidicPlatform - INFO - loading the sample from rack_id #11...
2025-11-11 22:36:19,651[62676] - RobotTest_AcidicPlatform - INFO - sample successfully loaded into the cell
2025-11-11 22:36:20,233[62676] - OBS_Win - INFO - OBS_Win stopped
2025-11-11 22:36:23,496[62676] - EC_Lab_Win11 - INFO - not in software yet
2025-11-11 22:36:23,819[62676] - EC_Lab_Win11 - INFO - attempting to open EC_Lab_Win11, trial 1 in 3 times...
2025-11-11 22:36:58,733[62676] - EC_Lab_Win11 - INFO - not in software yet
2025-11-11 22:36:59,078[62676] - EC_Lab_Win11 - INFO - attempting to open EC_Lab_Win11, trial 1 in 3 times...
2025-11-11 22:37:02,334[62676] - EC_Lab_Win11 - INFO - not in software yet
2025-11-11 22:37:02,676[62676] - EC_Lab_Win11 - INFO - attempting to open EC_Lab_Win11, trial 2 in 3 times...
2025-11-11 23:51:49,905[62676] - EC_Lab_Win11 - INFO - test is complete
2025-11-11 23:51:49,906[62676] - RobotTest_AcidicPlatform - INFO - test Honda_HER_Boride_sample#12_2025-11-11_22-35-39 finished
2025-11-11 23:51:50,120[62676] - OBS_Win - INFO - not in software yet
2025-11-11 23:51:50,451[62676] - OBS_Win - INFO - attempting to open OBS_Win, trial 1 in 3 times...
2025-11-11 23:51:54,041[62676] - OBS_Win - INFO - OBS_Win started
2025-11-11 23:51:54,042[62676] - RobotTest_AcidicPlatform - INFO - unloading the sample to rack_id #11...
2025-11-11 23:52:52,369[62676] - RobotTest_AcidicPlatform - INFO - sample successfully unloaded from the cell
2025-11-11 23:52:56,037[62676] - OBS_Win - INFO - OBS_Win stopped
2025-11-11 23:52:56,527[62676] - OBS_Win - WARNING - cannot find ['OBS_start_record.png'] on screen
2025-11-11 23:52:59,876[62676] - OBS_Win - INFO - OBS_Win started
2025-11-11 23:52:59,876[62676] - RobotTest_AcidicPlatform - INFO - loading the sample from rack_id #12...
2025-11-11 23:53:36,916[62676] - RobotTest_AcidicPlatform - INFO - sample successfully loaded into the cell
2025-11-11 23:53:37,531[62676] - OBS_Win - INFO - OBS_Win stopped
2025-11-11 23:53:40,790[62676] - EC_Lab_Win11 - INFO - not in software yet
2025-11-11 23:53:41,126[62676] - EC_Lab_Win11 - INFO - attempting to open EC_Lab_Win11, trial 1 in 3 times...
2025-11-12 01:09:11,686[62676] - EC_Lab_Win11 - INFO - test is complete
2025-11-12 01:09:11,686[62676] - RobotTest_AcidicPlatform - INFO - test Honda_HER_Boride_sample#13_2025-11-11_23-52-56 finished
2025-11-12 01:09:11,903[62676] - OBS_Win - INFO - not in software yet
2025-11-12 01:09:12,251[62676] - OBS_Win - INFO - attempting to open OBS_Win, trial 1 in 3 times...
2025-11-12 01:09:15,843[62676] - OBS_Win - INFO - OBS_Win started
2025-11-12 01:09:15,843[62676] - RobotTest_AcidicPlatform - INFO - unloading the sample to rack_id #12...
2025-11-12 01:10:14,667[62676] - RobotTest_AcidicPlatform - INFO - sample successfully unloaded from the cell
2025-11-12 01:10:18,311[62676] - OBS_Win - INFO - OBS_Win stopped
2025-11-12 01:10:18,794[62676] - OBS_Win - WARNING - cannot find ['OBS_start_record.png'] on screen
2025-11-12 01:10:22,143[62676] - OBS_Win - INFO - OBS_Win started
2025-11-12 01:10:22,144[62676] - RobotTest_AcidicPlatform - INFO - loading the sample from rack_id #13...
2025-11-12 01:10:59,423[62676] - RobotTest_AcidicPlatform - INFO - sample successfully loaded into the cell
2025-11-12 01:11:00,081[62676] - OBS_Win - INFO - OBS_Win stopped
2025-11-12 01:11:03,328[62676] - EC_Lab_Win11 - INFO - not in software yet
2025-11-12 01:11:03,654[62676] - EC_Lab_Win11 - INFO - attempting to open EC_Lab_Win11, trial 1 in 3 times...
2025-11-12 02:26:34,741[62676] - EC_Lab_Win11 - INFO - test is complete
2025-11-12 02:26:34,742[62676] - RobotTest_AcidicPlatform - INFO - test Honda_HER_Boride_sample#14_2025-11-12_01-10-18 finished
2025-11-12 02:26:34,945[62676] - OBS_Win - INFO - not in software yet
2025-11-12 02:26:35,273[62676] - OBS_Win - INFO - attempting to open OBS_Win, trial 1 in 3 times...
2025-11-12 02:26:38,830[62676] - OBS_Win - INFO - OBS_Win started
2025-11-12 02:26:38,830[62676] - RobotTest_AcidicPlatform - INFO - unloading the sample to rack_id #13...
2025-11-12 02:27:38,140[62676] - RobotTest_AcidicPlatform - INFO - sample successfully unloaded from the cell
2025-11-12 02:27:41,740[62676] - OBS_Win - INFO - OBS_Win stopped
2025-11-12 02:27:42,206[62676] - OBS_Win - WARNING - cannot find ['OBS_start_record.png'] on screen
2025-11-12 02:27:45,544[62676] - OBS_Win - INFO - OBS_Win started
2025-11-12 02:27:45,544[62676] - RobotTest_AcidicPlatform - INFO - loading the sample from rack_id #14...
2025-11-12 02:28:23,291[62676] - RobotTest_AcidicPlatform - INFO - sample successfully loaded into the cell
2025-11-12 02:28:23,873[62676] - OBS_Win - INFO - OBS_Win stopped
2025-11-12 02:28:27,122[62676] - EC_Lab_Win11 - INFO - not in software yet
2025-11-12 02:28:27,440[62676] - EC_Lab_Win11 - INFO - attempting to open EC_Lab_Win11, trial 1 in 3 times...
2025-11-12 03:43:58,242[62676] - EC_Lab_Win11 - INFO - test is complete
2025-11-12 03:43:58,243[62676] - RobotTest_AcidicPlatform - INFO - test Honda_HER_Boride_sample#15_2025-11-12_02-27-41 finished
2025-11-12 03:43:58,457[62676] - OBS_Win - INFO - not in software yet
2025-11-12 03:43:58,795[62676] - OBS_Win - INFO - attempting to open OBS_Win, trial 1 in 3 times...
2025-11-12 03:44:02,355[62676] - OBS_Win - INFO - OBS_Win started
2025-11-12 03:44:02,355[62676] - RobotTest_AcidicPlatform - INFO - unloading the sample to rack_id #14...
2025-11-12 03:45:02,107[62676] - RobotTest_AcidicPlatform - INFO - sample successfully unloaded from the cell
2025-11-12 03:45:05,717[62676] - OBS_Win - INFO - OBS_Win stopped
2025-11-12 03:45:06,197[62676] - OBS_Win - WARNING - cannot find ['OBS_start_record.png'] on screen
2025-11-12 03:45:09,535[62676] - OBS_Win - INFO - OBS_Win started
2025-11-12 03:45:09,535[62676] - RobotTest_AcidicPlatform - INFO - loading the sample from rack_id #15...
2025-11-12 03:45:47,544[62676] - RobotTest_AcidicPlatform - INFO - sample successfully loaded into the cell
2025-11-12 03:45:48,127[62676] - OBS_Win - INFO - OBS_Win stopped
2025-11-12 03:45:51,386[62676] - EC_Lab_Win11 - INFO - not in software yet
2025-11-12 03:45:51,727[62676] - EC_Lab_Win11 - INFO - attempting to open EC_Lab_Win11, trial 1 in 3 times...
2025-11-12 03:46:26,677[62676] - EC_Lab_Win11 - INFO - not in software yet
2025-11-12 03:46:27,021[62676] - EC_Lab_Win11 - INFO - attempting to open EC_Lab_Win11, trial 1 in 3 times...
2025-11-12 03:46:30,280[62676] - EC_Lab_Win11 - INFO - not in software yet
2025-11-12 03:46:30,624[62676] - EC_Lab_Win11 - INFO - attempting to open EC_Lab_Win11, trial 2 in 3 times...
2025-11-12 09:35:16,912[10860] - RobotTest_AcidicPlatform - INFO - started a batch of test, with sample_rack_id : sample_id = {16: '17', 17: '18', 18: '19', 19: '20', 20: '21', 21: '22', 22: '23'}
2025-11-12 09:35:28,734[10860] - OBS_Win - INFO - not in software yet
2025-11-12 09:35:28,928[10860] - OBS_Win - WARNING - cannot find ['OBS_icon.png'] on screen
2025-11-12 09:35:32,139[10860] - OBS_Win - WARNING - cannot find ['OBS_icon.png'] on screen
2025-11-12 09:35:35,336[10860] - OBS_Win - WARNING - cannot find ['OBS_icon.png'] on screen
2025-11-12 09:35:38,527[10860] - OBS_Win - WARNING - cannot find ['OBS_icon.png'] on screen
2025-11-12 09:35:41,728[10860] - OBS_Win - WARNING - cannot find ['OBS_icon.png'] on screen
2025-11-12 09:35:44,947[10860] - OBS_Win - WARNING - cannot find ['OBS_icon.png'] on screen
2025-11-12 09:35:48,148[10860] - OBS_Win - WARNING - cannot find ['OBS_icon.png'] on screen
2025-11-12 09:35:51,334[10860] - OBS_Win - WARNING - cannot find ['OBS_icon.png'] on screen
2025-11-12 09:35:54,538[10860] - OBS_Win - WARNING - cannot find ['OBS_icon.png'] on screen
2025-11-12 09:35:57,741[10860] - OBS_Win - WARNING - cannot find ['OBS_icon.png'] on screen
2025-11-12 09:36:00,949[10860] - OBS_Win - WARNING - cannot find ['OBS_icon.png'] on screen
2025-11-12 09:36:04,159[10860] - OBS_Win - WARNING - cannot find ['OBS_icon.png'] on screen
2025-11-12 09:36:07,390[10860] - OBS_Win - WARNING - cannot find ['OBS_icon.png'] on screen
2025-11-12 09:36:10,599[10860] - OBS_Win - WARNING - cannot find ['OBS_icon.png'] on screen
2025-11-12 09:36:13,817[10860] - OBS_Win - WARNING - cannot find ['OBS_icon.png'] on screen
2025-11-12 09:36:17,011[10860] - OBS_Win - WARNING - cannot find ['OBS_icon.png'] on screen
2025-11-12 09:36:20,228[10860] - OBS_Win - WARNING - cannot find ['OBS_icon.png'] on screen
2025-11-12 09:36:23,413[10860] - OBS_Win - WARNING - cannot find ['OBS_icon.png'] on screen
2025-11-12 09:36:26,600[10860] - OBS_Win - WARNING - cannot find ['OBS_icon.png'] on screen
2025-11-12 09:36:29,802[10860] - OBS_Win - WARNING - cannot find ['OBS_icon.png'] on screen
2025-11-12 09:36:33,018[10860] - OBS_Win - WARNING - cannot find ['OBS_icon.png'] on screen
2025-11-12 09:36:36,214[10860] - OBS_Win - WARNING - cannot find ['OBS_icon.png'] on screen
2025-11-12 09:36:39,409[10860] - OBS_Win - WARNING - cannot find ['OBS_icon.png'] on screen
2025-11-12 09:36:42,603[10860] - OBS_Win - WARNING - cannot find ['OBS_icon.png'] on screen
2025-11-12 09:36:45,820[10860] - OBS_Win - WARNING - cannot find ['OBS_icon.png'] on screen
2025-11-12 09:36:49,038[10860] - OBS_Win - WARNING - cannot find ['OBS_icon.png'] on screen
2025-11-12 09:36:52,240[10860] - OBS_Win - WARNING - cannot find ['OBS_icon.png'] on screen
2025-11-12 09:36:55,459[10860] - OBS_Win - WARNING - cannot find ['OBS_icon.png'] on screen
2025-11-12 09:36:58,645[10860] - OBS_Win - WARNING - cannot find ['OBS_icon.png'] on screen
2025-11-12 09:37:01,840[10860] - OBS_Win - WARNING - cannot find ['OBS_icon.png'] on screen
2025-11-12 09:37:05,054[10860] - OBS_Win - WARNING - cannot find ['OBS_icon.png'] on screen
2025-11-12 09:37:08,248[10860] - OBS_Win - WARNING - cannot find ['OBS_icon.png'] on screen
2025-11-12 09:37:11,445[10860] - OBS_Win - WARNING - cannot find ['OBS_icon.png'] on screen
2025-11-12 09:37:14,667[10860] - OBS_Win - WARNING - cannot find ['OBS_icon.png'] on screen
2025-11-12 09:37:17,854[10860] - OBS_Win - WARNING - cannot find ['OBS_icon.png'] on screen
2025-11-12 09:37:21,065[10860] - OBS_Win - WARNING - cannot find ['OBS_icon.png'] on screen
2025-11-12 09:37:24,259[10860] - OBS_Win - WARNING - cannot find ['OBS_icon.png'] on screen
2025-11-12 09:37:27,460[10860] - OBS_Win - WARNING - cannot find ['OBS_icon.png'] on screen
2025-11-12 09:37:30,686[10860] - OBS_Win - WARNING - cannot find ['OBS_icon.png'] on screen
2025-11-12 09:37:33,882[10860] - OBS_Win - WARNING - cannot find ['OBS_icon.png'] on screen
2025-11-12 09:37:37,098[10860] - OBS_Win - WARNING - cannot find ['OBS_icon.png'] on screen
2025-11-12 09:37:40,308[10860] - OBS_Win - WARNING - cannot find ['OBS_icon.png'] on screen
2025-11-12 09:37:43,498[10860] - OBS_Win - WARNING - cannot find ['OBS_icon.png'] on screen
2025-11-12 09:37:46,698[10860] - OBS_Win - WARNING - cannot find ['OBS_icon.png'] on screen
2025-11-12 09:37:49,908[10860] - OBS_Win - WARNING - cannot find ['OBS_icon.png'] on screen
2025-11-12 09:37:53,101[10860] - OBS_Win - WARNING - cannot find ['OBS_icon.png'] on screen
2025-11-12 09:37:56,309[10860] - OBS_Win - WARNING - cannot find ['OBS_icon.png'] on screen
2025-11-12 09:37:59,493[10860] - OBS_Win - WARNING - cannot find ['OBS_icon.png'] on screen
2025-11-12 09:38:02,678[10860] - OBS_Win - WARNING - cannot find ['OBS_icon.png'] on screen
2025-11-12 09:38:05,863[10860] - OBS_Win - WARNING - cannot find ['OBS_icon.png'] on screen
2025-11-12 09:38:09,053[10860] - OBS_Win - WARNING - cannot find ['OBS_icon.png'] on screen
2025-11-12 09:38:12,259[10860] - OBS_Win - WARNING - cannot find ['OBS_icon.png'] on screen
2025-11-12 09:38:15,469[10860] - OBS_Win - WARNING - cannot find ['OBS_icon.png'] on screen
2025-11-12 09:38:18,664[10860] - OBS_Win - WARNING - cannot find ['OBS_icon.png'] on screen
2025-11-12 09:38:21,875[10860] - OBS_Win - WARNING - cannot find ['OBS_icon.png'] on screen
2025-11-12 09:38:25,073[10860] - OBS_Win - WARNING - cannot find ['OBS_icon.png'] on screen
2025-11-12 09:38:28,279[10860] - OBS_Win - WARNING - cannot find ['OBS_icon.png'] on screen
2025-11-12 09:38:31,488[10860] - OBS_Win - WARNING - cannot find ['OBS_icon.png'] on screen
2025-11-12 09:38:34,698[10860] - OBS_Win - WARNING - cannot find ['OBS_icon.png'] on screen
2025-11-12 09:38:37,899[10860] - OBS_Win - WARNING - cannot find ['OBS_icon.png'] on screen
2025-11-12 09:38:41,082[10860] - OBS_Win - WARNING - cannot find ['OBS_icon.png'] on screen
2025-11-12 09:38:44,284[10860] - OBS_Win - WARNING - cannot find ['OBS_icon.png'] on screen
2025-11-12 09:38:47,477[10860] - OBS_Win - WARNING - cannot find ['OBS_icon.png'] on screen
2025-11-12 09:38:50,697[10860] - OBS_Win - WARNING - cannot find ['OBS_icon.png'] on screen
2025-11-12 09:38:53,927[10860] - OBS_Win - WARNING - cannot find ['OBS_icon.png'] on screen
2025-11-12 09:38:57,114[10860] - OBS_Win - WARNING - cannot find ['OBS_icon.png'] on screen
2025-11-12 09:39:00,305[10860] - OBS_Win - WARNING - cannot find ['OBS_icon.png'] on screen
2025-11-12 09:39:03,518[10860] - OBS_Win - WARNING - cannot find ['OBS_icon.png'] on screen
2025-11-12 09:39:06,714[10860] - OBS_Win - WARNING - cannot find ['OBS_icon.png'] on screen
2025-11-12 09:39:09,941[10860] - OBS_Win - WARNING - cannot find ['OBS_icon.png'] on screen
2025-11-12 09:39:13,158[10860] - OBS_Win - WARNING - cannot find ['OBS_icon.png'] on screen
2025-11-12 09:39:16,357[10860] - OBS_Win - WARNING - cannot find ['OBS_icon.png'] on screen
2025-11-12 09:39:19,556[10860] - OBS_Win - WARNING - cannot find ['OBS_icon.png'] on screen
2025-11-12 09:39:22,761[10860] - OBS_Win - WARNING - cannot find ['OBS_icon.png'] on screen
2025-11-12 09:39:25,962[10860] - OBS_Win - WARNING - cannot find ['OBS_icon.png'] on screen
2025-11-12 09:39:29,169[10860] - OBS_Win - WARNING - cannot find ['OBS_icon.png'] on screen
2025-11-12 09:39:32,369[10860] - OBS_Win - WARNING - cannot find ['OBS_icon.png'] on screen
2025-11-12 09:39:35,573[10860] - OBS_Win - WARNING - cannot find ['OBS_icon.png'] on screen
2025-11-12 09:39:38,772[10860] - OBS_Win - WARNING - cannot find ['OBS_icon.png'] on screen
2025-11-12 09:39:41,975[10860] - OBS_Win - WARNING - cannot find ['OBS_icon.png'] on screen
2025-11-12 09:39:45,175[10860] - OBS_Win - WARNING - cannot find ['OBS_icon.png'] on screen
2025-11-12 09:39:48,387[10860] - OBS_Win - WARNING - cannot find ['OBS_icon.png'] on screen
2025-11-12 09:39:51,612[10860] - OBS_Win - WARNING - cannot find ['OBS_icon.png'] on screen
2025-11-12 09:39:54,808[10860] - OBS_Win - WARNING - cannot find ['OBS_icon.png'] on screen
2025-11-12 09:39:58,011[10860] - OBS_Win - WARNING - cannot find ['OBS_icon.png'] on screen
2025-11-12 09:40:01,193[10860] - OBS_Win - WARNING - cannot find ['OBS_icon.png'] on screen
2025-11-12 09:40:04,401[10860] - OBS_Win - WARNING - cannot find ['OBS_icon.png'] on screen
2025-11-12 09:40:07,604[10860] - OBS_Win - WARNING - cannot find ['OBS_icon.png'] on screen
2025-11-12 09:40:10,789[10860] - OBS_Win - WARNING - cannot find ['OBS_icon.png'] on screen
2025-11-12 09:40:13,997[10860] - OBS_Win - WARNING - cannot find ['OBS_icon.png'] on screen
2025-11-12 09:40:17,196[10860] - OBS_Win - WARNING - cannot find ['OBS_icon.png'] on screen
2025-11-12 09:40:20,400[10860] - OBS_Win - WARNING - cannot find ['OBS_icon.png'] on screen
2025-11-12 09:40:23,611[10860] - OBS_Win - WARNING - cannot find ['OBS_icon.png'] on screen
2025-11-12 09:40:26,801[10860] - OBS_Win - WARNING - cannot find ['OBS_icon.png'] on screen
2025-11-12 09:40:29,993[10860] - OBS_Win - WARNING - cannot find ['OBS_icon.png'] on screen
2025-11-12 09:40:33,197[10860] - OBS_Win - WARNING - cannot find ['OBS_icon.png'] on screen
2025-11-12 09:40:36,380[10860] - OBS_Win - WARNING - cannot find ['OBS_icon.png'] on screen
2025-11-12 09:40:39,574[10860] - OBS_Win - WARNING - cannot find ['OBS_icon.png'] on screen
2025-11-12 09:40:42,753[10860] - OBS_Win - WARNING - cannot find ['OBS_icon.png'] on screen
2025-11-12 09:40:45,941[10860] - OBS_Win - WARNING - cannot find ['OBS_icon.png'] on screen
2025-11-12 09:40:48,955[10860] - OBS_Win - ERROR - 5 min timed out for finding ['OBS_icon.png']
2025-11-12 09:40:48,955[10860] - RobotTest_AcidicPlatform - ERROR - 5 min timed out for finding ['OBS_icon.png']
Traceback (most recent call last):
  File "C:\Users\li\PycharmProjects\catalyst\robotic_testing\common\robot_test.py", line 45, in wrapper
    return func(self, *args, **kwargs)
  File "C:\Users\li\PycharmProjects\catalyst\robotic_testing\common\robot_test.py", line 189, in run
    self.test_main_workflow(
  File "C:\Users\li\PycharmProjects\catalyst\robotic_testing\common\robot_test.py", line 280, in test_main_workflow
    self.camera.start()
  File "C:\Users\li\PycharmProjects\catalyst\software_control\software_control_base.py", line 137, in start
    self.open_software()
  File "C:\Users\li\PycharmProjects\catalyst\software_control\software_control_base.py", line 127, in open_software
    self.click_button(self.menu_icons)
  File "C:\Users\li\PycharmProjects\catalyst\software_control\software_control_base.py", line 75, in click_button
    raise SystemError(f'5 min timed out for finding {file_name_list}')
SystemError: 5 min timed out for finding ['OBS_icon.png']
2025-11-12 09:46:36,960[6104] - RobotTest_AcidicPlatform - INFO - started a batch of test, with sample_rack_id : sample_id = {16: '17', 17: '18', 18: '19', 19: '20', 20: '21', 21: '22', 22: '23'}
2025-11-12 09:46:42,993[6104] - OBS_Win - INFO - not in software yet
2025-11-12 09:46:43,298[6104] - OBS_Win - INFO - attempting to open OBS_Win, trial 1 in 3 times...
2025-11-12 09:46:46,844[6104] - OBS_Win - INFO - OBS_Win started
2025-11-12 09:46:46,844[6104] - RobotTest_AcidicPlatform - INFO - loading the sample from rack_id #16...
2025-11-12 09:47:29,791[6104] - RobotTest_AcidicPlatform - INFO - sample successfully loaded into the cell
2025-11-12 09:47:30,390[6104] - OBS_Win - INFO - OBS_Win stopped
2025-11-12 09:47:33,625[6104] - EC_Lab_Win11 - INFO - not in software yet
2025-11-12 09:47:33,936[6104] - EC_Lab_Win11 - INFO - attempting to open EC_Lab_Win11, trial 1 in 3 times...
2025-11-12 10:27:45,764[6104] - RobotTest_AcidicPlatform - INFO - human operating, fail to detect...
2025-11-12 10:28:40,638[6104] - RobotTest_AcidicPlatform - INFO - human operating, fail to detect...
2025-11-12 10:28:51,465[6104] - EC_Lab_Win11 - INFO - not in software yet
2025-11-12 10:28:51,792[6104] - EC_Lab_Win11 - INFO - attempting to open EC_Lab_Win11, trial 1 in 3 times...
2025-11-12 10:28:55,023[6104] - EC_Lab_Win11 - INFO - not in software yet
2025-11-12 10:28:55,326[6104] - EC_Lab_Win11 - INFO - attempting to open EC_Lab_Win11, trial 2 in 3 times...
2025-11-12 11:03:00,595[6104] - EC_Lab_Win11 - INFO - test is complete
2025-11-12 11:03:00,595[6104] - RobotTest_AcidicPlatform - INFO - test Honda_HER_Boride_sample#17_2025-11-12_09-46-42 finished
2025-11-12 11:03:00,786[6104] - OBS_Win - INFO - not in software yet
2025-11-12 11:03:01,107[6104] - OBS_Win - INFO - attempting to open OBS_Win, trial 1 in 3 times...
2025-11-12 11:03:04,645[6104] - OBS_Win - INFO - OBS_Win started
2025-11-12 11:03:04,645[6104] - RobotTest_AcidicPlatform - INFO - unloading the sample to rack_id #16...
2025-11-12 11:04:05,170[6104] - RobotTest_AcidicPlatform - INFO - sample successfully unloaded from the cell
2025-11-12 11:04:08,782[6104] - OBS_Win - INFO - OBS_Win stopped
2025-11-12 11:04:09,233[6104] - OBS_Win - WARNING - cannot find ['OBS_start_record.png'] on screen
2025-11-12 11:04:12,570[6104] - OBS_Win - INFO - OBS_Win started
2025-11-12 11:04:12,570[6104] - RobotTest_AcidicPlatform - INFO - loading the sample from rack_id #17...
2025-11-12 11:04:51,579[6104] - RobotTest_AcidicPlatform - INFO - sample successfully loaded into the cell
2025-11-12 11:04:52,110[6104] - OBS_Win - INFO - OBS_Win stopped
2025-11-12 11:04:55,342[6104] - EC_Lab_Win11 - INFO - not in software yet
2025-11-12 11:04:55,632[6104] - EC_Lab_Win11 - INFO - attempting to open EC_Lab_Win11, trial 1 in 3 times...
2025-11-12 12:20:26,175[6104] - EC_Lab_Win11 - INFO - test is complete
2025-11-12 12:20:26,175[6104] - RobotTest_AcidicPlatform - INFO - test Honda_HER_Boride_sample#18_2025-11-12_11-04-08 finished
2025-11-12 12:20:26,361[6104] - OBS_Win - INFO - not in software yet
2025-11-12 12:20:26,664[6104] - OBS_Win - INFO - attempting to open OBS_Win, trial 1 in 3 times...
2025-11-12 12:20:30,213[6104] - OBS_Win - INFO - OBS_Win started
2025-11-12 12:20:30,213[6104] - RobotTest_AcidicPlatform - INFO - unloading the sample to rack_id #17...
2025-11-12 12:21:31,167[6104] - RobotTest_AcidicPlatform - INFO - sample successfully unloaded from the cell
2025-11-12 12:21:34,700[6104] - OBS_Win - INFO - OBS_Win stopped
2025-11-12 12:21:35,116[6104] - OBS_Win - WARNING - cannot find ['OBS_start_record.png'] on screen
2025-11-12 12:21:38,442[6104] - OBS_Win - INFO - OBS_Win started
2025-11-12 12:21:38,442[6104] - RobotTest_AcidicPlatform - INFO - loading the sample from rack_id #18...
2025-11-12 12:22:17,980[6104] - RobotTest_AcidicPlatform - INFO - sample successfully loaded into the cell
2025-11-12 12:22:18,513[6104] - OBS_Win - INFO - OBS_Win stopped
2025-11-12 12:22:21,743[6104] - EC_Lab_Win11 - INFO - not in software yet
2025-11-12 12:22:22,031[6104] - EC_Lab_Win11 - INFO - attempting to open EC_Lab_Win11, trial 1 in 3 times...
2025-11-12 13:24:14,483[6104] - EC_Lab_Win11 - INFO - not in software yet
2025-11-12 13:24:14,795[6104] - EC_Lab_Win11 - INFO - attempting to open EC_Lab_Win11, trial 1 in 3 times...
2025-11-12 13:24:18,031[6104] - EC_Lab_Win11 - INFO - not in software yet
2025-11-12 13:24:18,329[6104] - EC_Lab_Win11 - INFO - attempting to open EC_Lab_Win11, trial 2 in 3 times...
2025-11-12 13:37:49,053[6104] - EC_Lab_Win11 - INFO - test is complete
2025-11-12 13:37:49,053[6104] - RobotTest_AcidicPlatform - INFO - test Honda_HER_Boride_sample#19_2025-11-12_12-21-34 finished
2025-11-12 13:37:49,265[6104] - OBS_Win - INFO - not in software yet
2025-11-12 13:37:49,577[6104] - OBS_Win - INFO - attempting to open OBS_Win, trial 1 in 3 times...
2025-11-12 13:37:53,102[6104] - OBS_Win - INFO - OBS_Win started
2025-11-12 13:37:53,102[6104] - RobotTest_AcidicPlatform - INFO - unloading the sample to rack_id #18...
2025-11-12 13:38:54,595[6104] - RobotTest_AcidicPlatform - INFO - sample successfully unloaded from the cell
2025-11-12 13:38:58,158[6104] - OBS_Win - INFO - OBS_Win stopped
2025-11-12 13:38:58,560[6104] - OBS_Win - WARNING - cannot find ['OBS_start_record.png'] on screen
2025-11-12 13:39:01,861[6104] - OBS_Win - INFO - OBS_Win started
2025-11-12 13:39:01,861[6104] - RobotTest_AcidicPlatform - INFO - loading the sample from rack_id #19...
2025-11-12 13:39:41,772[6104] - RobotTest_AcidicPlatform - INFO - sample successfully loaded into the cell
2025-11-12 13:39:42,323[6104] - OBS_Win - INFO - OBS_Win stopped
2025-11-12 13:39:45,562[6104] - EC_Lab_Win11 - INFO - not in software yet
2025-11-12 13:39:45,873[6104] - EC_Lab_Win11 - INFO - attempting to open EC_Lab_Win11, trial 1 in 3 times...
2025-11-12 14:55:09,830[6104] - EC_Lab_Win11 - INFO - test is complete
2025-11-12 14:55:09,830[6104] - RobotTest_AcidicPlatform - INFO - test Honda_HER_Boride_sample#20_2025-11-12_13-38-58 finished
2025-11-12 14:55:10,016[6104] - OBS_Win - INFO - not in software yet
2025-11-12 14:55:10,332[6104] - OBS_Win - INFO - attempting to open OBS_Win, trial 1 in 3 times...
2025-11-12 14:55:13,881[6104] - OBS_Win - INFO - OBS_Win started
2025-11-12 14:55:13,881[6104] - RobotTest_AcidicPlatform - INFO - unloading the sample to rack_id #19...
2025-11-12 14:56:15,645[6104] - RobotTest_AcidicPlatform - INFO - sample successfully unloaded from the cell
2025-11-12 14:56:19,205[6104] - OBS_Win - INFO - OBS_Win stopped
2025-11-12 14:56:19,618[6104] - OBS_Win - WARNING - cannot find ['OBS_start_record.png'] on screen
2025-11-12 14:56:22,948[6104] - OBS_Win - INFO - OBS_Win started
2025-11-12 14:56:22,948[6104] - RobotTest_AcidicPlatform - INFO - loading the sample from rack_id #20...
2025-11-12 14:57:03,227[6104] - RobotTest_AcidicPlatform - INFO - sample successfully loaded into the cell
2025-11-12 14:57:03,775[6104] - OBS_Win - INFO - OBS_Win stopped
2025-11-12 14:57:07,018[6104] - EC_Lab_Win11 - INFO - not in software yet
2025-11-12 14:57:07,328[6104] - EC_Lab_Win11 - INFO - attempting to open EC_Lab_Win11, trial 1 in 3 times...
2025-11-12 16:12:39,697[6104] - EC_Lab_Win11 - INFO - test is complete
2025-11-12 16:12:39,697[6104] - RobotTest_AcidicPlatform - INFO - test Honda_HER_Boride_sample#21_2025-11-12_14-56-19 finished
2025-11-12 16:12:39,885[6104] - OBS_Win - INFO - not in software yet
2025-11-12 16:12:40,184[6104] - OBS_Win - INFO - attempting to open OBS_Win, trial 1 in 3 times...
2025-11-12 16:12:43,692[6104] - OBS_Win - INFO - OBS_Win started
2025-11-12 16:12:43,692[6104] - RobotTest_AcidicPlatform - INFO - unloading the sample to rack_id #20...
2025-11-12 16:13:45,917[6104] - RobotTest_AcidicPlatform - INFO - sample successfully unloaded from the cell
2025-11-12 16:13:49,505[6104] - OBS_Win - INFO - OBS_Win stopped
2025-11-12 16:13:49,953[6104] - OBS_Win - WARNING - cannot find ['OBS_start_record.png'] on screen
2025-11-12 16:13:53,276[6104] - OBS_Win - INFO - OBS_Win started
2025-11-12 16:13:53,276[6104] - RobotTest_AcidicPlatform - INFO - loading the sample from rack_id #21...
2025-11-12 16:14:33,939[6104] - RobotTest_AcidicPlatform - INFO - sample successfully loaded into the cell
2025-11-12 16:14:34,488[6104] - OBS_Win - INFO - OBS_Win stopped
2025-11-12 16:14:37,724[6104] - EC_Lab_Win11 - INFO - not in software yet
2025-11-12 16:14:38,026[6104] - EC_Lab_Win11 - INFO - attempting to open EC_Lab_Win11, trial 1 in 3 times...
2025-11-12 17:30:09,297[6104] - EC_Lab_Win11 - INFO - test is complete
2025-11-12 17:30:09,297[6104] - RobotTest_AcidicPlatform - INFO - test Honda_HER_Boride_sample#22_2025-11-12_16-13-49 finished
2025-11-12 17:30:09,483[6104] - OBS_Win - INFO - not in software yet
2025-11-12 17:30:09,796[6104] - OBS_Win - INFO - attempting to open OBS_Win, trial 1 in 3 times...
2025-11-12 17:30:13,317[6104] - OBS_Win - INFO - OBS_Win started
2025-11-12 17:30:13,317[6104] - RobotTest_AcidicPlatform - INFO - unloading the sample to rack_id #21...
2025-11-12 17:31:16,090[6104] - RobotTest_AcidicPlatform - INFO - sample successfully unloaded from the cell
2025-11-12 17:31:19,666[6104] - OBS_Win - INFO - OBS_Win stopped
2025-11-12 17:31:20,088[6104] - OBS_Win - WARNING - cannot find ['OBS_start_record.png'] on screen
2025-11-12 17:31:23,394[6104] - OBS_Win - INFO - OBS_Win started
2025-11-12 17:31:23,394[6104] - RobotTest_AcidicPlatform - INFO - loading the sample from rack_id #22...
2025-11-12 17:32:04,377[6104] - RobotTest_AcidicPlatform - INFO - sample successfully loaded into the cell
2025-11-12 17:32:04,925[6104] - OBS_Win - INFO - OBS_Win stopped
2025-11-12 17:32:08,166[6104] - EC_Lab_Win11 - INFO - not in software yet
2025-11-12 17:32:08,466[6104] - EC_Lab_Win11 - INFO - attempting to open EC_Lab_Win11, trial 1 in 3 times...
2025-11-12 18:47:39,200[6104] - EC_Lab_Win11 - INFO - test is complete
2025-11-12 18:47:39,200[6104] - RobotTest_AcidicPlatform - INFO - test Honda_HER_Boride_sample#23_2025-11-12_17-31-19 finished
2025-11-12 18:47:39,394[6104] - OBS_Win - INFO - not in software yet
2025-11-12 18:47:39,716[6104] - OBS_Win - INFO - attempting to open OBS_Win, trial 1 in 3 times...
2025-11-12 18:47:43,251[6104] - OBS_Win - INFO - OBS_Win started
2025-11-12 18:47:43,251[6104] - RobotTest_AcidicPlatform - INFO - unloading the sample to rack_id #22...
2025-11-12 18:48:46,357[6104] - RobotTest_AcidicPlatform - INFO - sample successfully unloaded from the cell
2025-11-12 18:48:49,937[6104] - OBS_Win - INFO - OBS_Win stopped
