2023-08-29 21:04:48,385 - db_control.database - INFO - Database DFFC_8D_2 connected successfully!
2023-08-29 21:04:48,533 - db_control.database - INFO - Table recipe already exists on server, checking column consistency...
2023-08-29 21:04:48,748 - db_control.database - INFO - Table recipe column consistency checked successfully!
2023-08-29 21:04:48,888 - db_control.database - INFO - Table sample already exists on server, checking column consistency...
2023-08-29 21:04:49,016 - db_control.database - INFO - Table sample column consistency checked successfully!
2023-08-29 21:04:49,141 - db_control.database - INFO - Table performance already exists on server, checking column consistency...
2023-08-29 21:04:49,262 - db_control.database - INFO - Table performance column consistency checked successfully!
2023-08-29 21:36:55,030 - db_control.database - INFO - Database DFFC_8D_2 connected successfully!
2023-08-29 21:36:55,202 - db_control.database - INFO - Table recipe already exists on server, checking column consistency...
2023-08-29 21:36:55,329 - db_control.database - INFO - Table recipe column consistency checked successfully!
2023-08-29 21:36:55,460 - db_control.database - INFO - Table sample already exists on server, checking column consistency...
2023-08-29 21:36:55,597 - db_control.database - INFO - Table sample column consistency checked successfully!
2023-08-29 21:36:55,702 - db_control.database - INFO - Table performance already exists on server, checking column consistency...
2023-08-29 21:36:55,805 - db_control.database - INFO - Table performance column consistency checked successfully!
2023-08-29 21:37:14,668 - db_control.database - INFO - Database DFFC_8D_2 connected successfully!
2023-08-29 21:37:14,668 - db_control.database - INFO - Database DFFC_8D_2 connected successfully!
2023-08-29 21:37:14,837 - db_control.database - INFO - Table recipe already exists on server, checking column consistency...
2023-08-29 21:37:14,837 - db_control.database - INFO - Table recipe already exists on server, checking column consistency...
2023-08-29 21:37:15,050 - db_control.database - INFO - Table recipe column consistency checked successfully!
2023-08-29 21:37:15,050 - db_control.database - INFO - Table recipe column consistency checked successfully!
2023-08-29 21:37:15,174 - db_control.database - INFO - Table sample already exists on server, checking column consistency...
2023-08-29 21:37:15,174 - db_control.database - INFO - Table sample already exists on server, checking column consistency...
2023-08-29 21:37:15,321 - db_control.database - INFO - Table sample column consistency checked successfully!
2023-08-29 21:37:15,321 - db_control.database - INFO - Table sample column consistency checked successfully!
2023-08-29 21:37:15,454 - db_control.database - INFO - Table performance already exists on server, checking column consistency...
2023-08-29 21:37:15,454 - db_control.database - INFO - Table performance already exists on server, checking column consistency...
2023-08-29 21:37:15,606 - db_control.database - INFO - Table performance column consistency checked successfully!
2023-08-29 21:37:15,606 - db_control.database - INFO - Table performance column consistency checked successfully!
2023-08-29 21:42:41,247 - db_control.database - INFO - Database DFFC_8D_2 connected successfully!
2023-08-29 21:42:41,423 - db_control.database - INFO - Table recipe already exists on server, checking column consistency...
2023-08-29 21:42:41,531 - db_control.database - INFO - Table recipe column consistency checked successfully!
2023-08-29 21:42:41,633 - db_control.database - INFO - Table sample already exists on server, checking column consistency...
2023-08-29 21:42:41,756 - db_control.database - INFO - Table sample column consistency checked successfully!
2023-08-29 21:42:41,874 - db_control.database - INFO - Table performance already exists on server, checking column consistency...
2023-08-29 21:42:41,990 - db_control.database - INFO - Table performance column consistency checked successfully!
2023-08-30 10:24:42,980 - db_control.database - INFO - Database DFFC_8D_2 connected successfully!
2023-08-30 10:24:43,132 - db_control.database - INFO - Table recipe already exists on server, checking column consistency...
2023-08-30 10:24:43,277 - db_control.database - INFO - Table recipe column consistency checked successfully!
2023-08-30 10:24:43,392 - db_control.database - INFO - Table sample already exists on server, checking column consistency...
2023-08-30 10:24:43,509 - db_control.database - INFO - Table sample column consistency checked successfully!
2023-08-30 10:24:43,635 - db_control.database - INFO - Table performance already exists on server, checking column consistency...
2023-08-30 10:24:43,770 - db_control.database - INFO - Table performance column consistency checked successfully!
2023-08-30 10:36:02,798 - db_control.database - INFO - Database DFFC_8D_2 connected successfully!
2023-08-30 10:36:02,945 - db_control.database - INFO - Table recipe already exists on server, checking column consistency...
2023-08-30 10:36:03,072 - db_control.database - INFO - Table recipe column consistency checked successfully!
2023-08-30 10:36:03,178 - db_control.database - INFO - Table sample already exists on server, checking column consistency...
2023-08-30 10:36:03,289 - db_control.database - INFO - Table sample column consistency checked successfully!
2023-08-30 10:36:03,420 - db_control.database - INFO - Table performance already exists on server, checking column consistency...
2023-08-30 10:36:03,546 - db_control.database - INFO - Table performance column consistency checked successfully!
2023-08-31 12:46:45,374 - db_control.database - INFO - Database DFFC_8D_2 connected successfully!
2023-08-31 12:46:45,546 - db_control.database - INFO - Table recipe already exists on server, checking column consistency...
2023-08-31 12:46:45,741 - db_control.database - INFO - Table recipe column consistency checked successfully!
2023-08-31 12:46:45,860 - db_control.database - INFO - Table sample already exists on server, checking column consistency...
2023-08-31 12:46:46,006 - db_control.database - INFO - Table sample column consistency checked successfully!
2023-08-31 12:46:46,142 - db_control.database - INFO - Table performance already exists on server, checking column consistency...
2023-08-31 12:46:46,251 - db_control.database - INFO - Table performance column consistency checked successfully!
2023-09-04 17:43:41,414 - db_control.database - INFO - Database DFFC_8D_2 connected successfully!
2023-09-04 17:43:41,581 - db_control.database - INFO - Table recipe already exists on server, checking column consistency...
2023-09-04 17:43:41,691 - db_control.database - INFO - Table recipe column consistency checked successfully!
2023-09-04 17:43:41,796 - db_control.database - INFO - Table sample already exists on server, checking column consistency...
2023-09-04 17:43:41,897 - db_control.database - INFO - Table sample column consistency checked successfully!
2023-09-04 17:43:42,023 - db_control.database - INFO - Table performance already exists on server, checking column consistency...
2023-09-04 17:43:42,160 - db_control.database - INFO - Table performance column consistency checked successfully!
2023-09-04 19:33:47,031 - db_control.database - INFO - Database DFFC_8D_2 connected successfully!
2023-09-04 19:33:47,162 - db_control.database - INFO - Table recipe already exists on server, checking column consistency...
2023-09-04 19:33:47,267 - db_control.database - INFO - Table recipe column consistency checked successfully!
2023-09-04 19:33:47,382 - db_control.database - INFO - Table sample already exists on server, checking column consistency...
2023-09-04 19:33:47,510 - db_control.database - INFO - Table sample column consistency checked successfully!
2023-09-04 19:33:47,615 - db_control.database - INFO - Table performance already exists on server, checking column consistency...
2023-09-04 19:33:47,715 - db_control.database - INFO - Table performance column consistency checked successfully!
2023-09-06 15:45:29,125 - db_control.database - INFO - Database DFFC_8D_2 connected successfully!
2023-09-06 15:45:29,125 - db_control.database - INFO - Database DFFC_8D_2 connected successfully!
2023-09-06 15:45:29,418 - db_control.database - INFO - Table recipe already exists on server, checking column consistency...
2023-09-06 15:45:29,418 - db_control.database - INFO - Table recipe already exists on server, checking column consistency...
2023-09-06 15:45:29,597 - db_control.database - INFO - Table recipe column consistency checked successfully!
2023-09-06 15:45:29,597 - db_control.database - INFO - Table recipe column consistency checked successfully!
2023-09-06 15:45:29,732 - db_control.database - INFO - Table sample already exists on server, checking column consistency...
2023-09-06 15:45:29,732 - db_control.database - INFO - Table sample already exists on server, checking column consistency...
2023-09-06 15:45:29,872 - db_control.database - INFO - Table sample column consistency checked successfully!
2023-09-06 15:45:29,872 - db_control.database - INFO - Table sample column consistency checked successfully!
2023-09-06 15:45:29,976 - db_control.database - INFO - Table performance already exists on server, checking column consistency...
2023-09-06 15:45:29,976 - db_control.database - INFO - Table performance already exists on server, checking column consistency...
2023-09-06 15:45:30,088 - db_control.database - INFO - Table performance column consistency checked successfully!
2023-09-06 15:45:30,088 - db_control.database - INFO - Table performance column consistency checked successfully!
2023-09-06 17:35:53,101 - db_control.database - INFO - Database DFFC_8D_2 connected successfully!
2023-09-06 17:35:53,241 - db_control.database - INFO - Table recipe already exists on server, checking column consistency...
2023-09-06 17:35:53,356 - db_control.database - INFO - Table recipe column consistency checked successfully!
2023-09-06 17:35:53,464 - db_control.database - INFO - Table sample already exists on server, checking column consistency...
2023-09-06 17:35:53,574 - db_control.database - INFO - Table sample column consistency checked successfully!
2023-09-06 17:35:53,677 - db_control.database - INFO - Table performance already exists on server, checking column consistency...
2023-09-06 17:35:53,785 - db_control.database - INFO - Table performance column consistency checked successfully!
2023-09-07 22:17:08,873 - db_control.database - INFO - Database DFFC_8D_2 connected successfully!
2023-09-07 22:17:09,017 - db_control.database - INFO - Table recipe already exists on server, checking column consistency...
2023-09-07 22:17:09,120 - db_control.database - INFO - Table recipe column consistency checked successfully!
2023-09-07 22:17:09,230 - db_control.database - INFO - Table sample already exists on server, checking column consistency...
2023-09-07 22:17:09,342 - db_control.database - INFO - Table sample column consistency checked successfully!
2023-09-07 22:17:09,456 - db_control.database - INFO - Table performance already exists on server, checking column consistency...
2023-09-07 22:17:09,572 - db_control.database - INFO - Table performance column consistency checked successfully!
2023-09-07 22:23:40,207 - db_control.database - INFO - Database DFFC_8D_2 connected successfully!
2023-09-07 22:23:40,378 - db_control.database - INFO - Table recipe already exists on server, checking column consistency...
2023-09-07 22:23:40,575 - db_control.database - INFO - Table recipe column consistency checked successfully!
2023-09-07 22:23:40,734 - db_control.database - INFO - Table sample already exists on server, checking column consistency...
2023-09-07 22:23:40,873 - db_control.database - INFO - Table sample column consistency checked successfully!
2023-09-07 22:23:40,980 - db_control.database - INFO - Table performance already exists on server, checking column consistency...
2023-09-07 22:23:41,098 - db_control.database - INFO - Table performance column consistency checked successfully!
2023-09-07 22:34:10,508 - db_control.database - INFO - Database DFFC_8D_2 connected successfully!
2023-09-07 22:34:10,718 - db_control.database - INFO - Table recipe already exists on server, checking column consistency...
2023-09-07 22:34:10,854 - db_control.database - INFO - Table recipe column consistency checked successfully!
2023-09-07 22:34:10,969 - db_control.database - INFO - Table sample already exists on server, checking column consistency...
2023-09-07 22:34:11,079 - db_control.database - INFO - Table sample column consistency checked successfully!
2023-09-07 22:34:11,204 - db_control.database - INFO - Table performance already exists on server, checking column consistency...
2023-09-07 22:34:11,372 - db_control.database - INFO - Table performance column consistency checked successfully!
