2025-03-07 11:43:53,846[2463244] - Database - WARNING - Database Ali_HER_sulfide does not exist yet, creating now...
2025-03-07 11:43:53,951[2463244] - Database - INFO - Database Ali_HER_sulfide connected successfully!
2025-03-07 11:43:53,969[2463244] - Database - INFO - Schema active_learning created successfully!
2025-03-07 11:43:53,972[2463244] - Database - INFO - Schema botorch created successfully!
2025-03-07 11:43:53,976[2463244] - Database - INFO - Schema test_raw_data created successfully!
2025-03-07 11:43:53,978[2463244] - Database - WARNING - Table recipe does not exist on server yet, creating now...
2025-03-07 11:43:53,999[2463244] - Database - INFO - Table recipe created on server successfully!
2025-03-07 11:43:54,013[2463244] - Database - WARNING - Table sample does not exist on server yet, creating now...
2025-03-07 11:43:54,045[2463244] - Database - INFO - Table sample created on server successfully!
2025-03-07 11:43:54,071[2463244] - Database - WARNING - Table performance does not exist on server yet, creating now...
2025-03-07 11:43:54,118[2463244] - Database - INFO - Table performance created on server successfully!
2025-03-07 11:43:54,129[2463244] - Database - WARNING - full table view created
2025-03-07 11:44:16,251[2463244] - Database - INFO - Database Ali_HER_sulfide connected successfully!
2025-03-07 11:44:16,251[2463244] - Database - INFO - Database Ali_HER_sulfide connected successfully!
2025-03-07 11:44:16,255[2463244] - Database - INFO - Schema active_learning created successfully!
2025-03-07 11:44:16,255[2463244] - Database - INFO - Schema active_learning created successfully!
2025-03-07 11:44:16,256[2463244] - Database - INFO - Schema botorch created successfully!
2025-03-07 11:44:16,256[2463244] - Database - INFO - Schema botorch created successfully!
2025-03-07 11:44:16,256[2463244] - Database - INFO - Schema test_raw_data created successfully!
2025-03-07 11:44:16,256[2463244] - Database - INFO - Schema test_raw_data created successfully!
2025-03-07 11:44:16,281[2463244] - Database - INFO - Table recipe already exists on server, checking column consistency...
2025-03-07 11:44:16,281[2463244] - Database - INFO - Table recipe already exists on server, checking column consistency...
2025-03-07 11:44:16,300[2463244] - Database - INFO - Table recipe column consistency checked successfully!
2025-03-07 11:44:16,300[2463244] - Database - INFO - Table recipe column consistency checked successfully!
2025-03-07 11:44:16,320[2463244] - Database - INFO - Table sample already exists on server, checking column consistency...
2025-03-07 11:44:16,320[2463244] - Database - INFO - Table sample already exists on server, checking column consistency...
2025-03-07 11:44:16,339[2463244] - Database - INFO - Table sample column consistency checked successfully!
2025-03-07 11:44:16,339[2463244] - Database - INFO - Table sample column consistency checked successfully!
2025-03-07 11:44:16,358[2463244] - Database - INFO - Table performance already exists on server, checking column consistency...
2025-03-07 11:44:16,358[2463244] - Database - INFO - Table performance already exists on server, checking column consistency...
2025-03-07 11:44:16,377[2463244] - Database - INFO - Table performance column consistency checked successfully!
2025-03-07 11:44:16,377[2463244] - Database - INFO - Table performance column consistency checked successfully!
2025-03-07 11:46:34,115[2463244] - Database - INFO - Database Ali_HER_sulfide connected successfully!
2025-03-07 11:46:34,115[2463244] - Database - INFO - Database Ali_HER_sulfide connected successfully!
2025-03-07 11:46:34,115[2463244] - Database - INFO - Database Ali_HER_sulfide connected successfully!
2025-03-07 11:46:34,120[2463244] - Database - INFO - Schema active_learning created successfully!
2025-03-07 11:46:34,120[2463244] - Database - INFO - Schema active_learning created successfully!
2025-03-07 11:46:34,120[2463244] - Database - INFO - Schema active_learning created successfully!
2025-03-07 11:46:34,121[2463244] - Database - INFO - Schema botorch created successfully!
2025-03-07 11:46:34,121[2463244] - Database - INFO - Schema botorch created successfully!
2025-03-07 11:46:34,121[2463244] - Database - INFO - Schema botorch created successfully!
2025-03-07 11:46:34,121[2463244] - Database - INFO - Schema test_raw_data created successfully!
2025-03-07 11:46:34,121[2463244] - Database - INFO - Schema test_raw_data created successfully!
2025-03-07 11:46:34,121[2463244] - Database - INFO - Schema test_raw_data created successfully!
2025-03-07 11:46:34,148[2463244] - Database - INFO - Table recipe already exists on server, checking column consistency...
2025-03-07 11:46:34,148[2463244] - Database - INFO - Table recipe already exists on server, checking column consistency...
2025-03-07 11:46:34,148[2463244] - Database - INFO - Table recipe already exists on server, checking column consistency...
2025-03-07 11:46:34,168[2463244] - Database - INFO - Table recipe column consistency checked successfully!
2025-03-07 11:46:34,168[2463244] - Database - INFO - Table recipe column consistency checked successfully!
2025-03-07 11:46:34,168[2463244] - Database - INFO - Table recipe column consistency checked successfully!
2025-03-07 11:46:34,189[2463244] - Database - INFO - Table sample already exists on server, checking column consistency...
2025-03-07 11:46:34,189[2463244] - Database - INFO - Table sample already exists on server, checking column consistency...
2025-03-07 11:46:34,189[2463244] - Database - INFO - Table sample already exists on server, checking column consistency...
2025-03-07 11:46:34,209[2463244] - Database - INFO - Table sample column consistency checked successfully!
2025-03-07 11:46:34,209[2463244] - Database - INFO - Table sample column consistency checked successfully!
2025-03-07 11:46:34,209[2463244] - Database - INFO - Table sample column consistency checked successfully!
2025-03-07 11:46:34,230[2463244] - Database - INFO - Table performance already exists on server, checking column consistency...
2025-03-07 11:46:34,230[2463244] - Database - INFO - Table performance already exists on server, checking column consistency...
2025-03-07 11:46:34,230[2463244] - Database - INFO - Table performance already exists on server, checking column consistency...
2025-03-07 11:46:34,252[2463244] - Database - INFO - Table performance column consistency checked successfully!
2025-03-07 11:46:34,252[2463244] - Database - INFO - Table performance column consistency checked successfully!
2025-03-07 11:46:34,252[2463244] - Database - INFO - Table performance column consistency checked successfully!
2025-03-07 11:47:13,183[2463244] - Database - INFO - Database Ali_HER_sulfide connected successfully!
2025-03-07 11:47:13,183[2463244] - Database - INFO - Database Ali_HER_sulfide connected successfully!
2025-03-07 11:47:13,183[2463244] - Database - INFO - Database Ali_HER_sulfide connected successfully!
2025-03-07 11:47:13,183[2463244] - Database - INFO - Database Ali_HER_sulfide connected successfully!
2025-03-07 11:47:13,187[2463244] - Database - INFO - Schema active_learning created successfully!
2025-03-07 11:47:13,187[2463244] - Database - INFO - Schema active_learning created successfully!
2025-03-07 11:47:13,187[2463244] - Database - INFO - Schema active_learning created successfully!
2025-03-07 11:47:13,187[2463244] - Database - INFO - Schema active_learning created successfully!
2025-03-07 11:47:13,188[2463244] - Database - INFO - Schema botorch created successfully!
2025-03-07 11:47:13,188[2463244] - Database - INFO - Schema botorch created successfully!
2025-03-07 11:47:13,188[2463244] - Database - INFO - Schema botorch created successfully!
2025-03-07 11:47:13,188[2463244] - Database - INFO - Schema botorch created successfully!
2025-03-07 11:47:13,188[2463244] - Database - INFO - Schema test_raw_data created successfully!
2025-03-07 11:47:13,188[2463244] - Database - INFO - Schema test_raw_data created successfully!
2025-03-07 11:47:13,188[2463244] - Database - INFO - Schema test_raw_data created successfully!
2025-03-07 11:47:13,188[2463244] - Database - INFO - Schema test_raw_data created successfully!
2025-03-07 11:47:13,213[2463244] - Database - INFO - Table recipe already exists on server, checking column consistency...
2025-03-07 11:47:13,213[2463244] - Database - INFO - Table recipe already exists on server, checking column consistency...
2025-03-07 11:47:13,213[2463244] - Database - INFO - Table recipe already exists on server, checking column consistency...
2025-03-07 11:47:13,213[2463244] - Database - INFO - Table recipe already exists on server, checking column consistency...
2025-03-07 11:47:13,231[2463244] - Database - INFO - Table recipe column consistency checked successfully!
2025-03-07 11:47:13,231[2463244] - Database - INFO - Table recipe column consistency checked successfully!
2025-03-07 11:47:13,231[2463244] - Database - INFO - Table recipe column consistency checked successfully!
2025-03-07 11:47:13,231[2463244] - Database - INFO - Table recipe column consistency checked successfully!
2025-03-07 11:47:13,251[2463244] - Database - INFO - Table sample already exists on server, checking column consistency...
2025-03-07 11:47:13,251[2463244] - Database - INFO - Table sample already exists on server, checking column consistency...
2025-03-07 11:47:13,251[2463244] - Database - INFO - Table sample already exists on server, checking column consistency...
2025-03-07 11:47:13,251[2463244] - Database - INFO - Table sample already exists on server, checking column consistency...
2025-03-07 11:47:13,271[2463244] - Database - INFO - Table sample column consistency checked successfully!
2025-03-07 11:47:13,271[2463244] - Database - INFO - Table sample column consistency checked successfully!
2025-03-07 11:47:13,271[2463244] - Database - INFO - Table sample column consistency checked successfully!
2025-03-07 11:47:13,271[2463244] - Database - INFO - Table sample column consistency checked successfully!
2025-03-07 11:47:13,290[2463244] - Database - INFO - Table performance already exists on server, checking column consistency...
2025-03-07 11:47:13,290[2463244] - Database - INFO - Table performance already exists on server, checking column consistency...
2025-03-07 11:47:13,290[2463244] - Database - INFO - Table performance already exists on server, checking column consistency...
2025-03-07 11:47:13,290[2463244] - Database - INFO - Table performance already exists on server, checking column consistency...
2025-03-07 11:47:13,310[2463244] - Database - INFO - Table performance column consistency checked successfully!
2025-03-07 11:47:13,310[2463244] - Database - INFO - Table performance column consistency checked successfully!
2025-03-07 11:47:13,310[2463244] - Database - INFO - Table performance column consistency checked successfully!
2025-03-07 11:47:13,310[2463244] - Database - INFO - Table performance column consistency checked successfully!
2025-03-07 11:55:49,387[2467507] - Database - INFO - Database Ali_HER_sulfide connected successfully!
2025-03-07 11:55:49,391[2467507] - Database - INFO - Schema active_learning created successfully!
2025-03-07 11:55:49,392[2467507] - Database - INFO - Schema botorch created successfully!
2025-03-07 11:55:49,393[2467507] - Database - INFO - Schema test_raw_data created successfully!
2025-03-07 11:55:49,416[2467507] - Database - INFO - Table recipe already exists on server, checking column consistency...
2025-03-07 11:55:49,440[2467507] - Database - INFO - Table recipe column consistency checked successfully!
2025-03-07 11:55:49,461[2467507] - Database - INFO - Table sample already exists on server, checking column consistency...
2025-03-07 11:55:49,481[2467507] - Database - INFO - Table sample column consistency checked successfully!
2025-03-07 11:55:49,499[2467507] - Database - INFO - Table performance already exists on server, checking column consistency...
2025-03-07 11:55:49,517[2467507] - Database - INFO - Table performance column consistency checked successfully!
2025-03-07 12:10:55,054[2471119] - Database - INFO - Database Ali_HER_sulfide connected successfully!
2025-03-07 12:10:55,058[2471119] - Database - INFO - Schema active_learning created successfully!
2025-03-07 12:10:55,059[2471119] - Database - INFO - Schema botorch created successfully!
2025-03-07 12:10:55,059[2471119] - Database - INFO - Schema test_raw_data created successfully!
2025-03-07 12:10:55,083[2471119] - Database - INFO - Table recipe already exists on server, checking column consistency...
2025-03-07 12:10:55,102[2471119] - Database - INFO - Table recipe column consistency checked successfully!
2025-03-07 12:10:55,120[2471119] - Database - INFO - Table sample already exists on server, checking column consistency...
2025-03-07 12:10:55,138[2471119] - Database - INFO - Table sample column consistency checked successfully!
2025-03-07 12:10:55,156[2471119] - Database - INFO - Table performance already exists on server, checking column consistency...
2025-03-07 12:10:55,174[2471119] - Database - INFO - Table performance column consistency checked successfully!
2025-03-07 12:20:21,986[27664] - Database - INFO - Database Ali_HER_sulfide connected successfully!
2025-03-07 12:20:22,027[27664] - Database - INFO - Schema active_learning created successfully!
2025-03-07 12:20:22,037[27664] - Database - INFO - Schema botorch created successfully!
2025-03-07 12:20:22,047[27664] - Database - INFO - Schema test_raw_data created successfully!
2025-03-07 12:20:22,226[27664] - Database - INFO - Table recipe already exists on server, checking column consistency...
2025-03-07 12:20:22,379[27664] - Database - INFO - Table recipe column consistency checked successfully!
2025-03-07 12:20:22,549[27664] - Database - INFO - Table sample already exists on server, checking column consistency...
2025-03-07 12:20:22,718[27664] - Database - INFO - Table sample column consistency checked successfully!
2025-03-07 12:20:22,885[27664] - Database - INFO - Table performance already exists on server, checking column consistency...
2025-03-07 12:20:23,054[27664] - Database - INFO - Table performance column consistency checked successfully!
