2026-01-14 10:52:00,857[66152] - RobotTest_AcidicPlatform - INFO - started a batch of test, with sample_rack_id : sample_id = {0: 1, 1: 2, 2: 3, 3: 4, 4: 5, 5: 6, 6: 7, 7: 8, 8: 9, 9: 10, 10: 11, 11: 12, 12: 13, 13: 14, 14: 15, 15: 16, 16: 17, 17: 18, 18: 19, 19: 20, 20: 21, 21: 22, 22: 23, 23: 24, 24: 25, 25: 26, 26: 27}
2026-01-14 10:52:06,963[66152] - OBS_Win - INFO - not in software yet
2026-01-14 10:52:07,320[66152] - OBS_Win - INFO - attempting to open OBS_Win, trial 1 in 3 times...
2026-01-14 10:52:10,918[66152] - OBS_Win - INFO - OBS_Win started
2026-01-14 10:52:10,918[66152] - RobotTest_AcidicPlatform - INFO - loading the sample from rack_id #0...
2026-01-14 10:52:50,139[66152] - RobotTest_AcidicPlatform - INFO - sample successfully loaded into the cell
2026-01-14 10:52:50,788[66152] - OBS_Win - INFO - OBS_Win stopped
2026-01-14 10:52:54,046[66152] - EC_Lab_Win11 - INFO - not in software yet
2026-01-14 10:52:54,373[66152] - EC_Lab_Win11 - INFO - attempting to open EC_Lab_Win11, trial 1 in 3 times...
2026-01-14 11:09:44,165[66152] - RobotTest_AcidicPlatform - INFO - human operating, fail to detect...
2026-01-14 11:11:26,342[66152] - EC_Lab_Win11 - INFO - test is complete
2026-01-14 11:11:26,342[66152] - RobotTest_AcidicPlatform - INFO - test pH12_FirstGen_sample#1_2026-01-14_10-52-06 finished
2026-01-14 11:11:26,553[66152] - OBS_Win - INFO - not in software yet
2026-01-14 11:11:26,890[66152] - OBS_Win - INFO - attempting to open OBS_Win, trial 1 in 3 times...
2026-01-14 11:11:30,489[66152] - OBS_Win - INFO - OBS_Win started
2026-01-14 11:11:30,490[66152] - RobotTest_AcidicPlatform - INFO - unloading the sample to rack_id #0...
2026-01-14 11:12:29,748[66152] - RobotTest_AcidicPlatform - INFO - sample successfully unloaded from the cell
2026-01-14 11:12:33,352[66152] - OBS_Win - INFO - OBS_Win stopped
2026-01-14 11:12:33,825[66152] - OBS_Win - WARNING - cannot find ['OBS_start_record.png'] on screen
2026-01-14 11:12:37,151[66152] - OBS_Win - INFO - OBS_Win started
2026-01-14 11:12:37,151[66152] - RobotTest_AcidicPlatform - INFO - loading the sample from rack_id #1...
2026-01-14 11:13:09,545[66152] - RobotTest_AcidicPlatform - INFO - sample successfully loaded into the cell
2026-01-14 11:13:10,146[66152] - OBS_Win - INFO - OBS_Win stopped
2026-01-14 11:13:13,398[66152] - EC_Lab_Win11 - INFO - not in software yet
2026-01-14 11:13:13,719[66152] - EC_Lab_Win11 - INFO - attempting to open EC_Lab_Win11, trial 1 in 3 times...
2026-01-14 11:13:47,420[66152] - RobotTest_AcidicPlatform - INFO - human operating, fail to detect...
2026-01-14 11:31:57,903[66152] - EC_Lab_Win11 - INFO - test is complete
2026-01-14 11:31:57,903[66152] - RobotTest_AcidicPlatform - INFO - test pH12_FirstGen_sample#2_2026-01-14_11-12-33 finished
2026-01-14 11:31:58,101[66152] - OBS_Win - INFO - not in software yet
2026-01-14 11:31:58,421[66152] - OBS_Win - INFO - attempting to open OBS_Win, trial 1 in 3 times...
2026-01-14 11:32:01,996[66152] - OBS_Win - INFO - OBS_Win started
2026-01-14 11:32:01,996[66152] - RobotTest_AcidicPlatform - INFO - unloading the sample to rack_id #1...
2026-01-14 11:33:01,043[66152] - RobotTest_AcidicPlatform - INFO - sample successfully unloaded from the cell
2026-01-14 11:33:05,306[66152] - OBS_Win - INFO - OBS_Win stopped
2026-01-14 11:33:06,346[66152] - OBS_Win - INFO - OBS_Win started
2026-01-14 11:33:06,347[66152] - RobotTest_AcidicPlatform - INFO - loading the sample from rack_id #2...
2026-01-14 11:33:39,230[66152] - RobotTest_AcidicPlatform - INFO - sample successfully loaded into the cell
2026-01-14 11:33:40,273[66152] - OBS_Win - INFO - OBS_Win stopped
2026-01-14 11:33:43,771[66152] - EC_Lab_Win11 - INFO - not in software yet
2026-01-14 11:33:44,320[66152] - EC_Lab_Win11 - INFO - attempting to open EC_Lab_Win11, trial 1 in 3 times...
2026-01-14 11:34:40,820[66152] - RobotTest_AcidicPlatform - INFO - human operating, fail to detect...
2026-01-14 11:34:50,822[66152] - RobotTest_AcidicPlatform - INFO - human operating, fail to detect...
2026-01-14 11:35:00,829[66152] - RobotTest_AcidicPlatform - INFO - human operating, fail to detect...
2026-01-14 11:35:10,837[66152] - RobotTest_AcidicPlatform - INFO - human operating, fail to detect...
2026-01-14 11:35:20,848[66152] - RobotTest_AcidicPlatform - INFO - human operating, fail to detect...
2026-01-14 11:35:30,856[66152] - RobotTest_AcidicPlatform - INFO - human operating, fail to detect...
2026-01-14 11:35:40,858[66152] - RobotTest_AcidicPlatform - INFO - human operating, fail to detect...
2026-01-14 11:35:50,872[66152] - RobotTest_AcidicPlatform - INFO - human operating, fail to detect...
2026-01-14 11:36:00,883[66152] - RobotTest_AcidicPlatform - INFO - human operating, fail to detect...
2026-01-14 11:36:10,890[66152] - RobotTest_AcidicPlatform - INFO - human operating, fail to detect...
2026-01-14 11:36:20,893[66152] - RobotTest_AcidicPlatform - INFO - human operating, fail to detect...
2026-01-14 11:36:30,898[66152] - RobotTest_AcidicPlatform - INFO - human operating, fail to detect...
2026-01-14 11:36:40,905[66152] - RobotTest_AcidicPlatform - INFO - human operating, fail to detect...
2026-01-14 11:36:50,907[66152] - RobotTest_AcidicPlatform - INFO - human operating, fail to detect...
2026-01-14 11:37:00,918[66152] - RobotTest_AcidicPlatform - INFO - human operating, fail to detect...
2026-01-14 11:37:10,929[66152] - RobotTest_AcidicPlatform - INFO - human operating, fail to detect...
2026-01-14 11:37:21,803[66152] - EC_Lab_Win11 - INFO - not in software yet
2026-01-14 11:37:22,146[66152] - EC_Lab_Win11 - INFO - attempting to open EC_Lab_Win11, trial 1 in 3 times...
2026-01-14 11:37:25,420[66152] - EC_Lab_Win11 - INFO - not in software yet
2026-01-14 11:37:25,779[66152] - EC_Lab_Win11 - INFO - attempting to open EC_Lab_Win11, trial 2 in 3 times...
2026-01-14 11:52:36,106[66152] - EC_Lab_Win11 - INFO - test is complete
2026-01-14 11:52:36,106[66152] - RobotTest_AcidicPlatform - INFO - test pH12_FirstGen_sample#3_2026-01-14_11-33-05 finished
2026-01-14 11:52:36,313[66152] - OBS_Win - INFO - not in software yet
2026-01-14 11:52:36,661[66152] - OBS_Win - INFO - attempting to open OBS_Win, trial 1 in 3 times...
2026-01-14 11:52:40,249[66152] - OBS_Win - INFO - OBS_Win started
2026-01-14 11:52:40,249[66152] - RobotTest_AcidicPlatform - INFO - unloading the sample to rack_id #2...
2026-01-14 11:53:38,781[66152] - RobotTest_AcidicPlatform - INFO - sample successfully unloaded from the cell
2026-01-14 11:53:42,407[66152] - OBS_Win - INFO - OBS_Win stopped
2026-01-14 11:53:42,882[66152] - OBS_Win - WARNING - cannot find ['OBS_start_record.png'] on screen
2026-01-14 11:53:46,222[66152] - OBS_Win - INFO - OBS_Win started
2026-01-14 11:53:46,222[66152] - RobotTest_AcidicPlatform - INFO - loading the sample from rack_id #3...
2026-01-14 11:54:19,325[66152] - RobotTest_AcidicPlatform - INFO - sample successfully loaded into the cell
2026-01-14 11:54:19,894[66152] - OBS_Win - INFO - OBS_Win stopped
2026-01-14 11:54:23,149[66152] - EC_Lab_Win11 - INFO - not in software yet
2026-01-14 11:54:23,484[66152] - EC_Lab_Win11 - INFO - attempting to open EC_Lab_Win11, trial 1 in 3 times...
2026-01-14 12:00:26,390[66152] - RobotTest_AcidicPlatform - INFO - human operating, fail to detect...
2026-01-14 12:09:19,368[66152] - RobotTest_AcidicPlatform - INFO - human operating, fail to detect...
2026-01-14 12:09:29,383[66152] - RobotTest_AcidicPlatform - INFO - human operating, fail to detect...
2026-01-14 12:10:02,144[66152] - RobotTest_AcidicPlatform - INFO - human operating, fail to detect...
2026-01-14 12:10:23,523[66152] - RobotTest_AcidicPlatform - INFO - human operating, fail to detect...
2026-01-14 12:10:33,536[66152] - RobotTest_AcidicPlatform - INFO - human operating, fail to detect...
2026-01-14 12:10:43,544[66152] - RobotTest_AcidicPlatform - INFO - human operating, fail to detect...
2026-01-14 12:10:53,550[66152] - RobotTest_AcidicPlatform - INFO - human operating, fail to detect...
2026-01-14 12:13:09,833[66152] - EC_Lab_Win11 - INFO - test is complete
2026-01-14 12:13:09,833[66152] - RobotTest_AcidicPlatform - INFO - test pH12_FirstGen_sample#4_2026-01-14_11-53-42 finished
2026-01-14 12:13:10,040[66152] - OBS_Win - INFO - not in software yet
2026-01-14 12:13:10,387[66152] - OBS_Win - INFO - attempting to open OBS_Win, trial 1 in 3 times...
2026-01-14 12:13:14,064[66152] - OBS_Win - INFO - OBS_Win started
2026-01-14 12:13:14,064[66152] - RobotTest_AcidicPlatform - INFO - unloading the sample to rack_id #3...
2026-01-14 12:14:12,265[66152] - RobotTest_AcidicPlatform - INFO - sample successfully unloaded from the cell
2026-01-14 12:14:16,102[66152] - OBS_Win - INFO - OBS_Win stopped
2026-01-14 12:14:16,756[66152] - OBS_Win - WARNING - cannot find ['OBS_start_record.png'] on screen
2026-01-14 12:14:20,166[66152] - OBS_Win - INFO - OBS_Win started
2026-01-14 12:14:20,166[66152] - RobotTest_AcidicPlatform - INFO - loading the sample from rack_id #4...
2026-01-14 12:14:53,630[66152] - RobotTest_AcidicPlatform - INFO - sample successfully loaded into the cell
2026-01-14 12:14:54,427[66152] - OBS_Win - INFO - OBS_Win stopped
2026-01-14 12:14:57,764[66152] - EC_Lab_Win11 - INFO - not in software yet
2026-01-14 12:14:58,135[66152] - EC_Lab_Win11 - INFO - attempting to open EC_Lab_Win11, trial 1 in 3 times...
2026-01-14 12:28:35,750[66152] - RobotTest_AcidicPlatform - INFO - human operating, fail to detect...
2026-01-14 12:28:45,756[66152] - RobotTest_AcidicPlatform - INFO - human operating, fail to detect...
2026-01-14 12:28:56,683[66152] - EC_Lab_Win11 - INFO - not in software yet
2026-01-14 12:28:57,033[66152] - EC_Lab_Win11 - INFO - attempting to open EC_Lab_Win11, trial 1 in 3 times...
2026-01-14 12:29:00,359[66152] - EC_Lab_Win11 - INFO - not in software yet
2026-01-14 12:29:00,712[66152] - EC_Lab_Win11 - INFO - attempting to open EC_Lab_Win11, trial 2 in 3 times...
2026-01-14 12:33:48,018[66152] - EC_Lab_Win11 - INFO - test is complete
2026-01-14 12:33:48,018[66152] - RobotTest_AcidicPlatform - INFO - test pH12_FirstGen_sample#5_2026-01-14_12-14-16 finished
2026-01-14 12:33:48,229[66152] - OBS_Win - INFO - not in software yet
2026-01-14 12:33:48,567[66152] - OBS_Win - INFO - attempting to open OBS_Win, trial 1 in 3 times...
2026-01-14 12:33:52,151[66152] - OBS_Win - INFO - OBS_Win started
2026-01-14 12:33:52,151[66152] - RobotTest_AcidicPlatform - INFO - unloading the sample to rack_id #4...
2026-01-14 12:34:49,708[66152] - RobotTest_AcidicPlatform - INFO - sample successfully unloaded from the cell
2026-01-14 12:34:53,323[66152] - OBS_Win - INFO - OBS_Win stopped
2026-01-14 12:34:53,771[66152] - OBS_Win - WARNING - cannot find ['OBS_start_record.png'] on screen
2026-01-14 12:34:57,129[66152] - OBS_Win - INFO - OBS_Win started
2026-01-14 12:34:57,129[66152] - RobotTest_AcidicPlatform - INFO - loading the sample from rack_id #5...
2026-01-14 12:35:30,931[66152] - RobotTest_AcidicPlatform - INFO - sample successfully loaded into the cell
2026-01-14 12:35:31,500[66152] - OBS_Win - INFO - OBS_Win stopped
2026-01-14 12:35:34,752[66152] - EC_Lab_Win11 - INFO - not in software yet
2026-01-14 12:35:35,080[66152] - EC_Lab_Win11 - INFO - attempting to open EC_Lab_Win11, trial 1 in 3 times...
2026-01-14 12:54:20,306[66152] - EC_Lab_Win11 - INFO - test is complete
2026-01-14 12:54:20,306[66152] - RobotTest_AcidicPlatform - INFO - test pH12_FirstGen_sample#6_2026-01-14_12-34-53 finished
2026-01-14 12:54:20,518[66152] - OBS_Win - INFO - not in software yet
2026-01-14 12:54:20,829[66152] - OBS_Win - INFO - attempting to open OBS_Win, trial 1 in 3 times...
2026-01-14 12:54:24,382[66152] - OBS_Win - INFO - OBS_Win started
2026-01-14 12:54:24,382[66152] - RobotTest_AcidicPlatform - INFO - unloading the sample to rack_id #5...
2026-01-14 12:55:21,616[66152] - RobotTest_AcidicPlatform - INFO - sample successfully unloaded from the cell
2026-01-14 12:55:25,243[66152] - OBS_Win - INFO - OBS_Win stopped
2026-01-14 12:55:25,750[66152] - OBS_Win - WARNING - cannot find ['OBS_start_record.png'] on screen
2026-01-14 12:55:29,096[66152] - OBS_Win - INFO - OBS_Win started
2026-01-14 12:55:29,096[66152] - RobotTest_AcidicPlatform - INFO - loading the sample from rack_id #6...
2026-01-14 12:56:03,619[66152] - RobotTest_AcidicPlatform - INFO - sample successfully loaded into the cell
2026-01-14 12:56:04,235[66152] - OBS_Win - INFO - OBS_Win stopped
2026-01-14 12:56:07,484[66152] - EC_Lab_Win11 - INFO - not in software yet
2026-01-14 12:56:07,819[66152] - EC_Lab_Win11 - INFO - attempting to open EC_Lab_Win11, trial 1 in 3 times...
2026-01-14 13:06:32,623[66152] - EC_Lab_Win11 - INFO - not in software yet
2026-01-14 13:06:32,952[66152] - EC_Lab_Win11 - INFO - attempting to open EC_Lab_Win11, trial 1 in 3 times...
2026-01-14 13:06:36,268[66152] - EC_Lab_Win11 - INFO - not in software yet
2026-01-14 13:06:36,665[66152] - EC_Lab_Win11 - INFO - attempting to open EC_Lab_Win11, trial 2 in 3 times...
2026-01-14 13:14:59,573[66152] - EC_Lab_Win11 - INFO - test is complete
2026-01-14 13:14:59,573[66152] - RobotTest_AcidicPlatform - INFO - test pH12_FirstGen_sample#7_2026-01-14_12-55-25 finished
2026-01-14 13:14:59,789[66152] - OBS_Win - INFO - not in software yet
2026-01-14 13:15:00,140[66152] - OBS_Win - INFO - attempting to open OBS_Win, trial 1 in 3 times...
2026-01-14 13:15:03,732[66152] - OBS_Win - INFO - OBS_Win started
2026-01-14 13:15:03,732[66152] - RobotTest_AcidicPlatform - INFO - unloading the sample to rack_id #6...
2026-01-14 13:16:00,584[66152] - RobotTest_AcidicPlatform - INFO - sample successfully unloaded from the cell
2026-01-14 13:16:04,267[66152] - OBS_Win - INFO - OBS_Win stopped
2026-01-14 13:16:04,754[66152] - OBS_Win - WARNING - cannot find ['OBS_start_record.png'] on screen
2026-01-14 13:16:08,112[66152] - OBS_Win - INFO - OBS_Win started
2026-01-14 13:16:08,112[66152] - RobotTest_AcidicPlatform - INFO - loading the sample from rack_id #7...
2026-01-14 13:16:42,862[66152] - RobotTest_AcidicPlatform - INFO - sample successfully loaded into the cell
2026-01-14 13:16:43,494[66152] - OBS_Win - INFO - OBS_Win stopped
2026-01-14 13:16:46,753[66152] - EC_Lab_Win11 - INFO - not in software yet
2026-01-14 13:16:47,060[66152] - EC_Lab_Win11 - INFO - attempting to open EC_Lab_Win11, trial 1 in 3 times...
2026-01-14 13:35:31,004[66152] - EC_Lab_Win11 - INFO - test is complete
2026-01-14 13:35:31,004[66152] - RobotTest_AcidicPlatform - INFO - test pH12_FirstGen_sample#8_2026-01-14_13-16-04 finished
2026-01-14 13:35:31,214[66152] - OBS_Win - INFO - not in software yet
2026-01-14 13:35:31,544[66152] - OBS_Win - INFO - attempting to open OBS_Win, trial 1 in 3 times...
2026-01-14 13:35:35,089[66152] - OBS_Win - INFO - OBS_Win started
2026-01-14 13:35:35,091[66152] - RobotTest_AcidicPlatform - INFO - unloading the sample to rack_id #7...
2026-01-14 13:36:31,654[66152] - RobotTest_AcidicPlatform - INFO - sample successfully unloaded from the cell
2026-01-14 13:36:35,239[66152] - OBS_Win - INFO - OBS_Win stopped
2026-01-14 13:36:35,679[66152] - OBS_Win - WARNING - cannot find ['OBS_start_record.png'] on screen
2026-01-14 13:36:39,034[66152] - OBS_Win - INFO - OBS_Win started
2026-01-14 13:36:39,034[66152] - RobotTest_AcidicPlatform - INFO - loading the sample from rack_id #8...
2026-01-14 13:37:14,193[66152] - RobotTest_AcidicPlatform - INFO - sample successfully loaded into the cell
2026-01-14 13:37:14,746[66152] - OBS_Win - INFO - OBS_Win stopped
2026-01-14 13:37:17,981[66152] - EC_Lab_Win11 - INFO - not in software yet
2026-01-14 13:37:18,306[66152] - EC_Lab_Win11 - INFO - attempting to open EC_Lab_Win11, trial 1 in 3 times...
2026-01-14 13:56:12,365[66152] - EC_Lab_Win11 - INFO - test is complete
2026-01-14 13:56:12,366[66152] - RobotTest_AcidicPlatform - INFO - test pH12_FirstGen_sample#9_2026-01-14_13-36-35 finished
2026-01-14 13:56:12,574[66152] - OBS_Win - INFO - not in software yet
2026-01-14 13:56:12,920[66152] - OBS_Win - INFO - attempting to open OBS_Win, trial 1 in 3 times...
2026-01-14 13:56:16,512[66152] - OBS_Win - INFO - OBS_Win started
2026-01-14 13:56:16,512[66152] - RobotTest_AcidicPlatform - INFO - unloading the sample to rack_id #8...
2026-01-14 13:57:13,461[66152] - RobotTest_AcidicPlatform - INFO - sample successfully unloaded from the cell
2026-01-14 13:57:17,049[66152] - OBS_Win - INFO - OBS_Win stopped
2026-01-14 13:57:17,497[66152] - OBS_Win - WARNING - cannot find ['OBS_start_record.png'] on screen
2026-01-14 13:57:20,841[66152] - OBS_Win - INFO - OBS_Win started
2026-01-14 13:57:20,841[66152] - RobotTest_AcidicPlatform - INFO - loading the sample from rack_id #9...
2026-01-14 13:57:56,420[66152] - RobotTest_AcidicPlatform - INFO - sample successfully loaded into the cell
2026-01-14 13:57:57,003[66152] - OBS_Win - INFO - OBS_Win stopped
2026-01-14 13:58:00,259[66152] - EC_Lab_Win11 - INFO - not in software yet
2026-01-14 13:58:00,592[66152] - EC_Lab_Win11 - INFO - attempting to open EC_Lab_Win11, trial 1 in 3 times...
2026-01-14 14:16:44,876[66152] - EC_Lab_Win11 - INFO - test is complete
2026-01-14 14:16:44,876[66152] - RobotTest_AcidicPlatform - INFO - test pH12_FirstGen_sample#10_2026-01-14_13-57-17 finished
2026-01-14 14:16:45,079[66152] - OBS_Win - INFO - not in software yet
2026-01-14 14:16:45,414[66152] - OBS_Win - INFO - attempting to open OBS_Win, trial 1 in 3 times...
2026-01-14 14:16:48,991[66152] - OBS_Win - INFO - OBS_Win started
2026-01-14 14:16:48,991[66152] - RobotTest_AcidicPlatform - INFO - unloading the sample to rack_id #9...
2026-01-14 14:17:46,503[66152] - RobotTest_AcidicPlatform - INFO - sample successfully unloaded from the cell
2026-01-14 14:17:50,090[66152] - OBS_Win - INFO - OBS_Win stopped
2026-01-14 14:17:50,530[66152] - OBS_Win - WARNING - cannot find ['OBS_start_record.png'] on screen
2026-01-14 14:17:53,874[66152] - OBS_Win - INFO - OBS_Win started
2026-01-14 14:17:53,874[66152] - RobotTest_AcidicPlatform - INFO - loading the sample from rack_id #10...
2026-01-14 14:18:29,893[66152] - RobotTest_AcidicPlatform - INFO - sample successfully loaded into the cell
2026-01-14 14:18:30,445[66152] - OBS_Win - INFO - OBS_Win stopped
2026-01-14 14:18:33,684[66152] - EC_Lab_Win11 - INFO - not in software yet
2026-01-14 14:18:34,003[66152] - EC_Lab_Win11 - INFO - attempting to open EC_Lab_Win11, trial 1 in 3 times...
2026-01-14 14:25:54,198[66152] - RobotTest_AcidicPlatform - INFO - human operating, fail to detect...
2026-01-14 14:26:04,207[66152] - RobotTest_AcidicPlatform - INFO - human operating, fail to detect...
2026-01-14 14:26:15,092[66152] - EC_Lab_Win11 - INFO - not in software yet
2026-01-14 14:26:15,429[66152] - EC_Lab_Win11 - INFO - attempting to open EC_Lab_Win11, trial 1 in 3 times...
2026-01-14 14:26:29,114[66152] - RobotTest_AcidicPlatform - INFO - human operating, fail to detect...
2026-01-14 14:26:39,126[66152] - RobotTest_AcidicPlatform - INFO - human operating, fail to detect...
2026-01-14 14:26:49,140[66152] - RobotTest_AcidicPlatform - INFO - human operating, fail to detect...
2026-01-14 14:27:00,044[66152] - EC_Lab_Win11 - INFO - not in software yet
2026-01-14 14:27:00,395[66152] - EC_Lab_Win11 - INFO - attempting to open EC_Lab_Win11, trial 1 in 3 times...
2026-01-14 14:27:14,084[66152] - RobotTest_AcidicPlatform - INFO - human operating, fail to detect...
2026-01-14 14:27:24,097[66152] - RobotTest_AcidicPlatform - INFO - human operating, fail to detect...
2026-01-14 14:27:34,107[66152] - RobotTest_AcidicPlatform - INFO - human operating, fail to detect...
2026-01-14 14:27:44,122[66152] - RobotTest_AcidicPlatform - INFO - human operating, fail to detect...
2026-01-14 14:27:54,129[66152] - RobotTest_AcidicPlatform - INFO - human operating, fail to detect...
2026-01-14 14:28:04,144[66152] - RobotTest_AcidicPlatform - INFO - human operating, fail to detect...
2026-01-14 14:28:14,152[66152] - RobotTest_AcidicPlatform - INFO - human operating, fail to detect...
2026-01-14 14:28:24,167[66152] - RobotTest_AcidicPlatform - INFO - human operating, fail to detect...
2026-01-14 14:28:35,029[66152] - EC_Lab_Win11 - INFO - not in software yet
2026-01-14 14:28:35,350[66152] - EC_Lab_Win11 - INFO - attempting to open EC_Lab_Win11, trial 1 in 3 times...
2026-01-14 14:28:49,018[66152] - RobotTest_AcidicPlatform - INFO - human operating, fail to detect...
2026-01-14 14:28:59,020[66152] - RobotTest_AcidicPlatform - INFO - human operating, fail to detect...
2026-01-14 14:29:09,029[66152] - RobotTest_AcidicPlatform - INFO - human operating, fail to detect...
2026-01-14 14:29:19,043[66152] - RobotTest_AcidicPlatform - INFO - human operating, fail to detect...
2026-01-14 14:29:29,050[66152] - RobotTest_AcidicPlatform - INFO - human operating, fail to detect...
2026-01-14 14:29:39,061[66152] - RobotTest_AcidicPlatform - INFO - human operating, fail to detect...
2026-01-14 14:29:49,065[66152] - RobotTest_AcidicPlatform - INFO - human operating, fail to detect...
2026-01-14 14:29:59,943[66152] - EC_Lab_Win11 - INFO - not in software yet
2026-01-14 14:30:00,282[66152] - EC_Lab_Win11 - INFO - attempting to open EC_Lab_Win11, trial 1 in 3 times...
2026-01-14 14:33:26,133[66152] - RobotTest_AcidicPlatform - INFO - human operating, fail to detect...
2026-01-14 14:33:36,145[66152] - RobotTest_AcidicPlatform - INFO - human operating, fail to detect...
2026-01-14 14:33:47,235[66152] - EC_Lab_Win11 - INFO - channel 1 is not open
2026-01-14 14:33:49,081[66152] - EC_Lab_Win11 - WARNING - cannot find ['channel_1_in.png', 'channel_1_in_ox.png', 'channel_1_in_red.png', 'channel_1_in_relax.png', 'channel_1_out.png', 'channel_1_out_ox.png', 'channel_1_out_red.png', 'channel_1_out_relax.png'] on screen
2026-01-14 14:33:53,690[66152] - EC_Lab_Win11 - WARNING - cannot find ['channel_1_in.png', 'channel_1_in_ox.png', 'channel_1_in_red.png', 'channel_1_in_relax.png', 'channel_1_out.png', 'channel_1_out_ox.png', 'channel_1_out_red.png', 'channel_1_out_relax.png'] on screen
2026-01-14 14:33:58,375[66152] - EC_Lab_Win11 - WARNING - cannot find ['channel_1_in.png', 'channel_1_in_ox.png', 'channel_1_in_red.png', 'channel_1_in_relax.png', 'channel_1_out.png', 'channel_1_out_ox.png', 'channel_1_out_red.png', 'channel_1_out_relax.png'] on screen
2026-01-14 14:34:02,995[66152] - EC_Lab_Win11 - WARNING - cannot find ['channel_1_in.png', 'channel_1_in_ox.png', 'channel_1_in_red.png', 'channel_1_in_relax.png', 'channel_1_out.png', 'channel_1_out_ox.png', 'channel_1_out_red.png', 'channel_1_out_relax.png'] on screen
2026-01-14 14:34:07,613[66152] - EC_Lab_Win11 - WARNING - cannot find ['channel_1_in.png', 'channel_1_in_ox.png', 'channel_1_in_red.png', 'channel_1_in_relax.png', 'channel_1_out.png', 'channel_1_out_ox.png', 'channel_1_out_red.png', 'channel_1_out_relax.png'] on screen
2026-01-14 14:34:12,212[66152] - EC_Lab_Win11 - WARNING - cannot find ['channel_1_in.png', 'channel_1_in_ox.png', 'channel_1_in_red.png', 'channel_1_in_relax.png', 'channel_1_out.png', 'channel_1_out_ox.png', 'channel_1_out_red.png', 'channel_1_out_relax.png'] on screen
2026-01-14 14:34:16,819[66152] - EC_Lab_Win11 - WARNING - cannot find ['channel_1_in.png', 'channel_1_in_ox.png', 'channel_1_in_red.png', 'channel_1_in_relax.png', 'channel_1_out.png', 'channel_1_out_ox.png', 'channel_1_out_red.png', 'channel_1_out_relax.png'] on screen
2026-01-14 14:34:21,425[66152] - EC_Lab_Win11 - WARNING - cannot find ['channel_1_in.png', 'channel_1_in_ox.png', 'channel_1_in_red.png', 'channel_1_in_relax.png', 'channel_1_out.png', 'channel_1_out_ox.png', 'channel_1_out_red.png', 'channel_1_out_relax.png'] on screen
2026-01-14 14:34:26,029[66152] - EC_Lab_Win11 - WARNING - cannot find ['channel_1_in.png', 'channel_1_in_ox.png', 'channel_1_in_red.png', 'channel_1_in_relax.png', 'channel_1_out.png', 'channel_1_out_ox.png', 'channel_1_out_red.png', 'channel_1_out_relax.png'] on screen
2026-01-14 14:34:30,649[66152] - EC_Lab_Win11 - WARNING - cannot find ['channel_1_in.png', 'channel_1_in_ox.png', 'channel_1_in_red.png', 'channel_1_in_relax.png', 'channel_1_out.png', 'channel_1_out_ox.png', 'channel_1_out_red.png', 'channel_1_out_relax.png'] on screen
2026-01-14 14:34:35,268[66152] - EC_Lab_Win11 - WARNING - cannot find ['channel_1_in.png', 'channel_1_in_ox.png', 'channel_1_in_red.png', 'channel_1_in_relax.png', 'channel_1_out.png', 'channel_1_out_ox.png', 'channel_1_out_red.png', 'channel_1_out_relax.png'] on screen
2026-01-14 14:34:39,877[66152] - EC_Lab_Win11 - WARNING - cannot find ['channel_1_in.png', 'channel_1_in_ox.png', 'channel_1_in_red.png', 'channel_1_in_relax.png', 'channel_1_out.png', 'channel_1_out_ox.png', 'channel_1_out_red.png', 'channel_1_out_relax.png'] on screen
2026-01-14 14:34:44,478[66152] - EC_Lab_Win11 - WARNING - cannot find ['channel_1_in.png', 'channel_1_in_ox.png', 'channel_1_in_red.png', 'channel_1_in_relax.png', 'channel_1_out.png', 'channel_1_out_ox.png', 'channel_1_out_red.png', 'channel_1_out_relax.png'] on screen
2026-01-14 14:34:49,085[66152] - EC_Lab_Win11 - WARNING - cannot find ['channel_1_in.png', 'channel_1_in_ox.png', 'channel_1_in_red.png', 'channel_1_in_relax.png', 'channel_1_out.png', 'channel_1_out_ox.png', 'channel_1_out_red.png', 'channel_1_out_relax.png'] on screen
2026-01-14 14:34:53,707[66152] - EC_Lab_Win11 - WARNING - cannot find ['channel_1_in.png', 'channel_1_in_ox.png', 'channel_1_in_red.png', 'channel_1_in_relax.png', 'channel_1_out.png', 'channel_1_out_ox.png', 'channel_1_out_red.png', 'channel_1_out_relax.png'] on screen
2026-01-14 14:34:58,314[66152] - EC_Lab_Win11 - WARNING - cannot find ['channel_1_in.png', 'channel_1_in_ox.png', 'channel_1_in_red.png', 'channel_1_in_relax.png', 'channel_1_out.png', 'channel_1_out_ox.png', 'channel_1_out_red.png', 'channel_1_out_relax.png'] on screen
2026-01-14 14:35:02,916[66152] - EC_Lab_Win11 - WARNING - cannot find ['channel_1_in.png', 'channel_1_in_ox.png', 'channel_1_in_red.png', 'channel_1_in_relax.png', 'channel_1_out.png', 'channel_1_out_ox.png', 'channel_1_out_red.png', 'channel_1_out_relax.png'] on screen
2026-01-14 14:35:07,519[66152] - EC_Lab_Win11 - WARNING - cannot find ['channel_1_in.png', 'channel_1_in_ox.png', 'channel_1_in_red.png', 'channel_1_in_relax.png', 'channel_1_out.png', 'channel_1_out_ox.png', 'channel_1_out_red.png', 'channel_1_out_relax.png'] on screen
2026-01-14 14:35:12,130[66152] - EC_Lab_Win11 - WARNING - cannot find ['channel_1_in.png', 'channel_1_in_ox.png', 'channel_1_in_red.png', 'channel_1_in_relax.png', 'channel_1_out.png', 'channel_1_out_ox.png', 'channel_1_out_red.png', 'channel_1_out_relax.png'] on screen
2026-01-14 14:35:16,865[66152] - EC_Lab_Win11 - INFO - attempting to open channel 1, trial 1 in 3 times...
2026-01-14 14:35:17,597[66152] - EC_Lab_Win11 - INFO - channel 1 is not open
2026-01-14 14:35:18,765[66152] - EC_Lab_Win11 - INFO - attempting to open channel 1, trial 2 in 3 times...
2026-01-14 14:37:23,798[66152] - EC_Lab_Win11 - INFO - test is complete
2026-01-14 14:37:23,799[66152] - RobotTest_AcidicPlatform - INFO - test pH12_FirstGen_sample#11_2026-01-14_14-17-50 finished
2026-01-14 14:37:23,987[66152] - OBS_Win - INFO - not in software yet
2026-01-14 14:37:24,311[66152] - OBS_Win - INFO - attempting to open OBS_Win, trial 1 in 3 times...
2026-01-14 14:37:27,833[66152] - OBS_Win - INFO - OBS_Win started
2026-01-14 14:37:27,833[66152] - RobotTest_AcidicPlatform - INFO - unloading the sample to rack_id #10...
2026-01-14 14:38:25,705[66152] - RobotTest_AcidicPlatform - INFO - sample successfully unloaded from the cell
2026-01-14 14:38:29,265[66152] - OBS_Win - INFO - OBS_Win stopped
2026-01-14 14:38:29,704[66152] - OBS_Win - WARNING - cannot find ['OBS_start_record.png'] on screen
2026-01-14 14:38:33,029[66152] - OBS_Win - INFO - OBS_Win started
2026-01-14 14:38:33,029[66152] - RobotTest_AcidicPlatform - INFO - loading the sample from rack_id #11...
2026-01-14 14:39:09,447[66152] - RobotTest_AcidicPlatform - INFO - sample successfully loaded into the cell
2026-01-14 14:39:09,985[66152] - OBS_Win - INFO - OBS_Win stopped
2026-01-14 14:39:13,221[66152] - EC_Lab_Win11 - INFO - not in software yet
2026-01-14 14:39:13,531[66152] - EC_Lab_Win11 - INFO - attempting to open EC_Lab_Win11, trial 1 in 3 times...
2026-01-14 14:39:59,577[66152] - EC_Lab_Win11 - INFO - test is complete
2026-01-14 14:39:59,577[66152] - RobotTest_AcidicPlatform - INFO - test pH12_FirstGen_sample#12_2026-01-14_14-38-29 finished
2026-01-14 14:39:59,775[66152] - OBS_Win - INFO - not in software yet
2026-01-14 14:40:00,108[66152] - OBS_Win - INFO - attempting to open OBS_Win, trial 1 in 3 times...
2026-01-14 14:40:03,652[66152] - OBS_Win - INFO - OBS_Win started
2026-01-14 14:40:03,652[66152] - RobotTest_AcidicPlatform - INFO - unloading the sample to rack_id #11...
2026-01-14 14:41:01,856[66152] - RobotTest_AcidicPlatform - INFO - sample successfully unloaded from the cell
2026-01-14 14:41:05,435[66152] - OBS_Win - INFO - OBS_Win stopped
2026-01-14 14:41:05,844[66152] - OBS_Win - WARNING - cannot find ['OBS_start_record.png'] on screen
2026-01-14 14:41:09,165[66152] - OBS_Win - INFO - OBS_Win started
2026-01-14 14:41:09,165[66152] - RobotTest_AcidicPlatform - INFO - loading the sample from rack_id #12...
2026-01-14 14:41:46,162[66152] - RobotTest_AcidicPlatform - INFO - sample successfully loaded into the cell
2026-01-14 14:41:46,749[66152] - OBS_Win - INFO - OBS_Win stopped
2026-01-14 14:41:49,979[66152] - EC_Lab_Win11 - INFO - not in software yet
2026-01-14 14:41:50,276[66152] - EC_Lab_Win11 - INFO - attempting to open EC_Lab_Win11, trial 1 in 3 times...
2026-01-14 14:51:58,780[66152] - RobotTest_AcidicPlatform - INFO - human operating, fail to detect...
2026-01-14 14:52:08,793[66152] - RobotTest_AcidicPlatform - INFO - human operating, fail to detect...
2026-01-14 14:52:18,800[66152] - RobotTest_AcidicPlatform - INFO - human operating, fail to detect...
2026-01-14 15:00:35,895[66152] - EC_Lab_Win11 - INFO - test is complete
2026-01-14 15:00:35,895[66152] - RobotTest_AcidicPlatform - INFO - test pH12_FirstGen_sample#13_2026-01-14_14-41-05 finished
2026-01-14 15:00:36,099[66152] - OBS_Win - INFO - not in software yet
2026-01-14 15:00:36,409[66152] - OBS_Win - INFO - attempting to open OBS_Win, trial 1 in 3 times...
2026-01-14 15:00:39,965[66152] - OBS_Win - INFO - OBS_Win started
2026-01-14 15:00:39,965[66152] - RobotTest_AcidicPlatform - INFO - unloading the sample to rack_id #12...
2026-01-14 15:01:38,748[66152] - RobotTest_AcidicPlatform - INFO - sample successfully unloaded from the cell
2026-01-14 15:01:42,381[66152] - OBS_Win - INFO - OBS_Win stopped
2026-01-14 15:01:42,864[66152] - OBS_Win - WARNING - cannot find ['OBS_start_record.png'] on screen
2026-01-14 15:01:46,207[66152] - OBS_Win - INFO - OBS_Win started
2026-01-14 15:01:46,207[66152] - RobotTest_AcidicPlatform - INFO - loading the sample from rack_id #13...
2026-01-14 15:02:23,492[66152] - RobotTest_AcidicPlatform - INFO - sample successfully loaded into the cell
2026-01-14 15:02:24,076[66152] - OBS_Win - INFO - OBS_Win stopped
2026-01-14 15:02:27,313[66152] - EC_Lab_Win11 - INFO - not in software yet
2026-01-14 15:02:27,627[66152] - EC_Lab_Win11 - INFO - attempting to open EC_Lab_Win11, trial 1 in 3 times...
2026-01-14 15:21:18,518[66152] - EC_Lab_Win11 - INFO - test is complete
2026-01-14 15:21:18,518[66152] - RobotTest_AcidicPlatform - INFO - test pH12_FirstGen_sample#14_2026-01-14_15-01-42 finished
2026-01-14 15:21:18,723[66152] - OBS_Win - INFO - not in software yet
2026-01-14 15:21:19,034[66152] - OBS_Win - INFO - attempting to open OBS_Win, trial 1 in 3 times...
2026-01-14 15:21:22,602[66152] - OBS_Win - INFO - OBS_Win started
2026-01-14 15:21:22,602[66152] - RobotTest_AcidicPlatform - INFO - unloading the sample to rack_id #13...
2026-01-14 15:22:21,859[66152] - RobotTest_AcidicPlatform - INFO - sample successfully unloaded from the cell
2026-01-14 15:22:25,467[66152] - OBS_Win - INFO - OBS_Win stopped
2026-01-14 15:22:25,942[66152] - OBS_Win - WARNING - cannot find ['OBS_start_record.png'] on screen
2026-01-14 15:22:29,260[66152] - OBS_Win - INFO - OBS_Win started
2026-01-14 15:22:29,260[66152] - RobotTest_AcidicPlatform - INFO - loading the sample from rack_id #14...
2026-01-14 15:23:07,038[66152] - RobotTest_AcidicPlatform - INFO - sample successfully loaded into the cell
2026-01-14 15:23:07,624[66152] - OBS_Win - INFO - OBS_Win stopped
2026-01-14 15:23:10,863[66152] - EC_Lab_Win11 - INFO - not in software yet
2026-01-14 15:23:11,185[66152] - EC_Lab_Win11 - INFO - attempting to open EC_Lab_Win11, trial 1 in 3 times...
2026-01-14 15:29:13,371[66152] - EC_Lab_Win11 - INFO - not in software yet
2026-01-14 15:29:13,706[66152] - EC_Lab_Win11 - INFO - attempting to open EC_Lab_Win11, trial 1 in 3 times...
2026-01-14 15:42:05,499[66152] - EC_Lab_Win11 - INFO - test is complete
2026-01-14 15:42:05,499[66152] - RobotTest_AcidicPlatform - INFO - test pH12_FirstGen_sample#15_2026-01-14_15-22-25 finished
2026-01-14 15:42:05,694[66152] - OBS_Win - INFO - not in software yet
2026-01-14 15:42:06,019[66152] - OBS_Win - INFO - attempting to open OBS_Win, trial 1 in 3 times...
2026-01-14 15:42:09,576[66152] - OBS_Win - INFO - OBS_Win started
2026-01-14 15:42:09,576[66152] - RobotTest_AcidicPlatform - INFO - unloading the sample to rack_id #14...
2026-01-14 15:43:09,027[66152] - RobotTest_AcidicPlatform - INFO - sample successfully unloaded from the cell
2026-01-14 15:43:12,598[66152] - OBS_Win - INFO - OBS_Win stopped
2026-01-14 15:43:13,041[66152] - OBS_Win - WARNING - cannot find ['OBS_start_record.png'] on screen
2026-01-14 15:43:16,377[66152] - OBS_Win - INFO - OBS_Win started
2026-01-14 15:43:16,377[66152] - RobotTest_AcidicPlatform - INFO - loading the sample from rack_id #15...
2026-01-14 15:43:54,460[66152] - RobotTest_AcidicPlatform - INFO - sample successfully loaded into the cell
2026-01-14 15:43:55,029[66152] - OBS_Win - INFO - OBS_Win stopped
2026-01-14 15:43:58,278[66152] - EC_Lab_Win11 - INFO - not in software yet
2026-01-14 15:43:58,591[66152] - EC_Lab_Win11 - INFO - attempting to open EC_Lab_Win11, trial 1 in 3 times...
2026-01-14 16:02:49,352[66152] - EC_Lab_Win11 - INFO - test is complete
2026-01-14 16:02:49,352[66152] - RobotTest_AcidicPlatform - INFO - test pH12_FirstGen_sample#16_2026-01-14_15-43-12 finished
2026-01-14 16:02:49,554[66152] - OBS_Win - INFO - not in software yet
2026-01-14 16:02:49,884[66152] - OBS_Win - INFO - attempting to open OBS_Win, trial 1 in 3 times...
2026-01-14 16:02:53,444[66152] - OBS_Win - INFO - OBS_Win started
2026-01-14 16:02:53,444[66152] - RobotTest_AcidicPlatform - INFO - unloading the sample to rack_id #15...
2026-01-14 16:03:53,615[66152] - RobotTest_AcidicPlatform - INFO - sample successfully unloaded from the cell
2026-01-14 16:03:57,243[66152] - OBS_Win - INFO - OBS_Win stopped
2026-01-14 16:03:57,698[66152] - OBS_Win - WARNING - cannot find ['OBS_start_record.png'] on screen
2026-01-14 16:04:01,034[66152] - OBS_Win - INFO - OBS_Win started
2026-01-14 16:04:01,034[66152] - RobotTest_AcidicPlatform - INFO - loading the sample from rack_id #16...
2026-01-14 16:04:39,610[66152] - RobotTest_AcidicPlatform - INFO - sample successfully loaded into the cell
2026-01-14 16:04:40,196[66152] - OBS_Win - INFO - OBS_Win stopped
2026-01-14 16:04:43,451[66152] - EC_Lab_Win11 - INFO - not in software yet
2026-01-14 16:04:43,762[66152] - EC_Lab_Win11 - INFO - attempting to open EC_Lab_Win11, trial 1 in 3 times...
2026-01-14 16:23:34,482[66152] - EC_Lab_Win11 - INFO - test is complete
2026-01-14 16:23:34,482[66152] - RobotTest_AcidicPlatform - INFO - test pH12_FirstGen_sample#17_2026-01-14_16-03-57 finished
2026-01-14 16:23:34,686[66152] - OBS_Win - INFO - not in software yet
2026-01-14 16:23:35,010[66152] - OBS_Win - INFO - attempting to open OBS_Win, trial 1 in 3 times...
2026-01-14 16:23:38,570[66152] - OBS_Win - INFO - OBS_Win started
2026-01-14 16:23:38,570[66152] - RobotTest_AcidicPlatform - INFO - unloading the sample to rack_id #16...
2026-01-14 16:24:39,134[66152] - RobotTest_AcidicPlatform - INFO - sample successfully unloaded from the cell
2026-01-14 16:24:42,757[66152] - OBS_Win - INFO - OBS_Win stopped
2026-01-14 16:24:43,237[66152] - OBS_Win - WARNING - cannot find ['OBS_start_record.png'] on screen
2026-01-14 16:24:46,581[66152] - OBS_Win - INFO - OBS_Win started
2026-01-14 16:24:46,581[66152] - RobotTest_AcidicPlatform - INFO - loading the sample from rack_id #17...
2026-01-14 16:25:25,628[66152] - RobotTest_AcidicPlatform - INFO - sample successfully loaded into the cell
2026-01-14 16:25:26,214[66152] - OBS_Win - INFO - OBS_Win stopped
2026-01-14 16:25:29,461[66152] - EC_Lab_Win11 - INFO - not in software yet
2026-01-14 16:25:29,773[66152] - EC_Lab_Win11 - INFO - attempting to open EC_Lab_Win11, trial 1 in 3 times...
2026-01-14 16:44:20,421[66152] - EC_Lab_Win11 - INFO - test is complete
2026-01-14 16:44:20,421[66152] - RobotTest_AcidicPlatform - INFO - test pH12_FirstGen_sample#18_2026-01-14_16-24-42 finished
2026-01-14 16:44:20,626[66152] - OBS_Win - INFO - not in software yet
2026-01-14 16:44:20,953[66152] - OBS_Win - INFO - attempting to open OBS_Win, trial 1 in 3 times...
2026-01-14 16:44:24,518[66152] - OBS_Win - INFO - OBS_Win started
2026-01-14 16:44:24,518[66152] - RobotTest_AcidicPlatform - INFO - unloading the sample to rack_id #17...
2026-01-14 16:45:25,392[66152] - RobotTest_AcidicPlatform - INFO - sample successfully unloaded from the cell
2026-01-14 16:45:28,962[66152] - OBS_Win - INFO - OBS_Win stopped
2026-01-14 16:45:29,414[66152] - OBS_Win - WARNING - cannot find ['OBS_start_record.png'] on screen
2026-01-14 16:45:32,743[66152] - OBS_Win - INFO - OBS_Win started
2026-01-14 16:45:32,743[66152] - RobotTest_AcidicPlatform - INFO - loading the sample from rack_id #18...
2026-01-14 16:46:12,393[66152] - RobotTest_AcidicPlatform - INFO - sample successfully loaded into the cell
2026-01-14 16:46:12,961[66152] - OBS_Win - INFO - OBS_Win stopped
2026-01-14 16:46:16,198[66152] - EC_Lab_Win11 - INFO - not in software yet
2026-01-14 16:46:16,520[66152] - EC_Lab_Win11 - INFO - attempting to open EC_Lab_Win11, trial 1 in 3 times...
2026-01-14 17:05:07,152[66152] - EC_Lab_Win11 - INFO - test is complete
2026-01-14 17:05:07,152[66152] - RobotTest_AcidicPlatform - INFO - test pH12_FirstGen_sample#19_2026-01-14_16-45-28 finished
2026-01-14 17:05:07,362[66152] - OBS_Win - INFO - not in software yet
2026-01-14 17:05:07,694[66152] - OBS_Win - INFO - attempting to open OBS_Win, trial 1 in 3 times...
2026-01-14 17:05:11,271[66152] - OBS_Win - INFO - OBS_Win started
2026-01-14 17:05:11,271[66152] - RobotTest_AcidicPlatform - INFO - unloading the sample to rack_id #18...
2026-01-14 17:06:12,707[66152] - RobotTest_AcidicPlatform - INFO - sample successfully unloaded from the cell
2026-01-14 17:06:16,313[66152] - OBS_Win - INFO - OBS_Win stopped
2026-01-14 17:06:16,788[66152] - OBS_Win - WARNING - cannot find ['OBS_start_record.png'] on screen
2026-01-14 17:06:20,125[66152] - OBS_Win - INFO - OBS_Win started
2026-01-14 17:06:20,126[66152] - RobotTest_AcidicPlatform - INFO - loading the sample from rack_id #19...
2026-01-14 17:07:00,017[66152] - RobotTest_AcidicPlatform - INFO - sample successfully loaded into the cell
2026-01-14 17:07:00,619[66152] - OBS_Win - INFO - OBS_Win stopped
2026-01-14 17:07:03,860[66152] - EC_Lab_Win11 - INFO - not in software yet
2026-01-14 17:07:04,179[66152] - EC_Lab_Win11 - INFO - attempting to open EC_Lab_Win11, trial 1 in 3 times...
2026-01-14 17:08:11,755[66152] - RobotTest_AcidicPlatform - INFO - human operating, fail to detect...
2026-01-14 17:08:21,758[66152] - RobotTest_AcidicPlatform - INFO - human operating, fail to detect...
2026-01-14 17:08:31,759[66152] - RobotTest_AcidicPlatform - INFO - human operating, fail to detect...
2026-01-14 17:08:41,762[66152] - RobotTest_AcidicPlatform - INFO - human operating, fail to detect...
2026-01-14 17:08:51,774[66152] - RobotTest_AcidicPlatform - INFO - human operating, fail to detect...
2026-01-14 17:09:01,775[66152] - RobotTest_AcidicPlatform - INFO - human operating, fail to detect...
2026-01-14 17:09:11,782[66152] - RobotTest_AcidicPlatform - INFO - human operating, fail to detect...
2026-01-14 17:09:22,646[66152] - EC_Lab_Win11 - INFO - not in software yet
2026-01-14 17:09:22,964[66152] - EC_Lab_Win11 - INFO - attempting to open EC_Lab_Win11, trial 1 in 3 times...
2026-01-14 17:10:10,550[66152] - RobotTest_AcidicPlatform - INFO - human operating, fail to detect...
2026-01-14 17:10:20,561[66152] - RobotTest_AcidicPlatform - INFO - human operating, fail to detect...
2026-01-14 17:10:30,561[66152] - RobotTest_AcidicPlatform - INFO - human operating, fail to detect...
2026-01-14 17:10:41,457[66152] - EC_Lab_Win11 - INFO - not in software yet
2026-01-14 17:10:41,773[66152] - EC_Lab_Win11 - INFO - attempting to open EC_Lab_Win11, trial 1 in 3 times...
2026-01-14 17:14:52,622[66152] - RobotTest_AcidicPlatform - INFO - human operating, fail to detect...
2026-01-14 17:15:02,630[66152] - RobotTest_AcidicPlatform - INFO - human operating, fail to detect...
2026-01-14 17:15:12,641[66152] - RobotTest_AcidicPlatform - INFO - human operating, fail to detect...
2026-01-14 17:15:22,645[66152] - RobotTest_AcidicPlatform - INFO - human operating, fail to detect...
2026-01-14 17:15:33,518[66152] - EC_Lab_Win11 - INFO - not in software yet
2026-01-14 17:15:33,864[66152] - EC_Lab_Win11 - INFO - attempting to open EC_Lab_Win11, trial 1 in 3 times...
2026-01-14 17:15:37,171[66152] - EC_Lab_Win11 - INFO - not in software yet
2026-01-14 17:15:37,535[66152] - EC_Lab_Win11 - INFO - attempting to open EC_Lab_Win11, trial 2 in 3 times...
2026-01-14 17:17:11,264[66152] - EC_Lab_Win11 - INFO - not in software yet
2026-01-14 17:17:11,577[66152] - EC_Lab_Win11 - INFO - attempting to open EC_Lab_Win11, trial 1 in 3 times...
2026-01-14 17:17:14,861[66152] - EC_Lab_Win11 - INFO - not in software yet
2026-01-14 17:17:15,230[66152] - EC_Lab_Win11 - INFO - attempting to open EC_Lab_Win11, trial 2 in 3 times...
2026-01-14 17:25:58,321[66152] - EC_Lab_Win11 - INFO - test is complete
2026-01-14 17:25:58,321[66152] - RobotTest_AcidicPlatform - INFO - test pH12_FirstGen_sample#20_2026-01-14_17-06-16 finished
2026-01-14 17:25:58,530[66152] - OBS_Win - INFO - not in software yet
2026-01-14 17:25:58,845[66152] - OBS_Win - INFO - attempting to open OBS_Win, trial 1 in 3 times...
2026-01-14 17:26:02,408[66152] - OBS_Win - INFO - OBS_Win started
2026-01-14 17:26:02,408[66152] - RobotTest_AcidicPlatform - INFO - unloading the sample to rack_id #19...
2026-01-14 17:27:04,214[66152] - RobotTest_AcidicPlatform - INFO - sample successfully unloaded from the cell
2026-01-14 17:27:07,813[66152] - OBS_Win - INFO - OBS_Win stopped
2026-01-14 17:27:08,275[66152] - OBS_Win - WARNING - cannot find ['OBS_start_record.png'] on screen
2026-01-14 17:27:11,620[66152] - OBS_Win - INFO - OBS_Win started
2026-01-14 17:27:11,620[66152] - RobotTest_AcidicPlatform - INFO - loading the sample from rack_id #20...
2026-01-14 17:27:51,956[66152] - RobotTest_AcidicPlatform - INFO - sample successfully loaded into the cell
2026-01-14 17:27:52,496[66152] - OBS_Win - INFO - OBS_Win stopped
2026-01-14 17:27:55,742[66152] - EC_Lab_Win11 - INFO - not in software yet
2026-01-14 17:27:56,053[66152] - EC_Lab_Win11 - INFO - attempting to open EC_Lab_Win11, trial 1 in 3 times...
2026-01-14 17:46:46,268[66152] - EC_Lab_Win11 - INFO - test is complete
2026-01-14 17:46:46,268[66152] - RobotTest_AcidicPlatform - INFO - test pH12_FirstGen_sample#21_2026-01-14_17-27-07 finished
2026-01-14 17:46:46,471[66152] - OBS_Win - INFO - not in software yet
2026-01-14 17:46:46,782[66152] - OBS_Win - INFO - attempting to open OBS_Win, trial 1 in 3 times...
2026-01-14 17:46:50,346[66152] - OBS_Win - INFO - OBS_Win started
2026-01-14 17:46:50,346[66152] - RobotTest_AcidicPlatform - INFO - unloading the sample to rack_id #20...
2026-01-14 17:47:52,494[66152] - RobotTest_AcidicPlatform - INFO - sample successfully unloaded from the cell
2026-01-14 17:47:56,066[66152] - OBS_Win - INFO - OBS_Win stopped
2026-01-14 17:47:56,540[66152] - OBS_Win - WARNING - cannot find ['OBS_start_record.png'] on screen
2026-01-14 17:47:59,877[66152] - OBS_Win - INFO - OBS_Win started
2026-01-14 17:47:59,877[66152] - RobotTest_AcidicPlatform - INFO - loading the sample from rack_id #21...
2026-01-14 17:48:40,707[66152] - RobotTest_AcidicPlatform - INFO - sample successfully loaded into the cell
2026-01-14 17:48:41,274[66152] - OBS_Win - INFO - OBS_Win stopped
2026-01-14 17:48:44,519[66152] - EC_Lab_Win11 - INFO - not in software yet
2026-01-14 17:48:44,844[66152] - EC_Lab_Win11 - INFO - attempting to open EC_Lab_Win11, trial 1 in 3 times...
2026-01-14 18:05:53,058[66152] - EC_Lab_Win11 - INFO - not in software yet
2026-01-14 18:05:53,381[66152] - EC_Lab_Win11 - INFO - attempting to open EC_Lab_Win11, trial 1 in 3 times...
2026-01-14 18:07:38,634[66152] - EC_Lab_Win11 - INFO - test is complete
2026-01-14 18:07:38,634[66152] - RobotTest_AcidicPlatform - INFO - test pH12_FirstGen_sample#22_2026-01-14_17-47-56 finished
2026-01-14 18:07:38,841[66152] - OBS_Win - INFO - not in software yet
2026-01-14 18:07:39,177[66152] - OBS_Win - INFO - attempting to open OBS_Win, trial 1 in 3 times...
2026-01-14 18:07:42,716[66152] - OBS_Win - INFO - OBS_Win started
2026-01-14 18:07:42,716[66152] - RobotTest_AcidicPlatform - INFO - unloading the sample to rack_id #21...
2026-01-14 18:08:45,362[66152] - RobotTest_AcidicPlatform - INFO - sample successfully unloaded from the cell
2026-01-14 18:08:48,914[66152] - OBS_Win - INFO - OBS_Win stopped
2026-01-14 18:08:49,363[66152] - OBS_Win - WARNING - cannot find ['OBS_start_record.png'] on screen
2026-01-14 18:08:52,695[66152] - OBS_Win - INFO - OBS_Win started
2026-01-14 18:08:52,695[66152] - RobotTest_AcidicPlatform - INFO - loading the sample from rack_id #22...
2026-01-14 18:09:33,786[66152] - RobotTest_AcidicPlatform - INFO - sample successfully loaded into the cell
2026-01-14 18:09:34,355[66152] - OBS_Win - INFO - OBS_Win stopped
2026-01-14 18:09:37,605[66152] - EC_Lab_Win11 - INFO - not in software yet
2026-01-14 18:09:37,912[66152] - EC_Lab_Win11 - INFO - attempting to open EC_Lab_Win11, trial 1 in 3 times...
2026-01-14 18:10:22,916[66152] - RobotTest_AcidicPlatform - INFO - human operating, fail to detect...
2026-01-14 18:10:32,919[66152] - RobotTest_AcidicPlatform - INFO - human operating, fail to detect...
2026-01-14 18:10:42,933[66152] - RobotTest_AcidicPlatform - INFO - human operating, fail to detect...
2026-01-14 18:10:52,940[66152] - RobotTest_AcidicPlatform - INFO - human operating, fail to detect...
2026-01-14 18:11:02,946[66152] - RobotTest_AcidicPlatform - INFO - human operating, fail to detect...
2026-01-14 18:11:12,953[66152] - RobotTest_AcidicPlatform - INFO - human operating, fail to detect...
2026-01-14 18:11:22,964[66152] - RobotTest_AcidicPlatform - INFO - human operating, fail to detect...
2026-01-14 18:11:32,964[66152] - RobotTest_AcidicPlatform - INFO - human operating, fail to detect...
2026-01-14 18:11:42,979[66152] - RobotTest_AcidicPlatform - INFO - human operating, fail to detect...
2026-01-14 18:11:52,993[66152] - RobotTest_AcidicPlatform - INFO - human operating, fail to detect...
2026-01-14 18:12:02,997[66152] - RobotTest_AcidicPlatform - INFO - human operating, fail to detect...
2026-01-14 18:12:12,999[66152] - RobotTest_AcidicPlatform - INFO - human operating, fail to detect...
2026-01-14 18:12:23,009[66152] - RobotTest_AcidicPlatform - INFO - human operating, fail to detect...
2026-01-14 18:12:33,025[66152] - RobotTest_AcidicPlatform - INFO - human operating, fail to detect...
2026-01-14 18:12:43,034[66152] - RobotTest_AcidicPlatform - INFO - human operating, fail to detect...
2026-01-14 18:12:53,042[66152] - RobotTest_AcidicPlatform - INFO - human operating, fail to detect...
2026-01-14 18:13:03,049[66152] - RobotTest_AcidicPlatform - INFO - human operating, fail to detect...
2026-01-14 18:13:13,057[66152] - RobotTest_AcidicPlatform - INFO - human operating, fail to detect...
2026-01-14 18:13:23,071[66152] - RobotTest_AcidicPlatform - INFO - human operating, fail to detect...
2026-01-14 18:13:33,075[66152] - RobotTest_AcidicPlatform - INFO - human operating, fail to detect...
2026-01-14 18:13:43,089[66152] - RobotTest_AcidicPlatform - INFO - human operating, fail to detect...
2026-01-14 18:13:54,062[66152] - EC_Lab_Win11 - INFO - not in software yet
2026-01-14 18:13:54,400[66152] - EC_Lab_Win11 - INFO - attempting to open EC_Lab_Win11, trial 1 in 3 times...
2026-01-14 18:14:08,061[66152] - RobotTest_AcidicPlatform - INFO - human operating, fail to detect...
2026-01-14 18:14:18,070[66152] - RobotTest_AcidicPlatform - INFO - human operating, fail to detect...
2026-01-14 18:14:28,086[66152] - RobotTest_AcidicPlatform - INFO - human operating, fail to detect...
2026-01-14 18:18:23,825[66152] - RobotTest_AcidicPlatform - INFO - human operating, fail to detect...
2026-01-14 18:18:33,826[66152] - RobotTest_AcidicPlatform - INFO - human operating, fail to detect...
2026-01-14 18:18:44,785[66152] - EC_Lab_Win11 - INFO - not in software yet
2026-01-14 18:18:45,116[66152] - EC_Lab_Win11 - INFO - attempting to open EC_Lab_Win11, trial 1 in 3 times...
2026-01-14 18:18:58,788[66152] - RobotTest_AcidicPlatform - INFO - human operating, fail to detect...
2026-01-14 18:19:09,743[66152] - EC_Lab_Win11 - INFO - not in software yet
2026-01-14 18:19:10,091[66152] - EC_Lab_Win11 - INFO - attempting to open EC_Lab_Win11, trial 1 in 3 times...
2026-01-14 18:19:23,760[66152] - RobotTest_AcidicPlatform - INFO - human operating, fail to detect...
2026-01-14 18:19:33,775[66152] - RobotTest_AcidicPlatform - INFO - human operating, fail to detect...
2026-01-14 18:19:43,788[66152] - RobotTest_AcidicPlatform - INFO - human operating, fail to detect...
2026-01-14 18:19:53,790[66152] - RobotTest_AcidicPlatform - INFO - human operating, fail to detect...
2026-01-14 18:20:03,802[66152] - RobotTest_AcidicPlatform - INFO - human operating, fail to detect...
2026-01-14 18:20:13,814[66152] - RobotTest_AcidicPlatform - INFO - human operating, fail to detect...
2026-01-14 18:24:08,555[66152] - RobotTest_AcidicPlatform - INFO - human operating, fail to detect...
2026-01-14 18:24:18,558[66152] - RobotTest_AcidicPlatform - INFO - human operating, fail to detect...
2026-01-14 18:24:28,561[66152] - RobotTest_AcidicPlatform - INFO - human operating, fail to detect...
2026-01-14 18:24:38,563[66152] - RobotTest_AcidicPlatform - INFO - human operating, fail to detect...
2026-01-14 18:24:48,567[66152] - RobotTest_AcidicPlatform - INFO - human operating, fail to detect...
2026-01-14 18:24:58,580[66152] - RobotTest_AcidicPlatform - INFO - human operating, fail to detect...
2026-01-14 18:25:08,584[66152] - RobotTest_AcidicPlatform - INFO - human operating, fail to detect...
2026-01-14 18:25:18,593[66152] - RobotTest_AcidicPlatform - INFO - human operating, fail to detect...
2026-01-14 18:25:28,607[66152] - RobotTest_AcidicPlatform - INFO - human operating, fail to detect...
2026-01-14 18:25:38,612[66152] - RobotTest_AcidicPlatform - INFO - human operating, fail to detect...
2026-01-14 18:28:27,187[66152] - EC_Lab_Win11 - INFO - test is complete
2026-01-14 18:28:27,187[66152] - RobotTest_AcidicPlatform - INFO - test pH12_FirstGen_sample#23_2026-01-14_18-08-48 finished
2026-01-14 18:28:27,406[66152] - OBS_Win - INFO - not in software yet
2026-01-14 18:28:27,710[66152] - OBS_Win - INFO - attempting to open OBS_Win, trial 1 in 3 times...
2026-01-14 18:28:31,238[66152] - OBS_Win - INFO - OBS_Win started
2026-01-14 18:28:31,238[66152] - RobotTest_AcidicPlatform - INFO - unloading the sample to rack_id #22...
2026-01-14 18:29:34,190[66152] - RobotTest_AcidicPlatform - INFO - sample successfully unloaded from the cell
2026-01-14 18:29:37,753[66152] - OBS_Win - INFO - OBS_Win stopped
2026-01-14 18:29:38,176[66152] - OBS_Win - WARNING - cannot find ['OBS_start_record.png'] on screen
2026-01-14 18:29:41,503[66152] - OBS_Win - INFO - OBS_Win started
2026-01-14 18:29:41,503[66152] - RobotTest_AcidicPlatform - INFO - loading the sample from rack_id #23...
2026-01-14 18:30:23,072[66152] - RobotTest_AcidicPlatform - INFO - sample successfully loaded into the cell
2026-01-14 18:30:23,612[66152] - OBS_Win - INFO - OBS_Win stopped
2026-01-14 18:30:26,847[66152] - EC_Lab_Win11 - INFO - not in software yet
2026-01-14 18:30:27,149[66152] - EC_Lab_Win11 - INFO - attempting to open EC_Lab_Win11, trial 1 in 3 times...
2026-01-14 18:49:15,172[66152] - EC_Lab_Win11 - INFO - test is complete
2026-01-14 18:49:15,172[66152] - RobotTest_AcidicPlatform - INFO - test pH12_FirstGen_sample#24_2026-01-14_18-29-37 finished
2026-01-14 18:49:15,374[66152] - OBS_Win - INFO - not in software yet
2026-01-14 18:49:15,690[66152] - OBS_Win - INFO - attempting to open OBS_Win, trial 1 in 3 times...
2026-01-14 18:49:19,249[66152] - OBS_Win - INFO - OBS_Win started
2026-01-14 18:49:19,249[66152] - RobotTest_AcidicPlatform - INFO - unloading the sample to rack_id #23...
2026-01-14 18:50:22,760[66152] - RobotTest_AcidicPlatform - INFO - sample successfully unloaded from the cell
2026-01-14 18:50:26,367[66152] - OBS_Win - INFO - OBS_Win stopped
2026-01-14 18:50:26,827[66152] - OBS_Win - WARNING - cannot find ['OBS_start_record.png'] on screen
2026-01-14 18:50:30,148[66152] - OBS_Win - INFO - OBS_Win started
2026-01-14 18:50:30,148[66152] - RobotTest_AcidicPlatform - INFO - loading the sample from rack_id #24...
2026-01-14 18:51:12,215[66152] - RobotTest_AcidicPlatform - INFO - sample successfully loaded into the cell
2026-01-14 18:51:12,801[66152] - OBS_Win - INFO - OBS_Win stopped
2026-01-14 18:51:16,047[66152] - EC_Lab_Win11 - INFO - not in software yet
2026-01-14 18:51:16,363[66152] - EC_Lab_Win11 - INFO - attempting to open EC_Lab_Win11, trial 1 in 3 times...
2026-01-14 19:10:07,018[66152] - EC_Lab_Win11 - INFO - test is complete
2026-01-14 19:10:07,018[66152] - RobotTest_AcidicPlatform - INFO - test pH12_FirstGen_sample#25_2026-01-14_18-50-26 finished
2026-01-14 19:10:07,224[66152] - OBS_Win - INFO - not in software yet
2026-01-14 19:10:07,542[66152] - OBS_Win - INFO - attempting to open OBS_Win, trial 1 in 3 times...
2026-01-14 19:10:11,098[66152] - OBS_Win - INFO - OBS_Win started
2026-01-14 19:10:11,098[66152] - RobotTest_AcidicPlatform - INFO - unloading the sample to rack_id #24...
2026-01-14 19:11:14,982[66152] - RobotTest_AcidicPlatform - INFO - sample successfully unloaded from the cell
2026-01-14 19:11:18,611[66152] - OBS_Win - INFO - OBS_Win stopped
2026-01-14 19:11:19,084[66152] - OBS_Win - WARNING - cannot find ['OBS_start_record.png'] on screen
2026-01-14 19:11:22,420[66152] - OBS_Win - INFO - OBS_Win started
2026-01-14 19:11:22,420[66152] - RobotTest_AcidicPlatform - INFO - loading the sample from rack_id #25...
2026-01-14 19:12:04,770[66152] - RobotTest_AcidicPlatform - INFO - sample successfully loaded into the cell
2026-01-14 19:12:05,354[66152] - OBS_Win - INFO - OBS_Win stopped
2026-01-14 19:12:08,592[66152] - EC_Lab_Win11 - INFO - not in software yet
2026-01-14 19:12:08,914[66152] - EC_Lab_Win11 - INFO - attempting to open EC_Lab_Win11, trial 1 in 3 times...
2026-01-14 19:30:59,617[66152] - EC_Lab_Win11 - INFO - test is complete
2026-01-14 19:30:59,617[66152] - RobotTest_AcidicPlatform - INFO - test pH12_FirstGen_sample#26_2026-01-14_19-11-18 finished
2026-01-14 19:30:59,828[66152] - OBS_Win - INFO - not in software yet
2026-01-14 19:31:00,177[66152] - OBS_Win - INFO - attempting to open OBS_Win, trial 1 in 3 times...
2026-01-14 19:31:03,735[66152] - OBS_Win - INFO - OBS_Win started
2026-01-14 19:31:03,735[66152] - RobotTest_AcidicPlatform - INFO - unloading the sample to rack_id #25...
2026-01-14 19:32:08,091[66152] - RobotTest_AcidicPlatform - INFO - sample successfully unloaded from the cell
2026-01-14 19:32:11,710[66152] - OBS_Win - INFO - OBS_Win stopped
2026-01-14 19:32:12,174[66152] - OBS_Win - WARNING - cannot find ['OBS_start_record.png'] on screen
2026-01-14 19:32:15,508[66152] - OBS_Win - INFO - OBS_Win started
2026-01-14 19:32:15,508[66152] - RobotTest_AcidicPlatform - INFO - loading the sample from rack_id #26...
2026-01-14 19:32:58,404[66152] - RobotTest_AcidicPlatform - INFO - sample successfully loaded into the cell
2026-01-14 19:32:58,987[66152] - OBS_Win - INFO - OBS_Win stopped
2026-01-14 19:33:02,230[66152] - EC_Lab_Win11 - INFO - not in software yet
2026-01-14 19:33:02,543[66152] - EC_Lab_Win11 - INFO - attempting to open EC_Lab_Win11, trial 1 in 3 times...
2026-01-14 19:51:52,955[66152] - EC_Lab_Win11 - INFO - test is complete
2026-01-14 19:51:52,955[66152] - RobotTest_AcidicPlatform - INFO - test pH12_FirstGen_sample#27_2026-01-14_19-32-11 finished
2026-01-14 19:51:53,153[66152] - OBS_Win - INFO - not in software yet
2026-01-14 19:51:53,485[66152] - OBS_Win - INFO - attempting to open OBS_Win, trial 1 in 3 times...
2026-01-14 19:51:57,069[66152] - OBS_Win - INFO - OBS_Win started
2026-01-14 19:51:57,069[66152] - RobotTest_AcidicPlatform - INFO - unloading the sample to rack_id #26...
2026-01-14 19:53:01,995[66152] - RobotTest_AcidicPlatform - INFO - sample successfully unloaded from the cell
2026-01-14 19:53:05,631[66152] - OBS_Win - INFO - OBS_Win stopped
