2025-11-13 14:10:16,136[9784] - RobotTest_AcidicPlatform - INFO - started a batch of test, with sample_rack_id : sample_id = {0: '1', 1: '2', 2: '4', 3: '5', 4: '6', 5: '8', 6: '910', 7: '11', 8: '12', 9: '13', 10: '14', 11: '17', 12: '18', 13: '19', 14: '20', 15: '21', 16: '22', 17: '23'}
2025-11-13 14:10:22,188[9784] - OBS_Win - INFO - not in software yet
2025-11-13 14:10:22,524[9784] - OBS_Win - INFO - attempting to open OBS_Win, trial 1 in 3 times...
2025-11-13 14:10:26,165[9784] - OBS_Win - INFO - OBS_Win started
2025-11-13 14:10:26,165[9784] - RobotTest_AcidicPlatform - INFO - loading the sample from rack_id #0...
2025-11-13 14:11:05,382[9784] - RobotTest_AcidicPlatform - INFO - sample successfully loaded into the cell
2025-11-13 14:11:06,077[9784] - OBS_Win - INFO - OBS_Win stopped
2025-11-13 14:11:09,353[9784] - EC_Lab_Win11 - INFO - not in software yet
2025-11-13 14:11:09,696[9784] - EC_Lab_Win11 - INFO - attempting to open EC_Lab_Win11, trial 1 in 3 times...
2025-11-13 15:26:35,089[9784] - EC_Lab_Win11 - INFO - test is complete
2025-11-13 15:26:35,089[9784] - RobotTest_AcidicPlatform - INFO - test Honda_HER_Boride_ionomer_sample#1_2025-11-13_14-10-21 finished
2025-11-13 15:26:35,318[9784] - OBS_Win - INFO - not in software yet
2025-11-13 15:26:35,642[9784] - OBS_Win - INFO - attempting to open OBS_Win, trial 1 in 3 times...
2025-11-13 15:26:39,262[9784] - OBS_Win - INFO - OBS_Win started
2025-11-13 15:26:39,262[9784] - RobotTest_AcidicPlatform - INFO - unloading the sample to rack_id #0...
2025-11-13 15:27:38,579[9784] - RobotTest_AcidicPlatform - INFO - sample successfully unloaded from the cell
2025-11-13 15:27:42,237[9784] - OBS_Win - INFO - OBS_Win stopped
2025-11-13 15:27:42,725[9784] - OBS_Win - WARNING - cannot find ['OBS_start_record.png'] on screen
2025-11-13 15:27:46,090[9784] - OBS_Win - INFO - OBS_Win started
2025-11-13 15:27:46,090[9784] - RobotTest_AcidicPlatform - INFO - loading the sample from rack_id #1...
2025-11-13 15:28:18,244[9784] - RobotTest_AcidicPlatform - INFO - sample successfully loaded into the cell
2025-11-13 15:28:18,874[9784] - OBS_Win - INFO - OBS_Win stopped
2025-11-13 15:28:22,140[9784] - EC_Lab_Win11 - INFO - not in software yet
2025-11-13 15:28:22,477[9784] - EC_Lab_Win11 - INFO - attempting to open EC_Lab_Win11, trial 1 in 3 times...
2025-11-13 16:43:47,371[9784] - EC_Lab_Win11 - INFO - test is complete
2025-11-13 16:43:47,371[9784] - RobotTest_AcidicPlatform - INFO - test Honda_HER_Boride_ionomer_sample#2_2025-11-13_15-27-42 finished
2025-11-13 16:43:47,573[9784] - OBS_Win - INFO - not in software yet
2025-11-13 16:43:47,882[9784] - OBS_Win - INFO - attempting to open OBS_Win, trial 1 in 3 times...
2025-11-13 16:43:51,454[9784] - OBS_Win - INFO - OBS_Win started
2025-11-13 16:43:51,454[9784] - RobotTest_AcidicPlatform - INFO - unloading the sample to rack_id #1...
2025-11-13 16:44:50,236[9784] - RobotTest_AcidicPlatform - INFO - sample successfully unloaded from the cell
2025-11-13 16:44:53,896[9784] - OBS_Win - INFO - OBS_Win stopped
2025-11-13 16:44:54,424[9784] - OBS_Win - WARNING - cannot find ['OBS_start_record.png'] on screen
2025-11-13 16:44:57,798[9784] - OBS_Win - INFO - OBS_Win started
2025-11-13 16:44:57,798[9784] - RobotTest_AcidicPlatform - INFO - loading the sample from rack_id #2...
2025-11-13 16:45:30,275[9784] - RobotTest_AcidicPlatform - INFO - sample successfully loaded into the cell
2025-11-13 16:45:30,921[9784] - OBS_Win - INFO - OBS_Win stopped
2025-11-13 16:45:34,196[9784] - EC_Lab_Win11 - INFO - not in software yet
2025-11-13 16:45:34,547[9784] - EC_Lab_Win11 - INFO - attempting to open EC_Lab_Win11, trial 1 in 3 times...
2025-11-13 17:56:53,417[9784] - RobotTest_AcidicPlatform - INFO - human operating, fail to detect...
2025-11-13 17:57:03,432[9784] - RobotTest_AcidicPlatform - INFO - human operating, fail to detect...
2025-11-13 17:57:14,450[9784] - EC_Lab_Win11 - INFO - channel 2 is not open
2025-11-13 17:57:15,344[9784] - EC_Lab_Win11 - INFO - attempting to open channel 2, trial 1 in 3 times...
2025-11-13 17:57:16,073[9784] - EC_Lab_Win11 - INFO - channel 2 is not open
2025-11-13 17:57:16,967[9784] - EC_Lab_Win11 - INFO - attempting to open channel 2, trial 2 in 3 times...
2025-11-13 17:57:17,692[9784] - EC_Lab_Win11 - INFO - channel 2 is not open
2025-11-13 17:57:18,600[9784] - EC_Lab_Win11 - INFO - attempting to open channel 2, trial 3 in 3 times...
2025-11-13 17:57:19,310[9784] - EC_Lab_Win11 - INFO - channel 2 is not open
2025-11-13 17:57:29,514[9784] - RobotTest_AcidicPlatform - INFO - human operating, fail to detect...
2025-11-13 17:57:39,520[9784] - RobotTest_AcidicPlatform - INFO - human operating, fail to detect...
2025-11-13 17:57:49,532[9784] - RobotTest_AcidicPlatform - INFO - human operating, fail to detect...
2025-11-13 17:57:59,536[9784] - RobotTest_AcidicPlatform - INFO - human operating, fail to detect...
2025-11-13 17:58:09,540[9784] - RobotTest_AcidicPlatform - INFO - human operating, fail to detect...
2025-11-13 17:58:19,551[9784] - RobotTest_AcidicPlatform - INFO - human operating, fail to detect...
2025-11-13 17:58:29,562[9784] - RobotTest_AcidicPlatform - INFO - human operating, fail to detect...
2025-11-13 17:58:39,570[9784] - RobotTest_AcidicPlatform - INFO - human operating, fail to detect...
2025-11-13 17:58:49,576[9784] - RobotTest_AcidicPlatform - INFO - human operating, fail to detect...
2025-11-13 17:58:59,588[9784] - RobotTest_AcidicPlatform - INFO - human operating, fail to detect...
2025-11-13 17:59:09,593[9784] - RobotTest_AcidicPlatform - INFO - human operating, fail to detect...
2025-11-13 17:59:19,608[9784] - RobotTest_AcidicPlatform - INFO - human operating, fail to detect...
2025-11-13 17:59:29,611[9784] - RobotTest_AcidicPlatform - INFO - human operating, fail to detect...
2025-11-13 17:59:40,491[9784] - EC_Lab_Win11 - INFO - not in software yet
2025-11-13 17:59:40,802[9784] - EC_Lab_Win11 - INFO - attempting to open EC_Lab_Win11, trial 1 in 3 times...
2025-11-13 17:59:54,466[9784] - RobotTest_AcidicPlatform - INFO - human operating, fail to detect...
2025-11-13 18:00:05,262[9784] - EC_Lab_Win11 - INFO - not in software yet
2025-11-13 18:00:05,557[9784] - EC_Lab_Win11 - INFO - attempting to open EC_Lab_Win11, trial 1 in 3 times...
2025-11-13 18:00:08,791[9784] - EC_Lab_Win11 - INFO - not in software yet
2025-11-13 18:00:09,106[9784] - EC_Lab_Win11 - INFO - attempting to open EC_Lab_Win11, trial 2 in 3 times...
2025-11-13 18:00:57,585[9784] - EC_Lab_Win11 - INFO - test is complete
2025-11-13 18:00:57,585[9784] - RobotTest_AcidicPlatform - INFO - test Honda_HER_Boride_ionomer_sample#4_2025-11-13_16-44-53 finished
2025-11-13 18:00:57,776[9784] - OBS_Win - INFO - not in software yet
2025-11-13 18:00:58,089[9784] - OBS_Win - INFO - attempting to open OBS_Win, trial 1 in 3 times...
2025-11-13 18:01:01,626[9784] - OBS_Win - INFO - OBS_Win started
2025-11-13 18:01:01,626[9784] - RobotTest_AcidicPlatform - INFO - unloading the sample to rack_id #2...
2025-11-13 18:02:00,174[9784] - RobotTest_AcidicPlatform - INFO - sample successfully unloaded from the cell
2025-11-13 18:02:03,735[9784] - OBS_Win - INFO - OBS_Win stopped
2025-11-13 18:02:04,139[9784] - OBS_Win - WARNING - cannot find ['OBS_start_record.png'] on screen
2025-11-13 18:02:07,462[9784] - OBS_Win - INFO - OBS_Win started
2025-11-13 18:02:07,462[9784] - RobotTest_AcidicPlatform - INFO - loading the sample from rack_id #3...
2025-11-13 18:02:40,328[9784] - RobotTest_AcidicPlatform - INFO - sample successfully loaded into the cell
2025-11-13 18:02:40,876[9784] - OBS_Win - INFO - OBS_Win stopped
2025-11-13 18:02:44,111[9784] - EC_Lab_Win11 - INFO - not in software yet
2025-11-13 18:02:44,410[9784] - EC_Lab_Win11 - INFO - attempting to open EC_Lab_Win11, trial 1 in 3 times...
2025-11-13 19:11:08,690[9784] - RobotTest_AcidicPlatform - INFO - human operating, fail to detect...
2025-11-13 19:11:18,706[9784] - RobotTest_AcidicPlatform - INFO - human operating, fail to detect...
2025-11-13 19:11:28,714[9784] - RobotTest_AcidicPlatform - INFO - human operating, fail to detect...
2025-11-13 19:11:38,723[9784] - RobotTest_AcidicPlatform - INFO - human operating, fail to detect...
2025-11-13 19:11:48,730[9784] - RobotTest_AcidicPlatform - INFO - human operating, fail to detect...
2025-11-13 19:11:58,743[9784] - RobotTest_AcidicPlatform - INFO - human operating, fail to detect...
2025-11-13 19:12:08,756[9784] - RobotTest_AcidicPlatform - INFO - human operating, fail to detect...
2025-11-13 19:13:37,259[9784] - RobotTest_AcidicPlatform - INFO - human operating, fail to detect...
2025-11-13 19:13:47,267[9784] - RobotTest_AcidicPlatform - INFO - human operating, fail to detect...
2025-11-13 19:13:58,291[9784] - EC_Lab_Win11 - INFO - channel 2 is not open
2025-11-13 19:13:59,922[9784] - EC_Lab_Win11 - INFO - attempting to open channel 2, trial 1 in 3 times...
2025-11-13 19:14:10,846[9784] - RobotTest_AcidicPlatform - INFO - human operating, fail to detect...
2025-11-13 19:14:20,848[9784] - RobotTest_AcidicPlatform - INFO - human operating, fail to detect...
2025-11-13 19:14:30,863[9784] - RobotTest_AcidicPlatform - INFO - human operating, fail to detect...
2025-11-13 19:14:40,875[9784] - RobotTest_AcidicPlatform - INFO - human operating, fail to detect...
2025-11-13 19:14:50,880[9784] - RobotTest_AcidicPlatform - INFO - human operating, fail to detect...
2025-11-13 19:15:00,880[9784] - RobotTest_AcidicPlatform - INFO - human operating, fail to detect...
2025-11-13 19:15:10,890[9784] - RobotTest_AcidicPlatform - INFO - human operating, fail to detect...
2025-11-13 19:15:20,892[9784] - RobotTest_AcidicPlatform - INFO - human operating, fail to detect...
2025-11-13 19:15:31,939[9784] - EC_Lab_Win11 - INFO - channel 2 is not open
2025-11-13 19:15:33,625[9784] - EC_Lab_Win11 - INFO - attempting to open channel 2, trial 1 in 3 times...
2025-11-13 19:16:07,062[9784] - RobotTest_AcidicPlatform - INFO - human operating, fail to detect...
2025-11-13 19:16:17,063[9784] - RobotTest_AcidicPlatform - INFO - human operating, fail to detect...
2025-11-13 19:16:28,072[9784] - EC_Lab_Win11 - INFO - channel 2 is not open
2025-11-13 19:16:29,008[9784] - EC_Lab_Win11 - INFO - attempting to open channel 2, trial 1 in 3 times...
2025-11-13 19:16:39,960[9784] - RobotTest_AcidicPlatform - INFO - human operating, fail to detect...
2025-11-13 19:16:50,804[9784] - EC_Lab_Win11 - INFO - not in software yet
2025-11-13 19:16:51,126[9784] - EC_Lab_Win11 - INFO - attempting to open EC_Lab_Win11, trial 1 in 3 times...
2025-11-13 19:16:54,350[9784] - EC_Lab_Win11 - INFO - not in software yet
2025-11-13 19:16:54,679[9784] - EC_Lab_Win11 - INFO - attempting to open EC_Lab_Win11, trial 2 in 3 times...
2025-11-13 19:18:05,557[9784] - EC_Lab_Win11 - INFO - test is complete
2025-11-13 19:18:05,557[9784] - RobotTest_AcidicPlatform - INFO - test Honda_HER_Boride_ionomer_sample#5_2025-11-13_18-02-03 finished
2025-11-13 19:18:05,756[9784] - OBS_Win - INFO - not in software yet
2025-11-13 19:18:06,067[9784] - OBS_Win - INFO - attempting to open OBS_Win, trial 1 in 3 times...
2025-11-13 19:18:09,598[9784] - OBS_Win - INFO - OBS_Win started
2025-11-13 19:18:09,598[9784] - RobotTest_AcidicPlatform - INFO - unloading the sample to rack_id #3...
2025-11-13 19:19:07,849[9784] - RobotTest_AcidicPlatform - INFO - sample successfully unloaded from the cell
2025-11-13 19:19:11,577[9784] - OBS_Win - INFO - OBS_Win stopped
2025-11-13 19:19:12,122[9784] - OBS_Win - WARNING - cannot find ['OBS_start_record.png'] on screen
2025-11-13 19:19:15,504[9784] - OBS_Win - INFO - OBS_Win started
2025-11-13 19:19:15,504[9784] - RobotTest_AcidicPlatform - INFO - loading the sample from rack_id #4...
2025-11-13 19:19:49,034[9784] - RobotTest_AcidicPlatform - INFO - sample successfully loaded into the cell
2025-11-13 19:19:49,650[9784] - OBS_Win - INFO - OBS_Win stopped
2025-11-13 19:19:52,922[9784] - EC_Lab_Win11 - INFO - not in software yet
2025-11-13 19:19:53,274[9784] - EC_Lab_Win11 - INFO - attempting to open EC_Lab_Win11, trial 1 in 3 times...
2025-11-13 19:20:28,023[9784] - RobotTest_AcidicPlatform - INFO - human operating, fail to detect...
2025-11-13 19:20:38,024[9784] - RobotTest_AcidicPlatform - INFO - human operating, fail to detect...
2025-11-13 19:20:48,025[9784] - RobotTest_AcidicPlatform - INFO - human operating, fail to detect...
2025-11-13 19:20:58,039[9784] - RobotTest_AcidicPlatform - INFO - human operating, fail to detect...
2025-11-13 19:21:08,041[9784] - RobotTest_AcidicPlatform - INFO - human operating, fail to detect...
2025-11-13 19:21:18,046[9784] - RobotTest_AcidicPlatform - INFO - human operating, fail to detect...
2025-11-13 19:21:28,061[9784] - RobotTest_AcidicPlatform - INFO - human operating, fail to detect...
2025-11-13 19:21:38,072[9784] - RobotTest_AcidicPlatform - INFO - human operating, fail to detect...
2025-11-13 19:21:48,075[9784] - RobotTest_AcidicPlatform - INFO - human operating, fail to detect...
2025-11-13 19:21:58,088[9784] - RobotTest_AcidicPlatform - INFO - human operating, fail to detect...
2025-11-13 19:22:08,091[9784] - RobotTest_AcidicPlatform - INFO - human operating, fail to detect...
2025-11-13 19:22:18,099[9784] - RobotTest_AcidicPlatform - INFO - human operating, fail to detect...
2025-11-13 19:22:28,920[9784] - EC_Lab_Win11 - INFO - not in software yet
2025-11-13 19:22:29,223[9784] - EC_Lab_Win11 - INFO - attempting to open EC_Lab_Win11, trial 1 in 3 times...
2025-11-13 19:22:32,456[9784] - EC_Lab_Win11 - INFO - not in software yet
2025-11-13 19:22:32,777[9784] - EC_Lab_Win11 - INFO - attempting to open EC_Lab_Win11, trial 2 in 3 times...
2025-11-13 20:35:22,186[9784] - EC_Lab_Win11 - INFO - test is complete
2025-11-13 20:35:22,187[9784] - RobotTest_AcidicPlatform - INFO - test Honda_HER_Boride_ionomer_sample#6_2025-11-13_19-19-11 finished
2025-11-13 20:35:22,377[9784] - OBS_Win - INFO - not in software yet
2025-11-13 20:35:22,720[9784] - OBS_Win - INFO - attempting to open OBS_Win, trial 1 in 3 times...
2025-11-13 20:35:26,250[9784] - OBS_Win - INFO - OBS_Win started
2025-11-13 20:35:26,250[9784] - RobotTest_AcidicPlatform - INFO - unloading the sample to rack_id #4...
2025-11-13 20:36:23,910[9784] - RobotTest_AcidicPlatform - INFO - sample successfully unloaded from the cell
2025-11-13 20:36:27,509[9784] - OBS_Win - INFO - OBS_Win stopped
2025-11-13 20:36:27,928[9784] - OBS_Win - WARNING - cannot find ['OBS_start_record.png'] on screen
2025-11-13 20:36:31,248[9784] - OBS_Win - INFO - OBS_Win started
2025-11-13 20:36:31,248[9784] - RobotTest_AcidicPlatform - INFO - loading the sample from rack_id #5...
2025-11-13 20:37:05,065[9784] - RobotTest_AcidicPlatform - INFO - sample successfully loaded into the cell
2025-11-13 20:37:05,612[9784] - OBS_Win - INFO - OBS_Win stopped
2025-11-13 20:37:08,846[9784] - EC_Lab_Win11 - INFO - not in software yet
2025-11-13 20:37:09,155[9784] - EC_Lab_Win11 - INFO - attempting to open EC_Lab_Win11, trial 1 in 3 times...
2025-11-13 21:52:33,428[9784] - EC_Lab_Win11 - INFO - test is complete
2025-11-13 21:52:33,430[9784] - RobotTest_AcidicPlatform - INFO - test Honda_HER_Boride_ionomer_sample#8_2025-11-13_20-36-27 finished
2025-11-13 21:52:33,651[9784] - OBS_Win - INFO - not in software yet
2025-11-13 21:52:33,971[9784] - OBS_Win - INFO - attempting to open OBS_Win, trial 1 in 3 times...
2025-11-13 21:52:37,526[9784] - OBS_Win - INFO - OBS_Win started
2025-11-13 21:52:37,526[9784] - RobotTest_AcidicPlatform - INFO - unloading the sample to rack_id #5...
2025-11-13 21:53:34,939[9784] - RobotTest_AcidicPlatform - INFO - sample successfully unloaded from the cell
2025-11-13 21:53:38,537[9784] - OBS_Win - INFO - OBS_Win stopped
2025-11-13 21:53:38,955[9784] - OBS_Win - WARNING - cannot find ['OBS_start_record.png'] on screen
2025-11-13 21:53:42,279[9784] - OBS_Win - INFO - OBS_Win started
2025-11-13 21:53:42,279[9784] - RobotTest_AcidicPlatform - INFO - loading the sample from rack_id #6...
2025-11-13 21:54:16,701[9784] - RobotTest_AcidicPlatform - INFO - sample successfully loaded into the cell
2025-11-13 21:54:17,237[9784] - OBS_Win - INFO - OBS_Win stopped
2025-11-13 21:54:20,466[9784] - EC_Lab_Win11 - INFO - not in software yet
2025-11-13 21:54:20,786[9784] - EC_Lab_Win11 - INFO - attempting to open EC_Lab_Win11, trial 1 in 3 times...
2025-11-13 23:09:44,019[9784] - EC_Lab_Win11 - INFO - test is complete
2025-11-13 23:09:44,019[9784] - RobotTest_AcidicPlatform - INFO - test Honda_HER_Boride_ionomer_sample#910_2025-11-13_21-53-38 finished
2025-11-13 23:09:44,225[9784] - OBS_Win - INFO - not in software yet
2025-11-13 23:09:44,532[9784] - OBS_Win - INFO - attempting to open OBS_Win, trial 1 in 3 times...
2025-11-13 23:09:48,057[9784] - OBS_Win - INFO - OBS_Win started
2025-11-13 23:09:48,057[9784] - RobotTest_AcidicPlatform - INFO - unloading the sample to rack_id #6...
2025-11-13 23:10:44,890[9784] - RobotTest_AcidicPlatform - INFO - sample successfully unloaded from the cell
2025-11-13 23:10:48,445[9784] - OBS_Win - INFO - OBS_Win stopped
2025-11-13 23:10:48,856[9784] - OBS_Win - WARNING - cannot find ['OBS_start_record.png'] on screen
2025-11-13 23:10:52,173[9784] - OBS_Win - INFO - OBS_Win started
2025-11-13 23:10:52,173[9784] - RobotTest_AcidicPlatform - INFO - loading the sample from rack_id #7...
2025-11-13 23:11:26,981[9784] - RobotTest_AcidicPlatform - INFO - sample successfully loaded into the cell
2025-11-13 23:11:27,517[9784] - OBS_Win - INFO - OBS_Win stopped
2025-11-13 23:11:30,749[9784] - EC_Lab_Win11 - INFO - not in software yet
2025-11-13 23:11:31,061[9784] - EC_Lab_Win11 - INFO - attempting to open EC_Lab_Win11, trial 1 in 3 times...
2025-11-14 00:27:03,027[9784] - EC_Lab_Win11 - INFO - test is complete
2025-11-14 00:27:03,028[9784] - RobotTest_AcidicPlatform - INFO - test Honda_HER_Boride_ionomer_sample#11_2025-11-13_23-10-48 finished
2025-11-14 00:27:03,223[9784] - OBS_Win - INFO - not in software yet
2025-11-14 00:27:03,530[9784] - OBS_Win - INFO - attempting to open OBS_Win, trial 1 in 3 times...
2025-11-14 00:27:07,044[9784] - OBS_Win - INFO - OBS_Win started
2025-11-14 00:27:07,044[9784] - RobotTest_AcidicPlatform - INFO - unloading the sample to rack_id #7...
2025-11-14 00:28:03,799[9784] - RobotTest_AcidicPlatform - INFO - sample successfully unloaded from the cell
2025-11-14 00:28:07,373[9784] - OBS_Win - INFO - OBS_Win stopped
2025-11-14 00:28:07,804[9784] - OBS_Win - WARNING - cannot find ['OBS_start_record.png'] on screen
2025-11-14 00:28:11,136[9784] - OBS_Win - INFO - OBS_Win started
2025-11-14 00:28:11,136[9784] - RobotTest_AcidicPlatform - INFO - loading the sample from rack_id #8...
2025-11-14 00:28:46,190[9784] - RobotTest_AcidicPlatform - INFO - sample successfully loaded into the cell
2025-11-14 00:28:46,738[9784] - OBS_Win - INFO - OBS_Win stopped
2025-11-14 00:28:49,976[9784] - EC_Lab_Win11 - INFO - not in software yet
2025-11-14 00:28:50,284[9784] - EC_Lab_Win11 - INFO - attempting to open EC_Lab_Win11, trial 1 in 3 times...
2025-11-14 01:44:22,936[9784] - EC_Lab_Win11 - INFO - test is complete
2025-11-14 01:44:22,936[9784] - RobotTest_AcidicPlatform - INFO - test Honda_HER_Boride_ionomer_sample#12_2025-11-14_00-28-07 finished
2025-11-14 01:44:23,121[9784] - OBS_Win - INFO - not in software yet
2025-11-14 01:44:23,418[9784] - OBS_Win - INFO - attempting to open OBS_Win, trial 1 in 3 times...
2025-11-14 01:44:26,952[9784] - OBS_Win - INFO - OBS_Win started
2025-11-14 01:44:26,952[9784] - RobotTest_AcidicPlatform - INFO - unloading the sample to rack_id #8...
2025-11-14 01:45:24,027[9784] - RobotTest_AcidicPlatform - INFO - sample successfully unloaded from the cell
2025-11-14 01:45:27,610[9784] - OBS_Win - INFO - OBS_Win stopped
2025-11-14 01:45:28,020[9784] - OBS_Win - WARNING - cannot find ['OBS_start_record.png'] on screen
2025-11-14 01:45:31,340[9784] - OBS_Win - INFO - OBS_Win started
2025-11-14 01:45:31,340[9784] - RobotTest_AcidicPlatform - INFO - loading the sample from rack_id #9...
2025-11-14 01:46:06,904[9784] - RobotTest_AcidicPlatform - INFO - sample successfully loaded into the cell
2025-11-14 01:46:07,421[9784] - OBS_Win - INFO - OBS_Win stopped
2025-11-14 01:46:10,649[9784] - EC_Lab_Win11 - INFO - not in software yet
2025-11-14 01:46:10,959[9784] - EC_Lab_Win11 - INFO - attempting to open EC_Lab_Win11, trial 1 in 3 times...
2025-11-14 03:01:32,169[9784] - EC_Lab_Win11 - INFO - test is complete
2025-11-14 03:01:32,169[9784] - RobotTest_AcidicPlatform - INFO - test Honda_HER_Boride_ionomer_sample#13_2025-11-14_01-45-27 finished
2025-11-14 03:01:32,359[9784] - OBS_Win - INFO - not in software yet
2025-11-14 03:01:32,660[9784] - OBS_Win - INFO - attempting to open OBS_Win, trial 1 in 3 times...
2025-11-14 03:01:36,199[9784] - OBS_Win - INFO - OBS_Win started
2025-11-14 03:01:36,199[9784] - RobotTest_AcidicPlatform - INFO - unloading the sample to rack_id #9...
2025-11-14 03:02:33,623[9784] - RobotTest_AcidicPlatform - INFO - sample successfully unloaded from the cell
2025-11-14 03:02:37,218[9784] - OBS_Win - INFO - OBS_Win stopped
2025-11-14 03:02:37,617[9784] - OBS_Win - WARNING - cannot find ['OBS_start_record.png'] on screen
2025-11-14 03:02:40,942[9784] - OBS_Win - INFO - OBS_Win started
2025-11-14 03:02:40,942[9784] - RobotTest_AcidicPlatform - INFO - loading the sample from rack_id #10...
2025-11-14 03:03:17,024[9784] - RobotTest_AcidicPlatform - INFO - sample successfully loaded into the cell
2025-11-14 03:03:17,561[9784] - OBS_Win - INFO - OBS_Win stopped
2025-11-14 03:03:20,795[9784] - EC_Lab_Win11 - INFO - not in software yet
2025-11-14 03:03:21,103[9784] - EC_Lab_Win11 - INFO - attempting to open EC_Lab_Win11, trial 1 in 3 times...
2025-11-14 04:18:52,458[9784] - EC_Lab_Win11 - INFO - test is complete
2025-11-14 04:18:52,459[9784] - RobotTest_AcidicPlatform - INFO - test Honda_HER_Boride_ionomer_sample#14_2025-11-14_03-02-37 finished
2025-11-14 04:18:52,648[9784] - OBS_Win - INFO - not in software yet
2025-11-14 04:18:52,959[9784] - OBS_Win - INFO - attempting to open OBS_Win, trial 1 in 3 times...
2025-11-14 04:18:56,479[9784] - OBS_Win - INFO - OBS_Win started
2025-11-14 04:18:56,479[9784] - RobotTest_AcidicPlatform - INFO - unloading the sample to rack_id #10...
2025-11-14 04:19:54,443[9784] - RobotTest_AcidicPlatform - INFO - sample successfully unloaded from the cell
2025-11-14 04:19:58,027[9784] - OBS_Win - INFO - OBS_Win stopped
2025-11-14 04:19:58,432[9784] - OBS_Win - WARNING - cannot find ['OBS_start_record.png'] on screen
2025-11-14 04:20:01,773[9784] - OBS_Win - INFO - OBS_Win started
2025-11-14 04:20:01,773[9784] - RobotTest_AcidicPlatform - INFO - loading the sample from rack_id #11...
2025-11-14 04:20:38,048[9784] - RobotTest_AcidicPlatform - INFO - sample successfully loaded into the cell
2025-11-14 04:20:38,589[9784] - OBS_Win - INFO - OBS_Win stopped
2025-11-14 04:20:41,820[9784] - EC_Lab_Win11 - INFO - not in software yet
2025-11-14 04:20:42,118[9784] - EC_Lab_Win11 - INFO - attempting to open EC_Lab_Win11, trial 1 in 3 times...
2025-11-14 05:36:13,970[9784] - EC_Lab_Win11 - INFO - test is complete
2025-11-14 05:36:13,970[9784] - RobotTest_AcidicPlatform - INFO - test Honda_HER_Boride_ionomer_sample#17_2025-11-14_04-19-58 finished
2025-11-14 05:36:14,156[9784] - OBS_Win - INFO - not in software yet
2025-11-14 05:36:14,455[9784] - OBS_Win - INFO - attempting to open OBS_Win, trial 1 in 3 times...
2025-11-14 05:36:17,977[9784] - OBS_Win - INFO - OBS_Win started
2025-11-14 05:36:17,977[9784] - RobotTest_AcidicPlatform - INFO - unloading the sample to rack_id #11...
2025-11-14 05:37:16,274[9784] - RobotTest_AcidicPlatform - INFO - sample successfully unloaded from the cell
2025-11-14 05:37:19,837[9784] - OBS_Win - INFO - OBS_Win stopped
2025-11-14 05:37:20,245[9784] - OBS_Win - WARNING - cannot find ['OBS_start_record.png'] on screen
2025-11-14 05:37:23,560[9784] - OBS_Win - INFO - OBS_Win started
2025-11-14 05:37:23,560[9784] - RobotTest_AcidicPlatform - INFO - loading the sample from rack_id #12...
2025-11-14 05:38:00,626[9784] - RobotTest_AcidicPlatform - INFO - sample successfully loaded into the cell
2025-11-14 05:38:01,159[9784] - OBS_Win - INFO - OBS_Win stopped
2025-11-14 05:38:04,394[9784] - EC_Lab_Win11 - INFO - not in software yet
2025-11-14 05:38:04,697[9784] - EC_Lab_Win11 - INFO - attempting to open EC_Lab_Win11, trial 1 in 3 times...
2025-11-14 06:53:35,881[9784] - EC_Lab_Win11 - INFO - test is complete
2025-11-14 06:53:35,881[9784] - RobotTest_AcidicPlatform - INFO - test Honda_HER_Boride_ionomer_sample#18_2025-11-14_05-37-19 finished
2025-11-14 06:53:36,067[9784] - OBS_Win - INFO - not in software yet
2025-11-14 06:53:36,381[9784] - OBS_Win - INFO - attempting to open OBS_Win, trial 1 in 3 times...
2025-11-14 06:53:39,905[9784] - OBS_Win - INFO - OBS_Win started
2025-11-14 06:53:39,905[9784] - RobotTest_AcidicPlatform - INFO - unloading the sample to rack_id #12...
2025-11-14 06:54:38,746[9784] - RobotTest_AcidicPlatform - INFO - sample successfully unloaded from the cell
2025-11-14 06:54:42,308[9784] - OBS_Win - INFO - OBS_Win stopped
2025-11-14 06:54:42,741[9784] - OBS_Win - WARNING - cannot find ['OBS_start_record.png'] on screen
2025-11-14 06:54:46,057[9784] - OBS_Win - INFO - OBS_Win started
2025-11-14 06:54:46,057[9784] - RobotTest_AcidicPlatform - INFO - loading the sample from rack_id #13...
2025-11-14 06:55:23,446[9784] - RobotTest_AcidicPlatform - INFO - sample successfully loaded into the cell
2025-11-14 06:55:23,980[9784] - OBS_Win - INFO - OBS_Win stopped
2025-11-14 06:55:27,210[9784] - EC_Lab_Win11 - INFO - not in software yet
2025-11-14 06:55:27,511[9784] - EC_Lab_Win11 - INFO - attempting to open EC_Lab_Win11, trial 1 in 3 times...
2025-11-14 07:19:57,982[9784] - RobotTest_AcidicPlatform - INFO - human operating, fail to detect...
2025-11-14 07:20:07,989[9784] - RobotTest_AcidicPlatform - INFO - human operating, fail to detect...
2025-11-14 07:20:17,990[9784] - RobotTest_AcidicPlatform - INFO - human operating, fail to detect...
2025-11-14 07:20:27,995[9784] - RobotTest_AcidicPlatform - INFO - human operating, fail to detect...
2025-11-14 07:20:38,000[9784] - RobotTest_AcidicPlatform - INFO - human operating, fail to detect...
2025-11-14 07:20:48,005[9784] - RobotTest_AcidicPlatform - INFO - human operating, fail to detect...
2025-11-14 07:20:58,020[9784] - RobotTest_AcidicPlatform - INFO - human operating, fail to detect...
2025-11-14 07:21:08,029[9784] - RobotTest_AcidicPlatform - INFO - human operating, fail to detect...
2025-11-14 07:21:18,040[9784] - RobotTest_AcidicPlatform - INFO - human operating, fail to detect...
2025-11-14 07:21:28,044[9784] - RobotTest_AcidicPlatform - INFO - human operating, fail to detect...
2025-11-14 07:21:49,317[9784] - RobotTest_AcidicPlatform - INFO - human operating, fail to detect...
2025-11-14 07:21:59,328[9784] - RobotTest_AcidicPlatform - INFO - human operating, fail to detect...
2025-11-14 07:22:20,587[9784] - RobotTest_AcidicPlatform - INFO - human operating, fail to detect...
2025-11-14 07:22:53,120[9784] - RobotTest_AcidicPlatform - INFO - human operating, fail to detect...
2025-11-14 07:23:03,127[9784] - RobotTest_AcidicPlatform - INFO - human operating, fail to detect...
2025-11-14 07:23:13,950[9784] - EC_Lab_Win11 - INFO - not in software yet
2025-11-14 07:23:14,251[9784] - EC_Lab_Win11 - INFO - attempting to open EC_Lab_Win11, trial 1 in 3 times...
2025-11-14 07:23:17,476[9784] - EC_Lab_Win11 - INFO - not in software yet
2025-11-14 07:23:17,771[9784] - EC_Lab_Win11 - INFO - attempting to open EC_Lab_Win11, trial 2 in 3 times...
2025-11-14 08:10:49,682[9784] - EC_Lab_Win11 - INFO - test is complete
2025-11-14 08:10:49,683[9784] - RobotTest_AcidicPlatform - INFO - test Honda_HER_Boride_ionomer_sample#19_2025-11-14_06-54-42 finished
2025-11-14 08:10:49,870[9784] - OBS_Win - INFO - not in software yet
2025-11-14 08:10:50,182[9784] - OBS_Win - INFO - attempting to open OBS_Win, trial 1 in 3 times...
2025-11-14 08:10:53,694[9784] - OBS_Win - INFO - OBS_Win started
2025-11-14 08:10:53,694[9784] - RobotTest_AcidicPlatform - INFO - unloading the sample to rack_id #13...
2025-11-14 08:11:53,007[9784] - RobotTest_AcidicPlatform - INFO - sample successfully unloaded from the cell
2025-11-14 08:11:56,557[9784] - OBS_Win - INFO - OBS_Win stopped
2025-11-14 08:11:56,976[9784] - OBS_Win - WARNING - cannot find ['OBS_start_record.png'] on screen
2025-11-14 08:12:00,304[9784] - OBS_Win - INFO - OBS_Win started
2025-11-14 08:12:00,304[9784] - RobotTest_AcidicPlatform - INFO - loading the sample from rack_id #14...
2025-11-14 08:12:37,995[9784] - RobotTest_AcidicPlatform - INFO - sample successfully loaded into the cell
2025-11-14 08:12:38,545[9784] - OBS_Win - INFO - OBS_Win stopped
2025-11-14 08:12:41,778[9784] - EC_Lab_Win11 - INFO - not in software yet
2025-11-14 08:12:42,078[9784] - EC_Lab_Win11 - INFO - attempting to open EC_Lab_Win11, trial 1 in 3 times...
2025-11-14 09:04:54,820[9784] - EC_Lab_Win11 - INFO - test is complete
2025-11-14 09:04:54,820[9784] - RobotTest_AcidicPlatform - INFO - test Honda_HER_Boride_ionomer_sample#20_2025-11-14_08-11-56 finished
2025-11-14 09:04:55,004[9784] - OBS_Win - INFO - not in software yet
2025-11-14 09:04:55,302[9784] - OBS_Win - INFO - attempting to open OBS_Win, trial 1 in 3 times...
2025-11-14 09:04:58,837[9784] - OBS_Win - INFO - OBS_Win started
2025-11-14 09:04:58,837[9784] - RobotTest_AcidicPlatform - INFO - unloading the sample to rack_id #14...
2025-11-14 09:05:58,627[9784] - RobotTest_AcidicPlatform - INFO - sample successfully unloaded from the cell
2025-11-14 09:06:02,221[9784] - OBS_Win - INFO - OBS_Win stopped
2025-11-14 09:06:02,646[9784] - OBS_Win - WARNING - cannot find ['OBS_start_record.png'] on screen
2025-11-14 09:06:05,974[9784] - OBS_Win - INFO - OBS_Win started
2025-11-14 09:06:05,974[9784] - RobotTest_AcidicPlatform - INFO - loading the sample from rack_id #15...
2025-11-14 09:06:43,991[9784] - RobotTest_AcidicPlatform - INFO - sample successfully loaded into the cell
2025-11-14 09:06:44,522[9784] - OBS_Win - INFO - OBS_Win stopped
2025-11-14 09:06:47,772[9784] - EC_Lab_Win11 - INFO - not in software yet
2025-11-14 09:06:48,087[9784] - EC_Lab_Win11 - INFO - attempting to open EC_Lab_Win11, trial 1 in 3 times...
2025-11-14 09:22:53,646[9784] - RobotTest_AcidicPlatform - INFO - human operating, fail to detect...
2025-11-14 09:23:03,650[9784] - RobotTest_AcidicPlatform - INFO - human operating, fail to detect...
2025-11-14 09:23:13,655[9784] - RobotTest_AcidicPlatform - INFO - human operating, fail to detect...
2025-11-14 09:23:23,662[9784] - RobotTest_AcidicPlatform - INFO - human operating, fail to detect...
2025-11-14 09:23:33,664[9784] - RobotTest_AcidicPlatform - INFO - human operating, fail to detect...
2025-11-14 09:23:44,495[9784] - EC_Lab_Win11 - INFO - not in software yet
2025-11-14 09:23:44,790[9784] - EC_Lab_Win11 - INFO - attempting to open EC_Lab_Win11, trial 1 in 3 times...
2025-11-14 09:23:48,014[9784] - EC_Lab_Win11 - INFO - not in software yet
2025-11-14 09:23:48,328[9784] - EC_Lab_Win11 - INFO - attempting to open EC_Lab_Win11, trial 2 in 3 times...
2025-11-14 09:23:51,555[9784] - EC_Lab_Win11 - INFO - not in software yet
2025-11-14 09:23:51,879[9784] - EC_Lab_Win11 - INFO - attempting to open EC_Lab_Win11, trial 3 in 3 times...
2025-11-14 09:23:55,120[9784] - EC_Lab_Win11 - INFO - not in software yet
2025-11-14 09:23:55,120[9784] - EC_Lab_Win11 - WARNING - failed to open EC_Lab_Win11
2025-11-14 09:23:55,121[9784] - RobotTest_AcidicPlatform - ERROR - failed to open EC_Lab_Win11
Traceback (most recent call last):
  File "C:\Users\li\PycharmProjects\catalyst\robotic_testing\common\robot_test.py", line 45, in wrapper
    return func(self, *args, **kwargs)
  File "C:\Users\li\PycharmProjects\catalyst\robotic_testing\common\robot_test.py", line 189, in run
    self.test_main_workflow(
  File "C:\Users\li\PycharmProjects\catalyst\robotic_testing\common\robot_test.py", line 296, in test_main_workflow
    self.check_test_finished()
  File "C:\Users\li\PycharmProjects\catalyst\robotic_testing\common\robot_test.py", line 326, in check_test_finished
    self.ec_lab.open_software()
  File "C:\Users\li\PycharmProjects\catalyst\software_control\software_control_base.py", line 133, in open_software
    raise SystemError(f'failed to open {self.name}')
SystemError: failed to open EC_Lab_Win11
2025-11-19 15:50:13,409[9784] - RobotTest_AcidicPlatform - INFO - started a batch of test, with sample_rack_id : sample_id = {0: 'test'}
2025-11-19 15:50:25,232[9784] - OBS_Win - INFO - not in software yet
2025-11-19 15:50:25,568[9784] - OBS_Win - INFO - attempting to open OBS_Win, trial 1 in 3 times...
2025-11-19 15:50:29,199[9784] - OBS_Win - INFO - OBS_Win started
2025-11-19 15:50:29,199[9784] - RobotTest_AcidicPlatform - INFO - loading the sample from rack_id #0...
2025-11-19 15:51:08,382[9784] - RobotTest_AcidicPlatform - INFO - sample successfully loaded into the cell
2025-11-19 15:51:08,630[9784] - OBS_Win - INFO - not in software yet
2025-11-19 15:51:08,966[9784] - OBS_Win - INFO - attempting to open OBS_Win, trial 1 in 3 times...
2025-11-19 15:51:12,629[9784] - OBS_Win - INFO - OBS_Win stopped
2025-11-19 15:51:15,644[9784] - EC_Lab_Win11 - ERROR - test is already running!
2025-11-19 15:51:15,644[9784] - RobotTest_AcidicPlatform - ERROR - test is already running! Restart needed!
Traceback (most recent call last):
  File "C:\Users\li\PycharmProjects\catalyst\robotic_testing\common\robot_test.py", line 45, in wrapper
    return func(self, *args, **kwargs)
  File "C:\Users\li\PycharmProjects\catalyst\robotic_testing\common\robot_test.py", line 189, in run
    self.test_main_workflow(
  File "C:\Users\li\PycharmProjects\catalyst\robotic_testing\common\robot_test.py", line 292, in test_main_workflow
    self.ec_lab.start(test_name)
  File "C:\Users\li\PycharmProjects\catalyst\software_control\software_control.py", line 626, in start
    raise SystemError('test is already running! Restart needed!')
SystemError: test is already running! Restart needed!
2025-11-30 15:07:02,651[9784] - RobotTest_AcidicPlatform - INFO - started a batch of test, with sample_rack_id : sample_id = {0: 'test'}
2025-11-30 15:07:08,693[9784] - OBS_Win - INFO - not in software yet
2025-11-30 15:07:09,002[9784] - OBS_Win - INFO - attempting to open OBS_Win, trial 1 in 3 times...
2025-11-30 15:07:12,555[9784] - OBS_Win - INFO - OBS_Win started
2025-11-30 15:07:12,556[9784] - RobotTest_AcidicPlatform - INFO - loading the sample from rack_id #0...
2025-11-30 15:07:51,665[9784] - RobotTest_AcidicPlatform - INFO - sample successfully loaded into the cell
2025-11-30 15:07:52,251[9784] - OBS_Win - INFO - OBS_Win stopped
2025-11-30 15:07:55,263[9784] - EC_Lab_Win11 - ERROR - test is already running!
2025-11-30 15:07:55,263[9784] - RobotTest_AcidicPlatform - ERROR - test is already running! Restart needed!
Traceback (most recent call last):
  File "C:\Users\li\PycharmProjects\catalyst\robotic_testing\common\robot_test.py", line 45, in wrapper
    return func(self, *args, **kwargs)
  File "C:\Users\li\PycharmProjects\catalyst\robotic_testing\common\robot_test.py", line 189, in run
    self.test_main_workflow(
  File "C:\Users\li\PycharmProjects\catalyst\robotic_testing\common\robot_test.py", line 292, in test_main_workflow
    self.ec_lab.start(test_name)
  File "C:\Users\li\PycharmProjects\catalyst\software_control\software_control.py", line 626, in start
    raise SystemError('test is already running! Restart needed!')
SystemError: test is already running! Restart needed!
